<html>
<body>
<pre>
<h1>礦ision Build Log</h1>
<h2>Tool Versions:</h2>
IDE-Version: μVision V5.21.1.0
Copyright (C) 2016 ARM Ltd and ARM Germany GmbH. All rights reserved.
License Information: gg guorui, dd, LIC=HN012-9AYC3-DKWBN-YUKTG-85HIU-Y6T4R
 
Tool Versions:
Toolchain:       MDK-ARM Plus  Version: 5.21a
Toolchain Path:  D:\Keil_v5\ARM\ARMCC\Bin
C Compiler:      Armcc.exe V5.06 update 3 (build 300)
Assembler:       Armasm.exe V5.06 update 3 (build 300)
Linker/Locator:  ArmLink.exe V5.06 update 3 (build 300)
Library Manager: ArmAr.exe V5.06 update 3 (build 300)
Hex Converter:   FromElf.exe V5.06 update 3 (build 300)
CPU DLL:         SARMCM3.DLL V5.21a
Dialog DLL:      DARMSTM.DLL V1.66.0.1
Target DLL:      STLink\ST-LINKIII-KEIL_SWO.dll V2.0.18.0
Dialog DLL:      TARMSTM.DLL V1.65.0.0
 
<h2>Project:</h2>
D:\STM32softeware\STM32F1\新电机调试\SepaxSharkStm32\USER\SepaxShark.uvprojx
Project File Date:  01/13/2022

<h2>Output:</h2>
*** Using Compiler 'V5.06 update 3 (build 300)', folder: 'D:\Keil_v5\ARM\ARMCC\Bin'
Build target 'SepaxShark'
compiling drv8434.c...
..\HARDWARE\DRV8434\drv8434.c(325): warning:  #127-D: expected a statement
  					}
..\HARDWARE\DRV8434\drv8434.c(379): warning:  #127-D: expected a statement
  						}	
..\HARDWARE\DRV8434\drv8434.c(408): warning:  #127-D: expected a statement
  				}
..\HARDWARE\DRV8434\drv8434.c(455): warning:  #127-D: expected a statement
  						}	
..\HARDWARE\DRV8434\drv8434.c(617): warning:  #127-D: expected a statement
  	}
..\HARDWARE\DRV8434\drv8434.c(676): warning:  #127-D: expected a statement
  	}
..\HARDWARE\DRV8434\drv8434.c(969): warning:  #127-D: expected a statement
  	}
..\HARDWARE\DRV8434\drv8434.c(1000): warning:  #127-D: expected a statement
  	}
..\HARDWARE\DRV8434\drv8434.c(704): warning:  #177-D: variable "config" was declared but never referenced
  	int config=0;
..\HARDWARE\DRV8434\drv8434.c(1078): warning:  #127-D: expected a statement
  	}	
..\HARDWARE\DRV8434\drv8434.c(1088): warning:  #111-D: statement is unreachable
  		delay_ms(1);//??时??timing
..\HARDWARE\DRV8434\drv8434.c(1151): warning:  #127-D: expected a statement
  	}	
..\HARDWARE\DRV8434\drv8434.c(1180): warning:  #127-D: expected a statement
  	}
..\HARDWARE\DRV8434\drv8434.c(1214): warning:  #127-D: expected a statement
  	}	
..\HARDWARE\DRV8434\drv8434.c: 14 warnings, 0 errors
linking...
Program Size: Code=11288 RO-data=412 RW-data=72 ZI-data=3568  
FromELF: creating hex file...
"..\OBJ\Sepax.axf" - 0 Error(s), 14 Warning(s).

<h2>Collection of Component include folders:</h2>
  D:\STM32softeware\STM32F1\新电机调试\SepaxSharkStm32\USER\RTE
  D:\Keil_v5\ARM\PACK\Keil\STM32F1xx_DFP\1.0.5\Device\Include

<h2>Collection of Component Files used:</h2>
Build Time Elapsed:  00:00:03
</pre>
</body>
</html>
