<!doctype html public "-//w3c//dtd html 4.0 transitional//en">
<html><head>
<title>Static Call Graph - [..\OBJ\Sepax.axf]</title></head>
<body><HR>
<H1>Static Call Graph for image ..\OBJ\Sepax.axf</H1><HR>
<BR><P>#&#060CALLGRAPH&#062# ARM Linker, 5060300: Last Updated: Wed Mar 09 19:19:43 2022
<BR><P>
<H3>Maximum Stack Usage =       1760 bytes + Unknown(Cycles, Untraceable Function Pointers)</H3><H3>
Call chain for Maximum Stack Depth:</H3>
main &rArr; protocol_handle_uart_powerstep01_plain_slave_cmd &rArr; protocol_rfid_get_epc_string &rArr; Get_EPC_String &rArr; TMR_SR_getNextTag &rArr; TMR_SR_hasMoreTags &rArr; TMR_SR_cmdAuthReqResponse &rArr; TMR_SR_sendMessage &rArr; TMR_SR_sendBytes &rArr; TMR__notifyTransportListeners
<P>
<H3>
Mutually Recursive functions
</H3> <LI><a href="#[58]">ADC1_2_IRQHandler</a>&nbsp;&nbsp;&nbsp;&rArr;&nbsp;&nbsp;&nbsp;<a href="#[58]">ADC1_2_IRQHandler</a><BR>
 <LI><a href="#[40]">BusFault_Handler</a>&nbsp;&nbsp;&nbsp;&rArr;&nbsp;&nbsp;&nbsp;<a href="#[40]">BusFault_Handler</a><BR>
 <LI><a href="#[3e]">HardFault_Handler</a>&nbsp;&nbsp;&nbsp;&rArr;&nbsp;&nbsp;&nbsp;<a href="#[3e]">HardFault_Handler</a><BR>
 <LI><a href="#[3f]">MemManage_Handler</a>&nbsp;&nbsp;&nbsp;&rArr;&nbsp;&nbsp;&nbsp;<a href="#[3f]">MemManage_Handler</a><BR>
 <LI><a href="#[41]">UsageFault_Handler</a>&nbsp;&nbsp;&nbsp;&rArr;&nbsp;&nbsp;&nbsp;<a href="#[41]">UsageFault_Handler</a><BR>
 <LI><a href="#[1ec]">filterbytes</a>&nbsp;&nbsp;&nbsp;&rArr;&nbsp;&nbsp;&nbsp;<a href="#[1ec]">filterbytes</a><BR>
 <LI><a href="#[193]">TMR_SR_addTagOp</a>&nbsp;&nbsp;&nbsp;&rArr;&nbsp;&nbsp;&nbsp;<a href="#[193]">TMR_SR_addTagOp</a><BR>
 <LI><a href="#[241]">setAntennaReadTimeHelper</a>&nbsp;&nbsp;&nbsp;&rArr;&nbsp;&nbsp;&nbsp;<a href="#[241]">setAntennaReadTimeHelper</a><BR>
 <LI><a href="#[1fa]">TMR_SR_read_internal</a>&nbsp;&nbsp;&nbsp;&rArr;&nbsp;&nbsp;&nbsp;<a href="#[1fa]">TMR_SR_read_internal</a><BR>
 <LI><a href="#[1f7]">validateReadPlan</a>&nbsp;&nbsp;&nbsp;&rArr;&nbsp;&nbsp;&nbsp;<a href="#[1f7]">validateReadPlan</a><BR>
</UL>
<P>
<H3>
Function Pointers
</H3><UL>
 <LI><a href="#[58]">ADC1_2_IRQHandler</a> from startup_stm32f103xe.o(.text) referenced from startup_stm32f103xe.o(RESET)
 <LI><a href="#[75]">ADC3_IRQHandler</a> from startup_stm32f103xe.o(.text) referenced from startup_stm32f103xe.o(RESET)
 <LI><a href="#[40]">BusFault_Handler</a> from stm32f1xx_it.o(i.BusFault_Handler) referenced from startup_stm32f103xe.o(RESET)
 <LI><a href="#[5b]">CAN1_RX1_IRQHandler</a> from startup_stm32f103xe.o(.text) referenced from startup_stm32f103xe.o(RESET)
 <LI><a href="#[5c]">CAN1_SCE_IRQHandler</a> from startup_stm32f103xe.o(.text) referenced from startup_stm32f103xe.o(RESET)
 <LI><a href="#[51]">DMA1_Channel1_IRQHandler</a> from startup_stm32f103xe.o(.text) referenced from startup_stm32f103xe.o(RESET)
 <LI><a href="#[52]">DMA1_Channel2_IRQHandler</a> from startup_stm32f103xe.o(.text) referenced from startup_stm32f103xe.o(RESET)
 <LI><a href="#[53]">DMA1_Channel3_IRQHandler</a> from startup_stm32f103xe.o(.text) referenced from startup_stm32f103xe.o(RESET)
 <LI><a href="#[54]">DMA1_Channel4_IRQHandler</a> from startup_stm32f103xe.o(.text) referenced from startup_stm32f103xe.o(RESET)
 <LI><a href="#[55]">DMA1_Channel5_IRQHandler</a> from startup_stm32f103xe.o(.text) referenced from startup_stm32f103xe.o(RESET)
 <LI><a href="#[56]">DMA1_Channel6_IRQHandler</a> from startup_stm32f103xe.o(.text) referenced from startup_stm32f103xe.o(RESET)
 <LI><a href="#[57]">DMA1_Channel7_IRQHandler</a> from startup_stm32f103xe.o(.text) referenced from startup_stm32f103xe.o(RESET)
 <LI><a href="#[7e]">DMA2_Channel1_IRQHandler</a> from startup_stm32f103xe.o(.text) referenced from startup_stm32f103xe.o(RESET)
 <LI><a href="#[7f]">DMA2_Channel2_IRQHandler</a> from startup_stm32f103xe.o(.text) referenced from startup_stm32f103xe.o(RESET)
 <LI><a href="#[80]">DMA2_Channel3_IRQHandler</a> from startup_stm32f103xe.o(.text) referenced from startup_stm32f103xe.o(RESET)
 <LI><a href="#[81]">DMA2_Channel4_5_IRQHandler</a> from startup_stm32f103xe.o(.text) referenced from startup_stm32f103xe.o(RESET)
 <LI><a href="#[33]">DS18B20_Init</a> from ds18b20.o(i.DS18B20_Init) referenced 2 times from keep_temperature.o(.data)
 <LI><a href="#[43]">DebugMon_Handler</a> from stm32f1xx_it.o(i.DebugMon_Handler) referenced from startup_stm32f103xe.o(RESET)
 <LI><a href="#[4c]">EXTI0_IRQHandler</a> from light.o(i.EXTI0_IRQHandler) referenced from startup_stm32f103xe.o(RESET)
 <LI><a href="#[6e]">EXTI15_10_IRQHandler</a> from light.o(i.EXTI15_10_IRQHandler) referenced from startup_stm32f103xe.o(RESET)
 <LI><a href="#[4d]">EXTI1_IRQHandler</a> from light.o(i.EXTI1_IRQHandler) referenced from startup_stm32f103xe.o(RESET)
 <LI><a href="#[4e]">EXTI2_IRQHandler</a> from stm32f1xx_it.o(i.EXTI2_IRQHandler) referenced from startup_stm32f103xe.o(RESET)
 <LI><a href="#[4f]">EXTI3_IRQHandler</a> from stm32f1xx_it.o(i.EXTI3_IRQHandler) referenced from startup_stm32f103xe.o(RESET)
 <LI><a href="#[50]">EXTI4_IRQHandler</a> from startup_stm32f103xe.o(.text) referenced from startup_stm32f103xe.o(RESET)
 <LI><a href="#[5d]">EXTI9_5_IRQHandler</a> from light.o(i.EXTI9_5_IRQHandler) referenced from startup_stm32f103xe.o(RESET)
 <LI><a href="#[4a]">FLASH_IRQHandler</a> from startup_stm32f103xe.o(.text) referenced from startup_stm32f103xe.o(RESET)
 <LI><a href="#[76]">FSMC_IRQHandler</a> from startup_stm32f103xe.o(.text) referenced from startup_stm32f103xe.o(RESET)
 <LI><a href="#[34]">GetTemperatureDegree</a> from keep_temperature.o(i.GetTemperatureDegree) referenced 2 times from keep_temperature.o(.data)
 <LI><a href="#[37]">GetTemperatureStatus</a> from keep_temperature.o(i.GetTemperatureStatus) referenced 2 times from keep_temperature.o(.data)
 <LI><a href="#[3e]">HardFault_Handler</a> from stm32f1xx_it.o(i.HardFault_Handler) referenced from startup_stm32f103xe.o(RESET)
 <LI><a href="#[66]">I2C1_ER_IRQHandler</a> from startup_stm32f103xe.o(.text) referenced from startup_stm32f103xe.o(RESET)
 <LI><a href="#[65]">I2C1_EV_IRQHandler</a> from startup_stm32f103xe.o(.text) referenced from startup_stm32f103xe.o(RESET)
 <LI><a href="#[68]">I2C2_ER_IRQHandler</a> from startup_stm32f103xe.o(.text) referenced from startup_stm32f103xe.o(RESET)
 <LI><a href="#[67]">I2C2_EV_IRQHandler</a> from startup_stm32f103xe.o(.text) referenced from startup_stm32f103xe.o(RESET)
 <LI><a href="#[38]">Init_BL180</a> from bl180.o(i.Init_BL180) referenced 2 times from bl180.o(.data)
 <LI><a href="#[3a]">Init_Scan_FM100</a> from fm100.o(i.Init_Scan_FM100) referenced 2 times from bl180.o(.data)
 <LI><a href="#[36]">KeepTemperatureDegree</a> from keep_temperature.o(i.KeepTemperatureDegree) referenced 2 times from keep_temperature.o(.data)
 <LI><a href="#[3f]">MemManage_Handler</a> from stm32f1xx_it.o(i.MemManage_Handler) referenced from startup_stm32f103xe.o(RESET)
 <LI><a href="#[3d]">NMI_Handler</a> from stm32f1xx_it.o(i.NMI_Handler) referenced from startup_stm32f103xe.o(RESET)
 <LI><a href="#[3b]">Obtain_Barcode_String</a> from fm100.o(i.Obtain_Barcode_String) referenced 2 times from bl180.o(.data)
 <LI><a href="#[47]">PVD_IRQHandler</a> from startup_stm32f103xe.o(.text) referenced from startup_stm32f103xe.o(RESET)
 <LI><a href="#[44]">PendSV_Handler</a> from stm32f1xx_it.o(i.PendSV_Handler) referenced from startup_stm32f103xe.o(RESET)
 <LI><a href="#[4]">Powerstep01_AttachBusyInterrupt</a> from powerstep01.o(i.Powerstep01_AttachBusyInterrupt) referenced 2 times from powerstep01.o(.data)
 <LI><a href="#[2]">Powerstep01_AttachErrorHandler</a> from powerstep01.o(i.Powerstep01_AttachErrorHandler) referenced 2 times from powerstep01.o(.data)
 <LI><a href="#[3]">Powerstep01_AttachFlagInterrupt</a> from powerstep01.o(i.Powerstep01_AttachFlagInterrupt) referenced 2 times from powerstep01.o(.data)
 <LI><a href="#[2c]">Powerstep01_BusyInterruptHandler</a> from powerstep01.o(i.Powerstep01_BusyInterruptHandler) referenced 2 times from powerstep01.o(.data)
 <LI><a href="#[1a]">Powerstep01_CheckBusyHw</a> from powerstep01.o(i.Powerstep01_CheckBusyHw) referenced 2 times from powerstep01.o(.data)
 <LI><a href="#[1b]">Powerstep01_CheckStatusHw</a> from powerstep01.o(i.Powerstep01_CheckStatusHw) referenced 2 times from powerstep01.o(.data)
 <LI><a href="#[11]">Powerstep01_CmdGetParam</a> from powerstep01.o(i.Powerstep01_CmdGetParam) referenced 2 times from powerstep01.o(.data)
 <LI><a href="#[12]">Powerstep01_CmdGetStatus</a> from powerstep01.o(i.Powerstep01_CmdGetStatus) referenced 2 times from powerstep01.o(.data)
 <LI><a href="#[9]">Powerstep01_CmdGoHome</a> from powerstep01.o(i.Powerstep01_CmdGoHome) referenced 2 times from powerstep01.o(.data)
 <LI><a href="#[a]">Powerstep01_CmdGoMark</a> from powerstep01.o(i.Powerstep01_CmdGoMark) referenced 2 times from powerstep01.o(.data)
 <LI><a href="#[b]">Powerstep01_CmdGoTo</a> from powerstep01.o(i.Powerstep01_CmdGoTo) referenced 2 times from powerstep01.o(.data)
 <LI><a href="#[19]">Powerstep01_CmdGoToDir</a> from powerstep01.o(i.Powerstep01_CmdGoToDir) referenced 2 times from powerstep01.o(.data)
 <LI><a href="#[1c]">Powerstep01_CmdGoUntil</a> from powerstep01.o(i.Powerstep01_CmdGoUntil) referenced 2 times from powerstep01.o(.data)
 <LI><a href="#[1d]">Powerstep01_CmdHardHiZ</a> from powerstep01.o(i.Powerstep01_CmdHardHiZ) referenced 2 times from powerstep01.o(.data)
 <LI><a href="#[c]">Powerstep01_CmdHardStop</a> from powerstep01.o(i.Powerstep01_CmdHardStop) referenced 2 times from powerstep01.o(.data)
 <LI><a href="#[d]">Powerstep01_CmdMove</a> from powerstep01.o(i.Powerstep01_CmdMove) referenced 2 times from powerstep01.o(.data)
 <LI><a href="#[13]">Powerstep01_CmdNop</a> from powerstep01.o(i.Powerstep01_CmdNop) referenced 2 times from powerstep01.o(.data)
 <LI><a href="#[1e]">Powerstep01_CmdReleaseSw</a> from powerstep01.o(i.Powerstep01_CmdReleaseSw) referenced 2 times from powerstep01.o(.data)
 <LI><a href="#[1f]">Powerstep01_CmdResetDevice</a> from powerstep01.o(i.Powerstep01_CmdResetDevice) referenced 2 times from powerstep01.o(.data)
 <LI><a href="#[20]">Powerstep01_CmdResetPos</a> from powerstep01.o(i.Powerstep01_CmdResetPos) referenced 2 times from powerstep01.o(.data)
 <LI><a href="#[21]">Powerstep01_CmdRun</a> from powerstep01.o(i.Powerstep01_CmdRun) referenced 2 times from powerstep01.o(.data)
 <LI><a href="#[14]">Powerstep01_CmdSetParam</a> from powerstep01.o(i.Powerstep01_CmdSetParam) referenced 2 times from powerstep01.o(.data)
 <LI><a href="#[22]">Powerstep01_CmdSoftHiZ</a> from powerstep01.o(i.Powerstep01_CmdSoftHiZ) referenced 2 times from powerstep01.o(.data)
 <LI><a href="#[2d]">Powerstep01_CmdSoftStop</a> from powerstep01.o(i.Powerstep01_CmdSoftStop) referenced 2 times from powerstep01.o(.data)
 <LI><a href="#[23]">Powerstep01_CmdStepClock</a> from powerstep01.o(i.Powerstep01_CmdStepClock) referenced 2 times from powerstep01.o(.data)
 <LI><a href="#[2b]">Powerstep01_ErrorHandler</a> from powerstep01.o(i.Powerstep01_ErrorHandler) referenced 2 times from powerstep01.o(.data)
 <LI><a href="#[24]">Powerstep01_FetchAndClearAllStatus</a> from powerstep01.o(i.Powerstep01_FetchAndClearAllStatus) referenced 2 times from powerstep01.o(.data)
 <LI><a href="#[5]">Powerstep01_FlagInterruptHandler</a> from powerstep01.o(i.Powerstep01_FlagInterruptHandler) referenced 2 times from powerstep01.o(.data)
 <LI><a href="#[32]">Powerstep01_GetAnalogValue</a> from powerstep01.o(i.Powerstep01_GetAnalogValue) referenced 2 times from powerstep01.o(.data)
 <LI><a href="#[25]">Powerstep01_GetFetchedStatus</a> from powerstep01.o(i.Powerstep01_GetFetchedStatus) referenced 2 times from powerstep01.o(.data)
 <LI><a href="#[6]">Powerstep01_GetFwVersion</a> from powerstep01.o(i.Powerstep01_GetFwVersion) referenced 2 times from powerstep01.o(.data)
 <LI><a href="#[7]">Powerstep01_GetMark</a> from powerstep01.o(i.Powerstep01_GetMark) referenced 2 times from powerstep01.o(.data)
 <LI><a href="#[26]">Powerstep01_GetNbDevices</a> from powerstep01.o(i.Powerstep01_GetNbDevices) referenced 2 times from powerstep01.o(.data)
 <LI><a href="#[8]">Powerstep01_GetPosition</a> from powerstep01.o(i.Powerstep01_GetPosition) referenced 2 times from powerstep01.o(.data)
 <LI><a href="#[0]">Powerstep01_Init</a> from powerstep01.o(i.Powerstep01_Init) referenced 2 times from powerstep01.o(.data)
 <LI><a href="#[27]">Powerstep01_IsDeviceBusy</a> from powerstep01.o(i.Powerstep01_IsDeviceBusy) referenced 2 times from powerstep01.o(.data)
 <LI><a href="#[29]">Powerstep01_QueueCommands</a> from powerstep01.o(i.Powerstep01_QueueCommands) referenced 2 times from powerstep01.o(.data)
 <LI><a href="#[1]">Powerstep01_ReadId</a> from powerstep01.o(i.Powerstep01_ReadId) referenced 2 times from powerstep01.o(.data)
 <LI><a href="#[15]">Powerstep01_ReadStatusRegister</a> from powerstep01.o(i.Powerstep01_ReadStatusRegister) referenced 2 times from powerstep01.o(.data)
 <LI><a href="#[16]">Powerstep01_ReleaseReset</a> from powerstep01.o(i.Powerstep01_ReleaseReset) referenced 2 times from powerstep01.o(.data)
 <LI><a href="#[17]">Powerstep01_Reset</a> from powerstep01.o(i.Powerstep01_Reset) referenced 2 times from powerstep01.o(.data)
 <LI><a href="#[18]">Powerstep01_SelectStepMode</a> from powerstep01.o(i.Powerstep01_SelectStepMode) referenced 2 times from powerstep01.o(.data)
 <LI><a href="#[28]">Powerstep01_SendQueuedCommands</a> from powerstep01.o(i.Powerstep01_SendQueuedCommands) referenced 2 times from powerstep01.o(.data)
 <LI><a href="#[31]">Powerstep01_SetAnalogValue</a> from powerstep01.o(i.Powerstep01_SetAnalogValue) referenced 2 times from powerstep01.o(.data)
 <LI><a href="#[e]">Powerstep01_SetHome</a> from powerstep01.o(i.Powerstep01_SetHome) referenced 2 times from powerstep01.o(.data)
 <LI><a href="#[f]">Powerstep01_SetMark</a> from powerstep01.o(i.Powerstep01_SetMark) referenced 2 times from powerstep01.o(.data)
 <LI><a href="#[30]">Powerstep01_SetNbDevices</a> from powerstep01.o(i.Powerstep01_SetNbDevices) referenced 2 times from powerstep01.o(.data)
 <LI><a href="#[2e]">Powerstep01_StartStepClock</a> from powerstep01.o(i.Powerstep01_StartStepClock) referenced 2 times from powerstep01.o(.data)
 <LI><a href="#[2f]">Powerstep01_StopStepClock</a> from powerstep01.o(i.Powerstep01_StopStepClock) referenced 2 times from powerstep01.o(.data)
 <LI><a href="#[2a]">Powerstep01_WaitForAllDevicesNotBusy</a> from powerstep01.o(i.Powerstep01_WaitForAllDevicesNotBusy) referenced 2 times from powerstep01.o(.data)
 <LI><a href="#[10]">Powerstep01_WaitWhileActive</a> from powerstep01.o(i.Powerstep01_WaitWhileActive) referenced 2 times from powerstep01.o(.data)
 <LI><a href="#[4b]">RCC_IRQHandler</a> from startup_stm32f103xe.o(.text) referenced from startup_stm32f103xe.o(RESET)
 <LI><a href="#[6f]">RTC_Alarm_IRQHandler</a> from startup_stm32f103xe.o(.text) referenced from startup_stm32f103xe.o(RESET)
 <LI><a href="#[49]">RTC_IRQHandler</a> from startup_stm32f103xe.o(.text) referenced from startup_stm32f103xe.o(RESET)
 <LI><a href="#[3c]">Reset_Handler</a> from startup_stm32f103xe.o(.text) referenced from startup_stm32f103xe.o(RESET)
 <LI><a href="#[77]">SDIO_IRQHandler</a> from startup_stm32f103xe.o(.text) referenced from startup_stm32f103xe.o(RESET)
 <LI><a href="#[69]">SPI1_IRQHandler</a> from startup_stm32f103xe.o(.text) referenced from startup_stm32f103xe.o(RESET)
 <LI><a href="#[6a]">SPI2_IRQHandler</a> from startup_stm32f103xe.o(.text) referenced from startup_stm32f103xe.o(RESET)
 <LI><a href="#[79]">SPI3_IRQHandler</a> from startup_stm32f103xe.o(.text) referenced from startup_stm32f103xe.o(RESET)
 <LI><a href="#[42]">SVC_Handler</a> from stm32f1xx_it.o(i.SVC_Handler) referenced from startup_stm32f103xe.o(RESET)
 <LI><a href="#[39]">Scan_Bar_Action</a> from bl180.o(i.Scan_Bar_Action) referenced 2 times from bl180.o(.data)
 <LI><a href="#[35]">SetTemperatureDegree</a> from keep_temperature.o(i.SetTemperatureDegree) referenced 2 times from keep_temperature.o(.data)
 <LI><a href="#[45]">SysTick_Handler</a> from stm32f1xx_it.o(i.SysTick_Handler) referenced from startup_stm32f103xe.o(RESET)
 <LI><a href="#[83]">SystemInit</a> from system_stm32f1xx.o(i.SystemInit) referenced from startup_stm32f103xe.o(.text)
 <LI><a href="#[48]">TAMPER_IRQHandler</a> from startup_stm32f103xe.o(.text) referenced from startup_stm32f103xe.o(RESET)
 <LI><a href="#[5e]">TIM1_BRK_IRQHandler</a> from startup_stm32f103xe.o(.text) referenced from startup_stm32f103xe.o(RESET)
 <LI><a href="#[61]">TIM1_CC_IRQHandler</a> from startup_stm32f103xe.o(.text) referenced from startup_stm32f103xe.o(RESET)
 <LI><a href="#[60]">TIM1_TRG_COM_IRQHandler</a> from startup_stm32f103xe.o(.text) referenced from startup_stm32f103xe.o(RESET)
 <LI><a href="#[5f]">TIM1_UP_IRQHandler</a> from startup_stm32f103xe.o(.text) referenced from startup_stm32f103xe.o(RESET)
 <LI><a href="#[62]">TIM2_IRQHandler</a> from startup_stm32f103xe.o(.text) referenced from startup_stm32f103xe.o(RESET)
 <LI><a href="#[63]">TIM3_IRQHandler</a> from drv8434.o(i.TIM3_IRQHandler) referenced from startup_stm32f103xe.o(RESET)
 <LI><a href="#[64]">TIM4_IRQHandler</a> from drv8434.o(i.TIM4_IRQHandler) referenced from startup_stm32f103xe.o(RESET)
 <LI><a href="#[78]">TIM5_IRQHandler</a> from timer.o(i.TIM5_IRQHandler) referenced from startup_stm32f103xe.o(RESET)
 <LI><a href="#[7c]">TIM6_IRQHandler</a> from startup_stm32f103xe.o(.text) referenced from startup_stm32f103xe.o(RESET)
 <LI><a href="#[7d]">TIM7_IRQHandler</a> from startup_stm32f103xe.o(.text) referenced from startup_stm32f103xe.o(RESET)
 <LI><a href="#[71]">TIM8_BRK_IRQHandler</a> from startup_stm32f103xe.o(.text) referenced from startup_stm32f103xe.o(RESET)
 <LI><a href="#[74]">TIM8_CC_IRQHandler</a> from startup_stm32f103xe.o(.text) referenced from startup_stm32f103xe.o(RESET)
 <LI><a href="#[73]">TIM8_TRG_COM_IRQHandler</a> from startup_stm32f103xe.o(.text) referenced from startup_stm32f103xe.o(RESET)
 <LI><a href="#[72]">TIM8_UP_IRQHandler</a> from startup_stm32f103xe.o(.text) referenced from startup_stm32f103xe.o(RESET)
 <LI><a href="#[92]">TMR_SR_SerialTransportNativeInit</a> from serial_transport_stm32f103rb.o(i.TMR_SR_SerialTransportNativeInit) referenced from tm_reader.o(i.TMR_initSerialTransportTable)
 <LI><a href="#[89]">TMR_SR_cmdStopReading</a> from serial_reader_l3.o(i.TMR_SR_cmdStopReading) referenced from serial_reader.o(i.TMR_SR_SerialReader_init)
 <LI><a href="#[8b]">TMR_SR_paramGet</a> from serial_reader.o(i.TMR_SR_paramGet) referenced from serial_reader.o(i.TMR_SR_SerialReader_init)
 <LI><a href="#[8a]">TMR_SR_paramSet</a> from serial_reader.o(i.TMR_SR_paramSet) referenced from serial_reader.o(i.TMR_SR_SerialReader_init)
 <LI><a href="#[85]">UART2_Receive_Data</a> from uart2.o(i.UART2_Receive_Data) referenced from uart_choose.o(i.GetUartReceive)
 <LI><a href="#[87]">UART2_Send_Data</a> from uart2.o(i.UART2_Send_Data) referenced from uart_choose.o(i.GetUartSend)
 <LI><a href="#[86]">UART3_Receive_Data</a> from uart3.o(i.UART3_Receive_Data) referenced from uart_choose.o(i.GetUartReceive)
 <LI><a href="#[88]">UART3_Send_Data</a> from uart3.o(i.UART3_Send_Data) referenced from uart_choose.o(i.GetUartSend)
 <LI><a href="#[7a]">UART4_IRQHandler</a> from uart4.o(i.UART4_IRQHandler) referenced from startup_stm32f103xe.o(RESET)
 <LI><a href="#[7b]">UART5_IRQHandler</a> from uart5.o(i.UART5_IRQHandler) referenced from startup_stm32f103xe.o(RESET)
 <LI><a href="#[6b]">USART1_IRQHandler</a> from usart.o(i.USART1_IRQHandler) referenced from startup_stm32f103xe.o(RESET)
 <LI><a href="#[6c]">USART2_IRQHandler</a> from uart2.o(i.USART2_IRQHandler) referenced from startup_stm32f103xe.o(RESET)
 <LI><a href="#[6d]">USART3_IRQHandler</a> from uart3.o(i.USART3_IRQHandler) referenced from startup_stm32f103xe.o(RESET)
 <LI><a href="#[70]">USBWakeUp_IRQHandler</a> from startup_stm32f103xe.o(.text) referenced from startup_stm32f103xe.o(RESET)
 <LI><a href="#[59]">USB_HP_CAN1_TX_IRQHandler</a> from startup_stm32f103xe.o(.text) referenced from startup_stm32f103xe.o(RESET)
 <LI><a href="#[5a]">USB_LP_CAN1_RX0_IRQHandler</a> from startup_stm32f103xe.o(.text) referenced from startup_stm32f103xe.o(RESET)
 <LI><a href="#[41]">UsageFault_Handler</a> from stm32f1xx_it.o(i.UsageFault_Handler) referenced from startup_stm32f103xe.o(RESET)
 <LI><a href="#[46]">WWDG_IRQHandler</a> from startup_stm32f103xe.o(.text) referenced from startup_stm32f103xe.o(RESET)
 <LI><a href="#[84]">__main</a> from entry.o(.ARM.Collect$$$$00000000) referenced from startup_stm32f103xe.o(.text)
 <LI><a href="#[94]">_sputc</a> from printf8.o(i._sputc) referenced from printf8.o(i.__0sprintf$8)
 <LI><a href="#[93]">fputc</a> from usart.o(i.fputc) referenced from printf8.o(i.__0printf$8)
 <LI><a href="#[82]">main</a> from main.o(i.main) referenced from entry9a.o(.ARM.Collect$$$$0000000B)
 <LI><a href="#[91]">s_flush</a> from serial_transport_stm32f103rb.o(i.s_flush) referenced from serial_transport_stm32f103rb.o(i.TMR_SR_SerialTransportNativeInit)
 <LI><a href="#[8c]">s_open</a> from serial_transport_stm32f103rb.o(i.s_open) referenced from serial_transport_stm32f103rb.o(i.TMR_SR_SerialTransportNativeInit)
 <LI><a href="#[8e]">s_receiveBytes</a> from serial_transport_stm32f103rb.o(i.s_receiveBytes) referenced from serial_transport_stm32f103rb.o(i.TMR_SR_SerialTransportNativeInit)
 <LI><a href="#[8d]">s_sendBytes</a> from serial_transport_stm32f103rb.o(i.s_sendBytes) referenced from serial_transport_stm32f103rb.o(i.TMR_SR_SerialTransportNativeInit)
 <LI><a href="#[8f]">s_setBaudRate</a> from serial_transport_stm32f103rb.o(i.s_setBaudRate) referenced from serial_transport_stm32f103rb.o(i.TMR_SR_SerialTransportNativeInit)
 <LI><a href="#[90]">s_shutdown</a> from serial_transport_stm32f103rb.o(i.s_shutdown) referenced from serial_transport_stm32f103rb.o(i.TMR_SR_SerialTransportNativeInit)
</UL>
<P>
<H3>
Global Symbols
</H3>
<P><STRONG><a name="[84]"></a>__main</STRONG> (Thumb, 0 bytes, Stack size unknown bytes, entry.o(.ARM.Collect$$$$00000000))
<BR>[Address Reference Count : 1]<UL><LI> startup_stm32f103xe.o(.text)
</UL>
<P><STRONG><a name="[245]"></a>_main_stk</STRONG> (Thumb, 0 bytes, Stack size unknown bytes, entry2.o(.ARM.Collect$$$$00000001))

<P><STRONG><a name="[95]"></a>_main_scatterload</STRONG> (Thumb, 0 bytes, Stack size unknown bytes, entry5.o(.ARM.Collect$$$$00000004))
<BR><BR>[Calls]<UL><LI><a href="#[96]">&gt;&gt;</a>&nbsp;&nbsp;&nbsp;__scatterload
</UL>

<P><STRONG><a name="[ad]"></a>__main_after_scatterload</STRONG> (Thumb, 0 bytes, Stack size unknown bytes, entry5.o(.ARM.Collect$$$$00000004))
<BR><BR>[Called By]<UL><LI><a href="#[96]">&gt;&gt;</a>&nbsp;&nbsp;&nbsp;__scatterload
</UL>

<P><STRONG><a name="[246]"></a>_main_clock</STRONG> (Thumb, 0 bytes, Stack size unknown bytes, entry7b.o(.ARM.Collect$$$$00000008))

<P><STRONG><a name="[247]"></a>_main_cpp_init</STRONG> (Thumb, 0 bytes, Stack size unknown bytes, entry8b.o(.ARM.Collect$$$$0000000A))

<P><STRONG><a name="[248]"></a>_main_init</STRONG> (Thumb, 0 bytes, Stack size unknown bytes, entry9a.o(.ARM.Collect$$$$0000000B))

<P><STRONG><a name="[249]"></a>__rt_final_cpp</STRONG> (Thumb, 0 bytes, Stack size unknown bytes, entry10a.o(.ARM.Collect$$$$0000000D))

<P><STRONG><a name="[24a]"></a>__rt_final_exit</STRONG> (Thumb, 0 bytes, Stack size unknown bytes, entry11a.o(.ARM.Collect$$$$0000000F))

<P><STRONG><a name="[3c]"></a>Reset_Handler</STRONG> (Thumb, 8 bytes, Stack size 0 bytes, startup_stm32f103xe.o(.text))
<BR>[Address Reference Count : 1]<UL><LI> startup_stm32f103xe.o(RESET)
</UL>
<P><STRONG><a name="[58]"></a>ADC1_2_IRQHandler</STRONG> (Thumb, 0 bytes, Stack size 0 bytes, startup_stm32f103xe.o(.text))
<BR><BR>[Calls]<UL><LI><a href="#[58]">&gt;&gt;</a>&nbsp;&nbsp;&nbsp;ADC1_2_IRQHandler
</UL>
<BR>[Called By]<UL><LI><a href="#[58]">&gt;&gt;</a>&nbsp;&nbsp;&nbsp;ADC1_2_IRQHandler
</UL>
<BR>[Address Reference Count : 1]<UL><LI> startup_stm32f103xe.o(RESET)
</UL>
<P><STRONG><a name="[75]"></a>ADC3_IRQHandler</STRONG> (Thumb, 0 bytes, Stack size 0 bytes, startup_stm32f103xe.o(.text))
<BR>[Address Reference Count : 1]<UL><LI> startup_stm32f103xe.o(RESET)
</UL>
<P><STRONG><a name="[5b]"></a>CAN1_RX1_IRQHandler</STRONG> (Thumb, 0 bytes, Stack size 0 bytes, startup_stm32f103xe.o(.text))
<BR>[Address Reference Count : 1]<UL><LI> startup_stm32f103xe.o(RESET)
</UL>
<P><STRONG><a name="[5c]"></a>CAN1_SCE_IRQHandler</STRONG> (Thumb, 0 bytes, Stack size 0 bytes, startup_stm32f103xe.o(.text))
<BR>[Address Reference Count : 1]<UL><LI> startup_stm32f103xe.o(RESET)
</UL>
<P><STRONG><a name="[51]"></a>DMA1_Channel1_IRQHandler</STRONG> (Thumb, 0 bytes, Stack size 0 bytes, startup_stm32f103xe.o(.text))
<BR>[Address Reference Count : 1]<UL><LI> startup_stm32f103xe.o(RESET)
</UL>
<P><STRONG><a name="[52]"></a>DMA1_Channel2_IRQHandler</STRONG> (Thumb, 0 bytes, Stack size 0 bytes, startup_stm32f103xe.o(.text))
<BR>[Address Reference Count : 1]<UL><LI> startup_stm32f103xe.o(RESET)
</UL>
<P><STRONG><a name="[53]"></a>DMA1_Channel3_IRQHandler</STRONG> (Thumb, 0 bytes, Stack size 0 bytes, startup_stm32f103xe.o(.text))
<BR>[Address Reference Count : 1]<UL><LI> startup_stm32f103xe.o(RESET)
</UL>
<P><STRONG><a name="[54]"></a>DMA1_Channel4_IRQHandler</STRONG> (Thumb, 0 bytes, Stack size 0 bytes, startup_stm32f103xe.o(.text))
<BR>[Address Reference Count : 1]<UL><LI> startup_stm32f103xe.o(RESET)
</UL>
<P><STRONG><a name="[55]"></a>DMA1_Channel5_IRQHandler</STRONG> (Thumb, 0 bytes, Stack size 0 bytes, startup_stm32f103xe.o(.text))
<BR>[Address Reference Count : 1]<UL><LI> startup_stm32f103xe.o(RESET)
</UL>
<P><STRONG><a name="[56]"></a>DMA1_Channel6_IRQHandler</STRONG> (Thumb, 0 bytes, Stack size 0 bytes, startup_stm32f103xe.o(.text))
<BR>[Address Reference Count : 1]<UL><LI> startup_stm32f103xe.o(RESET)
</UL>
<P><STRONG><a name="[57]"></a>DMA1_Channel7_IRQHandler</STRONG> (Thumb, 0 bytes, Stack size 0 bytes, startup_stm32f103xe.o(.text))
<BR>[Address Reference Count : 1]<UL><LI> startup_stm32f103xe.o(RESET)
</UL>
<P><STRONG><a name="[7e]"></a>DMA2_Channel1_IRQHandler</STRONG> (Thumb, 0 bytes, Stack size 0 bytes, startup_stm32f103xe.o(.text))
<BR>[Address Reference Count : 1]<UL><LI> startup_stm32f103xe.o(RESET)
</UL>
<P><STRONG><a name="[7f]"></a>DMA2_Channel2_IRQHandler</STRONG> (Thumb, 0 bytes, Stack size 0 bytes, startup_stm32f103xe.o(.text))
<BR>[Address Reference Count : 1]<UL><LI> startup_stm32f103xe.o(RESET)
</UL>
<P><STRONG><a name="[80]"></a>DMA2_Channel3_IRQHandler</STRONG> (Thumb, 0 bytes, Stack size 0 bytes, startup_stm32f103xe.o(.text))
<BR>[Address Reference Count : 1]<UL><LI> startup_stm32f103xe.o(RESET)
</UL>
<P><STRONG><a name="[81]"></a>DMA2_Channel4_5_IRQHandler</STRONG> (Thumb, 0 bytes, Stack size 0 bytes, startup_stm32f103xe.o(.text))
<BR>[Address Reference Count : 1]<UL><LI> startup_stm32f103xe.o(RESET)
</UL>
<P><STRONG><a name="[50]"></a>EXTI4_IRQHandler</STRONG> (Thumb, 0 bytes, Stack size 0 bytes, startup_stm32f103xe.o(.text))
<BR>[Address Reference Count : 1]<UL><LI> startup_stm32f103xe.o(RESET)
</UL>
<P><STRONG><a name="[4a]"></a>FLASH_IRQHandler</STRONG> (Thumb, 0 bytes, Stack size 0 bytes, startup_stm32f103xe.o(.text))
<BR>[Address Reference Count : 1]<UL><LI> startup_stm32f103xe.o(RESET)
</UL>
<P><STRONG><a name="[76]"></a>FSMC_IRQHandler</STRONG> (Thumb, 0 bytes, Stack size 0 bytes, startup_stm32f103xe.o(.text))
<BR>[Address Reference Count : 1]<UL><LI> startup_stm32f103xe.o(RESET)
</UL>
<P><STRONG><a name="[66]"></a>I2C1_ER_IRQHandler</STRONG> (Thumb, 0 bytes, Stack size 0 bytes, startup_stm32f103xe.o(.text))
<BR>[Address Reference Count : 1]<UL><LI> startup_stm32f103xe.o(RESET)
</UL>
<P><STRONG><a name="[65]"></a>I2C1_EV_IRQHandler</STRONG> (Thumb, 0 bytes, Stack size 0 bytes, startup_stm32f103xe.o(.text))
<BR>[Address Reference Count : 1]<UL><LI> startup_stm32f103xe.o(RESET)
</UL>
<P><STRONG><a name="[68]"></a>I2C2_ER_IRQHandler</STRONG> (Thumb, 0 bytes, Stack size 0 bytes, startup_stm32f103xe.o(.text))
<BR>[Address Reference Count : 1]<UL><LI> startup_stm32f103xe.o(RESET)
</UL>
<P><STRONG><a name="[67]"></a>I2C2_EV_IRQHandler</STRONG> (Thumb, 0 bytes, Stack size 0 bytes, startup_stm32f103xe.o(.text))
<BR>[Address Reference Count : 1]<UL><LI> startup_stm32f103xe.o(RESET)
</UL>
<P><STRONG><a name="[47]"></a>PVD_IRQHandler</STRONG> (Thumb, 0 bytes, Stack size 0 bytes, startup_stm32f103xe.o(.text))
<BR>[Address Reference Count : 1]<UL><LI> startup_stm32f103xe.o(RESET)
</UL>
<P><STRONG><a name="[4b]"></a>RCC_IRQHandler</STRONG> (Thumb, 0 bytes, Stack size 0 bytes, startup_stm32f103xe.o(.text))
<BR>[Address Reference Count : 1]<UL><LI> startup_stm32f103xe.o(RESET)
</UL>
<P><STRONG><a name="[6f]"></a>RTC_Alarm_IRQHandler</STRONG> (Thumb, 0 bytes, Stack size 0 bytes, startup_stm32f103xe.o(.text))
<BR>[Address Reference Count : 1]<UL><LI> startup_stm32f103xe.o(RESET)
</UL>
<P><STRONG><a name="[49]"></a>RTC_IRQHandler</STRONG> (Thumb, 0 bytes, Stack size 0 bytes, startup_stm32f103xe.o(.text))
<BR>[Address Reference Count : 1]<UL><LI> startup_stm32f103xe.o(RESET)
</UL>
<P><STRONG><a name="[77]"></a>SDIO_IRQHandler</STRONG> (Thumb, 0 bytes, Stack size 0 bytes, startup_stm32f103xe.o(.text))
<BR>[Address Reference Count : 1]<UL><LI> startup_stm32f103xe.o(RESET)
</UL>
<P><STRONG><a name="[69]"></a>SPI1_IRQHandler</STRONG> (Thumb, 0 bytes, Stack size 0 bytes, startup_stm32f103xe.o(.text))
<BR>[Address Reference Count : 1]<UL><LI> startup_stm32f103xe.o(RESET)
</UL>
<P><STRONG><a name="[6a]"></a>SPI2_IRQHandler</STRONG> (Thumb, 0 bytes, Stack size 0 bytes, startup_stm32f103xe.o(.text))
<BR>[Address Reference Count : 1]<UL><LI> startup_stm32f103xe.o(RESET)
</UL>
<P><STRONG><a name="[79]"></a>SPI3_IRQHandler</STRONG> (Thumb, 0 bytes, Stack size 0 bytes, startup_stm32f103xe.o(.text))
<BR>[Address Reference Count : 1]<UL><LI> startup_stm32f103xe.o(RESET)
</UL>
<P><STRONG><a name="[48]"></a>TAMPER_IRQHandler</STRONG> (Thumb, 0 bytes, Stack size 0 bytes, startup_stm32f103xe.o(.text))
<BR>[Address Reference Count : 1]<UL><LI> startup_stm32f103xe.o(RESET)
</UL>
<P><STRONG><a name="[5e]"></a>TIM1_BRK_IRQHandler</STRONG> (Thumb, 0 bytes, Stack size 0 bytes, startup_stm32f103xe.o(.text))
<BR>[Address Reference Count : 1]<UL><LI> startup_stm32f103xe.o(RESET)
</UL>
<P><STRONG><a name="[61]"></a>TIM1_CC_IRQHandler</STRONG> (Thumb, 0 bytes, Stack size 0 bytes, startup_stm32f103xe.o(.text))
<BR>[Address Reference Count : 1]<UL><LI> startup_stm32f103xe.o(RESET)
</UL>
<P><STRONG><a name="[60]"></a>TIM1_TRG_COM_IRQHandler</STRONG> (Thumb, 0 bytes, Stack size 0 bytes, startup_stm32f103xe.o(.text))
<BR>[Address Reference Count : 1]<UL><LI> startup_stm32f103xe.o(RESET)
</UL>
<P><STRONG><a name="[5f]"></a>TIM1_UP_IRQHandler</STRONG> (Thumb, 0 bytes, Stack size 0 bytes, startup_stm32f103xe.o(.text))
<BR>[Address Reference Count : 1]<UL><LI> startup_stm32f103xe.o(RESET)
</UL>
<P><STRONG><a name="[62]"></a>TIM2_IRQHandler</STRONG> (Thumb, 0 bytes, Stack size 0 bytes, startup_stm32f103xe.o(.text))
<BR>[Address Reference Count : 1]<UL><LI> startup_stm32f103xe.o(RESET)
</UL>
<P><STRONG><a name="[7c]"></a>TIM6_IRQHandler</STRONG> (Thumb, 0 bytes, Stack size 0 bytes, startup_stm32f103xe.o(.text))
<BR>[Address Reference Count : 1]<UL><LI> startup_stm32f103xe.o(RESET)
</UL>
<P><STRONG><a name="[7d]"></a>TIM7_IRQHandler</STRONG> (Thumb, 0 bytes, Stack size 0 bytes, startup_stm32f103xe.o(.text))
<BR>[Address Reference Count : 1]<UL><LI> startup_stm32f103xe.o(RESET)
</UL>
<P><STRONG><a name="[71]"></a>TIM8_BRK_IRQHandler</STRONG> (Thumb, 0 bytes, Stack size 0 bytes, startup_stm32f103xe.o(.text))
<BR>[Address Reference Count : 1]<UL><LI> startup_stm32f103xe.o(RESET)
</UL>
<P><STRONG><a name="[74]"></a>TIM8_CC_IRQHandler</STRONG> (Thumb, 0 bytes, Stack size 0 bytes, startup_stm32f103xe.o(.text))
<BR>[Address Reference Count : 1]<UL><LI> startup_stm32f103xe.o(RESET)
</UL>
<P><STRONG><a name="[73]"></a>TIM8_TRG_COM_IRQHandler</STRONG> (Thumb, 0 bytes, Stack size 0 bytes, startup_stm32f103xe.o(.text))
<BR>[Address Reference Count : 1]<UL><LI> startup_stm32f103xe.o(RESET)
</UL>
<P><STRONG><a name="[72]"></a>TIM8_UP_IRQHandler</STRONG> (Thumb, 0 bytes, Stack size 0 bytes, startup_stm32f103xe.o(.text))
<BR>[Address Reference Count : 1]<UL><LI> startup_stm32f103xe.o(RESET)
</UL>
<P><STRONG><a name="[70]"></a>USBWakeUp_IRQHandler</STRONG> (Thumb, 0 bytes, Stack size 0 bytes, startup_stm32f103xe.o(.text))
<BR>[Address Reference Count : 1]<UL><LI> startup_stm32f103xe.o(RESET)
</UL>
<P><STRONG><a name="[59]"></a>USB_HP_CAN1_TX_IRQHandler</STRONG> (Thumb, 0 bytes, Stack size 0 bytes, startup_stm32f103xe.o(.text))
<BR>[Address Reference Count : 1]<UL><LI> startup_stm32f103xe.o(RESET)
</UL>
<P><STRONG><a name="[5a]"></a>USB_LP_CAN1_RX0_IRQHandler</STRONG> (Thumb, 0 bytes, Stack size 0 bytes, startup_stm32f103xe.o(.text))
<BR>[Address Reference Count : 1]<UL><LI> startup_stm32f103xe.o(RESET)
</UL>
<P><STRONG><a name="[46]"></a>WWDG_IRQHandler</STRONG> (Thumb, 0 bytes, Stack size 0 bytes, startup_stm32f103xe.o(.text))
<BR>[Address Reference Count : 1]<UL><LI> startup_stm32f103xe.o(RESET)
</UL>
<P><STRONG><a name="[a0]"></a>__aeabi_llsl</STRONG> (Thumb, 30 bytes, Stack size 0 bytes, llshl.o(.text))
<BR><BR>[Called By]<UL><LI><a href="#[9f]">&gt;&gt;</a>&nbsp;&nbsp;&nbsp;__aeabi_dadd
<LI><a href="#[ab]">&gt;&gt;</a>&nbsp;&nbsp;&nbsp;__aeabi_uldivmod
<LI><a href="#[a2]">&gt;&gt;</a>&nbsp;&nbsp;&nbsp;_double_epilogue
</UL>

<P><STRONG><a name="[24b]"></a>_ll_shift_l</STRONG> (Thumb, 0 bytes, Stack size 0 bytes, llshl.o(.text), UNUSED)

<P><STRONG><a name="[24c]"></a>___aeabi_memcpy8$move</STRONG> (Thumb, 0 bytes, Stack size 8 bytes, memmovea.o(.text), UNUSED)

<P><STRONG><a name="[c9]"></a>__aeabi_memcpy</STRONG> (Thumb, 64 bytes, Stack size 8 bytes, memmovea.o(.text))
<BR><BR>[Stack]<UL><LI>Max Depth = 8<LI>Call Chain = __aeabi_memcpy
</UL>
<BR>[Called By]<UL><LI><a href="#[22a]">&gt;&gt;</a>&nbsp;&nbsp;&nbsp;protocol_handle_uart_powerstep01_plain_slave_cmd
<LI><a href="#[226]">&gt;&gt;</a>&nbsp;&nbsp;&nbsp;cheminert_c52_c55_transfer
<LI><a href="#[c8]">&gt;&gt;</a>&nbsp;&nbsp;&nbsp;Big_Little_Endian_Convert
<LI><a href="#[13f]">&gt;&gt;</a>&nbsp;&nbsp;&nbsp;M6e_Magic_Get_One_Rfid_Info
<LI><a href="#[f8]">&gt;&gt;</a>&nbsp;&nbsp;&nbsp;Get_EPC_String
<LI><a href="#[23a]">&gt;&gt;</a>&nbsp;&nbsp;&nbsp;protocol_rfid_get_epc_string
<LI><a href="#[232]">&gt;&gt;</a>&nbsp;&nbsp;&nbsp;protocol_cheminert_c52_c55
<LI><a href="#[141]">&gt;&gt;</a>&nbsp;&nbsp;&nbsp;M6e_Read_Info
<LI><a href="#[39]">&gt;&gt;</a>&nbsp;&nbsp;&nbsp;Scan_Bar_Action
<LI><a href="#[3b]">&gt;&gt;</a>&nbsp;&nbsp;&nbsp;Obtain_Barcode_String
<LI><a href="#[8e]">&gt;&gt;</a>&nbsp;&nbsp;&nbsp;s_receiveBytes
<LI><a href="#[220]">&gt;&gt;</a>&nbsp;&nbsp;&nbsp;internal_alloc
</UL>

<P><STRONG><a name="[d0]"></a>__aeabi_memcpy4</STRONG> (Thumb, 0 bytes, Stack size 8 bytes, memmovea.o(.text))
<BR><BR>[Stack]<UL><LI>Max Depth = 8<LI>Call Chain = __aeabi_memcpy4
</UL>
<BR>[Called By]<UL><LI><a href="#[22a]">&gt;&gt;</a>&nbsp;&nbsp;&nbsp;protocol_handle_uart_powerstep01_plain_slave_cmd
<LI><a href="#[146]">&gt;&gt;</a>&nbsp;&nbsp;&nbsp;caculate_tansfer_check_bit
<LI><a href="#[21e]">&gt;&gt;</a>&nbsp;&nbsp;&nbsp;__ack_error_msg__
<LI><a href="#[191]">&gt;&gt;</a>&nbsp;&nbsp;&nbsp;TMR_SR_SerialReader_init
<LI><a href="#[8a]">&gt;&gt;</a>&nbsp;&nbsp;&nbsp;TMR_SR_paramSet
<LI><a href="#[144]">&gt;&gt;</a>&nbsp;&nbsp;&nbsp;Master_Mini_Board_Transfer_Interface
<LI><a href="#[d1]">&gt;&gt;</a>&nbsp;&nbsp;&nbsp;init_motor_device
<LI><a href="#[b6]">&gt;&gt;</a>&nbsp;&nbsp;&nbsp;Choose_Single_Motor_Speed_Config
<LI><a href="#[102]">&gt;&gt;</a>&nbsp;&nbsp;&nbsp;Get_Real_Time_Polling_Value
<LI><a href="#[232]">&gt;&gt;</a>&nbsp;&nbsp;&nbsp;protocol_cheminert_c52_c55
<LI><a href="#[133]">&gt;&gt;</a>&nbsp;&nbsp;&nbsp;TMR_paramGet
</UL>

<P><STRONG><a name="[1ff]"></a>__aeabi_memmove</STRONG> (Thumb, 0 bytes, Stack size 8 bytes, memmovea.o(.text))
<BR><BR>[Stack]<UL><LI>Max Depth = 8<LI>Call Chain = __aeabi_memmove
</UL>
<BR>[Called By]<UL><LI><a href="#[1e7]">&gt;&gt;</a>&nbsp;&nbsp;&nbsp;TMR_SR_receiveMessage
</UL>

<P><STRONG><a name="[24d]"></a>__aeabi_memmove4</STRONG> (Thumb, 0 bytes, Stack size 8 bytes, memmovea.o(.text), UNUSED)

<P><STRONG><a name="[24e]"></a>__aeabi_memmove8</STRONG> (Thumb, 0 bytes, Stack size 8 bytes, memmovea.o(.text), UNUSED)

<P><STRONG><a name="[98]"></a>__aeabi_memset</STRONG> (Thumb, 14 bytes, Stack size 0 bytes, memseta.o(.text))
<BR><BR>[Called By]<UL><LI><a href="#[99]">&gt;&gt;</a>&nbsp;&nbsp;&nbsp;_memset$wrapper
<LI><a href="#[97]">&gt;&gt;</a>&nbsp;&nbsp;&nbsp;__aeabi_memclr
</UL>

<P><STRONG><a name="[24f]"></a>__aeabi_memset4</STRONG> (Thumb, 0 bytes, Stack size 0 bytes, memseta.o(.text), UNUSED)

<P><STRONG><a name="[250]"></a>__aeabi_memset8</STRONG> (Thumb, 0 bytes, Stack size 0 bytes, memseta.o(.text), UNUSED)

<P><STRONG><a name="[97]"></a>__aeabi_memclr</STRONG> (Thumb, 4 bytes, Stack size 0 bytes, memseta.o(.text))
<BR><BR>[Calls]<UL><LI><a href="#[98]">&gt;&gt;</a>&nbsp;&nbsp;&nbsp;__aeabi_memset
</UL>
<BR>[Called By]<UL><LI><a href="#[1eb]">&gt;&gt;</a>&nbsp;&nbsp;&nbsp;TMR_TRD_init
<LI><a href="#[1e7]">&gt;&gt;</a>&nbsp;&nbsp;&nbsp;TMR_SR_receiveMessage
<LI><a href="#[3b]">&gt;&gt;</a>&nbsp;&nbsp;&nbsp;Obtain_Barcode_String
</UL>

<P><STRONG><a name="[d6]"></a>__aeabi_memclr4</STRONG> (Thumb, 0 bytes, Stack size 0 bytes, memseta.o(.text))
<BR><BR>[Called By]<UL><LI><a href="#[22a]">&gt;&gt;</a>&nbsp;&nbsp;&nbsp;protocol_handle_uart_powerstep01_plain_slave_cmd
<LI><a href="#[146]">&gt;&gt;</a>&nbsp;&nbsp;&nbsp;caculate_tansfer_check_bit
<LI><a href="#[188]">&gt;&gt;</a>&nbsp;&nbsp;&nbsp;Real_Time_Polling_Init
<LI><a href="#[21e]">&gt;&gt;</a>&nbsp;&nbsp;&nbsp;__ack_error_msg__
<LI><a href="#[226]">&gt;&gt;</a>&nbsp;&nbsp;&nbsp;cheminert_c52_c55_transfer
<LI><a href="#[1f4]">&gt;&gt;</a>&nbsp;&nbsp;&nbsp;TMR_paramProbe
<LI><a href="#[1b4]">&gt;&gt;</a>&nbsp;&nbsp;&nbsp;TMR_SR_cmdGetGPIO
<LI><a href="#[206]">&gt;&gt;</a>&nbsp;&nbsp;&nbsp;TMR_initSerialTransportTable
<LI><a href="#[d1]">&gt;&gt;</a>&nbsp;&nbsp;&nbsp;init_motor_device
<LI><a href="#[cf]">&gt;&gt;</a>&nbsp;&nbsp;&nbsp;ConfigMotorAllDevice
<LI><a href="#[f8]">&gt;&gt;</a>&nbsp;&nbsp;&nbsp;Get_EPC_String
<LI><a href="#[232]">&gt;&gt;</a>&nbsp;&nbsp;&nbsp;protocol_cheminert_c52_c55
<LI><a href="#[d5]">&gt;&gt;</a>&nbsp;&nbsp;&nbsp;Clear_Storage_Info_Rfid
<LI><a href="#[3b]">&gt;&gt;</a>&nbsp;&nbsp;&nbsp;Obtain_Barcode_String
<LI><a href="#[ec]">&gt;&gt;</a>&nbsp;&nbsp;&nbsp;FM100_Scan_Control_Status
<LI><a href="#[eb]">&gt;&gt;</a>&nbsp;&nbsp;&nbsp;FM100_Scan_Command_Mode
<LI><a href="#[92]">&gt;&gt;</a>&nbsp;&nbsp;&nbsp;TMR_SR_SerialTransportNativeInit
<LI><a href="#[8e]">&gt;&gt;</a>&nbsp;&nbsp;&nbsp;s_receiveBytes
</UL>

<P><STRONG><a name="[251]"></a>__aeabi_memclr8</STRONG> (Thumb, 0 bytes, Stack size 0 bytes, memseta.o(.text), UNUSED)

<P><STRONG><a name="[99]"></a>_memset$wrapper</STRONG> (Thumb, 18 bytes, Stack size 8 bytes, memseta.o(.text), UNUSED)
<BR><BR>[Calls]<UL><LI><a href="#[98]">&gt;&gt;</a>&nbsp;&nbsp;&nbsp;__aeabi_memset
</UL>

<P><STRONG><a name="[209]"></a>strncpy</STRONG> (Thumb, 24 bytes, Stack size 8 bytes, strncpy.o(.text))
<BR><BR>[Stack]<UL><LI>Max Depth = 8<LI>Call Chain = strncpy
</UL>
<BR>[Called By]<UL><LI><a href="#[131]">&gt;&gt;</a>&nbsp;&nbsp;&nbsp;TMR_create
</UL>

<P><STRONG><a name="[1f1]"></a>strlen</STRONG> (Thumb, 14 bytes, Stack size 0 bytes, strlen.o(.text))
<BR><BR>[Called By]<UL><LI><a href="#[1e7]">&gt;&gt;</a>&nbsp;&nbsp;&nbsp;TMR_SR_receiveMessage
<LI><a href="#[8b]">&gt;&gt;</a>&nbsp;&nbsp;&nbsp;TMR_SR_paramGet
<LI><a href="#[131]">&gt;&gt;</a>&nbsp;&nbsp;&nbsp;TMR_create
</UL>

<P><STRONG><a name="[208]"></a>strcmp</STRONG> (Thumb, 28 bytes, Stack size 8 bytes, strcmp.o(.text))
<BR><BR>[Stack]<UL><LI>Max Depth = 8<LI>Call Chain = strcmp
</UL>
<BR>[Called By]<UL><LI><a href="#[134]">&gt;&gt;</a>&nbsp;&nbsp;&nbsp;isAntDetectEnabled
<LI><a href="#[131]">&gt;&gt;</a>&nbsp;&nbsp;&nbsp;TMR_create
</UL>

<P><STRONG><a name="[ed]"></a>strncmp</STRONG> (Thumb, 30 bytes, Stack size 12 bytes, strncmp.o(.text))
<BR><BR>[Stack]<UL><LI>Max Depth = 12<LI>Call Chain = strncmp
</UL>
<BR>[Called By]<UL><LI><a href="#[134]">&gt;&gt;</a>&nbsp;&nbsp;&nbsp;isAntDetectEnabled
<LI><a href="#[131]">&gt;&gt;</a>&nbsp;&nbsp;&nbsp;TMR_create
<LI><a href="#[3b]">&gt;&gt;</a>&nbsp;&nbsp;&nbsp;Obtain_Barcode_String
<LI><a href="#[dc]">&gt;&gt;</a>&nbsp;&nbsp;&nbsp;FM100_Scan_Into_Configuration_State
<LI><a href="#[de]">&gt;&gt;</a>&nbsp;&nbsp;&nbsp;FM100_Scan_Exit_Configuration_State
</UL>

<P><STRONG><a name="[205]"></a>strtok</STRONG> (Thumb, 62 bytes, Stack size 16 bytes, strtok.o(.text))
<BR><BR>[Stack]<UL><LI>Max Depth = 16<LI>Call Chain = strtok
</UL>
<BR>[Called By]<UL><LI><a href="#[131]">&gt;&gt;</a>&nbsp;&nbsp;&nbsp;TMR_create
</UL>

<P><STRONG><a name="[9a]"></a>__aeabi_fadd</STRONG> (Thumb, 164 bytes, Stack size 16 bytes, fadd.o(.text))
<BR><BR>[Stack]<UL><LI>Max Depth = 20<LI>Call Chain = __aeabi_fadd &rArr; _float_epilogue
</UL>
<BR>[Calls]<UL><LI><a href="#[9c]">&gt;&gt;</a>&nbsp;&nbsp;&nbsp;_float_round
<LI><a href="#[9b]">&gt;&gt;</a>&nbsp;&nbsp;&nbsp;_float_epilogue
</UL>
<BR>[Called By]<UL><LI><a href="#[9d]">&gt;&gt;</a>&nbsp;&nbsp;&nbsp;__aeabi_fsub
<LI><a href="#[183]">&gt;&gt;</a>&nbsp;&nbsp;&nbsp;Powerstep01_Tval_RefVoltage_to_RegVal
<LI><a href="#[184]">&gt;&gt;</a>&nbsp;&nbsp;&nbsp;Powerstep01_Tmin_Time_to_RegVal
<LI><a href="#[182]">&gt;&gt;</a>&nbsp;&nbsp;&nbsp;Powerstep01_StallOcd_Th_to_RegVal
<LI><a href="#[180]">&gt;&gt;</a>&nbsp;&nbsp;&nbsp;Powerstep01_MinSpd_Steps_s_to_RegVal
<LI><a href="#[17f]">&gt;&gt;</a>&nbsp;&nbsp;&nbsp;Powerstep01_MaxSpd_Steps_s_to_RegVal
<LI><a href="#[17e]">&gt;&gt;</a>&nbsp;&nbsp;&nbsp;Powerstep01_Kval_Perc_to_RegVal
<LI><a href="#[174]">&gt;&gt;</a>&nbsp;&nbsp;&nbsp;Powerstep01_KTherm_RegVal_to_Comp
<LI><a href="#[17c]">&gt;&gt;</a>&nbsp;&nbsp;&nbsp;Powerstep01_KTherm_Comp_to_RegVal
<LI><a href="#[17b]">&gt;&gt;</a>&nbsp;&nbsp;&nbsp;Powerstep01_IntSpd_Steps_s_to_RegVal
<LI><a href="#[16d]">&gt;&gt;</a>&nbsp;&nbsp;&nbsp;Powerstep01_FSSpd_RegVal_to_Steps_s
<LI><a href="#[159]">&gt;&gt;</a>&nbsp;&nbsp;&nbsp;Powerstep01_BEMFslope_Perc_to_RegVal
<LI><a href="#[157]">&gt;&gt;</a>&nbsp;&nbsp;&nbsp;Powerstep01_AccDec_Steps_s2_to_RegVal
<LI><a href="#[9e]">&gt;&gt;</a>&nbsp;&nbsp;&nbsp;__aeabi_frsub
</UL>

<P><STRONG><a name="[9d]"></a>__aeabi_fsub</STRONG> (Thumb, 6 bytes, Stack size 0 bytes, fadd.o(.text))
<BR><BR>[Stack]<UL><LI>Max Depth = 20<LI>Call Chain = __aeabi_fsub &rArr; __aeabi_fadd &rArr; _float_epilogue
</UL>
<BR>[Calls]<UL><LI><a href="#[9a]">&gt;&gt;</a>&nbsp;&nbsp;&nbsp;__aeabi_fadd
</UL>
<BR>[Called By]<UL><LI><a href="#[183]">&gt;&gt;</a>&nbsp;&nbsp;&nbsp;Powerstep01_Tval_RefVoltage_to_RegVal
<LI><a href="#[184]">&gt;&gt;</a>&nbsp;&nbsp;&nbsp;Powerstep01_Tmin_Time_to_RegVal
<LI><a href="#[182]">&gt;&gt;</a>&nbsp;&nbsp;&nbsp;Powerstep01_StallOcd_Th_to_RegVal
<LI><a href="#[17c]">&gt;&gt;</a>&nbsp;&nbsp;&nbsp;Powerstep01_KTherm_Comp_to_RegVal
</UL>

<P><STRONG><a name="[9e]"></a>__aeabi_frsub</STRONG> (Thumb, 6 bytes, Stack size 0 bytes, fadd.o(.text), UNUSED)
<BR><BR>[Calls]<UL><LI><a href="#[9a]">&gt;&gt;</a>&nbsp;&nbsp;&nbsp;__aeabi_fadd
</UL>

<P><STRONG><a name="[156]"></a>__aeabi_fmul</STRONG> (Thumb, 100 bytes, Stack size 8 bytes, fmul.o(.text))
<BR><BR>[Stack]<UL><LI>Max Depth = 8<LI>Call Chain = __aeabi_fmul
</UL>
<BR>[Called By]<UL><LI><a href="#[177]">&gt;&gt;</a>&nbsp;&nbsp;&nbsp;Powerstep01_Tval_RegVal_to_RefVoltage
<LI><a href="#[183]">&gt;&gt;</a>&nbsp;&nbsp;&nbsp;Powerstep01_Tval_RefVoltage_to_RegVal
<LI><a href="#[182]">&gt;&gt;</a>&nbsp;&nbsp;&nbsp;Powerstep01_StallOcd_Th_to_RegVal
<LI><a href="#[175]">&gt;&gt;</a>&nbsp;&nbsp;&nbsp;Powerstep01_StallOcd_RegVal_to_Th
<LI><a href="#[170]">&gt;&gt;</a>&nbsp;&nbsp;&nbsp;Powerstep01_Speed_RegVal_to_Steps_s
<LI><a href="#[180]">&gt;&gt;</a>&nbsp;&nbsp;&nbsp;Powerstep01_MinSpd_Steps_s_to_RegVal
<LI><a href="#[172]">&gt;&gt;</a>&nbsp;&nbsp;&nbsp;Powerstep01_MinSpd_RegVal_to_Steps_s
<LI><a href="#[17f]">&gt;&gt;</a>&nbsp;&nbsp;&nbsp;Powerstep01_MaxSpd_Steps_s_to_RegVal
<LI><a href="#[171]">&gt;&gt;</a>&nbsp;&nbsp;&nbsp;Powerstep01_MaxSpd_RegVal_to_Steps_s
<LI><a href="#[176]">&gt;&gt;</a>&nbsp;&nbsp;&nbsp;Powerstep01_Kval_RegVal_to_Perc
<LI><a href="#[17e]">&gt;&gt;</a>&nbsp;&nbsp;&nbsp;Powerstep01_Kval_Perc_to_RegVal
<LI><a href="#[17b]">&gt;&gt;</a>&nbsp;&nbsp;&nbsp;Powerstep01_IntSpd_Steps_s_to_RegVal
<LI><a href="#[173]">&gt;&gt;</a>&nbsp;&nbsp;&nbsp;Powerstep01_IntSpd_RegVal_to_Steps_s
<LI><a href="#[16e]">&gt;&gt;</a>&nbsp;&nbsp;&nbsp;Powerstep01_FSSpd_Steps_s_to_RegVal
<LI><a href="#[16d]">&gt;&gt;</a>&nbsp;&nbsp;&nbsp;Powerstep01_FSSpd_RegVal_to_Steps_s
<LI><a href="#[15a]">&gt;&gt;</a>&nbsp;&nbsp;&nbsp;Powerstep01_BEMFslope_RegVal_to_Perc
<LI><a href="#[159]">&gt;&gt;</a>&nbsp;&nbsp;&nbsp;Powerstep01_BEMFslope_Perc_to_RegVal
<LI><a href="#[157]">&gt;&gt;</a>&nbsp;&nbsp;&nbsp;Powerstep01_AccDec_Steps_s2_to_RegVal
<LI><a href="#[155]">&gt;&gt;</a>&nbsp;&nbsp;&nbsp;Powerstep01_AccDec_RegVal_to_Steps_s2
</UL>

<P><STRONG><a name="[17d]"></a>__ARM_scalbnf</STRONG> (Thumb, 24 bytes, Stack size 0 bytes, fscalb.o(.text))
<BR><BR>[Called By]<UL><LI><a href="#[184]">&gt;&gt;</a>&nbsp;&nbsp;&nbsp;Powerstep01_Tmin_Time_to_RegVal
<LI><a href="#[178]">&gt;&gt;</a>&nbsp;&nbsp;&nbsp;Powerstep01_Tmin_RegVal_to_Time
<LI><a href="#[174]">&gt;&gt;</a>&nbsp;&nbsp;&nbsp;Powerstep01_KTherm_RegVal_to_Comp
<LI><a href="#[17c]">&gt;&gt;</a>&nbsp;&nbsp;&nbsp;Powerstep01_KTherm_Comp_to_RegVal
</UL>

<P><STRONG><a name="[252]"></a>scalbnf</STRONG> (Thumb, 0 bytes, Stack size 0 bytes, fscalb.o(.text), UNUSED)

<P><STRONG><a name="[9f]"></a>__aeabi_dadd</STRONG> (Thumb, 322 bytes, Stack size 48 bytes, dadd.o(.text))
<BR><BR>[Stack]<UL><LI>Max Depth = 88<LI>Call Chain = __aeabi_dadd &rArr; _double_epilogue &rArr; _double_round
</UL>
<BR>[Calls]<UL><LI><a href="#[a0]">&gt;&gt;</a>&nbsp;&nbsp;&nbsp;__aeabi_llsl
<LI><a href="#[a1]">&gt;&gt;</a>&nbsp;&nbsp;&nbsp;__aeabi_lasr
<LI><a href="#[a3]">&gt;&gt;</a>&nbsp;&nbsp;&nbsp;_double_round
<LI><a href="#[a2]">&gt;&gt;</a>&nbsp;&nbsp;&nbsp;_double_epilogue
</UL>
<BR>[Called By]<UL><LI><a href="#[a4]">&gt;&gt;</a>&nbsp;&nbsp;&nbsp;__aeabi_dsub
<LI><a href="#[a5]">&gt;&gt;</a>&nbsp;&nbsp;&nbsp;__aeabi_drsub
</UL>

<P><STRONG><a name="[a4]"></a>__aeabi_dsub</STRONG> (Thumb, 6 bytes, Stack size 0 bytes, dadd.o(.text), UNUSED)
<BR><BR>[Calls]<UL><LI><a href="#[9f]">&gt;&gt;</a>&nbsp;&nbsp;&nbsp;__aeabi_dadd
</UL>

<P><STRONG><a name="[a5]"></a>__aeabi_drsub</STRONG> (Thumb, 6 bytes, Stack size 0 bytes, dadd.o(.text))
<BR><BR>[Stack]<UL><LI>Max Depth = 88<LI>Call Chain = __aeabi_drsub &rArr; __aeabi_dadd &rArr; _double_epilogue &rArr; _double_round
</UL>
<BR>[Calls]<UL><LI><a href="#[9f]">&gt;&gt;</a>&nbsp;&nbsp;&nbsp;__aeabi_dadd
</UL>
<BR>[Called By]<UL><LI><a href="#[35]">&gt;&gt;</a>&nbsp;&nbsp;&nbsp;SetTemperatureDegree
</UL>

<P><STRONG><a name="[a6]"></a>__aeabi_dmul</STRONG> (Thumb, 228 bytes, Stack size 48 bytes, dmul.o(.text))
<BR><BR>[Stack]<UL><LI>Max Depth = 88<LI>Call Chain = __aeabi_dmul &rArr; _double_epilogue &rArr; _double_round
</UL>
<BR>[Calls]<UL><LI><a href="#[a2]">&gt;&gt;</a>&nbsp;&nbsp;&nbsp;_double_epilogue
</UL>
<BR>[Called By]<UL><LI><a href="#[35]">&gt;&gt;</a>&nbsp;&nbsp;&nbsp;SetTemperatureDegree
</UL>

<P><STRONG><a name="[a7]"></a>__aeabi_i2f</STRONG> (Thumb, 18 bytes, Stack size 0 bytes, fflti.o(.text))
<BR><BR>[Stack]<UL><LI>Max Depth = 4<LI>Call Chain = __aeabi_i2f &rArr; _float_epilogue
</UL>
<BR>[Calls]<UL><LI><a href="#[9b]">&gt;&gt;</a>&nbsp;&nbsp;&nbsp;_float_epilogue
</UL>
<BR>[Called By]<UL><LI><a href="#[31]">&gt;&gt;</a>&nbsp;&nbsp;&nbsp;Powerstep01_SetAnalogValue
<LI><a href="#[32]">&gt;&gt;</a>&nbsp;&nbsp;&nbsp;Powerstep01_GetAnalogValue
</UL>

<P><STRONG><a name="[a8]"></a>__aeabi_ui2f</STRONG> (Thumb, 10 bytes, Stack size 0 bytes, ffltui.o(.text))
<BR><BR>[Stack]<UL><LI>Max Depth = 4<LI>Call Chain = __aeabi_ui2f &rArr; _float_epilogue
</UL>
<BR>[Calls]<UL><LI><a href="#[9b]">&gt;&gt;</a>&nbsp;&nbsp;&nbsp;_float_epilogue
</UL>
<BR>[Called By]<UL><LI><a href="#[177]">&gt;&gt;</a>&nbsp;&nbsp;&nbsp;Powerstep01_Tval_RegVal_to_RefVoltage
<LI><a href="#[178]">&gt;&gt;</a>&nbsp;&nbsp;&nbsp;Powerstep01_Tmin_RegVal_to_Time
<LI><a href="#[175]">&gt;&gt;</a>&nbsp;&nbsp;&nbsp;Powerstep01_StallOcd_RegVal_to_Th
<LI><a href="#[170]">&gt;&gt;</a>&nbsp;&nbsp;&nbsp;Powerstep01_Speed_RegVal_to_Steps_s
<LI><a href="#[172]">&gt;&gt;</a>&nbsp;&nbsp;&nbsp;Powerstep01_MinSpd_RegVal_to_Steps_s
<LI><a href="#[171]">&gt;&gt;</a>&nbsp;&nbsp;&nbsp;Powerstep01_MaxSpd_RegVal_to_Steps_s
<LI><a href="#[176]">&gt;&gt;</a>&nbsp;&nbsp;&nbsp;Powerstep01_Kval_RegVal_to_Perc
<LI><a href="#[174]">&gt;&gt;</a>&nbsp;&nbsp;&nbsp;Powerstep01_KTherm_RegVal_to_Comp
<LI><a href="#[173]">&gt;&gt;</a>&nbsp;&nbsp;&nbsp;Powerstep01_IntSpd_RegVal_to_Steps_s
<LI><a href="#[32]">&gt;&gt;</a>&nbsp;&nbsp;&nbsp;Powerstep01_GetAnalogValue
<LI><a href="#[16d]">&gt;&gt;</a>&nbsp;&nbsp;&nbsp;Powerstep01_FSSpd_RegVal_to_Steps_s
<LI><a href="#[15a]">&gt;&gt;</a>&nbsp;&nbsp;&nbsp;Powerstep01_BEMFslope_RegVal_to_Perc
<LI><a href="#[155]">&gt;&gt;</a>&nbsp;&nbsp;&nbsp;Powerstep01_AccDec_RegVal_to_Steps_s2
<LI><a href="#[cf]">&gt;&gt;</a>&nbsp;&nbsp;&nbsp;ConfigMotorAllDevice
</UL>

<P><STRONG><a name="[a9]"></a>__aeabi_i2d</STRONG> (Thumb, 34 bytes, Stack size 16 bytes, dflti.o(.text))
<BR><BR>[Stack]<UL><LI>Max Depth = 56<LI>Call Chain = __aeabi_i2d &rArr; _double_epilogue &rArr; _double_round
</UL>
<BR>[Calls]<UL><LI><a href="#[a2]">&gt;&gt;</a>&nbsp;&nbsp;&nbsp;_double_epilogue
</UL>
<BR>[Called By]<UL><LI><a href="#[35]">&gt;&gt;</a>&nbsp;&nbsp;&nbsp;SetTemperatureDegree
</UL>

<P><STRONG><a name="[158]"></a>__aeabi_f2uiz</STRONG> (Thumb, 40 bytes, Stack size 0 bytes, ffixui.o(.text))
<BR><BR>[Called By]<UL><LI><a href="#[183]">&gt;&gt;</a>&nbsp;&nbsp;&nbsp;Powerstep01_Tval_RefVoltage_to_RegVal
<LI><a href="#[184]">&gt;&gt;</a>&nbsp;&nbsp;&nbsp;Powerstep01_Tmin_Time_to_RegVal
<LI><a href="#[182]">&gt;&gt;</a>&nbsp;&nbsp;&nbsp;Powerstep01_StallOcd_Th_to_RegVal
<LI><a href="#[31]">&gt;&gt;</a>&nbsp;&nbsp;&nbsp;Powerstep01_SetAnalogValue
<LI><a href="#[180]">&gt;&gt;</a>&nbsp;&nbsp;&nbsp;Powerstep01_MinSpd_Steps_s_to_RegVal
<LI><a href="#[17f]">&gt;&gt;</a>&nbsp;&nbsp;&nbsp;Powerstep01_MaxSpd_Steps_s_to_RegVal
<LI><a href="#[17e]">&gt;&gt;</a>&nbsp;&nbsp;&nbsp;Powerstep01_Kval_Perc_to_RegVal
<LI><a href="#[17c]">&gt;&gt;</a>&nbsp;&nbsp;&nbsp;Powerstep01_KTherm_Comp_to_RegVal
<LI><a href="#[17b]">&gt;&gt;</a>&nbsp;&nbsp;&nbsp;Powerstep01_IntSpd_Steps_s_to_RegVal
<LI><a href="#[16e]">&gt;&gt;</a>&nbsp;&nbsp;&nbsp;Powerstep01_FSSpd_Steps_s_to_RegVal
<LI><a href="#[159]">&gt;&gt;</a>&nbsp;&nbsp;&nbsp;Powerstep01_BEMFslope_Perc_to_RegVal
<LI><a href="#[157]">&gt;&gt;</a>&nbsp;&nbsp;&nbsp;Powerstep01_AccDec_Steps_s2_to_RegVal
</UL>

<P><STRONG><a name="[aa]"></a>__aeabi_d2f</STRONG> (Thumb, 56 bytes, Stack size 8 bytes, d2f.o(.text))
<BR><BR>[Stack]<UL><LI>Max Depth = 8<LI>Call Chain = __aeabi_d2f
</UL>
<BR>[Calls]<UL><LI><a href="#[9c]">&gt;&gt;</a>&nbsp;&nbsp;&nbsp;_float_round
</UL>
<BR>[Called By]<UL><LI><a href="#[35]">&gt;&gt;</a>&nbsp;&nbsp;&nbsp;SetTemperatureDegree
</UL>

<P><STRONG><a name="[181]"></a>__aeabi_cfrcmple</STRONG> (Thumb, 20 bytes, Stack size 0 bytes, cfrcmple.o(.text))
<BR><BR>[Called By]<UL><LI><a href="#[31]">&gt;&gt;</a>&nbsp;&nbsp;&nbsp;Powerstep01_SetAnalogValue
</UL>

<P><STRONG><a name="[ab]"></a>__aeabi_uldivmod</STRONG> (Thumb, 98 bytes, Stack size 40 bytes, uldiv.o(.text), UNUSED)
<BR><BR>[Calls]<UL><LI><a href="#[a0]">&gt;&gt;</a>&nbsp;&nbsp;&nbsp;__aeabi_llsl
<LI><a href="#[ac]">&gt;&gt;</a>&nbsp;&nbsp;&nbsp;__aeabi_llsr
</UL>
<BR>[Called By]<UL><LI><a href="#[21a]">&gt;&gt;</a>&nbsp;&nbsp;&nbsp;_printf_core
</UL>

<P><STRONG><a name="[ac]"></a>__aeabi_llsr</STRONG> (Thumb, 32 bytes, Stack size 0 bytes, llushr.o(.text))
<BR><BR>[Called By]<UL><LI><a href="#[ab]">&gt;&gt;</a>&nbsp;&nbsp;&nbsp;__aeabi_uldivmod
<LI><a href="#[a2]">&gt;&gt;</a>&nbsp;&nbsp;&nbsp;_double_epilogue
</UL>

<P><STRONG><a name="[253]"></a>_ll_ushift_r</STRONG> (Thumb, 0 bytes, Stack size 0 bytes, llushr.o(.text), UNUSED)

<P><STRONG><a name="[a1]"></a>__aeabi_lasr</STRONG> (Thumb, 36 bytes, Stack size 0 bytes, llsshr.o(.text))
<BR><BR>[Called By]<UL><LI><a href="#[9f]">&gt;&gt;</a>&nbsp;&nbsp;&nbsp;__aeabi_dadd
</UL>

<P><STRONG><a name="[254]"></a>_ll_sshift_r</STRONG> (Thumb, 0 bytes, Stack size 0 bytes, llsshr.o(.text), UNUSED)

<P><STRONG><a name="[255]"></a>__I$use$fp</STRONG> (Thumb, 0 bytes, Stack size 0 bytes, iusefp.o(.text), UNUSED)

<P><STRONG><a name="[9c]"></a>_float_round</STRONG> (Thumb, 18 bytes, Stack size 0 bytes, fepilogue.o(.text))
<BR><BR>[Called By]<UL><LI><a href="#[9a]">&gt;&gt;</a>&nbsp;&nbsp;&nbsp;__aeabi_fadd
<LI><a href="#[aa]">&gt;&gt;</a>&nbsp;&nbsp;&nbsp;__aeabi_d2f
</UL>

<P><STRONG><a name="[9b]"></a>_float_epilogue</STRONG> (Thumb, 92 bytes, Stack size 4 bytes, fepilogue.o(.text))
<BR><BR>[Stack]<UL><LI>Max Depth = 4<LI>Call Chain = _float_epilogue
</UL>
<BR>[Called By]<UL><LI><a href="#[a8]">&gt;&gt;</a>&nbsp;&nbsp;&nbsp;__aeabi_ui2f
<LI><a href="#[a7]">&gt;&gt;</a>&nbsp;&nbsp;&nbsp;__aeabi_i2f
<LI><a href="#[9a]">&gt;&gt;</a>&nbsp;&nbsp;&nbsp;__aeabi_fadd
</UL>

<P><STRONG><a name="[a3]"></a>_double_round</STRONG> (Thumb, 30 bytes, Stack size 8 bytes, depilogue.o(.text))
<BR><BR>[Stack]<UL><LI>Max Depth = 8<LI>Call Chain = _double_round
</UL>
<BR>[Called By]<UL><LI><a href="#[9f]">&gt;&gt;</a>&nbsp;&nbsp;&nbsp;__aeabi_dadd
<LI><a href="#[a2]">&gt;&gt;</a>&nbsp;&nbsp;&nbsp;_double_epilogue
</UL>

<P><STRONG><a name="[a2]"></a>_double_epilogue</STRONG> (Thumb, 156 bytes, Stack size 32 bytes, depilogue.o(.text))
<BR><BR>[Stack]<UL><LI>Max Depth = 40<LI>Call Chain = _double_epilogue &rArr; _double_round
</UL>
<BR>[Calls]<UL><LI><a href="#[a0]">&gt;&gt;</a>&nbsp;&nbsp;&nbsp;__aeabi_llsl
<LI><a href="#[ac]">&gt;&gt;</a>&nbsp;&nbsp;&nbsp;__aeabi_llsr
<LI><a href="#[a3]">&gt;&gt;</a>&nbsp;&nbsp;&nbsp;_double_round
</UL>
<BR>[Called By]<UL><LI><a href="#[a9]">&gt;&gt;</a>&nbsp;&nbsp;&nbsp;__aeabi_i2d
<LI><a href="#[a6]">&gt;&gt;</a>&nbsp;&nbsp;&nbsp;__aeabi_dmul
<LI><a href="#[9f]">&gt;&gt;</a>&nbsp;&nbsp;&nbsp;__aeabi_dadd
</UL>

<P><STRONG><a name="[96]"></a>__scatterload</STRONG> (Thumb, 28 bytes, Stack size 0 bytes, init.o(.text))
<BR><BR>[Calls]<UL><LI><a href="#[ad]">&gt;&gt;</a>&nbsp;&nbsp;&nbsp;__main_after_scatterload
</UL>
<BR>[Called By]<UL><LI><a href="#[95]">&gt;&gt;</a>&nbsp;&nbsp;&nbsp;_main_scatterload
</UL>

<P><STRONG><a name="[256]"></a>__scatterload_rt2</STRONG> (Thumb, 0 bytes, Stack size 0 bytes, init.o(.text), UNUSED)

<P><STRONG><a name="[257]"></a>__decompress</STRONG> (Thumb, 0 bytes, Stack size unknown bytes, __dczerorl2.o(.text), UNUSED)

<P><STRONG><a name="[258]"></a>__decompress1</STRONG> (Thumb, 86 bytes, Stack size unknown bytes, __dczerorl2.o(.text), UNUSED)

<P><STRONG><a name="[ae]"></a>AD_Sensor_Get_Data</STRONG> (Thumb, 46 bytes, Stack size 16 bytes, weight.o(i.AD_Sensor_Get_Data))
<BR><BR>[Stack]<UL><LI>Max Depth = 96<LI>Call Chain = AD_Sensor_Get_Data &rArr; SPI3_ReadWrite2Byte &rArr; HAL_SPI_TransmitReceive &rArr; SPI_WaitOnFlagUntilTimeout
</UL>
<BR>[Calls]<UL><LI><a href="#[b0]">&gt;&gt;</a>&nbsp;&nbsp;&nbsp;delay_us
<LI><a href="#[b1]">&gt;&gt;</a>&nbsp;&nbsp;&nbsp;SPI3_ReadWrite2Byte
<LI><a href="#[af]">&gt;&gt;</a>&nbsp;&nbsp;&nbsp;Set_AD_CS
</UL>
<BR>[Called By]<UL><LI><a href="#[103]">&gt;&gt;</a>&nbsp;&nbsp;&nbsp;get_weight_sensor_value
</UL>

<P><STRONG><a name="[b3]"></a>BSP_MotorControl_ErrorHandler</STRONG> (Thumb, 16 bytes, Stack size 0 bytes, x_nucleo_ihmxx.o(i.BSP_MotorControl_ErrorHandler))
<BR><BR>[Called By]<UL><LI><a href="#[c3]">&gt;&gt;</a>&nbsp;&nbsp;&nbsp;BSP_MotorControl_WaitWhileActive
<LI><a href="#[b8]">&gt;&gt;</a>&nbsp;&nbsp;&nbsp;BSP_MotorControl_Move
<LI><a href="#[b7]">&gt;&gt;</a>&nbsp;&nbsp;&nbsp;BSP_MotorControl_Init
<LI><a href="#[b2]">&gt;&gt;</a>&nbsp;&nbsp;&nbsp;BSP_MotorControl_HardStop
</UL>

<P><STRONG><a name="[b2]"></a>BSP_MotorControl_HardStop</STRONG> (Thumb, 20 bytes, Stack size 0 bytes, x_nucleo_ihmxx.o(i.BSP_MotorControl_HardStop))
<BR><BR>[Calls]<UL><LI><a href="#[b3]">&gt;&gt;</a>&nbsp;&nbsp;&nbsp;BSP_MotorControl_ErrorHandler
</UL>
<BR>[Called By]<UL><LI><a href="#[22a]">&gt;&gt;</a>&nbsp;&nbsp;&nbsp;protocol_handle_uart_powerstep01_plain_slave_cmd
<LI><a href="#[152]">&gt;&gt;</a>&nbsp;&nbsp;&nbsp;__Normal_Pitch_Move_Next__
<LI><a href="#[150]">&gt;&gt;</a>&nbsp;&nbsp;&nbsp;RestSelectMotorOrginDelay
<LI><a href="#[14c]">&gt;&gt;</a>&nbsp;&nbsp;&nbsp;RestSelectMotorOrgin
<LI><a href="#[b6]">&gt;&gt;</a>&nbsp;&nbsp;&nbsp;Choose_Single_Motor_Speed_Config
<LI><a href="#[186]">&gt;&gt;</a>&nbsp;&nbsp;&nbsp;ReadyAndCheckNextPosition
<LI><a href="#[185]">&gt;&gt;</a>&nbsp;&nbsp;&nbsp;ReadyAndCheckLeftPosition
<LI><a href="#[14b]">&gt;&gt;</a>&nbsp;&nbsp;&nbsp;Mix_Blood_High_Speed
<LI><a href="#[b4]">&gt;&gt;</a>&nbsp;&nbsp;&nbsp;BSP_MotorControl_HardStop_Select
</UL>

<P><STRONG><a name="[b4]"></a>BSP_MotorControl_HardStop_Select</STRONG> (Thumb, 30 bytes, Stack size 16 bytes, factory_many.o(i.BSP_MotorControl_HardStop_Select))
<BR><BR>[Stack]<UL><LI>Max Depth = 248<LI>Call Chain = BSP_MotorControl_HardStop_Select &rArr; Choose_Single_Motor_Speed_Config &rArr; Powerstep01_Init_Register &rArr; Powerstep01_SetRegisterToPredefinedValues &rArr; Powerstep01_CmdSetParam &rArr; Powerstep01_WriteBytes &rArr; Powerstep01_Board_SpiWriteBytes &rArr; HAL_SPI_TransmitReceive &rArr; SPI_WaitOnFlagUntilTimeout
</UL>
<BR>[Calls]<UL><LI><a href="#[b2]">&gt;&gt;</a>&nbsp;&nbsp;&nbsp;BSP_MotorControl_HardStop
<LI><a href="#[b5]">&gt;&gt;</a>&nbsp;&nbsp;&nbsp;PowerStep_Select_Motor_Baby
<LI><a href="#[b6]">&gt;&gt;</a>&nbsp;&nbsp;&nbsp;Choose_Single_Motor_Speed_Config
</UL>
<BR>[Called By]<UL><LI><a href="#[22a]">&gt;&gt;</a>&nbsp;&nbsp;&nbsp;protocol_handle_uart_powerstep01_plain_slave_cmd
<LI><a href="#[139]">&gt;&gt;</a>&nbsp;&nbsp;&nbsp;LeftMoveTowardWaitPosition
</UL>

<P><STRONG><a name="[b7]"></a>BSP_MotorControl_Init</STRONG> (Thumb, 22 bytes, Stack size 0 bytes, x_nucleo_ihmxx.o(i.BSP_MotorControl_Init))
<BR><BR>[Calls]<UL><LI><a href="#[b3]">&gt;&gt;</a>&nbsp;&nbsp;&nbsp;BSP_MotorControl_ErrorHandler
</UL>
<BR>[Called By]<UL><LI><a href="#[c4]">&gt;&gt;</a>&nbsp;&nbsp;&nbsp;BSP_Motor_Control_Init
</UL>

<P><STRONG><a name="[b8]"></a>BSP_MotorControl_Move</STRONG> (Thumb, 20 bytes, Stack size 0 bytes, x_nucleo_ihmxx.o(i.BSP_MotorControl_Move))
<BR><BR>[Calls]<UL><LI><a href="#[b3]">&gt;&gt;</a>&nbsp;&nbsp;&nbsp;BSP_MotorControl_ErrorHandler
</UL>
<BR>[Called By]<UL><LI><a href="#[22a]">&gt;&gt;</a>&nbsp;&nbsp;&nbsp;protocol_handle_uart_powerstep01_plain_slave_cmd
<LI><a href="#[152]">&gt;&gt;</a>&nbsp;&nbsp;&nbsp;__Normal_Pitch_Move_Next__
<LI><a href="#[150]">&gt;&gt;</a>&nbsp;&nbsp;&nbsp;RestSelectMotorOrginDelay
<LI><a href="#[14c]">&gt;&gt;</a>&nbsp;&nbsp;&nbsp;RestSelectMotorOrgin
<LI><a href="#[186]">&gt;&gt;</a>&nbsp;&nbsp;&nbsp;ReadyAndCheckNextPosition
<LI><a href="#[185]">&gt;&gt;</a>&nbsp;&nbsp;&nbsp;ReadyAndCheckLeftPosition
<LI><a href="#[142]">&gt;&gt;</a>&nbsp;&nbsp;&nbsp;Motor_Move_And_Wait
<LI><a href="#[14b]">&gt;&gt;</a>&nbsp;&nbsp;&nbsp;Mix_Blood_High_Speed
<LI><a href="#[d4]">&gt;&gt;</a>&nbsp;&nbsp;&nbsp;ClearAndCheckWaitPosition
<LI><a href="#[d3]">&gt;&gt;</a>&nbsp;&nbsp;&nbsp;ClearAndCheckBlankPosition
<LI><a href="#[c6]">&gt;&gt;</a>&nbsp;&nbsp;&nbsp;Belt_Move_At_SameTime
<LI><a href="#[b9]">&gt;&gt;</a>&nbsp;&nbsp;&nbsp;BSP_MotorControl_Move_Select
</UL>

<P><STRONG><a name="[b9]"></a>BSP_MotorControl_Move_Select</STRONG> (Thumb, 34 bytes, Stack size 16 bytes, factory_many.o(i.BSP_MotorControl_Move_Select))
<BR><BR>[Stack]<UL><LI>Max Depth = 248<LI>Call Chain = BSP_MotorControl_Move_Select &rArr; Choose_Single_Motor_Speed_Config &rArr; Powerstep01_Init_Register &rArr; Powerstep01_SetRegisterToPredefinedValues &rArr; Powerstep01_CmdSetParam &rArr; Powerstep01_WriteBytes &rArr; Powerstep01_Board_SpiWriteBytes &rArr; HAL_SPI_TransmitReceive &rArr; SPI_WaitOnFlagUntilTimeout
</UL>
<BR>[Calls]<UL><LI><a href="#[b8]">&gt;&gt;</a>&nbsp;&nbsp;&nbsp;BSP_MotorControl_Move
<LI><a href="#[b5]">&gt;&gt;</a>&nbsp;&nbsp;&nbsp;PowerStep_Select_Motor_Baby
<LI><a href="#[b6]">&gt;&gt;</a>&nbsp;&nbsp;&nbsp;Choose_Single_Motor_Speed_Config
</UL>
<BR>[Called By]<UL><LI><a href="#[22a]">&gt;&gt;</a>&nbsp;&nbsp;&nbsp;protocol_handle_uart_powerstep01_plain_slave_cmd
<LI><a href="#[18d]">&gt;&gt;</a>&nbsp;&nbsp;&nbsp;Scan_Motor_Slow_Spin
<LI><a href="#[14b]">&gt;&gt;</a>&nbsp;&nbsp;&nbsp;Mix_Blood_High_Speed
<LI><a href="#[139]">&gt;&gt;</a>&nbsp;&nbsp;&nbsp;LeftMoveTowardWaitPosition
</UL>

<P><STRONG><a name="[ba]"></a>BSP_MotorControl_SetNbDevices</STRONG> (Thumb, 154 bytes, Stack size 16 bytes, x_nucleo_ihmxx.o(i.BSP_MotorControl_SetNbDevices))
<BR><BR>[Stack]<UL><LI>Max Depth = 16<LI>Call Chain = BSP_MotorControl_SetNbDevices
</UL>
<BR>[Calls]<UL><LI><a href="#[c1]">&gt;&gt;</a>&nbsp;&nbsp;&nbsp;l648x_GetMotorHandle
<LI><a href="#[be]">&gt;&gt;</a>&nbsp;&nbsp;&nbsp;l647x_GetMotorHandle
<LI><a href="#[c2]">&gt;&gt;</a>&nbsp;&nbsp;&nbsp;Stspin240_250_GetMotorHandle
<LI><a href="#[c0]">&gt;&gt;</a>&nbsp;&nbsp;&nbsp;Stspin220_GetMotorHandle
<LI><a href="#[bb]">&gt;&gt;</a>&nbsp;&nbsp;&nbsp;L6474_GetMotorHandle
<LI><a href="#[bf]">&gt;&gt;</a>&nbsp;&nbsp;&nbsp;L6208_GetMotorHandle
<LI><a href="#[bc]">&gt;&gt;</a>&nbsp;&nbsp;&nbsp;L6206_GetMotorHandle
<LI><a href="#[bd]">&gt;&gt;</a>&nbsp;&nbsp;&nbsp;Powerstep01_GetMotorHandle
</UL>
<BR>[Called By]<UL><LI><a href="#[c4]">&gt;&gt;</a>&nbsp;&nbsp;&nbsp;BSP_Motor_Control_Init
</UL>

<P><STRONG><a name="[c3]"></a>BSP_MotorControl_WaitWhileActive</STRONG> (Thumb, 20 bytes, Stack size 0 bytes, x_nucleo_ihmxx.o(i.BSP_MotorControl_WaitWhileActive))
<BR><BR>[Calls]<UL><LI><a href="#[b3]">&gt;&gt;</a>&nbsp;&nbsp;&nbsp;BSP_MotorControl_ErrorHandler
</UL>
<BR>[Called By]<UL><LI><a href="#[186]">&gt;&gt;</a>&nbsp;&nbsp;&nbsp;ReadyAndCheckNextPosition
<LI><a href="#[185]">&gt;&gt;</a>&nbsp;&nbsp;&nbsp;ReadyAndCheckLeftPosition
<LI><a href="#[142]">&gt;&gt;</a>&nbsp;&nbsp;&nbsp;Motor_Move_And_Wait
<LI><a href="#[14b]">&gt;&gt;</a>&nbsp;&nbsp;&nbsp;Mix_Blood_High_Speed
<LI><a href="#[d4]">&gt;&gt;</a>&nbsp;&nbsp;&nbsp;ClearAndCheckWaitPosition
<LI><a href="#[d3]">&gt;&gt;</a>&nbsp;&nbsp;&nbsp;ClearAndCheckBlankPosition
<LI><a href="#[c6]">&gt;&gt;</a>&nbsp;&nbsp;&nbsp;Belt_Move_At_SameTime
</UL>

<P><STRONG><a name="[c4]"></a>BSP_Motor_Control_Init</STRONG> (Thumb, 42 bytes, Stack size 16 bytes, step01.o(i.BSP_Motor_Control_Init))
<BR><BR>[Stack]<UL><LI>Max Depth = 248<LI>Call Chain = BSP_Motor_Control_Init &rArr; Choose_Single_Motor_Speed_Config &rArr; Powerstep01_Init_Register &rArr; Powerstep01_SetRegisterToPredefinedValues &rArr; Powerstep01_CmdSetParam &rArr; Powerstep01_WriteBytes &rArr; Powerstep01_Board_SpiWriteBytes &rArr; HAL_SPI_TransmitReceive &rArr; SPI_WaitOnFlagUntilTimeout
</UL>
<BR>[Calls]<UL><LI><a href="#[ba]">&gt;&gt;</a>&nbsp;&nbsp;&nbsp;BSP_MotorControl_SetNbDevices
<LI><a href="#[b7]">&gt;&gt;</a>&nbsp;&nbsp;&nbsp;BSP_MotorControl_Init
<LI><a href="#[c5]">&gt;&gt;</a>&nbsp;&nbsp;&nbsp;init_mix_motor_config
<LI><a href="#[b6]">&gt;&gt;</a>&nbsp;&nbsp;&nbsp;Choose_Single_Motor_Speed_Config
</UL>
<BR>[Called By]<UL><LI><a href="#[129]">&gt;&gt;</a>&nbsp;&nbsp;&nbsp;Init_Board_Config
</UL>

<P><STRONG><a name="[c6]"></a>Belt_Move_At_SameTime</STRONG> (Thumb, 84 bytes, Stack size 16 bytes, factory_many.o(i.Belt_Move_At_SameTime))
<BR><BR>[Stack]<UL><LI>Max Depth = 56<LI>Call Chain = Belt_Move_At_SameTime &rArr; Light_Sensor_Get &rArr; delay_ms &rArr; delay_us
</UL>
<BR>[Calls]<UL><LI><a href="#[c7]">&gt;&gt;</a>&nbsp;&nbsp;&nbsp;Light_Sensor_Get
<LI><a href="#[c3]">&gt;&gt;</a>&nbsp;&nbsp;&nbsp;BSP_MotorControl_WaitWhileActive
<LI><a href="#[b8]">&gt;&gt;</a>&nbsp;&nbsp;&nbsp;BSP_MotorControl_Move
<LI><a href="#[b5]">&gt;&gt;</a>&nbsp;&nbsp;&nbsp;PowerStep_Select_Motor_Baby
</UL>
<BR>[Called By]<UL><LI><a href="#[22e]">&gt;&gt;</a>&nbsp;&nbsp;&nbsp;process_motor_command_receive
</UL>

<P><STRONG><a name="[c8]"></a>Big_Little_Endian_Convert</STRONG> (Thumb, 40 bytes, Stack size 136 bytes, pump_s100.o(i.Big_Little_Endian_Convert))
<BR><BR>[Stack]<UL><LI>Max Depth = 144<LI>Call Chain = Big_Little_Endian_Convert &rArr; __aeabi_memcpy
</UL>
<BR>[Calls]<UL><LI><a href="#[c9]">&gt;&gt;</a>&nbsp;&nbsp;&nbsp;__aeabi_memcpy
</UL>
<BR>[Called By]<UL><LI><a href="#[23f]">&gt;&gt;</a>&nbsp;&nbsp;&nbsp;pump_s100_transfer
</UL>

<P><STRONG><a name="[40]"></a>BusFault_Handler</STRONG> (Thumb, 2 bytes, Stack size 0 bytes, stm32f1xx_it.o(i.BusFault_Handler))
<BR><BR>[Calls]<UL><LI><a href="#[40]">&gt;&gt;</a>&nbsp;&nbsp;&nbsp;BusFault_Handler
</UL>
<BR>[Called By]<UL><LI><a href="#[40]">&gt;&gt;</a>&nbsp;&nbsp;&nbsp;BusFault_Handler
</UL>
<BR>[Address Reference Count : 1]<UL><LI> startup_stm32f103xe.o(RESET)
</UL>
<P><STRONG><a name="[cb]"></a>C52_connect_check</STRONG> (Thumb, 4 bytes, Stack size 0 bytes, slave_uart_control_interface.o(i.C52_connect_check))
<BR><BR>[Called By]<UL><LI><a href="#[ca]">&gt;&gt;</a>&nbsp;&nbsp;&nbsp;C55_C52_connect_check
</UL>

<P><STRONG><a name="[ca]"></a>C55_C52_connect_check</STRONG> (Thumb, 26 bytes, Stack size 8 bytes, factory_many.o(i.C55_C52_connect_check))
<BR><BR>[Stack]<UL><LI>Max Depth = 8<LI>Call Chain = C55_C52_connect_check
</UL>
<BR>[Calls]<UL><LI><a href="#[cc]">&gt;&gt;</a>&nbsp;&nbsp;&nbsp;C55_connect_check
<LI><a href="#[cb]">&gt;&gt;</a>&nbsp;&nbsp;&nbsp;C52_connect_check
</UL>
<BR>[Called By]<UL><LI><a href="#[22e]">&gt;&gt;</a>&nbsp;&nbsp;&nbsp;process_motor_command_receive
</UL>

<P><STRONG><a name="[cc]"></a>C55_connect_check</STRONG> (Thumb, 4 bytes, Stack size 0 bytes, slave_uart_control_interface.o(i.C55_connect_check))
<BR><BR>[Called By]<UL><LI><a href="#[ca]">&gt;&gt;</a>&nbsp;&nbsp;&nbsp;C55_C52_connect_check
</UL>

<P><STRONG><a name="[240]"></a>CRC_Digital_Convert_Get</STRONG> (Thumb, 92 bytes, Stack size 12 bytes, pump_s100.o(i.CRC_Digital_Convert_Get))
<BR><BR>[Stack]<UL><LI>Max Depth = 12<LI>Call Chain = CRC_Digital_Convert_Get
</UL>
<BR>[Called By]<UL><LI><a href="#[23f]">&gt;&gt;</a>&nbsp;&nbsp;&nbsp;pump_s100_transfer
</UL>

<P><STRONG><a name="[cd]"></a>Check_Board_Define_Config</STRONG> (Thumb, 16 bytes, Stack size 8 bytes, main.o(i.Check_Board_Define_Config))
<BR><BR>[Stack]<UL><LI>Max Depth = 32<LI>Call Chain = Check_Board_Define_Config &rArr; __2printf
</UL>
<BR>[Calls]<UL><LI><a href="#[ce]">&gt;&gt;</a>&nbsp;&nbsp;&nbsp;__2printf
</UL>
<BR>[Called By]<UL><LI><a href="#[82]">&gt;&gt;</a>&nbsp;&nbsp;&nbsp;main
</UL>

<P><STRONG><a name="[b6]"></a>Choose_Single_Motor_Speed_Config</STRONG> (Thumb, 58 bytes, Stack size 40 bytes, step01.o(i.Choose_Single_Motor_Speed_Config))
<BR><BR>[Stack]<UL><LI>Max Depth = 232<LI>Call Chain = Choose_Single_Motor_Speed_Config &rArr; Powerstep01_Init_Register &rArr; Powerstep01_SetRegisterToPredefinedValues &rArr; Powerstep01_CmdSetParam &rArr; Powerstep01_WriteBytes &rArr; Powerstep01_Board_SpiWriteBytes &rArr; HAL_SPI_TransmitReceive &rArr; SPI_WaitOnFlagUntilTimeout
</UL>
<BR>[Calls]<UL><LI><a href="#[b2]">&gt;&gt;</a>&nbsp;&nbsp;&nbsp;BSP_MotorControl_HardStop
<LI><a href="#[b5]">&gt;&gt;</a>&nbsp;&nbsp;&nbsp;PowerStep_Select_Motor_Baby
<LI><a href="#[d0]">&gt;&gt;</a>&nbsp;&nbsp;&nbsp;__aeabi_memcpy4
<LI><a href="#[d2]">&gt;&gt;</a>&nbsp;&nbsp;&nbsp;Powerstep01_Init_Register
<LI><a href="#[d1]">&gt;&gt;</a>&nbsp;&nbsp;&nbsp;init_motor_device
<LI><a href="#[cf]">&gt;&gt;</a>&nbsp;&nbsp;&nbsp;ConfigMotorAllDevice
</UL>
<BR>[Called By]<UL><LI><a href="#[c4]">&gt;&gt;</a>&nbsp;&nbsp;&nbsp;BSP_Motor_Control_Init
<LI><a href="#[150]">&gt;&gt;</a>&nbsp;&nbsp;&nbsp;RestSelectMotorOrginDelay
<LI><a href="#[14c]">&gt;&gt;</a>&nbsp;&nbsp;&nbsp;RestSelectMotorOrgin
<LI><a href="#[22e]">&gt;&gt;</a>&nbsp;&nbsp;&nbsp;process_motor_command_receive
<LI><a href="#[189]">&gt;&gt;</a>&nbsp;&nbsp;&nbsp;RestSelectMotorOrginSelect
<LI><a href="#[14e]">&gt;&gt;</a>&nbsp;&nbsp;&nbsp;Motor_Move_And_Wait_Select
<LI><a href="#[14b]">&gt;&gt;</a>&nbsp;&nbsp;&nbsp;Mix_Blood_High_Speed
<LI><a href="#[b9]">&gt;&gt;</a>&nbsp;&nbsp;&nbsp;BSP_MotorControl_Move_Select
<LI><a href="#[b4]">&gt;&gt;</a>&nbsp;&nbsp;&nbsp;BSP_MotorControl_HardStop_Select
</UL>

<P><STRONG><a name="[d3]"></a>ClearAndCheckBlankPosition</STRONG> (Thumb, 48 bytes, Stack size 16 bytes, factory_many.o(i.ClearAndCheckBlankPosition))
<BR><BR>[Stack]<UL><LI>Max Depth = 56<LI>Call Chain = ClearAndCheckBlankPosition &rArr; Light_Sensor_Get &rArr; delay_ms &rArr; delay_us
</UL>
<BR>[Calls]<UL><LI><a href="#[c7]">&gt;&gt;</a>&nbsp;&nbsp;&nbsp;Light_Sensor_Get
<LI><a href="#[c3]">&gt;&gt;</a>&nbsp;&nbsp;&nbsp;BSP_MotorControl_WaitWhileActive
<LI><a href="#[b8]">&gt;&gt;</a>&nbsp;&nbsp;&nbsp;BSP_MotorControl_Move
<LI><a href="#[b5]">&gt;&gt;</a>&nbsp;&nbsp;&nbsp;PowerStep_Select_Motor_Baby
</UL>
<BR>[Called By]<UL><LI><a href="#[22e]">&gt;&gt;</a>&nbsp;&nbsp;&nbsp;process_motor_command_receive
</UL>

<P><STRONG><a name="[d4]"></a>ClearAndCheckWaitPosition</STRONG> (Thumb, 48 bytes, Stack size 16 bytes, factory_many.o(i.ClearAndCheckWaitPosition))
<BR><BR>[Stack]<UL><LI>Max Depth = 56<LI>Call Chain = ClearAndCheckWaitPosition &rArr; Light_Sensor_Get &rArr; delay_ms &rArr; delay_us
</UL>
<BR>[Calls]<UL><LI><a href="#[c7]">&gt;&gt;</a>&nbsp;&nbsp;&nbsp;Light_Sensor_Get
<LI><a href="#[c3]">&gt;&gt;</a>&nbsp;&nbsp;&nbsp;BSP_MotorControl_WaitWhileActive
<LI><a href="#[b8]">&gt;&gt;</a>&nbsp;&nbsp;&nbsp;BSP_MotorControl_Move
<LI><a href="#[b5]">&gt;&gt;</a>&nbsp;&nbsp;&nbsp;PowerStep_Select_Motor_Baby
</UL>
<BR>[Called By]<UL><LI><a href="#[22e]">&gt;&gt;</a>&nbsp;&nbsp;&nbsp;process_motor_command_receive
</UL>

<P><STRONG><a name="[d5]"></a>Clear_Storage_Info_Rfid</STRONG> (Thumb, 20 bytes, Stack size 8 bytes, m6e_apply.o(i.Clear_Storage_Info_Rfid))
<BR><BR>[Stack]<UL><LI>Max Depth = 8<LI>Call Chain = Clear_Storage_Info_Rfid
</UL>
<BR>[Calls]<UL><LI><a href="#[d6]">&gt;&gt;</a>&nbsp;&nbsp;&nbsp;__aeabi_memclr4
</UL>
<BR>[Called By]<UL><LI><a href="#[141]">&gt;&gt;</a>&nbsp;&nbsp;&nbsp;M6e_Read_Info
</UL>

<P><STRONG><a name="[cf]"></a>ConfigMotorAllDevice</STRONG> (Thumb, 448 bytes, Stack size 40 bytes, step01.o(i.ConfigMotorAllDevice))
<BR><BR>[Stack]<UL><LI>Max Depth = 44<LI>Call Chain = ConfigMotorAllDevice &rArr; __aeabi_ui2f &rArr; _float_epilogue
</UL>
<BR>[Calls]<UL><LI><a href="#[d6]">&gt;&gt;</a>&nbsp;&nbsp;&nbsp;__aeabi_memclr4
<LI><a href="#[a8]">&gt;&gt;</a>&nbsp;&nbsp;&nbsp;__aeabi_ui2f
</UL>
<BR>[Called By]<UL><LI><a href="#[b6]">&gt;&gt;</a>&nbsp;&nbsp;&nbsp;Choose_Single_Motor_Speed_Config
</UL>

<P><STRONG><a name="[d7]"></a>Config_BL80_Transfer</STRONG> (Thumb, 26 bytes, Stack size 8 bytes, bl180.o(i.Config_BL80_Transfer))
<BR><BR>[Stack]<UL><LI>Max Depth = 64<LI>Call Chain = Config_BL80_Transfer &rArr; GetUartSend &rArr; Uart_Select_Baby &rArr; delay_ms &rArr; delay_us
</UL>
<BR>[Calls]<UL><LI><a href="#[d9]">&gt;&gt;</a>&nbsp;&nbsp;&nbsp;GetUartSend
<LI><a href="#[d8]">&gt;&gt;</a>&nbsp;&nbsp;&nbsp;GetUartReceive
</UL>
<BR>[Called By]<UL><LI><a href="#[18c]">&gt;&gt;</a>&nbsp;&nbsp;&nbsp;Start_BL180
<LI><a href="#[38]">&gt;&gt;</a>&nbsp;&nbsp;&nbsp;Init_BL180
<LI><a href="#[e3]">&gt;&gt;</a>&nbsp;&nbsp;&nbsp;End_BL180
</UL>

<P><STRONG><a name="[da]"></a>Config_M6e_Transfer</STRONG> (Thumb, 26 bytes, Stack size 8 bytes, serial_transport_stm32f103rb.o(i.Config_M6e_Transfer))
<BR><BR>[Stack]<UL><LI>Max Depth = 64<LI>Call Chain = Config_M6e_Transfer &rArr; GetUartSend &rArr; Uart_Select_Baby &rArr; delay_ms &rArr; delay_us
</UL>
<BR>[Calls]<UL><LI><a href="#[d9]">&gt;&gt;</a>&nbsp;&nbsp;&nbsp;GetUartSend
<LI><a href="#[d8]">&gt;&gt;</a>&nbsp;&nbsp;&nbsp;GetUartReceive
</UL>
<BR>[Called By]<UL><LI><a href="#[8d]">&gt;&gt;</a>&nbsp;&nbsp;&nbsp;s_sendBytes
<LI><a href="#[8e]">&gt;&gt;</a>&nbsp;&nbsp;&nbsp;s_receiveBytes
</UL>

<P><STRONG><a name="[db]"></a>Control_Scan_FM100_Beeper</STRONG> (Thumb, 28 bytes, Stack size 8 bytes, fm100.o(i.Control_Scan_FM100_Beeper))
<BR><BR>[Stack]<UL><LI>Max Depth = 208<LI>Call Chain = Control_Scan_FM100_Beeper &rArr; FM100_Scan_Open_Beeper &rArr; delay_ms &rArr; delay_us
</UL>
<BR>[Calls]<UL><LI><a href="#[dd]">&gt;&gt;</a>&nbsp;&nbsp;&nbsp;FM100_Scan_Open_Beeper
<LI><a href="#[dc]">&gt;&gt;</a>&nbsp;&nbsp;&nbsp;FM100_Scan_Into_Configuration_State
<LI><a href="#[de]">&gt;&gt;</a>&nbsp;&nbsp;&nbsp;FM100_Scan_Exit_Configuration_State
<LI><a href="#[df]">&gt;&gt;</a>&nbsp;&nbsp;&nbsp;FM100_Scan_Close_Beeper
</UL>
<BR>[Called By]<UL><LI><a href="#[3a]">&gt;&gt;</a>&nbsp;&nbsp;&nbsp;Init_Scan_FM100
</UL>

<P><STRONG><a name="[33]"></a>DS18B20_Init</STRONG> (Thumb, 4 bytes, Stack size 0 bytes, ds18b20.o(i.DS18B20_Init))
<BR>[Address Reference Count : 1]<UL><LI> keep_temperature.o(.data)
</UL>
<P><STRONG><a name="[43]"></a>DebugMon_Handler</STRONG> (Thumb, 2 bytes, Stack size 0 bytes, stm32f1xx_it.o(i.DebugMon_Handler))
<BR>[Address Reference Count : 1]<UL><LI> startup_stm32f103xe.o(RESET)
</UL>
<P><STRONG><a name="[e0]"></a>Destory_M6e_Config</STRONG> (Thumb, 8 bytes, Stack size 0 bytes, m6e_apply.o(i.Destory_M6e_Config))
<BR><BR>[Stack]<UL><LI>Max Depth = 392<LI>Call Chain = Destory_M6e_Config &rArr; TMR_SR_destroy &rArr; TMR_SR_cmdSetReaderConfiguration &rArr; TMR_SR_send &rArr; TMR_SR_sendTimeout &rArr; TMR_SR_receiveMessage &rArr; TMR__notifyTransportListeners
</UL>
<BR>[Calls]<UL><LI><a href="#[e1]">&gt;&gt;</a>&nbsp;&nbsp;&nbsp;TMR_SR_destroy
</UL>
<BR>[Called By]<UL><LI><a href="#[22a]">&gt;&gt;</a>&nbsp;&nbsp;&nbsp;protocol_handle_uart_powerstep01_plain_slave_cmd
</UL>

<P><STRONG><a name="[4c]"></a>EXTI0_IRQHandler</STRONG> (Thumb, 2 bytes, Stack size 0 bytes, light.o(i.EXTI0_IRQHandler))
<BR>[Address Reference Count : 1]<UL><LI> startup_stm32f103xe.o(RESET)
</UL>
<P><STRONG><a name="[6e]"></a>EXTI15_10_IRQHandler</STRONG> (Thumb, 2 bytes, Stack size 0 bytes, light.o(i.EXTI15_10_IRQHandler))
<BR>[Address Reference Count : 1]<UL><LI> startup_stm32f103xe.o(RESET)
</UL>
<P><STRONG><a name="[4d]"></a>EXTI1_IRQHandler</STRONG> (Thumb, 2 bytes, Stack size 0 bytes, light.o(i.EXTI1_IRQHandler))
<BR>[Address Reference Count : 1]<UL><LI> startup_stm32f103xe.o(RESET)
</UL>
<P><STRONG><a name="[4e]"></a>EXTI2_IRQHandler</STRONG> (Thumb, 6 bytes, Stack size 0 bytes, stm32f1xx_it.o(i.EXTI2_IRQHandler))
<BR><BR>[Stack]<UL><LI>Max Depth = 8<LI>Call Chain = EXTI2_IRQHandler &rArr; HAL_GPIO_EXTI_IRQHandler
</UL>
<BR>[Calls]<UL><LI><a href="#[e2]">&gt;&gt;</a>&nbsp;&nbsp;&nbsp;HAL_GPIO_EXTI_IRQHandler
</UL>
<BR>[Address Reference Count : 1]<UL><LI> startup_stm32f103xe.o(RESET)
</UL>
<P><STRONG><a name="[4f]"></a>EXTI3_IRQHandler</STRONG> (Thumb, 6 bytes, Stack size 0 bytes, stm32f1xx_it.o(i.EXTI3_IRQHandler))
<BR><BR>[Stack]<UL><LI>Max Depth = 8<LI>Call Chain = EXTI3_IRQHandler &rArr; HAL_GPIO_EXTI_IRQHandler
</UL>
<BR>[Calls]<UL><LI><a href="#[e2]">&gt;&gt;</a>&nbsp;&nbsp;&nbsp;HAL_GPIO_EXTI_IRQHandler
</UL>
<BR>[Address Reference Count : 1]<UL><LI> startup_stm32f103xe.o(RESET)
</UL>
<P><STRONG><a name="[5d]"></a>EXTI9_5_IRQHandler</STRONG> (Thumb, 2 bytes, Stack size 0 bytes, light.o(i.EXTI9_5_IRQHandler))
<BR>[Address Reference Count : 1]<UL><LI> startup_stm32f103xe.o(RESET)
</UL>
<P><STRONG><a name="[e3]"></a>End_BL180</STRONG> (Thumb, 120 bytes, Stack size 152 bytes, bl180.o(i.End_BL180))
<BR><BR>[Stack]<UL><LI>Max Depth = 216<LI>Call Chain = End_BL180 &rArr; Config_BL80_Transfer &rArr; GetUartSend &rArr; Uart_Select_Baby &rArr; delay_ms &rArr; delay_us
</UL>
<BR>[Calls]<UL><LI><a href="#[e4]">&gt;&gt;</a>&nbsp;&nbsp;&nbsp;delay_ms
<LI><a href="#[ce]">&gt;&gt;</a>&nbsp;&nbsp;&nbsp;__2printf
<LI><a href="#[d7]">&gt;&gt;</a>&nbsp;&nbsp;&nbsp;Config_BL80_Transfer
</UL>
<BR>[Called By]<UL><LI><a href="#[39]">&gt;&gt;</a>&nbsp;&nbsp;&nbsp;Scan_Bar_Action
<LI><a href="#[38]">&gt;&gt;</a>&nbsp;&nbsp;&nbsp;Init_BL180
</UL>

<P><STRONG><a name="[e5]"></a>Exit_BL180_Uart_Config</STRONG> (Thumb, 8 bytes, Stack size 0 bytes, uart_config.o(i.Exit_BL180_Uart_Config))
<BR><BR>[Stack]<UL><LI>Max Depth = 128<LI>Call Chain = Exit_BL180_Uart_Config &rArr; UART2_Init &rArr; HAL_UART_Init &rArr; HAL_UART_MspInit &rArr; HAL_GPIO_Init
</UL>
<BR>[Calls]<UL><LI><a href="#[e6]">&gt;&gt;</a>&nbsp;&nbsp;&nbsp;UART2_Init
</UL>
<BR>[Called By]<UL><LI><a href="#[39]">&gt;&gt;</a>&nbsp;&nbsp;&nbsp;Scan_Bar_Action
<LI><a href="#[38]">&gt;&gt;</a>&nbsp;&nbsp;&nbsp;Init_BL180
</UL>

<P><STRONG><a name="[e7]"></a>Exit_RFID_Uart_Config</STRONG> (Thumb, 8 bytes, Stack size 0 bytes, uart_config.o(i.Exit_RFID_Uart_Config))
<BR><BR>[Stack]<UL><LI>Max Depth = 128<LI>Call Chain = Exit_RFID_Uart_Config &rArr; UART2_Init &rArr; HAL_UART_Init &rArr; HAL_UART_MspInit &rArr; HAL_GPIO_Init
</UL>
<BR>[Calls]<UL><LI><a href="#[e6]">&gt;&gt;</a>&nbsp;&nbsp;&nbsp;UART2_Init
</UL>
<BR>[Called By]<UL><LI><a href="#[130]">&gt;&gt;</a>&nbsp;&nbsp;&nbsp;Init_M6e_Config
<LI><a href="#[f8]">&gt;&gt;</a>&nbsp;&nbsp;&nbsp;Get_EPC_String
<LI><a href="#[141]">&gt;&gt;</a>&nbsp;&nbsp;&nbsp;M6e_Read_Info
</UL>

<P><STRONG><a name="[e8]"></a>Export_Liquid_Control_Init</STRONG> (Thumb, 56 bytes, Stack size 32 bytes, export_liquid.o(i.Export_Liquid_Control_Init))
<BR><BR>[Stack]<UL><LI>Max Depth = 72<LI>Call Chain = Export_Liquid_Control_Init &rArr; HAL_GPIO_Init
</UL>
<BR>[Calls]<UL><LI><a href="#[e9]">&gt;&gt;</a>&nbsp;&nbsp;&nbsp;HAL_GPIO_WritePin
<LI><a href="#[ea]">&gt;&gt;</a>&nbsp;&nbsp;&nbsp;HAL_GPIO_Init
</UL>
<BR>[Called By]<UL><LI><a href="#[129]">&gt;&gt;</a>&nbsp;&nbsp;&nbsp;Init_Board_Config
</UL>

<P><STRONG><a name="[df]"></a>FM100_Scan_Close_Beeper</STRONG> (Thumb, 64 bytes, Stack size 168 bytes, fm100.o(i.FM100_Scan_Close_Beeper))
<BR><BR>[Stack]<UL><LI>Max Depth = 200<LI>Call Chain = FM100_Scan_Close_Beeper &rArr; delay_ms &rArr; delay_us
</UL>
<BR>[Calls]<UL><LI><a href="#[e4]">&gt;&gt;</a>&nbsp;&nbsp;&nbsp;delay_ms
</UL>
<BR>[Called By]<UL><LI><a href="#[db]">&gt;&gt;</a>&nbsp;&nbsp;&nbsp;Control_Scan_FM100_Beeper
</UL>

<P><STRONG><a name="[135]"></a>FM100_Scan_Code_Programming</STRONG> (Thumb, 34 bytes, Stack size 16 bytes, fm100.o(i.FM100_Scan_Code_Programming))
<BR><BR>[Stack]<UL><LI>Max Depth = 16<LI>Call Chain = FM100_Scan_Code_Programming
</UL>
<BR>[Called By]<UL><LI><a href="#[3a]">&gt;&gt;</a>&nbsp;&nbsp;&nbsp;Init_Scan_FM100
</UL>

<P><STRONG><a name="[eb]"></a>FM100_Scan_Command_Mode</STRONG> (Thumb, 110 bytes, Stack size 168 bytes, fm100.o(i.FM100_Scan_Command_Mode))
<BR><BR>[Stack]<UL><LI>Max Depth = 200<LI>Call Chain = FM100_Scan_Command_Mode &rArr; delay_ms &rArr; delay_us
</UL>
<BR>[Calls]<UL><LI><a href="#[e4]">&gt;&gt;</a>&nbsp;&nbsp;&nbsp;delay_ms
<LI><a href="#[d6]">&gt;&gt;</a>&nbsp;&nbsp;&nbsp;__aeabi_memclr4
</UL>
<BR>[Called By]<UL><LI><a href="#[ee]">&gt;&gt;</a>&nbsp;&nbsp;&nbsp;FM100_Scan_Goto_Command_Mode
</UL>

<P><STRONG><a name="[ec]"></a>FM100_Scan_Control_Status</STRONG> (Thumb, 134 bytes, Stack size 184 bytes, fm100.o(i.FM100_Scan_Control_Status))
<BR><BR>[Stack]<UL><LI>Max Depth = 216<LI>Call Chain = FM100_Scan_Control_Status &rArr; delay_ms &rArr; delay_us
</UL>
<BR>[Calls]<UL><LI><a href="#[e4]">&gt;&gt;</a>&nbsp;&nbsp;&nbsp;delay_ms
<LI><a href="#[d6]">&gt;&gt;</a>&nbsp;&nbsp;&nbsp;__aeabi_memclr4
</UL>
<BR>[Called By]<UL><LI><a href="#[136]">&gt;&gt;</a>&nbsp;&nbsp;&nbsp;Stop_Scan_FM100
<LI><a href="#[154]">&gt;&gt;</a>&nbsp;&nbsp;&nbsp;Start_Scan_FM100
</UL>

<P><STRONG><a name="[de]"></a>FM100_Scan_Exit_Configuration_State</STRONG> (Thumb, 96 bytes, Stack size 48 bytes, fm100.o(i.FM100_Scan_Exit_Configuration_State))
<BR><BR>[Stack]<UL><LI>Max Depth = 80<LI>Call Chain = FM100_Scan_Exit_Configuration_State &rArr; delay_ms &rArr; delay_us
</UL>
<BR>[Calls]<UL><LI><a href="#[e4]">&gt;&gt;</a>&nbsp;&nbsp;&nbsp;delay_ms
<LI><a href="#[ed]">&gt;&gt;</a>&nbsp;&nbsp;&nbsp;strncmp
</UL>
[...]
</UL>
<BR>[Calls]<UL><LI><a href="#[c9]">&gt;&gt;</a>&nbsp;&nbsp;&nbsp;__aeabi_memcpy
<LI><a href="#[f8]">&gt;&gt;</a>&nbsp;&nbsp;&nbsp;Get_EPC_String
</UL>
<BR>[Called By]<UL><LI><a href="#[22a]">&gt;&gt;</a>&nbsp;&nbsp;&nbsp;protocol_handle_uart_powerstep01_plain_slave_cmd
</UL>

<P><STRONG><a name="[238]"></a>protocol_scan_barcode</STRONG> (Thumb, 34 bytes, Stack size 24 bytes, slave_uart_control_interface.o(i.protocol_scan_barcode))
<BR><BR>[Stack]<UL><LI>Max Depth = 24<LI>Call Chain = protocol_scan_barcode
</UL>
<BR>[Called By]<UL><LI><a href="#[22a]">&gt;&gt;</a>&nbsp;&nbsp;&nbsp;protocol_handle_uart_powerstep01_plain_slave_cmd
</UL>

<P><STRONG><a name="[244]"></a>SysTick_Config</STRONG> (Thumb, 38 bytes, Stack size 0 bytes, osdep_stm32f103rb.o(i.SysTick_Config))
<BR><BR>[Called By]<UL><LI><a href="#[1fe]">&gt;&gt;</a>&nbsp;&nbsp;&nbsp;tmr_sleep
<LI><a href="#[243]">&gt;&gt;</a>&nbsp;&nbsp;&nbsp;tmr_gettime
</UL>

<P><STRONG><a name="[19d]"></a>TMR_SR_boot</STRONG> (Thumb, 782 bytes, Stack size 80 bytes, serial_reader.o(i.TMR_SR_boot))
<BR><BR>[Stack]<UL><LI>Max Depth = 584<LI>Call Chain = TMR_SR_boot &rArr; initTxRxMapFromPorts &rArr; TMR_SR_cmdAntennaDetect &rArr; TMR_SR_send &rArr; TMR_SR_sendTimeout &rArr; TMR_SR_receiveMessage &rArr; TMR__notifyTransportListeners
</UL>
<BR>[Calls]<UL><LI><a href="#[1a4]">&gt;&gt;</a>&nbsp;&nbsp;&nbsp;TMR_SR_cmdSetRegion
<LI><a href="#[1a1]">&gt;&gt;</a>&nbsp;&nbsp;&nbsp;TMR_SR_cmdSetReaderConfiguration
<LI><a href="#[1a8]">&gt;&gt;</a>&nbsp;&nbsp;&nbsp;TMR_SR_cmdSetProtocol
<LI><a href="#[1a2]">&gt;&gt;</a>&nbsp;&nbsp;&nbsp;TMR_SR_cmdSetBaudRate
<LI><a href="#[1a0]">&gt;&gt;</a>&nbsp;&nbsp;&nbsp;TMR_SR_cmdGetReaderConfiguration
<LI><a href="#[1a5]">&gt;&gt;</a>&nbsp;&nbsp;&nbsp;TMR_SR_cmdGetCurrentProtocol
<LI><a href="#[19e]">&gt;&gt;</a>&nbsp;&nbsp;&nbsp;TMR_SR_cmdGetCurrentProgram
<LI><a href="#[1a6]">&gt;&gt;</a>&nbsp;&nbsp;&nbsp;TMR_SR_cmdGetAvailableProtocols
<LI><a href="#[19f]">&gt;&gt;</a>&nbsp;&nbsp;&nbsp;TMR_SR_cmdBootFirmware
<LI><a href="#[1a3]">&gt;&gt;</a>&nbsp;&nbsp;&nbsp;compareVersion
<LI><a href="#[1a7]">&gt;&gt;</a>&nbsp;&nbsp;&nbsp;initTxRxMapFromPorts
<LI><a href="#[133]">&gt;&gt;</a>&nbsp;&nbsp;&nbsp;TMR_paramGet
</UL>
<BR>[Called By]<UL><LI><a href="#[132]">&gt;&gt;</a>&nbsp;&nbsp;&nbsp;TMR_SR_connect
</UL>

<P><STRONG><a name="[8b]"></a>TMR_SR_paramGet</STRONG> (Thumb, 2230 bytes, Stack size 304 bytes, serial_reader.o(i.TMR_SR_paramGet))
<BR><BR>[Stack]<UL><LI>Max Depth = 992<LI>Call Chain = TMR_SR_paramGet &rArr; getPortValues &rArr; TMR_SR_cmdGetAntennaPortPowersAndSettlingTime &rArr; TMR_SR_send &rArr; TMR_SR_sendTimeout &rArr; TMR_SR_receiveMessage &rArr; TMR__notifyTransportListeners
</UL>
<BR>[Calls]<UL><LI><a href="#[1f3]">&gt;&gt;</a>&nbsp;&nbsp;&nbsp;TMR_stringCopy
<LI><a href="#[1c6]">&gt;&gt;</a>&nbsp;&nbsp;&nbsp;TMR_SR_cmdGetWriteTxPower
<LI><a href="#[1c5]">&gt;&gt;</a>&nbsp;&nbsp;&nbsp;TMR_SR_cmdGetUserMode
<LI><a href="#[1c4]">&gt;&gt;</a>&nbsp;&nbsp;&nbsp;TMR_SR_cmdGetTemperature
<LI><a href="#[1c2]">&gt;&gt;</a>&nbsp;&nbsp;&nbsp;TMR_SR_cmdGetRegionConfiguration
<LI><a href="#[1c1]">&gt;&gt;</a>&nbsp;&nbsp;&nbsp;TMR_SR_cmdGetRegion
<LI><a href="#[1c0]">&gt;&gt;</a>&nbsp;&nbsp;&nbsp;TMR_SR_cmdGetReaderWriteTimeOut
<LI><a href="#[1be]">&gt;&gt;</a>&nbsp;&nbsp;&nbsp;TMR_SR_cmdGetReaderStats
<LI><a href="#[1bd]">&gt;&gt;</a>&nbsp;&nbsp;&nbsp;TMR_SR_cmdGetReaderStatistics
<LI><a href="#[1a0]">&gt;&gt;</a>&nbsp;&nbsp;&nbsp;TMR_SR_cmdGetReaderConfiguration
<LI><a href="#[1bc]">&gt;&gt;</a>&nbsp;&nbsp;&nbsp;TMR_SR_cmdGetReadTxPowerWithLimits
<LI><a href="#[1bb]">&gt;&gt;</a>&nbsp;&nbsp;&nbsp;TMR_SR_cmdGetReadTxPower
<LI><a href="#[1ba]">&gt;&gt;</a>&nbsp;&nbsp;&nbsp;TMR_SR_cmdGetQuantizationStep
<LI><a href="#[1b9]">&gt;&gt;</a>&nbsp;&nbsp;&nbsp;TMR_SR_cmdGetProtocolConfiguration
<LI><a href="#[1b8]">&gt;&gt;</a>&nbsp;&nbsp;&nbsp;TMR_SR_cmdGetPowerMode
<LI><a href="#[1b7]">&gt;&gt;</a>&nbsp;&nbsp;&nbsp;TMR_SR_cmdGetMinimumFrequency
<LI><a href="#[1b5]">&gt;&gt;</a>&nbsp;&nbsp;&nbsp;TMR_SR_cmdGetGPIODirection
<LI><a href="#[1b4]">&gt;&gt;</a>&nbsp;&nbsp;&nbsp;TMR_SR_cmdGetGPIO
<LI><a href="#[1b3]">&gt;&gt;</a>&nbsp;&nbsp;&nbsp;TMR_SR_cmdGetFrequencyHopTime
<LI><a href="#[1b2]">&gt;&gt;</a>&nbsp;&nbsp;&nbsp;TMR_SR_cmdGetFrequencyHopTable
<LI><a href="#[1b1]">&gt;&gt;</a>&nbsp;&nbsp;&nbsp;TMR_SR_cmdGetAvailableRegions
<LI><a href="#[1a6]">&gt;&gt;</a>&nbsp;&nbsp;&nbsp;TMR_SR_cmdGetAvailableProtocols
<LI><a href="#[1b0]">&gt;&gt;</a>&nbsp;&nbsp;&nbsp;TMR_SR_cmdGetAntennaReturnLoss
<LI><a href="#[1a9]">&gt;&gt;</a>&nbsp;&nbsp;&nbsp;TMR_SR_cmdAntennaDetect
<LI><a href="#[1f2]">&gt;&gt;</a>&nbsp;&nbsp;&nbsp;getSerialNumber
<LI><a href="#[1ef]">&gt;&gt;</a>&nbsp;&nbsp;&nbsp;getPortValues
<LI><a href="#[1f1]">&gt;&gt;</a>&nbsp;&nbsp;&nbsp;strlen
<LI><a href="#[1f0]">&gt;&gt;</a>&nbsp;&nbsp;&nbsp;TMR_hexDottedQuad
</UL>
<BR>[Address Reference Count : 1]<UL><LI> serial_reader.o(i.TMR_SR_SerialReader_init)
</UL>
<P><STRONG><a name="[8a]"></a>TMR_SR_paramSet</STRONG> (Thumb, 2132 bytes, Stack size 304 bytes, serial_reader.o(i.TMR_SR_paramSet))
<BR><BR>[Stack]<UL><LI>Max Depth = 1592<LI>Call Chain = TMR_SR_paramSet &rArr; TMR_SR_cmdSetUserProfile &rArr; prepForSearch &rArr; autoDetectAntennaList &rArr; TMR_SR_cmdSetAntennaSearchList &rArr; TMR_SR_send &rArr; TMR_SR_sendTimeout &rArr; TMR_SR_receiveMessage &rArr; TMR__notifyTransportListeners
</UL>
<BR>[Calls]<UL><LI><a href="#[1f7]">&gt;&gt;</a>&nbsp;&nbsp;&nbsp;validateReadPlan
<LI><a href="#[1f4]">&gt;&gt;</a>&nbsp;&nbsp;&nbsp;TMR_paramProbe
<LI><a href="#[1e4]">&gt;&gt;</a>&nbsp;&nbsp;&nbsp;TMR_SR_cmdSetWriteTxPower
<LI><a href="#[1e1]">&gt;&gt;</a>&nbsp;&nbsp;&nbsp;TMR_SR_cmdSetUserProfile
<LI><a href="#[1e0]">&gt;&gt;</a>&nbsp;&nbsp;&nbsp;TMR_SR_cmdSetUserMode
<LI><a href="#[1df]">&gt;&gt;</a>&nbsp;&nbsp;&nbsp;TMR_SR_cmdSetTxRxPorts
<LI><a href="#[1de]">&gt;&gt;</a>&nbsp;&nbsp;&nbsp;TMR_SR_cmdSetRegulatoryTest
<LI><a href="#[1dd]">&gt;&gt;</a>&nbsp;&nbsp;&nbsp;TMR_SR_cmdSetRegionLbt
<LI><a href="#[1a4]">&gt;&gt;</a>&nbsp;&nbsp;&nbsp;TMR_SR_cmdSetRegion
<LI><a href="#[1dc]">&gt;&gt;</a>&nbsp;&nbsp;&nbsp;TMR_SR_cmdSetReaderWriteTimeOut
<LI><a href="#[1a1]">&gt;&gt;</a>&nbsp;&nbsp;&nbsp;TMR_SR_cmdSetReaderConfiguration
<LI><a href="#[1db]">&gt;&gt;</a>&nbsp;&nbsp;&nbsp;TMR_SR_cmdSetReadTxPower
<LI><a href="#[1da]">&gt;&gt;</a>&nbsp;&nbsp;&nbsp;TMR_SR_cmdSetQuantizationStep
<LI><a href="#[1d8]">&gt;&gt;</a>&nbsp;&nbsp;&nbsp;TMR_SR_cmdSetProtocolLicenseKey
<LI><a href="#[1d7]">&gt;&gt;</a>&nbsp;&nbsp;&nbsp;TMR_SR_cmdSetProtocolConfiguration
<LI><a href="#[1d6]">&gt;&gt;</a>&nbsp;&nbsp;&nbsp;TMR_SR_cmdSetPowerMode
<LI><a href="#[1d5]">&gt;&gt;</a>&nbsp;&nbsp;&nbsp;TMR_SR_cmdSetMinimumFrequency
<LI><a href="#[1d4]">&gt;&gt;</a>&nbsp;&nbsp;&nbsp;TMR_SR_cmdSetGPIODirection
<LI><a href="#[1d3]">&gt;&gt;</a>&nbsp;&nbsp;&nbsp;TMR_SR_cmdSetFrequencyHopTime
<LI><a href="#[1d2]">&gt;&gt;</a>&nbsp;&nbsp;&nbsp;TMR_SR_cmdSetFrequencyHopTable
<LI><a href="#[1a2]">&gt;&gt;</a>&nbsp;&nbsp;&nbsp;TMR_SR_cmdSetBaudRate
<LI><a href="#[1cf]">&gt;&gt;</a>&nbsp;&nbsp;&nbsp;TMR_SR_cmdResetReaderStats
<LI><a href="#[1ce]">&gt;&gt;</a>&nbsp;&nbsp;&nbsp;TMR_SR_cmdResetReaderStatistics
<LI><a href="#[1c0]">&gt;&gt;</a>&nbsp;&nbsp;&nbsp;TMR_SR_cmdGetReaderWriteTimeOut
<LI><a href="#[1b9]">&gt;&gt;</a>&nbsp;&nbsp;&nbsp;TMR_SR_cmdGetProtocolConfiguration
<LI><a href="#[1b2]">&gt;&gt;</a>&nbsp;&nbsp;&nbsp;TMR_SR_cmdGetFrequencyHopTable
<LI><a href="#[1f6]">&gt;&gt;</a>&nbsp;&nbsp;&nbsp;setProtocol
<LI><a href="#[1f5]">&gt;&gt;</a>&nbsp;&nbsp;&nbsp;setPortValues
<LI><a href="#[1a7]">&gt;&gt;</a>&nbsp;&nbsp;&nbsp;initTxRxMapFromPorts
<LI><a href="#[d0]">&gt;&gt;</a>&nbsp;&nbsp;&nbsp;__aeabi_memcpy4
</UL>
<BR>[Address Reference Count : 1]<UL><LI> serial_reader.o(i.TMR_SR_SerialReader_init)
</UL>
<P><STRONG><a name="[1fa]"></a>TMR_SR_read_internal</STRONG> (Thumb, 1032 bytes, Stack size 344 bytes, serial_reader.o(i.TMR_SR_read_internal))
<BR><BR>[Stack]<UL><LI>Max Depth = 1024 + In Cycle
<LI>Call Chain = TMR_SR_read_internal &rArr;  TMR_SR_read_internal (Cycle)
</UL>
<BR>[Calls]<UL><LI><a href="#[1fd]">&gt;&gt;</a>&nbsp;&nbsp;&nbsp;tm_time_subtract
<LI><a href="#[1fb]">&gt;&gt;</a>&nbsp;&nbsp;&nbsp;tm_gettime_consistent
<LI><a href="#[1e6]">&gt;&gt;</a>&nbsp;&nbsp;&nbsp;TMR_SR_executeEmbeddedRead
<LI><a href="#[1a1]">&gt;&gt;</a>&nbsp;&nbsp;&nbsp;TMR_SR_cmdSetReaderConfiguration
<LI><a href="#[1cc]">&gt;&gt;</a>&nbsp;&nbsp;&nbsp;TMR_SR_cmdReadTagMultiple
<LI><a href="#[1c7]">&gt;&gt;</a>&nbsp;&nbsp;&nbsp;TMR_SR_cmdMultipleProtocolSearch
<LI><a href="#[1c3]">&gt;&gt;</a>&nbsp;&nbsp;&nbsp;TMR_SR_cmdGetTagsRemaining
<LI><a href="#[1e2]">&gt;&gt;</a>&nbsp;&nbsp;&nbsp;prepForSearch
<LI><a href="#[193]">&gt;&gt;</a>&nbsp;&nbsp;&nbsp;TMR_SR_addTagOp
<LI><a href="#[1f6]">&gt;&gt;</a>&nbsp;&nbsp;&nbsp;setProtocol
<LI><a href="#[1fa]">&gt;&gt;</a>&nbsp;&nbsp;&nbsp;TMR_SR_read_internal
<LI><a href="#[1fe]">&gt;&gt;</a>&nbsp;&nbsp;&nbsp;tmr_sleep
<LI><a href="#[1fc]">&gt;&gt;</a>&nbsp;&nbsp;&nbsp;tmr_gettime_low
</UL>
<BR>[Called By]<UL><LI><a href="#[1fa]">&gt;&gt;</a>&nbsp;&nbsp;&nbsp;TMR_SR_read_internal
<LI><a href="#[fc]">&gt;&gt;</a>&nbsp;&nbsp;&nbsp;TMR_SR_read
</UL>

<P><STRONG><a name="[223]"></a>autoDetectAntennaList</STRONG> (Thumb, 146 bytes, Stack size 152 bytes, serial_reader.o(i.autoDetectAntennaList))
<BR><BR>[Stack]<UL><LI>Max Depth = 536<LI>Call Chain = autoDetectAntennaList &rArr; TMR_SR_cmdSetAntennaSearchList &rArr; TMR_SR_send &rArr; TMR_SR_sendTimeout &rArr; TMR_SR_receiveMessage &rArr; TMR__notifyTransportListeners
</UL>
<BR>[Calls]<UL><LI><a href="#[1d1]">&gt;&gt;</a>&nbsp;&nbsp;&nbsp;TMR_SR_cmdSetAntennaSearchList
<LI><a href="#[1a9]">&gt;&gt;</a>&nbsp;&nbsp;&nbsp;TMR_SR_cmdAntennaDetect
</UL>
<BR>[Called By]<UL><LI><a href="#[1e2]">&gt;&gt;</a>&nbsp;&nbsp;&nbsp;prepForSearch
</UL>

<P><STRONG><a name="[1ef]"></a>getPortValues</STRONG> (Thumb, 166 bytes, Stack size 296 bytes, serial_reader.o(i.getPortValues))
<BR><BR>[Stack]<UL><LI>Max Depth = 688<LI>Call Chain = getPortValues &rArr; TMR_SR_cmdGetAntennaPortPowersAndSettlingTime &rArr; TMR_SR_send &rArr; TMR_SR_sendTimeout &rArr; TMR_SR_receiveMessage &rArr; TMR__notifyTransportListeners
</UL>
<BR>[Calls]<UL><LI><a href="#[1af]">&gt;&gt;</a>&nbsp;&nbsp;&nbsp;TMR_SR_cmdGetAntennaPortPowersAndSettlingTime
</UL>
<BR>[Called By]<UL><LI><a href="#[8b]">&gt;&gt;</a>&nbsp;&nbsp;&nbsp;TMR_SR_paramGet
</UL>

<P><STRONG><a name="[1f2]"></a>getSerialNumber</STRONG> (Thumb, 114 bytes, Stack size 288 bytes, serial_reader.o(i.getSerialNumber))
<BR><BR>[Stack]<UL><LI>Max Depth = 672<LI>Call Chain = getSerialNumber &rArr; TMR_SR_cmdGetHardwareVersion &rArr; TMR_SR_send &rArr; TMR_SR_sendTimeout &rArr; TMR_SR_receiveMessage &rArr; TMR__notifyTransportListeners
</UL>
<BR>[Calls]<UL><LI><a href="#[1f3]">&gt;&gt;</a>&nbsp;&nbsp;&nbsp;TMR_stringCopy
<LI><a href="#[1b6]">&gt;&gt;</a>&nbsp;&nbsp;&nbsp;TMR_SR_cmdGetHardwareVersion
</UL>
<BR>[Called By]<UL><LI><a href="#[8b]">&gt;&gt;</a>&nbsp;&nbsp;&nbsp;TMR_SR_paramGet
</UL>

<P><STRONG><a name="[1a7]"></a>initTxRxMapFromPorts</STRONG> (Thumb, 454 bytes, Stack size 120 bytes, serial_reader.o(i.initTxRxMapFromPorts))
<BR><BR>[Stack]<UL><LI>Max Depth = 504<LI>Call Chain = initTxRxMapFromPorts &rArr; TMR_SR_cmdAntennaDetect &rArr; TMR_SR_send &rArr; TMR_SR_sendTimeout &rArr; TMR_SR_receiveMessage &rArr; TMR__notifyTransportListeners
</UL>
<BR>[Calls]<UL><LI><a href="#[1a9]">&gt;&gt;</a>&nbsp;&nbsp;&nbsp;TMR_SR_cmdAntennaDetect
<LI><a href="#[21f]">&gt;&gt;</a>&nbsp;&nbsp;&nbsp;malloc
</UL>
<BR>[Called By]<UL><LI><a href="#[8a]">&gt;&gt;</a>&nbsp;&nbsp;&nbsp;TMR_SR_paramSet
<LI><a href="#[19d]">&gt;&gt;</a>&nbsp;&nbsp;&nbsp;TMR_SR_boot
</UL>

<P><STRONG><a name="[194]"></a>prepEmbReadTagMultiple</STRONG> (Thumb, 56 bytes, Stack size 40 bytes, serial_reader.o(i.prepEmbReadTagMultiple))
<BR><BR>[Stack]<UL><LI>Max Depth = 192<LI>Call Chain = prepEmbReadTagMultiple &rArr; TMR_SR_msgSetupReadTagMultiple &rArr; TMR_SR_msgSetupReadTagMultipleWithMetadata &rArr; filterbytes &rArr;  filterbytes (Cycle)
</UL>
<BR>[Calls]<UL><LI><a href="#[1cd]">&gt;&gt;</a>&nbsp;&nbsp;&nbsp;TMR_SR_msgSetupReadTagMultiple
</UL>
<BR>[Called By]<UL><LI><a href="#[193]">&gt;&gt;</a>&nbsp;&nbsp;&nbsp;TMR_SR_addTagOp
</UL>

<P><STRONG><a name="[22d]"></a>setAntennaList</STRONG> (Thumb, 124 bytes, Stack size 56 bytes, serial_reader.o(i.setAntennaList))
<BR><BR>[Stack]<UL><LI>Max Depth = 440<LI>Call Chain = setAntennaList &rArr; TMR_SR_cmdSetAntennaSearchList &rArr; TMR_SR_send &rArr; TMR_SR_sendTimeout &rArr; TMR_SR_receiveMessage &rArr; TMR__notifyTransportListeners
</UL>
<BR>[Calls]<UL><LI><a href="#[1d1]">&gt;&gt;</a>&nbsp;&nbsp;&nbsp;TMR_SR_cmdSetAntennaSearchList
</UL>
<BR>[Called By]<UL><LI><a href="#[1e2]">&gt;&gt;</a>&nbsp;&nbsp;&nbsp;prepForSearch
</UL>

<P><STRONG><a name="[1f5]"></a>setPortValues</STRONG> (Thumb, 234 bytes, Stack size 296 bytes, serial_reader.o(i.setPortValues))
<BR><BR>[Stack]<UL><LI>Max Depth = 688<LI>Call Chain = setPortValues &rArr; TMR_SR_cmdSetAntennaPortPowersAndSettlingTime &rArr; TMR_SR_send &rArr; TMR_SR_sendTimeout &rArr; TMR_SR_receiveMessage &rArr; TMR__notifyTransportListeners
</UL>
<BR>[Calls]<UL><LI><a href="#[1d0]">&gt;&gt;</a>&nbsp;&nbsp;&nbsp;TMR_SR_cmdSetAntennaPortPowersAndSettlingTime
<LI><a href="#[1af]">&gt;&gt;</a>&nbsp;&nbsp;&nbsp;TMR_SR_cmdGetAntennaPortPowersAndSettlingTime
</UL>
<BR>[Called By]<UL><LI><a href="#[8a]">&gt;&gt;</a>&nbsp;&nbsp;&nbsp;TMR_SR_paramSet
</UL>

<P><STRONG><a name="[1f6]"></a>setProtocol</STRONG> (Thumb, 106 bytes, Stack size 16 bytes, serial_reader.o(i.setProtocol))
<BR><BR>[Stack]<UL><LI>Max Depth = 392<LI>Call Chain = setProtocol &rArr; TMR_SR_cmdSetReaderConfiguration &rArr; TMR_SR_send &rArr; TMR_SR_sendTimeout &rArr; TMR_SR_receiveMessage &rArr; TMR__notifyTransportListeners
</UL>
<BR>[Calls]<UL><LI><a href="#[1a1]">&gt;&gt;</a>&nbsp;&nbsp;&nbsp;TMR_SR_cmdSetReaderConfiguration
<LI><a href="#[1a8]">&gt;&gt;</a>&nbsp;&nbsp;&nbsp;TMR_SR_cmdSetProtocol
</UL>
<BR>[Called By]<UL><LI><a href="#[1fa]">&gt;&gt;</a>&nbsp;&nbsp;&nbsp;TMR_SR_read_internal
<LI><a href="#[8a]">&gt;&gt;</a>&nbsp;&nbsp;&nbsp;TMR_SR_paramSet
</UL>

<P><STRONG><a name="[1ec]"></a>filterbytes</STRONG> (Thumb, 678 bytes, Stack size 64 bytes, serial_reader_l3.o(i.filterbytes))
<BR><BR>[Stack]<UL><LI>Max Depth = 64 + In Cycle
<LI>Call Chain = filterbytes &rArr;  filterbytes (Cycle)
</UL>
<BR>[Calls]<UL><LI><a href="#[1f8]">&gt;&gt;</a>&nbsp;&nbsp;&nbsp;tm_u8s_per_bits
<LI><a href="#[1ec]">&gt;&gt;</a>&nbsp;&nbsp;&nbsp;filterbytes
</UL>
<BR>[Called By]<UL><LI><a href="#[19a]">&gt;&gt;</a>&nbsp;&nbsp;&nbsp;TMR_SR_msgAddGEN2BlockWrite
<LI><a href="#[19b]">&gt;&gt;</a>&nbsp;&nbsp;&nbsp;TMR_SR_msgAddGEN2BlockPermaLock
<LI><a href="#[19c]">&gt;&gt;</a>&nbsp;&nbsp;&nbsp;TMR_SR_msgAddGEN2BlockErase
<LI><a href="#[1ed]">&gt;&gt;</a>&nbsp;&nbsp;&nbsp;TMR_SR_msgSetupReadTagSingle
<LI><a href="#[1ee]">&gt;&gt;</a>&nbsp;&nbsp;&nbsp;TMR_SR_msgSetupReadTagMultipleWithMetadata
<LI><a href="#[1ec]">&gt;&gt;</a>&nbsp;&nbsp;&nbsp;filterbytes
</UL>

<P><STRONG><a name="[201]"></a>tm_crc</STRONG> (Thumb, 54 bytes, Stack size 16 bytes, serial_reader_l3.o(i.tm_crc))
<BR><BR>[Stack]<UL><LI>Max Depth = 16<LI>Call Chain = tm_crc
</UL>
<BR>[Called By]<UL><LI><a href="#[1e7]">&gt;&gt;</a>&nbsp;&nbsp;&nbsp;TMR_SR_receiveMessage
<LI><a href="#[1ac]">&gt;&gt;</a>&nbsp;&nbsp;&nbsp;TMR_SR_sendMessage
</UL>

<P><STRONG><a name="[91]"></a>s_flush</STRONG> (Thumb, 4 bytes, Stack size 0 bytes, serial_transport_stm32f103rb.o(i.s_flush))
<BR>[Address Reference Count : 1]<UL><LI> serial_transport_stm32f103rb.o(i.TMR_SR_SerialTransportNativeInit)
</UL>
<P><STRONG><a name="[8c]"></a>s_open</STRONG> (Thumb, 4 bytes, Stack size 0 bytes, serial_transport_stm32f103rb.o(i.s_open))
<BR>[Address Reference Count : 1]<UL><LI> serial_transport_stm32f103rb.o(i.TMR_SR_SerialTransportNativeInit)
</UL>
<P><STRONG><a name="[8e]"></a>s_receiveBytes</STRONG> (Thumb, 154 bytes, Stack size 296 bytes, serial_transport_stm32f103rb.o(i.s_receiveBytes))
<BR><BR>[Stack]<UL><LI>Max Depth = 360<LI>Call Chain = s_receiveBytes &rArr; Config_M6e_Transfer &rArr; GetUartSend &rArr; Uart_Select_Baby &rArr; delay_ms &rArr; delay_us
</UL>
<BR>[Calls]<UL><LI><a href="#[e4]">&gt;&gt;</a>&nbsp;&nbsp;&nbsp;delay_ms
<LI><a href="#[d6]">&gt;&gt;</a>&nbsp;&nbsp;&nbsp;__aeabi_memclr4
<LI><a href="#[c9]">&gt;&gt;</a>&nbsp;&nbsp;&nbsp;__aeabi_memcpy
<LI><a href="#[da]">&gt;&gt;</a>&nbsp;&nbsp;&nbsp;Config_M6e_Transfer
</UL>
<BR>[Address Reference Count : 1]<UL><LI> serial_transport_stm32f103rb.o(i.TMR_SR_SerialTransportNativeInit)
</UL>
<P><STRONG><a name="[8d]"></a>s_sendBytes</STRONG> (Thumb, 24 bytes, Stack size 16 bytes, serial_transport_stm32f103rb.o(i.s_sendBytes))
<BR><BR>[Stack]<UL><LI>Max Depth = 80<LI>Call Chain = s_sendBytes &rArr; Config_M6e_Transfer &rArr; GetUartSend &rArr; Uart_Select_Baby &rArr; delay_ms &rArr; delay_us
</UL>
<BR>[Calls]<UL><LI><a href="#[da]">&gt;&gt;</a>&nbsp;&nbsp;&nbsp;Config_M6e_Transfer
</UL>
<BR>[Address Reference Count : 1]<UL><LI> serial_transport_stm32f103rb.o(i.TMR_SR_SerialTransportNativeInit)
</UL>
<P><STRONG><a name="[8f]"></a>s_setBaudRate</STRONG> (Thumb, 4 bytes, Stack size 0 bytes, serial_transport_stm32f103rb.o(i.s_setBaudRate))
<BR>[Address Reference Count : 1]<UL><LI> serial_transport_stm32f103rb.o(i.TMR_SR_SerialTransportNativeInit)
</UL>
<P><STRONG><a name="[90]"></a>s_shutdown</STRONG> (Thumb, 4 bytes, Stack size 0 bytes, serial_transport_stm32f103rb.o(i.s_shutdown))
<BR>[Address Reference Count : 1]<UL><LI> serial_transport_stm32f103rb.o(i.TMR_SR_SerialTransportNativeInit)
</UL>
<P><STRONG><a name="[206]"></a>TMR_initSerialTransportTable</STRONG> (Thumb, 122 bytes, Stack size 32 bytes, tm_reader.o(i.TMR_initSerialTransportTable))
<BR><BR>[Stack]<UL><LI>Max Depth = 52<LI>Call Chain = TMR_initSerialTransportTable &rArr; TMR_stringCopy &rArr; tm_memcpy
</UL>
<BR>[Calls]<UL><LI><a href="#[1f3]">&gt;&gt;</a>&nbsp;&nbsp;&nbsp;TMR_stringCopy
<LI><a href="#[d6]">&gt;&gt;</a>&nbsp;&nbsp;&nbsp;__aeabi_memclr4
</UL>
<BR>[Called By]<UL><LI><a href="#[131]">&gt;&gt;</a>&nbsp;&nbsp;&nbsp;TMR_create
</UL>

<P><STRONG><a name="[21a]"></a>_printf_core</STRONG> (Thumb, 996 bytes, Stack size 104 bytes, printf8.o(i._printf_core), UNUSED)
<BR><BR>[Calls]<UL><LI><a href="#[221]">&gt;&gt;</a>&nbsp;&nbsp;&nbsp;_printf_pre_padding
<LI><a href="#[222]">&gt;&gt;</a>&nbsp;&nbsp;&nbsp;_printf_post_padding
<LI><a href="#[ab]">&gt;&gt;</a>&nbsp;&nbsp;&nbsp;__aeabi_uldivmod
</UL>
<BR>[Called By]<UL><LI><a href="#[21b]">&gt;&gt;</a>&nbsp;&nbsp;&nbsp;__0sprintf$8
<LI><a href="#[219]">&gt;&gt;</a>&nbsp;&nbsp;&nbsp;__0printf$8
</UL>

<P><STRONG><a name="[222]"></a>_printf_post_padding</STRONG> (Thumb, 36 bytes, Stack size 24 bytes, printf8.o(i._printf_post_padding), UNUSED)
<BR><BR>[Called By]<UL><LI><a href="#[21a]">&gt;&gt;</a>&nbsp;&nbsp;&nbsp;_printf_core
</UL>

<P><STRONG><a name="[221]"></a>_printf_pre_padding</STRONG> (Thumb, 46 bytes, Stack size 24 bytes, printf8.o(i._printf_pre_padding), UNUSED)
<BR><BR>[Called By]<UL><LI><a href="#[21a]">&gt;&gt;</a>&nbsp;&nbsp;&nbsp;_printf_core
</UL>

<P><STRONG><a name="[94]"></a>_sputc</STRONG> (Thumb, 10 bytes, Stack size 0 bytes, printf8.o(i._sputc))
<BR><BR>[Called By]<UL><LI><a href="#[21b]">&gt;&gt;</a>&nbsp;&nbsp;&nbsp;__0sprintf$8
</UL>
<BR>[Address Reference Count : 1]<UL><LI> printf8.o(i.__0sprintf$8)
</UL>
<P><STRONG><a name="[220]"></a>internal_alloc</STRONG> (Thumb, 76 bytes, Stack size 24 bytes, mallocr.o(i.internal_alloc))
<BR><BR>[Stack]<UL><LI>Max Depth = 32<LI>Call Chain = internal_alloc &rArr; __aeabi_memcpy
</UL>
<BR>[Calls]<UL><LI><a href="#[c9]">&gt;&gt;</a>&nbsp;&nbsp;&nbsp;__aeabi_memcpy
</UL>
<BR>[Called By]<UL><LI><a href="#[21f]">&gt;&gt;</a>&nbsp;&nbsp;&nbsp;malloc
</UL>
<P>
<H3>
Undefined Global Symbols
</H3><HR></body></html>
