Component: ARM Compiler 5.06 update 3 (build 300) Tool: armlink [4d35c9]

==============================================================================

Section Cross References

    main.o(i.Check_Board_Define_Config) refers to printf8.o(i.__0printf$8) for __2printf
    main.o(i.Check_Board_Define_Config) refers to main.o(.constdata) for .constdata
    main.o(i.Init_Board_Config) refers to printf8.o(i.__0printf$8) for __2printf
    main.o(i.Init_Board_Config) refers to uart_config.o(i.Uart2_Config_Init) for Uart2_Config_Init
    main.o(i.Init_Board_Config) refers to export_liquid.o(i.Export_Liquid_Control_Init) for Export_Liquid_Control_Init
    main.o(i.Init_Board_Config) refers to liquid_sensor.o(i.Liquid_Sensor_Init) for Liquid_Sensor_Init
    main.o(i.Init_Board_Config) refers to weight.o(i.Weight_Sensor_Init) for Weight_Sensor_Init
    main.o(i.Init_Board_Config) refers to light.o(i.Light_Sensor_Init) for Light_Sensor_Init
    main.o(i.Init_Board_Config) refers to uart5.o(i.UART5_Init) for UART5_Init
    main.o(i.Init_Board_Config) refers to bl180.o(i.ScanChooseHandle) for ScanChooseHandle
    main.o(i.Init_Board_Config) refers to step01.o(i.BSP_Motor_Control_Init) for BSP_Motor_Control_Init
    main.o(i.Init_Board_Config) refers to main.o(.constdata) for .constdata
    main.o(i.Init_Board_Config) refers to bl180.o(.data) for ScanHandle
    main.o(i.__ack_error_msg__) refers to memseta.o(.text) for __aeabi_memclr4
    main.o(i.__ack_error_msg__) refers to uart_config.o(i.Uart_Clear_Context) for Uart_Clear_Context
    main.o(i.__ack_error_msg__) refers to memmovea.o(.text) for __aeabi_memcpy4
    main.o(i.__ack_error_msg__) refers to check_rs232.o(i.caculate_tansfer_check_bit) for caculate_tansfer_check_bit
    main.o(i.__ack_error_msg__) refers to uart4.o(i.UART4_Send_Data) for UART4_Send_Data
    main.o(i.main) refers to stm32f1xx_hal.o(i.HAL_Init) for HAL_Init
    main.o(i.main) refers to sys.o(i.Stm32_Clock_Init) for Stm32_Clock_Init
    main.o(i.main) refers to delay.o(i.delay_init) for delay_init
    main.o(i.main) refers to usart.o(i.uart_init) for uart_init
    main.o(i.main) refers to uart4.o(i.UART4_Init) for UART4_Init
    main.o(i.main) refers to real_time_polling.o(i.Real_Time_Polling_Init) for Real_Time_Polling_Init
    main.o(i.main) refers to printf8.o(i.__0printf$8) for __2printf
    main.o(i.main) refers to main.o(i.Check_Board_Define_Config) for Check_Board_Define_Config
    main.o(i.main) refers to main.o(i.Init_Board_Config) for Init_Board_Config
    main.o(i.main) refers to delay.o(i.delay_ms) for delay_ms
    main.o(i.main) refers to uart4.o(i.Uart4_Rx_Clear) for Uart4_Rx_Clear
    main.o(i.main) refers to uart4.o(i.UART4_Enable_Interrupt) for UART4_Enable_Interrupt
    main.o(i.main) refers to main.o(i.__ack_error_msg__) for __ack_error_msg__
    main.o(i.main) refers to uart4.o(i.UART4_Disable_Interrupt) for UART4_Disable_Interrupt
    main.o(i.main) refers to slave_uart_control_interface.o(i.protocol_handle_uart_powerstep01_plain_slave_cmd) for protocol_handle_uart_powerstep01_plain_slave_cmd
    main.o(i.main) refers to main.o(.constdata) for .constdata
    main.o(i.main) refers to uart4.o(.data) for UART4_RX_CNT
    stm32f1xx_it.o(i.EXTI2_IRQHandler) refers to stm32f1xx_hal_gpio.o(i.HAL_GPIO_EXTI_IRQHandler) for HAL_GPIO_EXTI_IRQHandler
    stm32f1xx_it.o(i.EXTI3_IRQHandler) refers to stm32f1xx_hal_gpio.o(i.HAL_GPIO_EXTI_IRQHandler) for HAL_GPIO_EXTI_IRQHandler
    stm32f1xx_it.o(i.SysTick_Handler) refers to stm32f1xx_hal.o(i.HAL_IncTick) for HAL_IncTick
    system_stm32f1xx.o(i.SystemCoreClockUpdate) refers to system_stm32f1xx.o(.data) for .data
    system_stm32f1xx.o(i.SystemCoreClockUpdate) refers to system_stm32f1xx.o(.constdata) for .constdata
    stm32f1xx_hal_msp.o(i.HAL_SPI_MspDeInit) refers to stm32f1xx_hal_gpio.o(i.HAL_GPIO_DeInit) for HAL_GPIO_DeInit
    stm32f1xx_hal_msp.o(i.HAL_SPI_MspInit) refers to stm32f1xx_hal_gpio.o(i.HAL_GPIO_Init) for HAL_GPIO_Init
    startup_stm32f103xe.o(RESET) refers to startup_stm32f103xe.o(STACK) for __initial_sp
    startup_stm32f103xe.o(RESET) refers to startup_stm32f103xe.o(.text) for Reset_Handler
    startup_stm32f103xe.o(RESET) refers to stm32f1xx_it.o(i.NMI_Handler) for NMI_Handler
    startup_stm32f103xe.o(RESET) refers to stm32f1xx_it.o(i.HardFault_Handler) for HardFault_Handler
    startup_stm32f103xe.o(RESET) refers to stm32f1xx_it.o(i.MemManage_Handler) for MemManage_Handler
    startup_stm32f103xe.o(RESET) refers to stm32f1xx_it.o(i.BusFault_Handler) for BusFault_Handler
    startup_stm32f103xe.o(RESET) refers to stm32f1xx_it.o(i.UsageFault_Handler) for UsageFault_Handler
    startup_stm32f103xe.o(RESET) refers to stm32f1xx_it.o(i.SVC_Handler) for SVC_Handler
    startup_stm32f103xe.o(RESET) refers to stm32f1xx_it.o(i.DebugMon_Handler) for DebugMon_Handler
    startup_stm32f103xe.o(RESET) refers to stm32f1xx_it.o(i.PendSV_Handler) for PendSV_Handler
[...]
    TMR_SR_cmdMultipleProtocolSearch         0x08006b71   Thumb Code   224  serial_reader_l3.o(i.TMR_SR_cmdMultipleProtocolSearch)
    TMR_SR_cmdProbeBaudRate                  0x08006c59   Thumb Code   154  serial_reader.o(i.TMR_SR_cmdProbeBaudRate)
    TMR_SR_cmdReadTagMultiple                0x08006cf9   Thumb Code   172  serial_reader_l3.o(i.TMR_SR_cmdReadTagMultiple)
    TMR_SR_cmdResetReaderStatistics          0x08006da9   Thumb Code    40  serial_reader_l3.o(i.TMR_SR_cmdResetReaderStatistics)
    TMR_SR_cmdResetReaderStats               0x08006dd1   Thumb Code    80  serial_reader_l3.o(i.TMR_SR_cmdResetReaderStats)
    TMR_SR_cmdSetAntennaPortPowersAndSettlingTime 0x08006e21   Thumb Code   118  serial_reader_l3.o(i.TMR_SR_cmdSetAntennaPortPowersAndSettlingTime)
    TMR_SR_cmdSetAntennaSearchList           0x08006e97   Thumb Code    70  serial_reader_l3.o(i.TMR_SR_cmdSetAntennaSearchList)
    TMR_SR_cmdSetBaudRate                    0x08006edd   Thumb Code    48  serial_reader_l3.o(i.TMR_SR_cmdSetBaudRate)
    TMR_SR_cmdSetFrequencyHopTable           0x08006f0d   Thumb Code    84  serial_reader_l3.o(i.TMR_SR_cmdSetFrequencyHopTable)
    TMR_SR_cmdSetFrequencyHopTime            0x08006f65   Thumb Code    54  serial_reader_l3.o(i.TMR_SR_cmdSetFrequencyHopTime)
    TMR_SR_cmdSetGPIODirection               0x08006f9b   Thumb Code    46  serial_reader_l3.o(i.TMR_SR_cmdSetGPIODirection)
    TMR_SR_cmdSetMinimumFrequency            0x08006fc9   Thumb Code    54  serial_reader_l3.o(i.TMR_SR_cmdSetMinimumFrequency)
    TMR_SR_cmdSetPowerMode                   0x08006fff   Thumb Code    30  serial_reader_l3.o(i.TMR_SR_cmdSetPowerMode)
    TMR_SR_cmdSetProtocol                    0x0800701d   Thumb Code    36  serial_reader_l3.o(i.TMR_SR_cmdSetProtocol)
    TMR_SR_cmdSetProtocolConfiguration       0x08007041   Thumb Code   354  serial_reader_l3.o(i.TMR_SR_cmdSetProtocolConfiguration)
    TMR_SR_cmdSetProtocolLicenseKey          0x080071a9   Thumb Code   116  serial_reader_l3.o(i.TMR_SR_cmdSetProtocolLicenseKey)
    TMR_SR_cmdSetQuantizationStep            0x0800721d   Thumb Code    54  serial_reader_l3.o(i.TMR_SR_cmdSetQuantizationStep)
    TMR_SR_cmdSetReadTxPower                 0x08007255   Thumb Code    50  serial_reader_l3.o(i.TMR_SR_cmdSetReadTxPower)
    TMR_SR_cmdSetReaderConfiguration         0x0800728d   Thumb Code   168  serial_reader_l3.o(i.TMR_SR_cmdSetReaderConfiguration)
    TMR_SR_cmdSetReaderWriteTimeOut          0x08007339   Thumb Code    54  serial_reader_l3.o(i.TMR_SR_cmdSetReaderWriteTimeOut)
    TMR_SR_cmdSetRegion                      0x0800736f   Thumb Code    30  serial_reader_l3.o(i.TMR_SR_cmdSetRegion)
    TMR_SR_cmdSetRegionLbt                   0x0800738d   Thumb Code    34  serial_reader_l3.o(i.TMR_SR_cmdSetRegionLbt)
    TMR_SR_cmdSetRegulatoryTest              0x080073af   Thumb Code   104  serial_reader_l3.o(i.TMR_SR_cmdSetRegulatoryTest)
    TMR_SR_cmdSetTxRxPorts                   0x08007417   Thumb Code    34  serial_reader_l3.o(i.TMR_SR_cmdSetTxRxPorts)
    TMR_SR_cmdSetUserMode                    0x08007439   Thumb Code    30  serial_reader_l3.o(i.TMR_SR_cmdSetUserMode)
    TMR_SR_cmdSetUserProfile                 0x08007459   Thumb Code   528  serial_reader_l3.o(i.TMR_SR_cmdSetUserProfile)
    TMR_SR_cmdSetWriteTxPower                0x0800766d   Thumb Code    50  serial_reader_l3.o(i.TMR_SR_cmdSetWriteTxPower)
    TMR_SR_cmdStopReading                    0x080076a5   Thumb Code    56  serial_reader_l3.o(i.TMR_SR_cmdStopReading)
    TMR_SR_cmdVersion                        0x080076dd   Thumb Code   170  serial_reader_l3.o(i.TMR_SR_cmdVersion)
    TMR_SR_connect                           0x08007787   Thumb Code   108  serial_reader.o(i.TMR_SR_connect)
    TMR_SR_destroy                           0x080077f3   Thumb Code    50  serial_reader.o(i.TMR_SR_destroy)
    TMR_SR_executeEmbeddedRead               0x08007825   Thumb Code   258  serial_reader_l3.o(i.TMR_SR_executeEmbeddedRead)
    TMR_SR_getNextTag                        0x0800792d   Thumb Code   346  serial_reader.o(i.TMR_SR_getNextTag)
    TMR_SR_hasMoreTags                       0x08007a91   Thumb Code   528  serial_reader.o(i.TMR_SR_hasMoreTags)
    TMR_SR_msgAddGEN2BlockErase              0x08007cb5   Thumb Code   196  serial_reader_l3.o(i.TMR_SR_msgAddGEN2BlockErase)
    TMR_SR_msgAddGEN2BlockPermaLock          0x08007d7d   Thumb Code   234  serial_reader_l3.o(i.TMR_SR_msgAddGEN2BlockPermaLock)
    TMR_SR_msgAddGEN2BlockWrite              0x08007e67   Thumb Code   264  serial_reader_l3.o(i.TMR_SR_msgAddGEN2BlockWrite)
    TMR_SR_msgAddGEN2DataRead                0x08007f71   Thumb Code   160  serial_reader_l3.o(i.TMR_SR_msgAddGEN2DataRead)
    TMR_SR_msgAddGEN2DataWrite               0x08008015   Thumb Code   134  serial_reader_l3.o(i.TMR_SR_msgAddGEN2DataWrite)
    TMR_SR_msgAddGEN2KillTag                 0x080080a1   Thumb Code   108  serial_reader_l3.o(i.TMR_SR_msgAddGEN2KillTag)
    TMR_SR_msgAddGEN2LockTag                 0x08008111   Thumb Code   148  serial_reader_l3.o(i.TMR_SR_msgAddGEN2LockTag)
    TMR_SR_msgAddGEN2WriteTagEPC             0x080081a9   Thumb Code    76  serial_reader_l3.o(i.TMR_SR_msgAddGEN2WriteTagEPC)
    TMR_SR_msgSetupMultipleProtocolSearch    0x080081f5   Thumb Code   680  serial_reader_l3.o(i.TMR_SR_msgSetupMultipleProtocolSearch)
    TMR_SR_msgSetupReadTagMultiple           0x080084a1   Thumb Code    34  serial_reader_l3.o(i.TMR_SR_msgSetupReadTagMultiple)
    TMR_SR_msgSetupReadTagMultipleWithMetadata 0x080084c5   Thumb Code   604  serial_reader_l3.o(i.TMR_SR_msgSetupReadTagMultipleWithMetadata)
    TMR_SR_msgSetupReadTagSingle             0x08008725   Thumb Code   110  serial_reader_l3.o(i.TMR_SR_msgSetupReadTagSingle)
    TMR_SR_parseMetadataFromMessage          0x08009969   Thumb Code   306  serial_reader_l3.o(i.TMR_SR_parseMetadataFromMessage)
    TMR_SR_parseMetadataOnly                 0x08009a9b   Thumb Code   522  serial_reader_l3.o(i.TMR_SR_parseMetadataOnly)
    TMR_SR_postprocessReaderSpecificMetadata 0x08009ca5   Thumb Code   248  serial_reader_l3.o(i.TMR_SR_postprocessReaderSpecificMetadata)
    TMR_SR_read                              0x08009d9d   Thumb Code   206  serial_reader.o(i.TMR_SR_read)
    TMR_SR_receiveMessage                    0x0800a2a1   Thumb Code   430  serial_reader_l3.o(i.TMR_SR_receiveMessage)
    TMR_SR_send                              0x0800a485   Thumb Code     8  serial_reader_l3.o(i.TMR_SR_send)
    TMR_SR_sendBytes                         0x0800a48d   Thumb Code    48  serial_reader_l3.o(i.TMR_SR_sendBytes)
    TMR_SR_sendMessage                       0x0800a4bd   Thumb Code   220  serial_reader_l3.o(i.TMR_SR_sendMessage)
    TMR_SR_sendTimeout                       0x0800a5a1   Thumb Code    94  serial_reader_l3.o(i.TMR_SR_sendTimeout)
    TMR_TRD_init                             0x0800a5ff   Thumb Code   116  tm_reader.o(i.TMR_TRD_init)
    TMR__notifyTransportListeners            0x0800a673   Thumb Code    46  tm_reader.o(i.TMR__notifyTransportListeners)
    TMR_bytesToHex                           0x0800a6a1   Thumb Code    42  hex_bytes.o(i.TMR_bytesToHex)
    TMR_create                               0x0800a6d1   Thumb Code   364  tm_reader.o(i.TMR_create)
    TMR_fillReaderStats                      0x0800a861   Thumb Code   474  serial_reader_l3.o(i.TMR_fillReaderStats)
    TMR_hexDottedQuad                        0x0800aa41   Thumb Code    52  hex_bytes.o(i.TMR_hexDottedQuad)
    TMR_paramGet                             0x0800ab0d   Thumb Code    34  tm_reader.o(i.TMR_paramGet)
    TMR_paramProbe                           0x0800ab2f   Thumb Code    74  tm_reader.o(i.TMR_paramProbe)
    TMR_paramSet                             0x0800ab79   Thumb Code     6  tm_reader.o(i.TMR_paramSet)
    TMR_reader_init_internal                 0x0800ab7f   Thumb Code   102  tm_reader.o(i.TMR_reader_init_internal)
    TMR_stringCopy                           0x0800abe5   Thumb Code    36  tmr_utils.o(i.TMR_stringCopy)
    UART2_Config_Baurd                       0x0800ac09   Thumb Code    10  uart2.o(i.UART2_Config_Baurd)
    UART2_Init                               0x0800ac19   Thumb Code   150  uart2.o(i.UART2_Init)
    UART2_Init_Check                         0x0800acc1   Thumb Code   152  uart2.o(i.UART2_Init_Check)
    UART2_Receive_Data                       0x0800ad69   Thumb Code    30  uart2.o(i.UART2_Receive_Data)
    UART2_Send_Data                          0x0800ad91   Thumb Code    22  uart2.o(i.UART2_Send_Data)
    UART3_Receive_Data                       0x0800adb1   Thumb Code    44  uart3.o(i.UART3_Receive_Data)
    UART3_Send_Data                          0x0800ade5   Thumb Code    22  uart3.o(i.UART3_Send_Data)
    UART4_Disable_Interrupt                  0x0800ae05   Thumb Code     6  uart4.o(i.UART4_Disable_Interrupt)
    UART4_Enable_Interrupt                   0x0800ae0b   Thumb Code    22  uart4.o(i.UART4_Enable_Interrupt)
    UART4_IRQHandler                         0x0800ae21   Thumb Code    50  uart4.o(i.UART4_IRQHandler)
    UART4_Init                               0x0800ae5d   Thumb Code   140  uart4.o(i.UART4_Init)
    UART4_Receive_Data                       0x0800aef9   Thumb Code    52  uart4.o(i.UART4_Receive_Data)
    UART4_Send_Data                          0x0800af35   Thumb Code    22  uart4.o(i.UART4_Send_Data)
    UART5_Disable_Interrupt                  0x0800af55   Thumb Code     6  uart5.o(i.UART5_Disable_Interrupt)
    UART5_Enable_Interrupt                   0x0800af5b   Thumb Code    22  uart5.o(i.UART5_Enable_Interrupt)
    UART5_IRQHandler                         0x0800af71   Thumb Code    50  uart5.o(i.UART5_IRQHandler)
    UART5_Init                               0x0800afad   Thumb Code   154  uart5.o(i.UART5_Init)
    UART5_Receive_Data                       0x0800b05d   Thumb Code    44  uart5.o(i.UART5_Receive_Data)
    UART5_Send_Data                          0x0800b091   Thumb Code    22  uart5.o(i.UART5_Send_Data)
    USART1_IRQHandler                        0x0800b3c1   Thumb Code    34  usart.o(i.USART1_IRQHandler)
    USART2_IRQHandler                        0x0800b3ed   Thumb Code   102  uart2.o(i.USART2_IRQHandler)
    USART3_IRQHandler                        0x0800b45d   Thumb Code    50  uart3.o(i.USART3_IRQHandler)
    Uart2_Config_Init                        0x0800b499   Thumb Code    18  uart_config.o(i.Uart2_Config_Init)
    Uart2_Rx_Clear                           0x0800b4ad   Thumb Code     8  uart2.o(i.Uart2_Rx_Clear)
    Uart3_Rx_Clear                           0x0800b4b9   Thumb Code     8  uart3.o(i.Uart3_Rx_Clear)
    Uart4_Rx_Clear                           0x0800b4c5   Thumb Code     8  uart4.o(i.Uart4_Rx_Clear)
    Uart_Clear_Context                       0x0800b4d1   Thumb Code    18  uart_config.o(i.Uart_Clear_Context)
    Uart_Select_Baby                         0x0800b4e5   Thumb Code   186  uart_choose.o(i.Uart_Select_Baby)
    Uart_cs_init                             0x0800b5ad   Thumb Code    56  uart_choose.o(i.Uart_cs_init)
    UsageFault_Handler                       0x0800b5ed   Thumb Code     2  stm32f1xx_it.o(i.UsageFault_Handler)
    Weight_Sensor_Init                       0x0800b5f1   Thumb Code    70  weight.o(i.Weight_Sensor_Init)
    __0printf$8                              0x0800b641   Thumb Code    22  printf8.o(i.__0printf$8)
    __1printf$8                              0x0800b641   Thumb Code     0  printf8.o(i.__0printf$8)
    __2printf                                0x0800b641   Thumb Code     0  printf8.o(i.__0printf$8)
    __0sprintf$8                             0x0800b661   Thumb Code    34  printf8.o(i.__0sprintf$8)
    __1sprintf$8                             0x0800b661   Thumb Code     0  printf8.o(i.__0sprintf$8)
    __2sprintf                               0x0800b661   Thumb Code     0  printf8.o(i.__0sprintf$8)
    __InfoBoard__                            0x0800b689   Thumb Code    26  slave_uart_control_interface.o(i.__InfoBoard__)
    __Light_Sensor_Get__                     0x0800b6c5   Thumb Code   130  light.o(i.__Light_Sensor_Get__)
    __Normal_Pitch_Move_Next__               0x0800b75d   Thumb Code    50  step01.o(i.__Normal_Pitch_Move_Next__)
    __ack_error_msg__                        0x0800b78f   Thumb Code    94  main.o(i.__ack_error_msg__)
    malloc                                   0x0800b7ed   Thumb Code    64  mallocr.o(i.__malloc$realloc)
    __scatterload_copy                       0x0800b83d   Thumb Code    14  handlers.o(i.__scatterload_copy)
    __scatterload_null                       0x0800b84b   Thumb Code     2  handlers.o(i.__scatterload_null)
    __scatterload_zeroinit                   0x0800b84d   Thumb Code    14  handlers.o(i.__scatterload_zeroinit)
    caculate_tansfer_check_bit               0x0800c7ad   Thumb Code    90  check_rs232.o(i.caculate_tansfer_check_bit)
    checkForAvailableFeatures                0x0800c80d   Thumb Code    66  tm_reader.o(i.checkForAvailableFeatures)
    cheminert_c52_c55_transfer               0x0800c851   Thumb Code   166  cheminert_c52.o(i.cheminert_c52_c55_transfer)
    compareAntennas                          0x0800c93d   Thumb Code   120  serial_reader.o(i.compareAntennas)
    compareVersion                           0x0800c9b5   Thumb Code    58  serial_reader.o(i.compareVersion)
    delay_init                               0x0800c9f1   Thumb Code    16  delay.o(i.delay_init)
    delay_ms                                 0x0800ca05   Thumb Code    26  delay.o(i.delay_ms)
    delay_us                                 0x0800ca21   Thumb Code    48  delay.o(i.delay_us)
    electromagnetic_control                  0x0800ca55   Thumb Code     2  electromagnetic.o(i.electromagnetic_control)
    electromagnetic_control_package          0x0800ca57   Thumb Code     2  electromagnetic.o(i.electromagnetic_control_package)
    export_liquid_control                    0x0800ca59   Thumb Code    14  export_liquid.o(i.export_liquid_control)
    extractGen2MemoryBankValues              0x0800ca6d   Thumb Code   164  serial_reader_l3.o(i.extractGen2MemoryBankValues)
    fputc                                    0x0800cdc1   Thumb Code    18  usart.o(i.fputc)
    get_motor_rest_steps                     0x0800cef9   Thumb Code    56  step01.o(i.get_motor_rest_steps)
    get_weight_sensor_value                  0x0800cf39   Thumb Code    40  weight.o(i.get_weight_sensor_value)
    init_mix_motor_config                    0x0800d12d   Thumb Code    28  step01.o(i.init_mix_motor_config)
    init_motor_device                        0x0800d14d   Thumb Code    88  step01.o(i.init_motor_device)
    isAntDetectEnabled                       0x0800d1fd   Thumb Code   128  tm_reader.o(i.isAntDetectEnabled)
    isContinuousReadParamSupported           0x0800d2a5   Thumb Code   186  serial_reader_l3.o(i.isContinuousReadParamSupported)
    isMultiSelectSupported                   0x0800d35f   Thumb Code   116  tm_reader.o(i.isMultiSelectSupported)
    l647x_GetMotorHandle                     0x0800d3d3   Thumb Code     4  x_nucleo_ihmxx.o(i.l647x_GetMotorHandle)
    l648x_GetMotorHandle                     0x0800d3d7   Thumb Code     4  x_nucleo_ihmxx.o(i.l648x_GetMotorHandle)
    main                                     0x0800d3dd   Thumb Code   162  main.o(i.main)
    prepForSearch                            0x0800d525   Thumb Code   106  serial_reader.o(i.prepForSearch)
    process_motor_command_receive            0x0800d595   Thumb Code   294  factory_many.o(i.process_motor_command_receive)
    protocol_handle_uart_powerstep01_plain_slave_cmd 0x0800dbd5   Thumb Code  1208  slave_uart_control_interface.o(i.protocol_handle_uart_powerstep01_plain_slave_cmd)
    pump_s100_transfer                       0x0800e24d   Thumb Code   300  pump_s100.o(i.pump_s100_transfer)
    scan_connect_test                        0x0800e4b9   Thumb Code    34  fm100.o(i.scan_connect_test)
    setAntennaReadTimeHelper                 0x0800e561   Thumb Code   242  serial_reader.o(i.setAntennaReadTimeHelper)
    setAntennaReadTimeList                   0x0800e65d   Thumb Code    76  serial_reader.o(i.setAntennaReadTimeList)
    set_DelayMs_Normal_Positon               0x0800e805   Thumb Code     8  factory_many.o(i.set_DelayMs_Normal_Positon)
    set_mix_motor_config                     0x0800e811   Thumb Code     8  step01.o(i.set_mix_motor_config)
    tm_gettime_consistent                    0x0800e859   Thumb Code    38  tmr_utils.o(i.tm_gettime_consistent)
    tm_memcpy                                0x0800e87f   Thumb Code    22  tmr_utils.o(i.tm_memcpy)
    tm_strcpy                                0x0800e895   Thumb Code    16  tmr_utils.o(i.tm_strcpy)
    tm_time_subtract                         0x0800e8a5   Thumb Code    14  tmr_utils.o(i.tm_time_subtract)
    tm_u8s_per_bits                          0x0800e8b3   Thumb Code    16  tmr_utils.o(i.tm_u8s_per_bits)
    tmr_gettime                              0x0800e8c5   Thumb Code    32  osdep_stm32f103rb.o(i.tmr_gettime)
    tmr_gettime_high                         0x0800e8e9   Thumb Code    10  osdep_stm32f103rb.o(i.tmr_gettime_high)
    tmr_gettime_low                          0x0800e8f3   Thumb Code     8  osdep_stm32f103rb.o(i.tmr_gettime_low)
    tmr_sleep                                0x0800e8fd   Thumb Code    28  osdep_stm32f103rb.o(i.tmr_sleep)
    uart_init                                0x0800e91d   Thumb Code    28  usart.o(i.uart_init)
    validateParams                           0x0800e941   Thumb Code   108  serial_reader.o(i.validateParams)
    validateReadPlan                         0x0800e9ad   Thumb Code   150  tm_reader.o(i.validateReadPlan)
    verifySearchStatus                       0x0800ea4d   Thumb Code   130  serial_reader.o(i.verifySearchStatus)
    versionCompare                           0x0800ead5   Thumb Code    46  tm_reader.o(i.versionCompare)
    AHBPrescTable                            0x0800eb33   Data          16  system_stm32f1xx.o(.constdata)
    APBPrescTable                            0x0800eb43   Data           8  system_stm32f1xx.o(.constdata)
    Region$$Table$$Base                      0x0800ee70   Number         0  anon$$obj.o(Region$$Table)
    Region$$Table$$Limit                     0x0800ee90   Number         0  anon$$obj.o(Region$$Table)
    SystemCoreClock                          0x20000000   Data           4  system_stm32f1xx.o(.data)
    uCRCErrorWorkaroundCheck                 0x20000008   Data           1  stm32f1xx_hal_spi_ex.o(.data)
    aRxBuffer                                0x20000010   Data           1  usart.o(.data)
    USART_RX_STA                             0x20000012   Data           2  usart.o(.data)
    __stdout                                 0x20000014   Data           4  usart.o(.data)
    busyInterruptCallback                    0x20000020   Data           4  powerstep01.o(.data)
    flagInterruptCallback                    0x20000024   Data           4  powerstep01.o(.data)
    errorHandlerCallback                     0x20000028   Data           4  powerstep01.o(.data)
    powerstep01Drv                           0x2000002c   Data         356  powerstep01.o(.data)
    UART3_RX_CNT                             0x200001a4   Data           4  uart3.o(.data)
    gStatusLight                             0x200001a8   Data           3  light.o(.data)
    FLAG_RECEIVE_ACK_PUMP100                 0x200001ac   Data           4  pump_s100.o(.data)
    FLAG_RECEIVE_ANSOWER_PUMP100             0x200001b0   Data           4  pump_s100.o(.data)
    UART4_RX_CNT                             0x20000290   Data           4  uart4.o(.data)
    ThermometerHandle                        0x200002a4   Data           4  keep_temperature.o(.data)
    ds18b20                                  0x200002a8   Data          20  keep_temperature.o(.data)
    FLAG_RECEIVE_RFID                        0x200002bc   Data           1  uart2.o(.data)
    FLAG_SCAN_OK                             0x200002bd   Data           1  uart2.o(.data)
    USART2_RX_CNT                            0x200002c0   Data           4  uart2.o(.data)
    FM100_Read                               0x200002d0   Data           4  fm100.o(.data)
    FM100_Write                              0x200002d4   Data           4  fm100.o(.data)
    BL180_Read                               0x200002d8   Data           4  bl180.o(.data)
    BL180_Write                              0x200002dc   Data           4  bl180.o(.data)
    FLAG_RECEIVE_ANSOWER_BL180               0x200002e0   Data           4  bl180.o(.data)
    ScanHandle                               0x200002e4   Data           4  bl180.o(.data)
    bl180                                    0x200002e8   Data           8  bl180.o(.data)
    fm100                                    0x200002f0   Data           8  bl180.o(.data)
    isStatsCmdSent                           0x20000315   Data           1  serial_reader.o(.data)
    isClearTagBufferCmdSent                  0x20000316   Data           1  serial_reader.o(.data)
    isMultiSelectEnabled                     0x20000318   Data           1  serial_reader_l3.o(.data)
    isEmbeddedTagopEnabled                   0x20000319   Data           1  serial_reader_l3.o(.data)
    isSecureAccessEnabled                    0x2000031a   Data           1  serial_reader_l3.o(.data)
    M6E_Read                                 0x2000033c   Data           4  serial_transport_stm32f103rb.o(.data)
    M6E_Write                                0x20000340   Data           4  serial_transport_stm32f103rb.o(.data)
    UART5_RX_CNT                             0x20000350   Data           4  uart5.o(.data)
    __microlib_freelist                      0x20000364   Data           4  mvars.o(.data)
    __microlib_freelist_initialised          0x20000368   Data           4  mvars.o(.data)
    USART_RX_BUF                             0x2000036c   Data         200  usart.o(.bss)
    UART1_Handler                            0x20000434   Data          64  usart.o(.bss)
    hTimStepClock                            0x200004f4   Data          60  x_nucleo_ihm03a1_stm32f1xx.o(.bss)
    USART3_Handler                           0x20000530   Data          64  uart3.o(.bss)
    UART3_RX_BUF                             0x20000570   Data         128  uart3.o(.bss)
    TIM3_Handler                             0x200005f0   Data          60  timer.o(.bss)
    TIM5_Handler                             0x2000062c   Data          60  timer.o(.bss)
    TIM3_CH4Handler                          0x20000668   Data          28  timer.o(.bss)
    UART4_Handler                            0x2000071c   Data          64  uart4.o(.bss)
    UART4_RX_BUF                             0x2000075c   Data         128  uart4.o(.bss)
    calibration                              0x200007e0   Data          24  keep_temperature.o(.bss)
    state                                    0x200007f8   Data          48  keep_temperature.o(.bss)
    pid                                      0x20000828   Data          60  keep_temperature.o(.bss)
    USART2_Handler                           0x20000864   Data          64  uart2.o(.bss)
    USART2_RX_BUF                            0x200008a4   Data         128  uart2.o(.bss)
    SPI3_Handler                             0x200016c8   Data          88  spi3.o(.bss)
    UART5_Handler                            0x20001720   Data          64  uart5.o(.bss)
    UART5_RX_BUF                             0x20001760   Data         128  uart5.o(.bss)
    __heap_base                              0x200017f8   Data           0  startup_stm32f103xe.o(HEAP)
    __heap_limit                             0x200019f8   Data           0  startup_stm32f103xe.o(HEAP)
    __initial_sp                             0x20001df8   Data           0  startup_stm32f103xe.o(STACK)



==============================================================================

Memory Map of the image

  Image Entry point : 0x08000131

  Load Region LR_IROM1 (Base: 0x08000000, Size: 0x0000f1fc, Max: 0x00080000, ABSOLUTE, COMPRESSED[0x0000f004])

    Execution Region ER_IROM1 (Base: 0x08000000, Size: 0x0000ee90, Max: 0x00080000, ABSOLUTE)

    Base Addr    Size         Type   Attr      Idx    E Section Name        Object

    0x08000000   0x00000130   Data   RO          730    RESET               startup_stm32f103xe.o
    0x08000130   0x00000000   Code   RO        10722  * .ARM.Collect$$$$00000000  mc_w.l(entry.o)
    0x08000130   0x00000004   Code   RO        11072    .ARM.Collect$$$$00000001  mc_w.l(entry2.o)
    0x08000134   0x00000004   Code   RO        11075    .ARM.Collect$$$$00000004  mc_w.l(entry5.o)
    0x08000138   0x00000000   Code   RO        11077    .ARM.Collect$$$$00000008  mc_w.l(entry7b.o)
    0x08000138   0x00000000   Code   RO        11079    .ARM.Collect$$$$0000000A  mc_w.l(entry8b.o)
    0x08000138   0x00000008   Code   RO        11080    .ARM.Collect$$$$0000000B  mc_w.l(entry9a.o)
    0x08000140   0x00000000   Code   RO        11082    .ARM.Collect$$$$0000000D  mc_w.l(entry10a.o)
    0x08000140   0x00000000   Code   RO        11084    .ARM.Collect$$$$0000000F  mc_w.l(entry11a.o)
    0x08000140   0x00000004   Code   RO        11073    .ARM.Collect$$$$00002712  mc_w.l(entry2.o)
    0x08000144   0x00000024   Code   RO          731    .text               startup_stm32f103xe.o
    0x08000168   0x0000001e   Code   RO        10725    .text               mc_w.l(llshl.o)
    0x08000186   0x00000040   Code   RO        10729    .text               mc_w.l(memmovea.o)
    0x080001c6   0x00000024   Code   RO        10731    .text               mc_w.l(memseta.o)
    0x080001ea   0x00000018   Code   RO        10733    .text               mc_w.l(strncpy.o)
    0x08000202   0x0000000e   Code   RO        10735    .text               mc_w.l(strlen.o)
    0x08000210   0x0000001c   Code   RO        10737    .text               mc_w.l(strcmp.o)
    0x0800022c   0x0000001e   Code   RO        10741    .text               mc_w.l(strncmp.o)
    0x0800024a   0x00000002   PAD
    0x0800024c   0x00000044   Code   RO        10743    .text               mc_w.l(strtok.o)
    0x08000290   0x000000b0   Code   RO        11042    .text               mf_w.l(fadd.o)
    0x08000340   0x00000064   Code   RO        11044    .text               mf_w.l(fmul.o)
    0x080003a4   0x00000018   Code   RO        11046    .text               mf_w.l(fscalb.o)
    0x080003bc   0x0000014e   Code   RO        11048    .text               mf_w.l(dadd.o)
    0x0800050a   0x000000e4   Code   RO        11050    .text               mf_w.l(dmul.o)
    0x080005ee   0x00000012   Code   RO        11054    .text               mf_w.l(fflti.o)
    0x08000600   0x0000000a   Code   RO        11056    .text               mf_w.l(ffltui.o)
    0x0800060a   0x00000022   Code   RO        11058    .text               mf_w.l(dflti.o)
    0x0800062c   0x00000028   Code   RO        11062    .text               mf_w.l(ffixui.o)
    0x08000654   0x00000038   Code   RO        11068    .text               mf_w.l(d2f.o)
    0x0800068c   0x00000014   Code   RO        11070    .text               mf_w.l(cfrcmple.o)
    0x080006a0   0x00000062   Code   RO        11088    .text               mc_w.l(uldiv.o)
    0x08000702   0x00000020   Code   RO        11090    .text               mc_w.l(llushr.o)
    0x08000722   0x00000024   Code   RO        11092    .text               mc_w.l(llsshr.o)
    0x08000746   0x00000000   Code   RO        11096    .text               mc_w.l(iusefp.o)
    0x08000746   0x0000006e   Code   RO        11097    .text               mf_w.l(fepilogue.o)
    0x080007b4   0x000000ba   Code   RO        11099    .text               mf_w.l(depilogue.o)
    0x0800086e   0x00000002   PAD
    0x08000870   0x00000024   Code   RO        11105    .text               mc_w.l(init.o)
    0x08000894   0x00000056   Code   RO        11115    .text               mc_w.l(__dczerorl2.o)
    0x080008ea   0x0000002e   Code   RO         6128    i.AD_Sensor_Get_Data  weight.o
    0x08000918   0x00000014   Code   RO         4920    i.BSP_MotorControl_ErrorHandler  x_nucleo_ihmxx.o
    0x0800092c   0x00000018   Code   RO         4951    i.BSP_MotorControl_HardStop  x_nucleo_ihmxx.o
    0x08000944   0x0000001e   Code   RO         6295    i.BSP_MotorControl_HardStop_Select  factory_many.o
    0x08000962   0x00000002   PAD
    0x08000964   0x0000001c   Code   RO         4952    i.BSP_MotorControl_Init  x_nucleo_ihmxx.o
    0x08000980   0x00000018   Code   RO         4954    i.BSP_MotorControl_Move  x_nucleo_ihmxx.o
    0x08000998   0x00000022   Code   RO         6296    i.BSP_MotorControl_Move_Select  factory_many.o
    0x080009ba   0x00000002   PAD
    0x080009bc   0x000000a0   Code   RO         4974    i.BSP_MotorControl_SetNbDevices  x_nucleo_ihmxx.o
    0x08000a5c   0x00000018   Code   RO         4986    i.BSP_MotorControl_WaitWhileActive  x_nucleo_ihmxx.o
    0x08000a74   0x0000002a   Code   RO         6201    i.BSP_Motor_Control_Init  step01.o
    0x08000a9e   0x00000056   Code   RO         6297    i.Belt_Move_At_SameTime  factory_many.o
    0x08000af4   0x00000028   Code   RO         5658    i.Big_Little_Endian_Convert  pump_s100.o
    0x08000b1c   0x00000002   Code   RO          480    i.BusFault_Handler  stm32f1xx_it.o
    0x08000b1e   0x00000004   Code   RO         7018    i.C52_connect_check  slave_uart_control_interface.o
    0x08000b22   0x0000001c   Code   RO         6298    i.C55_C52_connect_check  factory_many.o
    0x08000b3e   0x00000004   Code   RO         7019    i.C55_connect_check  slave_uart_control_interface.o
    0x08000b42   0x0000005c   Code   RO         5659    i.CRC_Digital_Convert_Get  pump_s100.o
    0x08000b9e   0x00000002   PAD
    0x08000ba0   0x00000050   Code   RO            4    i.Check_Board_Define_Config  main.o
    0x08000bf0   0x00000040   Code   RO         6202    i.Choose_Single_Motor_Speed_Config  step01.o
    0x08000c30   0x00000030   Code   RO         6299    i.ClearAndCheckBlankPosition  factory_many.o
    0x08000c60   0x00000030   Code   RO         6300    i.ClearAndCheckWaitPosition  factory_many.o
    0x08000c90   0x0000001c   Code   RO         7831    i.Clear_Storage_Info_Rfid  m6e_apply.o
    0x08000cac   0x00000218   Code   RO         6203    i.ConfigMotorAllDevice  step01.o
    0x08000ec4   0x00000020   Code   RO         7714    i.Config_BL80_Transfer  bl180.o
    0x08000ee4   0x00000020   Code   RO         9494    i.Config_M6e_Transfer  serial_transport_stm32f103rb.o
    0x08000f04   0x00000026   Code   RO         7406    i.Control_Scan_FM100_Beeper  fm100.o
    0x08000f2a   0x00000004   Code   RO         6591    i.DS18B20_Init      ds18b20.o
    0x08000f2e   0x00000002   Code   RO          481    i.DebugMon_Handler  stm32f1xx_it.o
    0x08000f30   0x0000000c   Code   RO         7832    i.Destory_M6e_Config  m6e_apply.o
    0x08000f3c   0x00000006   Code   RO         5546    i.EXTI0_IRQHandler  light.o
    0x08000f42   0x00000006   Code   RO         5547    i.EXTI15_10_IRQHandler  light.o
    0x08000f48   0x00000006   Code   RO         5548    i.EXTI1_IRQHandler  light.o
    0x08000f4e   0x00000006   Code   RO          482    i.EXTI2_IRQHandler  stm32f1xx_it.o
    0x08000f54   0x00000006   Code   RO          483    i.EXTI3_IRQHandler  stm32f1xx_it.o
    0x08000f5a   0x00000006   Code   RO         5549    i.EXTI9_5_IRQHandler  light.o
    0x08000f60   0x000000ac   Code   RO         7715    i.End_BL180         bl180.o
    0x0800100c   0x00000008   Code   RO        10052    i.Exit_BL180_Uart_Config  uart_config.o
    0x08001014   0x00000008   Code   RO        10053    i.Exit_RFID_Uart_Config  uart_config.o
    0x0800101c   0x00000040   Code   RO        10402    i.Export_Liquid_Control_Init  export_liquid.o
    0x0800105c   0x0000007c   Code   RO         7407    i.FM100_Scan_Close_Beeper  fm100.o
    0x080010d8   0x00000040   Code   RO         7408    i.FM100_Scan_Code_Programming  fm100.o
    0x08001118   0x00000084   Code   RO         7409    i.FM100_Scan_Command_Mode  fm100.o
    0x0800119c   0x0000008c   Code   RO         7413    i.FM100_Scan_Control_Status  fm100.o
    0x08001228   0x00000060   Code   RO         7414    i.FM100_Scan_Exit_Configuration_State  fm100.o
    0x08001288   0x0000001c   Code   RO         7415    i.FM100_Scan_Goto_Command_Mode  fm100.o
    0x080012a4   0x00000060   Code   RO         7416    i.FM100_Scan_Into_Configuration_State  fm100.o
    0x08001304   0x0000007c   Code   RO         7417    i.FM100_Scan_Open_Beeper  fm100.o
    0x08001380   0x00000070   Code   RO         7420    i.FM100_Scan_Security  fm100.o
    0x080013f0   0x0000002c   Code   RO         6302    i.First_Open_Motor_AutoCheck_Sensor  factory_many.o
    0x0800141c   0x0000000c   Code   RO         6654    i.GetTemperatureDegree  keep_temperature.o
    0x08001428   0x0000000c   Code   RO         6655    i.GetTemperatureStatus  keep_temperature.o
    0x08001434   0x00000028   Code   RO         6818    i.GetUartReceive    uart_choose.o
    0x0800145c   0x00000028   Code   RO         6819    i.GetUartSend       uart_choose.o
    0x08001484   0x0000002c   Code   RO         6129    i.Get_All_Weight_Sensor_Warnning_Result  weight.o
    0x080014b0   0x00000038   Code   RO         6303    i.Get_Board_Idle_Light_State  factory_many.o
    0x080014e8   0x00000094   Code   RO         7833    i.Get_EPC_String    m6e_apply.o
    0x0800157c   0x00000018   Code   RO        10332    i.Get_Real_Time_Polling_Press  real_time_polling.o
    0x08001594   0x0000001c   Code   RO        10333    i.Get_Real_Time_Polling_Value  real_time_polling.o
    0x080015b0   0x0000003c   Code   RO         6130    i.Get_Single_Weight_Sensor_Warnning_Result  weight.o
    0x080015ec   0x00000004   Code   RO         6131    i.Get_weight_current_gram  weight.o
    0x080015f0   0x0000002c   Code   RO         7021    i.Gravity_Sensor_Setting  slave_uart_control_interface.o
    0x0800161c   0x00000016   Code   RO          745    i.HAL_Delay         stm32f1xx_hal.o
    0x08001632   0x00000002   Code   RO          990    i.HAL_GPIO_EXTI_Callback  stm32f1xx_hal_gpio.o
    0x08001634   0x00000018   Code   RO          991    i.HAL_GPIO_EXTI_IRQHandler  stm32f1xx_hal_gpio.o
    0x0800164c   0x000001ec   Code   RO          992    i.HAL_GPIO_Init     stm32f1xx_hal_gpio.o
    0x08001838   0x0000000a   Code   RO          994    i.HAL_GPIO_ReadPin  stm32f1xx_hal_gpio.o
    0x08001842   0x0000000a   Code   RO          996    i.HAL_GPIO_WritePin  stm32f1xx_hal_gpio.o
    0x0800184c   0x0000000c   Code   RO          749    i.HAL_GetTick       stm32f1xx_hal.o
    0x08001858   0x00000010   Code   RO          750    i.HAL_IncTick       stm32f1xx_hal.o
    0x08001868   0x00000024   Code   RO          751    i.HAL_Init          stm32f1xx_hal.o
    0x0800188c   0x00000022   Code   RO          752    i.HAL_InitTick      stm32f1xx_hal.o
    0x080018ae   0x00000002   Code   RO          690    i.HAL_MspInit       stm32f1xx_hal_msp.o
    0x080018b0   0x00000016   Code   RO          873    i.HAL_NVIC_DisableIRQ  stm32f1xx_hal_cortex.o
    0x080018c6   0x00000016   Code   RO          874    i.HAL_NVIC_EnableIRQ  stm32f1xx_hal_cortex.o
    0x080018dc   0x00000040   Code   RO          880    i.HAL_NVIC_SetPriority  stm32f1xx_hal_cortex.o
    0x0800191c   0x00000024   Code   RO          881    i.HAL_NVIC_SetPriorityGrouping  stm32f1xx_hal_cortex.o
    0x08001940   0x00000180   Code   RO         1217    i.HAL_RCC_ClockConfig  stm32f1xx_hal_rcc.o
    0x08001ac0   0x0000000c   Code   RO         1222    i.HAL_RCC_GetHCLKFreq  stm32f1xx_hal_rcc.o
    0x08001acc   0x00000030   Code   RO         1224    i.HAL_RCC_GetPCLK1Freq  stm32f1xx_hal_rcc.o
    0x08001afc   0x00000030   Code   RO         1225    i.HAL_RCC_GetPCLK2Freq  stm32f1xx_hal_rcc.o
    0x08001b2c   0x00000088   Code   RO         1226    i.HAL_RCC_GetSysClockFreq  stm32f1xx_hal_rcc.o
    0x08001bb4   0x0000057a   Code   RO         1229    i.HAL_RCC_OscConfig  stm32f1xx_hal_rcc.o
    0x0800212e   0x00000002   PAD
    0x08002130   0x00000088   Code   RO         3727    i.HAL_SPI_Init      stm32f1xx_hal_spi_ex.o
    0x080021b8   0x000000ec   Code   RO          692    i.HAL_SPI_MspInit   stm32f1xx_hal_msp.o
    0x080022a4   0x000002b2   Code   RO         3499    i.HAL_SPI_TransmitReceive  stm32f1xx_hal_spi.o
    0x08002556   0x00000018   Code   RO          883    i.HAL_SYSTICK_CLKSourceConfig  stm32f1xx_hal_cortex.o
    0x0800256e   0x00000028   Code   RO          885    i.HAL_SYSTICK_Config  stm32f1xx_hal_cortex.o
    0x08002596   0x00000002   PAD
    0x08002598   0x0000006c   Code   RO         1963    i.HAL_TIM_PWM_Start_IT  stm32f1xx_hal_tim.o
    0x08002604   0x00000088   Code   RO         1966    i.HAL_TIM_PWM_Stop_IT  stm32f1xx_hal_tim.o
    0x0800268c   0x00000002   Code   RO         1366    i.HAL_UART_ErrorCallback  stm32f1xx_hal_uart.o
    0x0800268e   0x00000006   Code   RO         1368    i.HAL_UART_GetState  stm32f1xx_hal_uart.o
    0x08002694   0x000000d8   Code   RO         1369    i.HAL_UART_IRQHandler  stm32f1xx_hal_uart.o
    0x0800276c   0x0000005e   Code   RO         1370    i.HAL_UART_Init     stm32f1xx_hal_uart.o
    0x080027ca   0x00000002   PAD
    0x080027cc   0x0000008c   Code   RO         3892    i.HAL_UART_MspInit  usart.o
    0x08002858   0x000000ca   Code   RO         1373    i.HAL_UART_Receive  stm32f1xx_hal_uart.o
    0x08002922   0x00000068   Code   RO         1375    i.HAL_UART_Receive_IT  stm32f1xx_hal_uart.o
    0x0800298a   0x00000002   PAD
    0x0800298c   0x00000058   Code   RO         3893    i.HAL_UART_RxCpltCallback  usart.o
    0x080029e4   0x000000c8   Code   RO         1378    i.HAL_UART_Transmit  stm32f1xx_hal_uart.o
    0x08002aac   0x00000002   Code   RO         1381    i.HAL_UART_TxCpltCallback  stm32f1xx_hal_uart.o
    0x08002aae   0x00000002   Code   RO          484    i.HardFault_Handler  stm32f1xx_it.o
    0x08002ab0   0x00000016   Code   RO         7721    i.Init_BL180        bl180.o
    0x08002ac6   0x00000002   PAD
    0x08002ac8   0x000000d0   Code   RO            5    i.Init_Board_Config  main.o
    0x08002b98   0x0000023c   Code   RO         7834    i.Init_M6e_Config   m6e_apply.o
    0x08002dd4   0x0000004c   Code   RO         7423    i.Init_Scan_FM100   fm100.o
    0x08002e20   0x0000006a   Code   RO         9555    i.IsAntennaReadTimeEnabled  tm_reader.o
    0x08002e8a   0x0000008c   Code   RO         9556    i.IsDutyCycleEnabled  tm_reader.o
    0x08002f16   0x00000002   Code   RO         6656    i.KeepTemperatureDegree  keep_temperature.o
    0x08002f18   0x00000004   Code   RO         4987    i.L6206_GetMotorHandle  x_nucleo_ihmxx.o
    0x08002f1c   0x00000004   Code   RO         4988    i.L6208_GetMotorHandle  x_nucleo_ihmxx.o
    0x08002f20   0x00000004   Code   RO         4989    i.L6474_GetMotorHandle  x_nucleo_ihmxx.o
    0x08002f24   0x00000040   Code   RO         6304    i.LeftMoveTowardWaitPosition  factory_many.o
    0x08002f64   0x0000001e   Code   RO         5552    i.Light_Sensor_Get  light.o
    0x08002f82   0x00000002   PAD
    0x08002f84   0x00000130   Code   RO         5553    i.Light_Sensor_Get_All  light.o
    0x080030b4   0x000000cc   Code   RO         5554    i.Light_Sensor_Init  light.o
    0x08003180   0x00000024   Code   RO         7683    i.Liquid_Sensor_Get  liquid_sensor.o
    0x080031a4   0x0000003c   Code   RO         7684    i.Liquid_Sensor_Init  liquid_sensor.o
    0x080031e0   0x00000008   Code   RO        10054    i.Load_BL180_Uart_Config  uart_config.o
    0x080031e8   0x00000008   Code   RO        10055    i.Load_RFID_Uart_Config  uart_config.o
    0x080031f0   0x00000014   Code   RO         7835    i.M6e_Magic_Get_One_Rfid_Info  m6e_apply.o
    0x08003204   0x0000001c   Code   RO         7836    i.M6e_Magic_Read_Rfid_Info  m6e_apply.o
    0x08003220   0x000001e8   Code   RO         7839    i.M6e_Read_Info     m6e_apply.o
    0x08003408   0x0000006c   Code   RO         6306    i.March_Transporter_Belt  factory_many.o
    0x08003474   0x00000028   Code   RO         6307    i.March_high_wheel  factory_many.o
    0x0800349c   0x0000003e   Code   RO        10261    i.Master_Mini_Board_Get_Degree  mini_board_protocol.o
    0x080034da   0x0000002e   Code   RO        10262    i.Master_Mini_Board_Set_Degree  mini_board_protocol.o
    0x08003508   0x00000104   Code   RO        10263    i.Master_Mini_Board_Transfer_Interface  mini_board_protocol.o
    0x0800360c   0x00000002   Code   RO          485    i.MemManage_Handler  stm32f1xx_it.o
    0x0800360e   0x00000002   PAD
    0x08003610   0x00000074   Code   RO         6308    i.Mix_Blood_High_Speed  factory_many.o
    0x08003684   0x00000020   Code   RO         6309    i.Mix_Work_Goto_Postion  factory_many.o
    0x080036a4   0x0000001e   Code   RO         6310    i.Motor_Move_And_Wait  factory_many.o
    0x080036c2   0x00000024   Code   RO         6311    i.Motor_Move_And_Wait_Select  factory_many.o
    0x080036e6   0x00000002   Code   RO          486    i.NMI_Handler       stm32f1xx_it.o
    0x080036e8   0x00000020   Code   RO          887    i.NVIC_SetPriority  stm32f1xx_hal_cortex.o
    0x08003708   0x00000028   Code   RO         6312    i.Normal_Goto_First_Position  factory_many.o
    0x08003730   0x00000028   Code   RO         6314    i.Normal_Pitch_Move_Next  factory_many.o
    0x08003758   0x00000028   Code   RO         6315    i.Normal_Pitch_Move_Next_The_Last_Two  factory_many.o
    0x08003780   0x000001d8   Code   RO         7424    i.Obtain_Barcode_String  fm100.o
    0x08003958   0x00000002   Code   RO          487    i.PendSV_Handler    stm32f1xx_it.o
    0x0800395a   0x00000002   PAD
    0x0800395c   0x000000a4   Code   RO         4763    i.PowerStep_Select_Motor_Baby  x_nucleo_ihm03a1_stm32f1xx.o
    0x08003a00   0x00000014   Code   RO         4502    i.Powerstep01_AccDec_RegVal_to_Steps_s2  powerstep01.o
    0x08003a14   0x0000001c   Code   RO         4437    i.Powerstep01_AccDec_Steps_s2_to_RegVal  powerstep01.o
    0x08003a30   0x0000000c   Code   RO         4031    i.Powerstep01_AttachBusyInterrupt  powerstep01.o
    0x08003a3c   0x0000000c   Code   RO         4032    i.Powerstep01_AttachErrorHandler  powerstep01.o
    0x08003a48   0x0000000c   Code   RO         4033    i.Powerstep01_AttachFlagInterrupt  powerstep01.o
    0x08003a54   0x0000001c   Code   RO         4402    i.Powerstep01_BEMFslope_Perc_to_RegVal  powerstep01.o
    0x08003a70   0x00000014   Code   RO         4452    i.Powerstep01_BEMFslope_RegVal_to_Perc  powerstep01.o
    0x08003a84   0x0000000c   Code   RO         4764    i.Powerstep01_Board_BUSY_PIN_GetState  x_nucleo_ihm03a1_stm32f1xx.o
    0x08003a90   0x0000001c   Code   RO         4765    i.Powerstep01_Board_Cs_Pull_High  x_nucleo_ihm03a1_stm32f1xx.o
    0x08003aac   0x0000001c   Code   RO         4766    i.Powerstep01_Board_Cs_Pull_Low  x_nucleo_ihm03a1_stm32f1xx.o
    0x08003ac8   0x00000004   Code   RO         4768    i.Powerstep01_Board_DisableIrq  x_nucleo_ihm03a1_stm32f1xx.o
    0x08003acc   0x00000004   Code   RO         4769    i.Powerstep01_Board_EnableIrq  x_nucleo_ihm03a1_stm32f1xx.o
    0x08003ad0   0x0000000c   Code   RO         4770    i.Powerstep01_Board_FLAG_PIN_GetState  x_nucleo_ihm03a1_stm32f1xx.o
    0x08003adc   0x000001f0   Code   RO         4771    i.Powerstep01_Board_GpioInit  x_nucleo_ihm03a1_stm32f1xx.o
    0x08003ccc   0x00000068   Code   RO         4772    i.Powerstep01_Board_PullUp_Cs_All  x_nucleo_ihm03a1_stm32f1xx.o
    0x08003d34   0x00000010   Code   RO         4773    i.Powerstep01_Board_ReleaseReset  x_nucleo_ihm03a1_stm32f1xx.o
    0x08003d44   0x00000068   Code   RO         4774    i.Powerstep01_Board_ReleaseReset_All  x_nucleo_ihm03a1_stm32f1xx.o
    0x08003dac   0x00000010   Code   RO         4775    i.Powerstep01_Board_Reset  x_nucleo_ihm03a1_stm32f1xx.o
    0x08003dbc   0x0000006c   Code   RO         4776    i.Powerstep01_Board_Reset_All  x_nucleo_ihm03a1_stm32f1xx.o
    0x08003e28   0x0000003c   Code   RO         4777    i.Powerstep01_Board_SpiInit  x_nucleo_ihm03a1_stm32f1xx.o
    0x08003e64   0x00000044   Code   RO         4778    i.Powerstep01_Board_SpiWriteBytes  x_nucleo_ihm03a1_stm32f1xx.o
    0x08003ea8   0x00000030   Code   RO         4779    i.Powerstep01_Board_StartStepClock  x_nucleo_ihm03a1_stm32f1xx.o
    0x08003ed8   0x0000000c   Code   RO         4781    i.Powerstep01_Board_StopStepClock  x_nucleo_ihm03a1_stm32f1xx.o
    0x08003ee4   0x0000001c   Code   RO         4034    i.Powerstep01_BusyInterruptHandler  powerstep01.o
    0x08003f00   0x00000010   Code   RO         4035    i.Powerstep01_CheckBusyHw  powerstep01.o
    0x08003f10   0x00000010   Code   RO         4036    i.Powerstep01_CheckStatusHw  powerstep01.o
    0x08003f20   0x00000100   Code   RO         4037    i.Powerstep01_CmdGetParam  powerstep01.o
    0x08004020   0x0000009c   Code   RO         4038    i.Powerstep01_CmdGetStatus  powerstep01.o
    0x080040bc   0x00000008   Code   RO         4039    i.Powerstep01_CmdGoHome  powerstep01.o
    0x080040c4   0x00000008   Code   RO         4040    i.Powerstep01_CmdGoMark  powerstep01.o
    0x080040cc   0x00000008   Code   RO         4041    i.Powerstep01_CmdGoTo  powerstep01.o
    0x080040d4   0x00000008   Code   RO         4042    i.Powerstep01_CmdGoToDir  powerstep01.o
    0x080040dc   0x0000000c   Code   RO         4043    i.Powerstep01_CmdGoUntil  powerstep01.o
    0x080040e8   0x00000008   Code   RO         4044    i.Powerstep01_CmdHardHiZ  powerstep01.o
    0x080040f0   0x00000008   Code   RO         4045    i.Powerstep01_CmdHardStop  powerstep01.o
    0x080040f8   0x00000008   Code   RO         4046    i.Powerstep01_CmdMove  powerstep01.o
    0x08004100   0x00000008   Code   RO         4047    i.Powerstep01_CmdNop  powerstep01.o
    0x08004108   0x0000000c   Code   RO         4048    i.Powerstep01_CmdReleaseSw  powerstep01.o
    0x08004114   0x00000008   Code   RO         4049    i.Powerstep01_CmdResetDevice  powerstep01.o
    0x0800411c   0x00000008   Code   RO         4050    i.Powerstep01_CmdResetPos  powerstep01.o
    0x08004124   0x00000008   Code   RO         4051    i.Powerstep01_CmdRun  powerstep01.o
    0x0800412c   0x000000f0   Code   RO         4052    i.Powerstep01_CmdSetParam  powerstep01.o
    0x0800421c   0x00000008   Code   RO         4053    i.Powerstep01_CmdSoftHiZ  powerstep01.o
    0x08004224   0x00000008   Code   RO         4054    i.Powerstep01_CmdSoftStop  powerstep01.o
    0x0800422c   0x0000000a   Code   RO         4055    i.Powerstep01_CmdStepClock  powerstep01.o
    0x08004236   0x00000010   Code   RO         4056    i.Powerstep01_ConvertPosition  powerstep01.o
    0x08004246   0x00000002   PAD
    0x08004248   0x00000010   Code   RO         4057    i.Powerstep01_ErrorHandler  powerstep01.o
    0x08004258   0x00000020   Code   RO         4482    i.Powerstep01_FSSpd_RegVal_to_Steps_s  powerstep01.o
    0x08004278   0x00000014   Code   RO         4427    i.Powerstep01_FSSpd_Steps_s_to_RegVal  powerstep01.o
    0x0800428c   0x00000050   Code   RO         4058    i.Powerstep01_FetchAndClearAllStatus  powerstep01.o
    0x080042dc   0x0000001c   Code   RO         4059    i.Powerstep01_FlagInterruptHandler  powerstep01.o
    0x080042f8   0x000000a4   Code   RO         4060    i.Powerstep01_GetAnalogValue  powerstep01.o
    0x0800439c   0x0000002c   Code   RO         4061    i.Powerstep01_GetFetchedStatus  powerstep01.o
    0x080043c8   0x00000008   Code   RO         4062    i.Powerstep01_GetFwVersion  powerstep01.o
    0x080043d0   0x00000010   Code   RO         4063    i.Powerstep01_GetMark  powerstep01.o
    0x080043e0   0x00000008   Code   RO         4064    i.Powerstep01_GetMotorHandle  powerstep01.o
    0x080043e8   0x0000000c   Code   RO         4065    i.Powerstep01_GetNbDevices  powerstep01.o
    0x080043f4   0x00000010   Code   RO         4066    i.Powerstep01_GetPosition  powerstep01.o
    0x08004404   0x00000028   Code   RO         4067    i.Powerstep01_Init  powerstep01.o
    0x0800442c   0x00000022   Code   RO         4068    i.Powerstep01_Init_Register  powerstep01.o
    0x0800444e   0x00000002   PAD
    0x08004450   0x00000014   Code   RO         4477    i.Powerstep01_IntSpd_RegVal_to_Steps_s  powerstep01.o
    0x08004464   0x0000001c   Code   RO         4422    i.Powerstep01_IntSpd_Steps_s_to_RegVal  powerstep01.o
    0x08004480   0x00000012   Code   RO         4069    i.Powerstep01_IsDeviceBusy  powerstep01.o
    0x08004492   0x00000020   Code   RO         4417    i.Powerstep01_KTherm_Comp_to_RegVal  powerstep01.o
    0x080044b2   0x0000001a   Code   RO         4472    i.Powerstep01_KTherm_RegVal_to_Comp  powerstep01.o
    0x080044cc   0x0000001c   Code   RO         4407    i.Powerstep01_Kval_Perc_to_RegVal  powerstep01.o
    0x080044e8   0x00000014   Code   RO         4462    i.Powerstep01_Kval_RegVal_to_Perc  powerstep01.o
    0x080044fc   0x00000014   Code   RO         4492    i.Powerstep01_MaxSpd_RegVal_to_Steps_s  powerstep01.o
    0x08004510   0x0000001c   Code   RO         4432    i.Powerstep01_MaxSpd_Steps_s_to_RegVal  powerstep01.o
    0x0800452c   0x00000014   Code   RO         4487    i.Powerstep01_MinSpd_RegVal_to_Steps_s  powerstep01.o
    0x08004540   0x0000001c   Code   RO         4442    i.Powerstep01_MinSpd_Steps_s_to_RegVal  powerstep01.o
    0x0800455c   0x0000005c   Code   RO         4070    i.Powerstep01_QueueCommands  powerstep01.o
    0x080045b8   0x0000000c   Code   RO         4071    i.Powerstep01_ReadId  powerstep01.o
    0x080045c4   0x0000000c   Code   RO         4072    i.Powerstep01_ReadStatusRegister  powerstep01.o
    0x080045d0   0x00000004   Code   RO         4073    i.Powerstep01_ReleaseReset  powerstep01.o
    0x080045d4   0x00000004   Code   RO         4074    i.Powerstep01_Reset  powerstep01.o
    0x080045d8   0x0000005c   Code   RO         4075    i.Powerstep01_SelectStepMode  powerstep01.o
    0x08004634   0x000000d0   Code   RO         4076    i.Powerstep01_SendCommand  powerstep01.o
    0x08004704   0x00000024   Code   RO         4077    i.Powerstep01_SendQueuedCommands  powerstep01.o
    0x08004728   0x000001a0   Code   RO         4078    i.Powerstep01_SetAnalogValue  powerstep01.o
    0x080048c8   0x0000023a   Code   RO         4079    i.Powerstep01_SetDeviceParamsToGivenValues  powerstep01.o
    0x08004b02   0x0000001a   Code   RO         4080    i.Powerstep01_SetHome  powerstep01.o
    0x08004b1c   0x00000008   Code   RO         4081    i.Powerstep01_SetMark  powerstep01.o
    0x08004b24   0x00000014   Code   RO         4082    i.Powerstep01_SetNbDevices  powerstep01.o
    0x08004b38   0x000001a0   Code   RO         4083    i.Powerstep01_SetRegisterToPredefinedValues  powerstep01.o
    0x08004cd8   0x00000014   Code   RO         4497    i.Powerstep01_Speed_RegVal_to_Steps_s  powerstep01.o
    0x08004cec   0x00000018   Code   RO         4467    i.Powerstep01_StallOcd_RegVal_to_Th  powerstep01.o
    0x08004d04   0x00000028   Code   RO         4412    i.Powerstep01_StallOcd_Th_to_RegVal  powerstep01.o
    0x08004d2c   0x00000004   Code   RO         4084    i.Powerstep01_StartStepClock  powerstep01.o
    0x08004d30   0x00000004   Code   RO         4085    i.Powerstep01_StopStepClock  powerstep01.o
    0x08004d34   0x00000014   Code   RO         4447    i.Powerstep01_Tmin_RegVal_to_Time  powerstep01.o
    0x08004d48   0x00000020   Code   RO         4392    i.Powerstep01_Tmin_Time_to_RegVal  powerstep01.o
    0x08004d68   0x00000028   Code   RO         4397    i.Powerstep01_Tval_RefVoltage_to_RegVal  powerstep01.o
    0x08004d90   0x00000018   Code   RO         4457    i.Powerstep01_Tval_RegVal_to_RefVoltage  powerstep01.o
    0x08004da8   0x00000028   Code   RO         4086    i.Powerstep01_WaitForAllDevicesNotBusy  powerstep01.o
    0x08004dd0   0x00000010   Code   RO         4087    i.Powerstep01_WaitWhileActive  powerstep01.o
    0x08004de0   0x00000048   Code   RO         4088    i.Powerstep01_WriteBytes  powerstep01.o
    0x08004e28   0x0000005c   Code   RO         6316    i.ReadyAndCheckLeftPosition  factory_many.o
    0x08004e84   0x00000056   Code   RO         6317    i.ReadyAndCheckNextPosition  factory_many.o
    0x08004eda   0x00000002   PAD
    0x08004edc   0x0000006c   Code   RO        10334    i.Real_Time_Polling_Current_Index  real_time_polling.o
    0x08004f48   0x0000001c   Code   RO        10335    i.Real_Time_Polling_Init  real_time_polling.o
    0x08004f64   0x00000004   Code   RO         6662    i.Rearch_Degree_Wait  keep_temperature.o
    0x08004f68   0x0000000c   Code   RO         6204    i.RestSelectMotorOrgin  step01.o
    0x08004f74   0x000000cc   Code   RO         6205    i.RestSelectMotorOrginDelay  step01.o
    0x08005040   0x0000002e   Code   RO         6319    i.RestSelectMotorOrginSelect  factory_many.o
    0x0800506e   0x00000004   Code   RO         7026    i.Rest_C55_C52_Position  slave_uart_control_interface.o
    0x08005072   0x00000002   Code   RO         6321    i.Rest_Injection_Module_Motor  factory_many.o
    0x08005074   0x0000004c   Code   RO         6323    i.Rest_Transporter_Belt  factory_many.o
    0x080050c0   0x0000001c   Code   RO         6324    i.Rest_high_wheel   factory_many.o
    0x080050dc   0x00000048   Code   RO         6325    i.Runing_Rest_Camel_Motor  factory_many.o
    0x08005124   0x0000004c   Code   RO        10142    i.SPI3_Init         spi3.o
    0x08005170   0x00000034   Code   RO        10143    i.SPI3_ReadWrite2Byte  spi3.o
    0x080051a4   0x0000009e   Code   RO         3521    i.SPI_WaitOnFlagUntilTimeout  stm32f1xx_hal_spi.o
    0x08005242   0x00000002   PAD
    0x08005244   0x0000003c   Code   RO        10301    i.STM32_Change_Protocol_Control_Mini_Board_Get_Degree  rs232_change_protocol.o
    0x08005280   0x0000003c   Code   RO        10302    i.STM32_Change_Protocol_Control_Mini_Board_Set_Degree  rs232_change_protocol.o
    0x080052bc   0x00000002   Code   RO          488    i.SVC_Handler       stm32f1xx_it.o
    0x080052be   0x00000002   PAD
    0x080052c0   0x0000001c   Code   RO         7723    i.ScanChooseHandle  bl180.o
    0x080052dc   0x000000c8   Code   RO         7724    i.Scan_Bar_Action   bl180.o
    0x080053a4   0x00000060   Code   RO         7425    i.Scan_Code_Wait_TimeOut  fm100.o
    0x08005404   0x00000040   Code   RO         6663    i.SetTemperatureDegree  keep_temperature.o
    0x08005444   0x00000030   Code   RO         6133    i.Set_AD_CS         weight.o
    0x08005474   0x00000028   Code   RO         6134    i.Set_Weight_Sensor_Warnning_Line  weight.o
    0x0800549c   0x00000060   Code   RO         7727    i.Start_BL180       bl180.o
    0x080054fc   0x0000001e   Code   RO         7426    i.Start_Scan_FM100  fm100.o
    0x0800551a   0x00000044   Code   RO         3849    i.Stm32_Clock_Init  sys.o
    0x0800555e   0x00000002   Code   RO         6207    i.StopALLMotorMotion  step01.o
    0x08005560   0x0000001c   Code   RO         7427    i.Stop_Scan_FM100   fm100.o
    0x0800557c   0x00000012   Code   RO         6328    i.Stop_Select_Motor  factory_many.o
    0x0800558e   0x00000004   Code   RO         4991    i.Stspin220_GetMotorHandle  x_nucleo_ihmxx.o
    0x08005592   0x00000004   Code   RO         4992    i.Stspin240_250_GetMotorHandle  x_nucleo_ihmxx.o
    0x08005596   0x00000002   PAD
    0x08005598   0x0000002c   Code   RO         8000    i.SysTick_Config    osdep_stm32f103rb.o
    0x080055c4   0x00000004   Code   RO          489    i.SysTick_Handler   stm32f1xx_it.o
    0x080055c8   0x00000048   Code   RO          576    i.SystemInit        system_stm32f1xx.o
    0x08005610   0x00000028   Code   RO         5976    i.TIM5_IRQHandler   timer.o
    0x08005638   0x00000016   Code   RO         1973    i.TIM_CCxChannelCmd  stm32f1xx_hal_tim.o
    0x0800564e   0x00000032   Code   RO         9560    i.TMR_RP_init_simple  tm_reader.o
    0x08005680   0x00000100   Code   RO         8054    i.TMR_SR_SerialReader_init  serial_reader.o
    0x08005780   0x0000004c   Code   RO         9495    i.TMR_SR_SerialTransportNativeInit  serial_transport_stm32f103rb.o
    0x080057cc   0x0000050c   Code   RO         8055    i.TMR_SR_addTagOp   serial_reader.o
    0x08005cd8   0x00000314   Code   RO         8056    i.TMR_SR_boot       serial_reader.o
    0x08005fec   0x0000005e   Code   RO         8318    i.TMR_SR_cmdAntennaDetect  serial_reader_l3.o
    0x0800604a   0x00000002   PAD
    0x0800604c   0x00000068   Code   RO         8319    i.TMR_SR_cmdAuthReqResponse  serial_reader_l3.o
    0x080060b4   0x0000009a   Code   RO         8324    i.TMR_SR_cmdBootFirmware  serial_reader_l3.o
    0x0800614e   0x0000001a   Code   RO         8325    i.TMR_SR_cmdClearTagBuffer  serial_reader_l3.o
    0x08006168   0x00000066   Code   RO         8334    i.TMR_SR_cmdGetAntennaPortPowersAndSettlingTime  serial_reader_l3.o
    0x080061ce   0x00000066   Code   RO         8335    i.TMR_SR_cmdGetAntennaReturnLoss  serial_reader_l3.o
    0x08006234   0x0000007e   Code   RO         8336    i.TMR_SR_cmdGetAvailableProtocols  serial_reader_l3.o
    0x080062b2   0x0000004e   Code   RO         8337    i.TMR_SR_cmdGetAvailableRegions  serial_reader_l3.o
    0x08006300   0x00000022   Code   RO         8338    i.TMR_SR_cmdGetCurrentProgram  serial_reader_l3.o
    0x08006322   0x0000002a   Code   RO         8339    i.TMR_SR_cmdGetCurrentProtocol  serial_reader_l3.o
    0x0800634c   0x00000058   Code   RO         8340    i.TMR_SR_cmdGetFrequencyHopTable  serial_reader_l3.o
    0x080063a4   0x00000038   Code   RO         8341    i.TMR_SR_cmdGetFrequencyHopTime  serial_reader_l3.o
    0x080063dc   0x00000092   Code   RO         8342    i.TMR_SR_cmdGetGPIO  serial_reader_l3.o
    0x0800646e   0x00000032   Code   RO         8343    i.TMR_SR_cmdGetGPIODirection  serial_reader_l3.o
    0x080064a0   0x0000004e   Code   RO         8344    i.TMR_SR_cmdGetHardwareVersion  serial_reader_l3.o
    0x080064ee   0x0000003a   Code   RO         8345    i.TMR_SR_cmdGetMinimumFrequency  serial_reader_l3.o
    0x08006528   0x00000028   Code   RO         8346    i.TMR_SR_cmdGetPowerMode  serial_reader_l3.o
    0x08006550   0x00000114   Code   RO         8347    i.TMR_SR_cmdGetProtocolConfiguration  serial_reader_l3.o
    0x08006664   0x0000003a   Code   RO         8348    i.TMR_SR_cmdGetQuantizationStep  serial_reader_l3.o
    0x0800669e   0x00000030   Code   RO         8349    i.TMR_SR_cmdGetReadTxPower  serial_reader_l3.o
    0x080066ce   0x0000003e   Code   RO         8350    i.TMR_SR_cmdGetReadTxPowerWithLimits  serial_reader_l3.o
    0x0800670c   0x000000b4   Code   RO         8351    i.TMR_SR_cmdGetReaderConfiguration  serial_reader_l3.o
    0x080067c0   0x00000104   Code   RO         8352    i.TMR_SR_cmdGetReaderStatistics  serial_reader_l3.o
    0x080068c4   0x00000148   Code   RO         8353    i.TMR_SR_cmdGetReaderStats  serial_reader_l3.o
    0x08006a0c   0x0000003e   Code   RO         8354    i.TMR_SR_cmdGetReaderWriteTimeOut  serial_reader_l3.o
    0x08006a4a   0x00000028   Code   RO         8355    i.TMR_SR_cmdGetRegion  serial_reader_l3.o
    0x08006a72   0x00000002   PAD
    0x08006a74   0x00000048   Code   RO         8356    i.TMR_SR_cmdGetRegionConfiguration  serial_reader_l3.o
    0x08006abc   0x00000032   Code   RO         8357    i.TMR_SR_cmdGetTagsRemaining  serial_reader_l3.o
    0x08006aee   0x00000028   Code   RO         8358    i.TMR_SR_cmdGetTemperature  serial_reader_l3.o
    0x08006b16   0x00000028   Code   RO         8360    i.TMR_SR_cmdGetUserMode  serial_reader_l3.o
    0x08006b3e   0x00000030   Code   RO         8362    i.TMR_SR_cmdGetWriteTxPower  serial_reader_l3.o
    0x08006b6e   0x00000002   PAD
    0x08006b70   0x000000e8   Code   RO         8379    i.TMR_SR_cmdMultipleProtocolSearch  serial_reader_l3.o
    0x08006c58   0x000000a0   Code   RO         8057    i.TMR_SR_cmdProbeBaudRate  serial_reader.o
    0x08006cf8   0x000000b0   Code   RO         8388    i.TMR_SR_cmdReadTagMultiple  serial_reader_l3.o
    0x08006da8   0x00000028   Code   RO         8389    i.TMR_SR_cmdResetReaderStatistics  serial_reader_l3.o
    0x08006dd0   0x00000050   Code   RO         8390    i.TMR_SR_cmdResetReaderStats  serial_reader_l3.o
    0x08006e20   0x00000076   Code   RO         8408    i.TMR_SR_cmdSetAntennaPortPowersAndSettlingTime  serial_reader_l3.o
    0x08006e96   0x00000046   Code   RO         8409    i.TMR_SR_cmdSetAntennaSearchList  serial_reader_l3.o
    0x08006edc   0x00000030   Code   RO         8410    i.TMR_SR_cmdSetBaudRate  serial_reader_l3.o
    0x08006f0c   0x00000058   Code   RO         8411    i.TMR_SR_cmdSetFrequencyHopTable  serial_reader_l3.o
    0x08006f64   0x00000036   Code   RO         8412    i.TMR_SR_cmdSetFrequencyHopTime  serial_reader_l3.o
    0x08006f9a   0x0000002e   Code   RO         8414    i.TMR_SR_cmdSetGPIODirection  serial_reader_l3.o
    0x08006fc8   0x00000036   Code   RO         8415    i.TMR_SR_cmdSetMinimumFrequency  serial_reader_l3.o
    0x08006ffe   0x0000001e   Code   RO         8416    i.TMR_SR_cmdSetPowerMode  serial_reader_l3.o
    0x0800701c   0x00000024   Code   RO         8417    i.TMR_SR_cmdSetProtocol  serial_reader_l3.o
    0x08007040   0x00000168   Code   RO         8418    i.TMR_SR_cmdSetProtocolConfiguration  serial_reader_l3.o
    0x080071a8   0x00000074   Code   RO         8419    i.TMR_SR_cmdSetProtocolLicenseKey  serial_reader_l3.o
    0x0800721c   0x00000036   Code   RO         8420    i.TMR_SR_cmdSetQuantizationStep  serial_reader_l3.o
    0x08007252   0x00000002   PAD
    0x08007254   0x00000038   Code   RO         8421    i.TMR_SR_cmdSetReadTxPower  serial_reader_l3.o
    0x0800728c   0x000000ac   Code   RO         8422    i.TMR_SR_cmdSetReaderConfiguration  serial_reader_l3.o
    0x08007338   0x00000036   Code   RO         8423    i.TMR_SR_cmdSetReaderWriteTimeOut  serial_reader_l3.o
    0x0800736e   0x0000001e   Code   RO         8424    i.TMR_SR_cmdSetRegion  serial_reader_l3.o
    0x0800738c   0x00000022   Code   RO         8425    i.TMR_SR_cmdSetRegionLbt  serial_reader_l3.o
    0x080073ae   0x00000068   Code   RO         8426    i.TMR_SR_cmdSetRegulatoryTest  serial_reader_l3.o
    0x08007416   0x00000022   Code   RO         8427    i.TMR_SR_cmdSetTxRxPorts  serial_reader_l3.o
    0x08007438   0x0000001e   Code   RO         8428    i.TMR_SR_cmdSetUserMode  serial_reader_l3.o
    0x08007456   0x00000002   PAD
    0x08007458   0x00000214   Code   RO         8429    i.TMR_SR_cmdSetUserProfile  serial_reader_l3.o
    0x0800766c   0x00000038   Code   RO         8430    i.TMR_SR_cmdSetWriteTxPower  serial_reader_l3.o
    0x080076a4   0x00000038   Code   RO         8431    i.TMR_SR_cmdStopReading  serial_reader_l3.o
    0x080076dc   0x000000aa   Code   RO         8435    i.TMR_SR_cmdVersion  serial_reader_l3.o
    0x08007786   0x0000006c   Code   RO         8058    i.TMR_SR_connect    serial_reader.o
    0x080077f2   0x00000032   Code   RO         8059    i.TMR_SR_destroy    serial_reader.o
    0x08007824   0x00000108   Code   RO         8439    i.TMR_SR_executeEmbeddedRead  serial_reader_l3.o
    0x0800792c   0x00000164   Code   RO         8062    i.TMR_SR_getNextTag  serial_reader.o
    0x08007a90   0x00000224   Code   RO         8065    i.TMR_SR_hasMoreTags  serial_reader.o
    0x08007cb4   0x000000c8   Code   RO         8440    i.TMR_SR_msgAddGEN2BlockErase  serial_reader_l3.o
    0x08007d7c   0x000000ea   Code   RO         8441    i.TMR_SR_msgAddGEN2BlockPermaLock  serial_reader_l3.o
    0x08007e66   0x00000108   Code   RO         8442    i.TMR_SR_msgAddGEN2BlockWrite  serial_reader_l3.o
    0x08007f6e   0x00000002   PAD
    0x08007f70   0x000000a4   Code   RO         8443    i.TMR_SR_msgAddGEN2DataRead  serial_reader_l3.o
    0x08008014   0x0000008c   Code   RO         8444    i.TMR_SR_msgAddGEN2DataWrite  serial_reader_l3.o
    0x080080a0   0x00000070   Code   RO         8445    i.TMR_SR_msgAddGEN2KillTag  serial_reader_l3.o
    0x08008110   0x00000098   Code   RO         8446    i.TMR_SR_msgAddGEN2LockTag  serial_reader_l3.o
    0x080081a8   0x0000004c   Code   RO         8447    i.TMR_SR_msgAddGEN2WriteTagEPC  serial_reader_l3.o
    0x080081f4   0x000002ac   Code   RO         8489    i.TMR_SR_msgSetupMultipleProtocolSearch  serial_reader_l3.o
    0x080084a0   0x00000022   Code   RO         8490    i.TMR_SR_msgSetupReadTagMultiple  serial_reader_l3.o
    0x080084c2   0x00000002   PAD
    0x080084c4   0x00000260   Code   RO         8491    i.TMR_SR_msgSetupReadTagMultipleWithMetadata  serial_reader_l3.o
    0x08008724   0x0000006e   Code   RO         8492    i.TMR_SR_msgSetupReadTagSingle  serial_reader_l3.o
    0x08008792   0x00000002   PAD
    0x08008794   0x00000978   Code   RO         8069    i.TMR_SR_paramGet   serial_reader.o
    0x0800910c   0x0000085c   Code   RO         8070    i.TMR_SR_paramSet   serial_reader.o
    0x08009968   0x00000132   Code   RO         8493    i.TMR_SR_parseMetadataFromMessage  serial_reader_l3.o
    0x08009a9a   0x0000020a   Code   RO         8494    i.TMR_SR_parseMetadataOnly  serial_reader_l3.o
    0x08009ca4   0x000000f8   Code   RO         8495    i.TMR_SR_postprocessReaderSpecificMetadata  serial_reader_l3.o
    0x08009d9c   0x000000e4   Code   RO         8071    i.TMR_SR_read       serial_reader.o
    0x08009e80   0x00000420   Code   RO         8075    i.TMR_SR_read_internal  serial_reader.o
    0x0800a2a0   0x000001e4   Code   RO         8497    i.TMR_SR_receiveMessage  serial_reader_l3.o
    0x0800a484   0x00000008   Code   RO         8498    i.TMR_SR_send       serial_reader_l3.o
    0x0800a48c   0x00000030   Code   RO         8499    i.TMR_SR_sendBytes  serial_reader_l3.o
    0x0800a4bc   0x000000e4   Code   RO         8500    i.TMR_SR_sendMessage  serial_reader_l3.o
    0x0800a5a0   0x0000005e   Code   RO         8501    i.TMR_SR_sendTimeout  serial_reader_l3.o
    0x0800a5fe   0x00000074   Code   RO         9576    i.TMR_TRD_init      tm_reader.o
    0x0800a672   0x0000002e   Code   RO         9591    i.TMR__notifyTransportListeners  tm_reader.o
    0x0800a6a0   0x00000030   Code   RO         7959    i.TMR_bytesToHex    hex_bytes.o
    0x0800a6d0   0x00000190   Code   RO         9593    i.TMR_create        tm_reader.o
    0x0800a860   0x000001e0   Code   RO         8502    i.TMR_fillReaderStats  serial_reader_l3.o
    0x0800aa40   0x00000038   Code   RO         7960    i.TMR_hexDottedQuad  hex_bytes.o
    0x0800aa78   0x00000094   Code   RO         9596    i.TMR_initSerialTransportTable  tm_reader.o
    0x0800ab0c   0x00000022   Code   RO         9598    i.TMR_paramGet      tm_reader.o
    0x0800ab2e   0x0000004a   Code   RO         9600    i.TMR_paramProbe    tm_reader.o
    0x0800ab78   0x00000006   Code   RO         9601    i.TMR_paramSet      tm_reader.o
    0x0800ab7e   0x00000066   Code   RO         9603    i.TMR_reader_init_internal  tm_reader.o
    0x0800abe4   0x00000024   Code   RO         9964    i.TMR_stringCopy    tmr_utils.o
    0x0800ac08   0x00000010   Code   RO         6751    i.UART2_Config_Baurd  uart2.o
    0x0800ac18   0x000000a8   Code   RO         6752    i.UART2_Init        uart2.o
    0x0800acc0   0x000000a8   Code   RO         6753    i.UART2_Init_Check  uart2.o
    0x0800ad68   0x00000028   Code   RO         6754    i.UART2_Receive_Data  uart2.o
    0x0800ad90   0x00000020   Code   RO         6755    i.UART2_Send_Data   uart2.o
    0x0800adb0   0x00000034   Code   RO         5492    i.UART3_Receive_Data  uart3.o
    0x0800ade4   0x00000020   Code   RO         5493    i.UART3_Send_Data   uart3.o
    0x0800ae04   0x00000006   Code   RO         6522    i.UART4_Disable_Interrupt  uart4.o
    0x0800ae0a   0x00000016   Code   RO         6523    i.UART4_Enable_Interrupt  uart4.o
    0x0800ae20   0x0000003c   Code   RO         6524    i.UART4_IRQHandler  uart4.o
    0x0800ae5c   0x0000009c   Code   RO         6525    i.UART4_Init        uart4.o
    0x0800aef8   0x0000003c   Code   RO         6526    i.UART4_Receive_Data  uart4.o
    0x0800af34   0x00000020   Code   RO         6527    i.UART4_Send_Data   uart4.o
    0x0800af54   0x00000006   Code   RO        10194    i.UART5_Disable_Interrupt  uart5.o
    0x0800af5a   0x00000016   Code   RO        10195    i.UART5_Enable_Interrupt  uart5.o
    0x0800af70   0x0000003c   Code   RO        10196    i.UART5_IRQHandler  uart5.o
    0x0800afac   0x000000b0   Code   RO        10197    i.UART5_Init        uart5.o
    0x0800b05c   0x00000034   Code   RO        10198    i.UART5_Receive_Data  uart5.o
    0x0800b090   0x00000020   Code   RO        10199    i.UART5_Send_Data   uart5.o
    0x0800b0b0   0x000000a6   Code   RO         1388    i.UART_Receive_IT   stm32f1xx_hal_uart.o
    0x0800b156   0x00000002   PAD
    0x0800b158   0x00000170   Code   RO         1389    i.UART_SetConfig    stm32f1xx_hal_uart.o
    0x0800b2c8   0x00000066   Code   RO         1390    i.UART_Transmit_IT  stm32f1xx_hal_uart.o
    0x0800b32e   0x00000092   Code   RO         1391    i.UART_WaitOnFlagUntilTimeout  stm32f1xx_hal_uart.o
    0x0800b3c0   0x0000002c   Code   RO         3894    i.USART1_IRQHandler  usart.o
    0x0800b3ec   0x00000070   Code   RO         6756    i.USART2_IRQHandler  uart2.o
    0x0800b45c   0x0000003c   Code   RO         5494    i.USART3_IRQHandler  uart3.o
    0x0800b498   0x00000012   Code   RO        10056    i.Uart2_Config_Init  uart_config.o
    0x0800b4aa   0x00000002   PAD
    0x0800b4ac   0x0000000c   Code   RO         6757    i.Uart2_Rx_Clear    uart2.o
    0x0800b4b8   0x0000000c   Code   RO         5495    i.Uart3_Rx_Clear    uart3.o
    0x0800b4c4   0x0000000c   Code   RO         6528    i.Uart4_Rx_Clear    uart4.o
    0x0800b4d0   0x00000012   Code   RO        10057    i.Uart_Clear_Context  uart_config.o
    0x0800b4e2   0x00000002   PAD
    0x0800b4e4   0x000000c8   Code   RO         6820    i.Uart_Select_Baby  uart_choose.o
    0x0800b5ac   0x00000040   Code   RO         6821    i.Uart_cs_init      uart_choose.o
    0x0800b5ec   0x00000002   Code   RO          490    i.UsageFault_Handler  stm32f1xx_it.o
    0x0800b5ee   0x00000002   PAD
    0x0800b5f0   0x00000050   Code   RO         6135    i.Weight_Sensor_Init  weight.o
    0x0800b640   0x00000020   Code   RO        10960    i.__0printf$8       mc_w.l(printf8.o)
    0x0800b660   0x00000028   Code   RO        10962    i.__0sprintf$8      mc_w.l(printf8.o)
    0x0800b688   0x0000003c   Code   RO         7038    i.__InfoBoard__     slave_uart_control_interface.o
    0x0800b6c4   0x00000098   Code   RO         5555    i.__Light_Sensor_Get__  light.o
    0x0800b75c   0x00000032   Code   RO         6208    i.__Normal_Pitch_Move_Next__  step01.o
    0x0800b78e   0x0000005e   Code   RO            6    i.__ack_error_msg__  main.o
    0x0800b7ec   0x00000050   Code   RO        11019    i.__malloc$realloc  mc_w.l(mallocr.o)
    0x0800b83c   0x0000000e   Code   RO        11109    i.__scatterload_copy  mc_w.l(handlers.o)
    0x0800b84a   0x00000002   Code   RO        11110    i.__scatterload_null  mc_w.l(handlers.o)
    0x0800b84c   0x0000000e   Code   RO        11111    i.__scatterload_zeroinit  mc_w.l(handlers.o)
    0x0800b85a   0x00000002   PAD
    0x0800b85c   0x00000688   Code   RO         7039    i._commandTOstring_  slave_uart_control_interface.o
    0x0800bee4   0x000003c4   Code   RO         6329    i._num2string_      factory_many.o
    0x0800c2a8   0x00000410   Code   RO        10967    i._printf_core      mc_w.l(printf8.o)
    0x0800c6b8   0x00000024   Code   RO        10968    i._printf_post_padding  mc_w.l(printf8.o)
    0x0800c6dc   0x0000002e   Code   RO        10969    i._printf_pre_padding  mc_w.l(printf8.o)
    0x0800c70a   0x0000000a   Code   RO        10971    i._sputc            mc_w.l(printf8.o)
    0x0800c714   0x00000098   Code   RO         8081    i.autoDetectAntennaList  serial_reader.o
    0x0800c7ac   0x00000060   Code   RO        10377    i.caculate_tansfer_check_bit  check_rs232.o
    0x0800c80c   0x00000042   Code   RO         9607    i.checkForAvailableFeatures  tm_reader.o
    0x0800c84e   0x00000002   PAD
    0x0800c850   0x000000ec   Code   RO         5633    i.cheminert_c52_c55_transfer  cheminert_c52.o
    0x0800c93c   0x00000078   Code   RO         8082    i.compareAntennas   serial_reader.o
    0x0800c9b4   0x0000003a   Code   RO         8083    i.compareVersion    serial_reader.o
    0x0800c9ee   0x00000002   PAD
    0x0800c9f0   0x00000014   Code   RO         3808    i.delay_init        delay.o
    0x0800ca04   0x0000001a   Code   RO         3809    i.delay_ms          delay.o
    0x0800ca1e   0x00000002   PAD
    0x0800ca20   0x00000034   Code   RO         3810    i.delay_us          delay.o
    0x0800ca54   0x00000002   Code   RO         6868    i.electromagnetic_control  electromagnetic.o
    0x0800ca56   0x00000002   Code   RO         6869    i.electromagnetic_control_package  electromagnetic.o
    0x0800ca58   0x00000014   Code   RO        10403    i.export_liquid_control  export_liquid.o
    0x0800ca6c   0x000000a4   Code   RO         8504    i.extractGen2MemoryBankValues  serial_reader_l3.o
    0x0800cb10   0x000002b0   Code   RO         8505    i.filterbytes       serial_reader_l3.o
    0x0800cdc0   0x00000018   Code   RO         3896    i.fputc             usart.o
    0x0800cdd8   0x000000a6   Code   RO         8084    i.getPortValues     serial_reader.o
    0x0800ce7e   0x00000002   PAD
    0x0800ce80   0x00000078   Code   RO         8085    i.getSerialNumber   serial_reader.o
    0x0800cef8   0x00000040   Code   RO         6209    i.get_motor_rest_steps  step01.o
    0x0800cf38   0x00000028   Code   RO         6136    i.get_weight_sensor_value  weight.o
    0x0800cf60   0x000001cc   Code   RO         8086    i.initTxRxMapFromPorts  serial_reader.o
    0x0800d12c   0x00000020   Code   RO         6210    i.init_mix_motor_config  step01.o
    0x0800d14c   0x00000060   Code   RO         6211    i.init_motor_device  step01.o
    0x0800d1ac   0x00000050   Code   RO        11020    i.internal_alloc    mc_w.l(mallocr.o)
    0x0800d1fc   0x000000a8   Code   RO         9609    i.isAntDetectEnabled  tm_reader.o
    0x0800d2a4   0x000000ba   Code   RO         8510    i.isContinuousReadParamSupported  serial_reader_l3.o
    0x0800d35e   0x00000074   Code   RO         9610    i.isMultiSelectSupported  tm_reader.o
    0x0800d3d2   0x00000004   Code   RO         4993    i.l647x_GetMotorHandle  x_nucleo_ihmxx.o
    0x0800d3d6   0x00000004   Code   RO         4994    i.l648x_GetMotorHandle  x_nucleo_ihmxx.o
    0x0800d3da   0x00000002   PAD
    0x0800d3dc   0x00000110   Code   RO            7    i.main              main.o
    0x0800d4ec   0x00000038   Code   RO         8087    i.prepEmbReadTagMultiple  serial_reader.o
    0x0800d524   0x00000070   Code   RO         8088    i.prepForSearch     serial_reader.o
    0x0800d594   0x00000168   Code   RO         6330    i.process_motor_command_receive  factory_many.o
    0x0800d6fc   0x000004ac   Code   RO         7040    i.protocol_cheminert_c52_c55  slave_uart_control_interface.o
    0x0800dba8   0x0000002a   Code   RO         7041    i.protocol_gravity_sensor_getting  slave_uart_control_interface.o
    0x0800dbd2   0x00000002   PAD
    0x0800dbd4   0x000004b8   Code   RO         7042    i.protocol_handle_uart_powerstep01_plain_slave_cmd  slave_uart_control_interface.o
    0x0800e08c   0x00000160   Code   RO         7043    i.protocol_pump_s100_interface  slave_uart_control_interface.o
    0x0800e1ec   0x00000032   Code   RO         7044    i.protocol_rfid_get_epc_string  slave_uart_control_interface.o
    0x0800e21e   0x00000002   PAD
    0x0800e220   0x0000002c   Code   RO         7045    i.protocol_scan_barcode  slave_uart_control_interface.o
    0x0800e24c   0x00000198   Code   RO         5661    i.pump_s100_transfer  pump_s100.o
    0x0800e3e4   0x00000004   Code   RO         9496    i.s_flush           serial_transport_stm32f103rb.o
    0x0800e3e8   0x00000004   Code   RO         9497    i.s_open            serial_transport_stm32f103rb.o
    0x0800e3ec   0x000000a8   Code   RO         9498    i.s_receiveBytes    serial_transport_stm32f103rb.o
    0x0800e494   0x0000001c   Code   RO         9499    i.s_sendBytes       serial_transport_stm32f103rb.o
    0x0800e4b0   0x00000004   Code   RO         9500    i.s_setBaudRate     serial_transport_stm32f103rb.o
    0x0800e4b4   0x00000004   Code   RO         9501    i.s_shutdown        serial_transport_stm32f103rb.o
    0x0800e4b8   0x00000028   Code   RO         7428    i.scan_connect_test  fm100.o
    0x0800e4e0   0x00000080   Code   RO         8089    i.setAntennaList    serial_reader.o
    0x0800e560   0x000000fc   Code   RO         8090    i.setAntennaReadTimeHelper  serial_reader.o
    0x0800e65c   0x0000004c   Code   RO         8091    i.setAntennaReadTimeList  serial_reader.o
    0x0800e6a8   0x000000f0   Code   RO         8092    i.setPortValues     serial_reader.o
    0x0800e798   0x0000006a   Code   RO         8093    i.setProtocol       serial_reader.o
    0x0800e802   0x00000002   PAD
    0x0800e804   0x0000000c   Code   RO         6331    i.set_DelayMs_Normal_Positon  factory_many.o
    0x0800e810   0x0000000c   Code   RO         6212    i.set_mix_motor_config  step01.o
    0x0800e81c   0x0000003c   Code   RO         8511    i.tm_crc            serial_reader_l3.o
    0x0800e858   0x00000026   Code   RO         9966    i.tm_gettime_consistent  tmr_utils.o
    0x0800e87e   0x00000016   Code   RO         9967    i.tm_memcpy         tmr_utils.o
    0x0800e894   0x00000010   Code   RO         9970    i.tm_strcpy         tmr_utils.o
    0x0800e8a4   0x0000000e   Code   RO         9971    i.tm_time_subtract  tmr_utils.o
    0x0800e8b2   0x00000010   Code   RO         9972    i.tm_u8s_per_bits   tmr_utils.o
    0x0800e8c2   0x00000002   PAD
    0x0800e8c4   0x00000024   Code   RO         8001    i.tmr_gettime       osdep_stm32f103rb.o
    0x0800e8e8   0x0000000a   Code   RO         8002    i.tmr_gettime_high  osdep_stm32f103rb.o
    0x0800e8f2   0x00000008   Code   RO         8003    i.tmr_gettime_low   osdep_stm32f103rb.o
    0x0800e8fa   0x00000002   PAD
    0x0800e8fc   0x00000020   Code   RO         8005    i.tmr_sleep         osdep_stm32f103rb.o
    0x0800e91c   0x00000024   Code   RO         3897    i.uart_init         usart.o
    0x0800e940   0x0000006c   Code   RO         8094    i.validateParams    serial_reader.o
    0x0800e9ac   0x000000a0   Code   RO         9614    i.validateReadPlan  tm_reader.o
    0x0800ea4c   0x00000088   Code   RO         8095    i.verifySearchStatus  serial_reader.o
    0x0800ead4   0x0000002e   Code   RO         9615    i.versionCompare    tm_reader.o
    0x0800eb02   0x00000031   Data   RO            8    .constdata          main.o
    0x0800eb33   0x00000010   Data   RO          577    .constdata          system_stm32f1xx.o
    0x0800eb43   0x00000008   Data   RO          578    .constdata          system_stm32f1xx.o
    0x0800eb4b   0x00000017   Data   RO         4090    .constdata          powerstep01.o
    0x0800eb62   0x0000001b   Data   RO         5634    .constdata          cheminert_c52.o
    0x0800eb7d   0x0000003c   Data   RO         5662    .constdata          pump_s100.o
    0x0800ebb9   0x0000001a   Data   RO         6214    .constdata          step01.o
    0x0800ebd3   0x0000001e   Data   RO         6332    .constdata          factory_many.o
    0x0800ebf1   0x00000003   PAD
    0x0800ebf4   0x000000aa   Data   RO         7050    .constdata          slave_uart_control_interface.o
    0x0800ec9e   0x00000016   Data   RO         7429    .constdata          fm100.o
    0x0800ecb4   0x0000007a   Data   RO         7729    .constdata          bl180.o
    0x0800ed2e   0x00000084   Data   RO         7846    .constdata          m6e_apply.o
    0x0800edb2   0x00000002   PAD
    0x0800edb4   0x0000002c   Data   RO         8096    .constdata          serial_reader.o
    0x0800ede0   0x00000025   Data   RO        10264    .constdata          mini_board_protocol.o
    0x0800ee05   0x00000068   Data   RO        10303    .constdata          rs232_change_protocol.o
    0x0800ee6d   0x00000003   PAD
    0x0800ee70   0x00000020   Data   RO        11107    Region$$Table       anon$$obj.o


    Execution Region RW_IRAM1 (Base: 0x20000000, Size: 0x00001df8, Max: 0x00010000, ABSOLUTE, COMPRESSED[0x00000174])

    Base Addr    Size         Type   Attr      Idx    E Section Name        Object

    0x20000000   0x00000004   Data   RW          579    .data               system_stm32f1xx.o
    0x20000004   0x00000004   Data   RW          757    .data               stm32f1xx_hal.o
    0x20000008   0x00000001   Data   RW         3729    .data               stm32f1xx_hal_spi_ex.o
    0x20000009   0x00000003   PAD
    0x2000000c   0x00000004   Data   RW         3811    .data               delay.o
    0x20000010   0x00000004   Data   RW         3899    .data               usart.o
    0x20000014   0x00000004   Data   RW         3900    .data               usart.o
    0x20000018   0x00000178   Data   RW         4091    .data               powerstep01.o
    0x20000190   0x0000000c   Data   RW         4783    .data               x_nucleo_ihm03a1_stm32f1xx.o
    0x2000019c   0x00000008   Data   RW         4995    .data               x_nucleo_ihmxx.o
    0x200001a4   0x00000004   Data   RW         5497    .data               uart3.o
    0x200001a8   0x00000003   Data   RW         5556    .data               light.o
    0x200001ab   0x00000001   PAD
    0x200001ac   0x00000008   Data   RW         5664    .data               pump_s100.o
    0x200001b4   0x00000010   Data   RW         6137    .data               weight.o
    0x200001c4   0x000000c8   Data   RW         6215    .data               step01.o
    0x2000028c   0x00000004   Data   RW         6333    .data               factory_many.o
    0x20000290   0x00000004   Data   RW         6530    .data               uart4.o
    0x20000294   0x00000028   Data   RW         6667    .data               keep_temperature.o
    0x200002bc   0x00000008   Data   RW         6759    .data               uart2.o
    0x200002c4   0x0000000c   Data   RW         6823    .data               uart_choose.o
    0x200002d0   0x00000008   Data   RW         7430    .data               fm100.o
    0x200002d8   0x00000020   Data   RW         7730    .data               bl180.o
    0x200002f8   0x0000000c   Data   RW         7847    .data               m6e_apply.o
    0x20000304   0x00000011   Data   RW         7963    .data               hex_bytes.o
    0x20000315   0x00000002   Data   RW         8097    .data               serial_reader.o
    0x20000317   0x00000001   PAD
    0x20000318   0x00000024   Data   RW         8512    .data               serial_reader_l3.o
    0x2000033c   0x00000008   Data   RW         9503    .data               serial_transport_stm32f103rb.o
    0x20000344   0x0000000c   Data   RW         9617    .data               tm_reader.o
    0x20000350   0x00000004   Data   RW        10202    .data               uart5.o
    0x20000354   0x00000008   Data   RW        10337    .data               real_time_polling.o
    0x2000035c   0x00000002   Data   RW        10378    .data               check_rs232.o
    0x2000035e   0x00000002   PAD
    0x20000360   0x00000004   Data   RW        10744    .data               mc_w.l(strtok.o)
    0x20000364   0x00000004   Data   RW        11094    .data               mc_w.l(mvars.o)
    0x20000368   0x00000004   Data   RW        11095    .data               mc_w.l(mvars.o)
    0x2000036c   0x00000108   Zero   RW         3898    .bss                usart.o
    0x20000474   0x00000018   Zero   RW         4089    .bss                powerstep01.o
    0x2000048c   0x000000a4   Zero   RW         4782    .bss                x_nucleo_ihm03a1_stm32f1xx.o
    0x20000530   0x000000c0   Zero   RW         5496    .bss                uart3.o
    0x200005f0   0x00000094   Zero   RW         5980    .bss                timer.o
    0x20000684   0x00000098   Zero   RW         6213    .bss                step01.o
    0x2000071c   0x000000c0   Zero   RW         6529    .bss                uart4.o
    0x200007dc   0x00000004   PAD
    0x200007e0   0x00000084   Zero   RW         6665    .bss                keep_temperature.o
    0x20000864   0x000000c0   Zero   RW         6758    .bss                uart2.o
    0x20000924   0x00000004   PAD
    0x20000928   0x00000a64   Zero   RW         7845    .bss                m6e_apply.o
    0x2000138c   0x0000010c   Zero   RW         9502    .bss                serial_transport_stm32f103rb.o
    0x20001498   0x00000230   Zero   RW         9616    .bss                tm_reader.o
    0x200016c8   0x00000058   Zero   RW        10147    .bss                spi3.o
    0x20001720   0x000000c0   Zero   RW        10201    .bss                uart5.o
    0x200017e0   0x00000018   Zero   RW        10336    .bss                real_time_polling.o
    0x200017f8   0x00000200   Zero   RW          729    HEAP                startup_stm32f103xe.o
    0x200019f8   0x00000400   Zero   RW          728    STACK               startup_stm32f103xe.o


==============================================================================

Image component sizes


      Code (inc. data)   RO Data    RW Data    ZI Data      Debug   Object Name

       550        152        122         32          0       8637   bl180.o
        96          6          0          2          0        825   check_rs232.o
       236         70         27          0          0       1757   cheminert_c52.o
        98          8          0          4          0       1859   delay.o
         4          0          0          0          0        463   ds18b20.o
         4          0          0          0          0       1080   electromagnetic.o
        84         14          0          0          0       1501   export_liquid.o
      2676        966         30          4          0      21594   factory_many.o
      1696        370         22          8          0      12727   fm100.o
       104         10          0         17          0      10625   hex_bytes.o
        94         32          0         40        132       4384   keep_temperature.o
       714         90          0          3          0       5342   light.o
        96         16          0          0          0       1549   liquid_sensor.o
      1296        530        132         12       2660       9149   m6e_apply.o
       654        284         49          0          0     619079   main.o
       368         82         37          0          0       3465   mini_board_protocol.o
       130         14          0          0          0      25210   osdep_stm32f103rb.o
      4036        412         23        376         24      62615   powerstep01.o
       540        108         60          8          0       4278   pump_s100.o
       188         24          0          8         24       3315   real_time_polling.o
       120         56        104          0          0       2108   rs232_change_protocol.o
     11696        588         44          2          0      41817   serial_reader.o
     12430        238          0         36          0      84021   serial_reader_l3.o
       320         54          0          8        268       5986   serial_transport_stm32f103rb.o
      4680       2174        170          0          0      22023   slave_uart_control_interface.o
       128         14          0          0         88       1293   spi3.o
        36          8        304          0       1536        788   startup_stm32f103xe.o
      1114        194         26        200        152       8326   step01.o
       120         16          0          4          0       3610   stm32f1xx_hal.o
       240         14          0          0          0      26831   stm32f1xx_hal_cortex.o
       538         48          0          0          0       4819   stm32f1xx_hal_gpio.o
       238         20          0          0          0       1688   stm32f1xx_hal_msp.o
      2030         98          0          0          0       6004   stm32f1xx_hal_rcc.o
       848          0          0          0          0       2946   stm32f1xx_hal_spi.o
       136          4          0          1          0       1358   stm32f1xx_hal_spi_ex.o
       266         18          0          0          0       3365   stm32f1xx_hal_tim.o
      1608          4          0          0          0      10122   stm32f1xx_hal_uart.o
        32          0          0          0          0       4504   stm32f1xx_it.o
        68          0          0          0          0        631   sys.o
        72         16         24          4          0       1079   system_stm32f1xx.o
        40          6          0          0        148        790   timer.o
      1778        112          0         12        560      14553   tm_reader.o
       142          0          0          0          0       4114   tmr_utils.o
       548         74          0          8        192       4921   uart2.o
       156         32          0          4        192       2931   uart3.o
       348         48          0          4        192       4613   uart4.o
       348         50          0          4        192       4120   uart5.o
       344         42          0         12          0       3575   uart_choose.o
        68          0          0          0          0       2891   uart_config.o
       332         50          0          8        264       4793   usart.o
       362         28          0         16          0       5607   weight.o
      1284        170          0         12        164      16902   x_nucleo_ihm03a1_stm32f1xx.o
       308         28          0          8          0       8396   x_nucleo_ihmxx.o

    ----------------------------------------------------------------------
     56520       7392       1214        864       6796    1110979   Object Totals
         0          0         32          0          0          0   (incl. Generated)
        78          0          8          7          8          0   (incl. Padding)

    ----------------------------------------------------------------------

      Code (inc. data)   RO Data    RW Data    ZI Data      Debug   Library Member Name

        86          0          0          0          0          0   __dczerorl2.o
         0          0          0          0          0          0   entry.o
         0          0          0          0          0          0   entry10a.o
         0          0          0          0          0          0   entry11a.o
         8          4          0          0          0          0   entry2.o
         4          0          0          0          0          0   entry5.o
         0          0          0          0          0          0   entry7b.o
         0          0          0          0          0          0   entry8b.o
         8          4          0          0          0          0   entry9a.o
        30          0          0          0          0          0   handlers.o
        36          8          0          0          0         68   init.o
         0          0          0          0          0          0   iusefp.o
        30          0          0          0          0         68   llshl.o
        36          0          0          0          0         68   llsshr.o
        32          0          0          0          0         68   llushr.o
       160         20          0          0          0        172   mallocr.o
        64          0          0          0          0         76   memmovea.o
        36          0          0          0          0        108   memseta.o
         0          0          0          8          0          0   mvars.o
      1204         60          0          0          0        504   printf8.o
        28          0          0          0          0         76   strcmp.o
        14          0          0          0          0         68   strlen.o
        30          0          0          0          0         80   strncmp.o
        24          0          0          0          0         76   strncpy.o
        68          6          0          4          0         80   strtok.o
        98          0          0          0          0         92   uldiv.o
        20          0          0          0          0         68   cfrcmple.o
        56          0          0          0          0         88   d2f.o
       334          0          0          0          0        148   dadd.o
       186          0          0          0          0        176   depilogue.o
        34          0          0          0          0         76   dflti.o
       228          0          0          0          0         96   dmul.o
       176          0          0          0          0        140   fadd.o
       110          0          0          0          0        168   fepilogue.o
        40          0          0          0          0         68   ffixui.o
        18          0          0          0          0         68   fflti.o
        10          0          0          0          0         68   ffltui.o
       100          0          0          0          0         76   fmul.o
        24          0          0          0          0         68   fscalb.o

    ----------------------------------------------------------------------
      3338        102          0         12          0       2912   Library Totals
         6          0          0          0          0          0   (incl. Padding)

    ----------------------------------------------------------------------

      Code (inc. data)   RO Data    RW Data    ZI Data      Debug   Library Name

      1996        102          0         12          0       1604   mc_w.l
      1336          0          0          0          0       1308   mf_w.l

    ----------------------------------------------------------------------
      3338        102          0         12          0       2912   Library Totals

    ----------------------------------------------------------------------

==============================================================================


      Code (inc. data)   RO Data    RW Data    ZI Data      Debug   

     59858       7494       1214        876       6796    1087291   Grand Totals
     59858       7494       1214        372       6796    1087291   ELF Image Totals (compressed)
     59858       7494       1214        372          0          0   ROM Totals

==============================================================================

    Total RO  Size (Code + RO Data)                61072 (  59.64kB)
    Total RW  Size (RW Data + ZI Data)              7672 (   7.49kB)
    Total ROM Size (Code + RO Data + RW Data)      61444 (  60.00kB)

==============================================================================

