<!doctype html public "-//w3c//dtd html 4.0 transitional//en">
<html><head>
<title>Static Call Graph - [..\OBJ\Sepax.axf]</title></head>
<body><HR>
<H1>Static Call Graph for image ..\OBJ\Sepax.axf</H1><HR>
<BR><P>#&#060CALLGRAPH&#062# ARM Linker, 5060300: Last Updated: Fri Mar 04 16:01:04 2022
<BR><P>
<H3>Maximum Stack Usage =        816 bytes + Unknown(Cycles, Untraceable Function Pointers)</H3><H3>
Call chain for Maximum Stack Depth:</H3>
main &rArr; protocol_handle_uart_powerstep01_plain_slave_cmd &rArr; protocol_cheminert_c52_c55 &rArr; cheminert_c52_c55_transfer &rArr; GetUartSend &rArr; Uart_Select_Baby &rArr; delay_ms &rArr; delay_us
<P>
<H3>
Mutually Recursive functions
</H3> <LI><a href="#[5d]">ADC1_2_IRQHandler</a>&nbsp;&nbsp;&nbsp;&rArr;&nbsp;&nbsp;&nbsp;<a href="#[5d]">ADC1_2_IRQHandler</a><BR>
 <LI><a href="#[45]">BusFault_Handler</a>&nbsp;&nbsp;&nbsp;&rArr;&nbsp;&nbsp;&nbsp;<a href="#[45]">BusFault_Handler</a><BR>
 <LI><a href="#[43]">HardFault_Handler</a>&nbsp;&nbsp;&nbsp;&rArr;&nbsp;&nbsp;&nbsp;<a href="#[43]">HardFault_Handler</a><BR>
 <LI><a href="#[44]">MemManage_Handler</a>&nbsp;&nbsp;&nbsp;&rArr;&nbsp;&nbsp;&nbsp;<a href="#[44]">MemManage_Handler</a><BR>
 <LI><a href="#[46]">UsageFault_Handler</a>&nbsp;&nbsp;&nbsp;&rArr;&nbsp;&nbsp;&nbsp;<a href="#[46]">UsageFault_Handler</a><BR>
</UL>
<P>
<H3>
Function Pointers
</H3><UL>
 <LI><a href="#[5d]">ADC1_2_IRQHandler</a> from startup_stm32f103xe.o(.text) referenced from startup_stm32f103xe.o(RESET)
 <LI><a href="#[7a]">ADC3_IRQHandler</a> from startup_stm32f103xe.o(.text) referenced from startup_stm32f103xe.o(RESET)
 <LI><a href="#[45]">BusFault_Handler</a> from stm32f1xx_it.o(i.BusFault_Handler) referenced from startup_stm32f103xe.o(RESET)
 <LI><a href="#[60]">CAN1_RX1_IRQHandler</a> from startup_stm32f103xe.o(.text) referenced from startup_stm32f103xe.o(RESET)
 <LI><a href="#[61]">CAN1_SCE_IRQHandler</a> from startup_stm32f103xe.o(.text) referenced from startup_stm32f103xe.o(RESET)
 <LI><a href="#[56]">DMA1_Channel1_IRQHandler</a> from startup_stm32f103xe.o(.text) referenced from startup_stm32f103xe.o(RESET)
 <LI><a href="#[57]">DMA1_Channel2_IRQHandler</a> from startup_stm32f103xe.o(.text) referenced from startup_stm32f103xe.o(RESET)
 <LI><a href="#[58]">DMA1_Channel3_IRQHandler</a> from startup_stm32f103xe.o(.text) referenced from startup_stm32f103xe.o(RESET)
 <LI><a href="#[59]">DMA1_Channel4_IRQHandler</a> from startup_stm32f103xe.o(.text) referenced from startup_stm32f103xe.o(RESET)
 <LI><a href="#[5a]">DMA1_Channel5_IRQHandler</a> from startup_stm32f103xe.o(.text) referenced from startup_stm32f103xe.o(RESET)
 <LI><a href="#[5b]">DMA1_Channel6_IRQHandler</a> from startup_stm32f103xe.o(.text) referenced from startup_stm32f103xe.o(RESET)
 <LI><a href="#[5c]">DMA1_Channel7_IRQHandler</a> from startup_stm32f103xe.o(.text) referenced from startup_stm32f103xe.o(RESET)
 <LI><a href="#[83]">DMA2_Channel1_IRQHandler</a> from startup_stm32f103xe.o(.text) referenced from startup_stm32f103xe.o(RESET)
 <LI><a href="#[84]">DMA2_Channel2_IRQHandler</a> from startup_stm32f103xe.o(.text) referenced from startup_stm32f103xe.o(RESET)
 <LI><a href="#[85]">DMA2_Channel3_IRQHandler</a> from startup_stm32f103xe.o(.text) referenced from startup_stm32f103xe.o(RESET)
 <LI><a href="#[86]">DMA2_Channel4_5_IRQHandler</a> from startup_stm32f103xe.o(.text) referenced from startup_stm32f103xe.o(RESET)
 <LI><a href="#[38]">DS18B20_Init</a> from ds18b20.o(i.DS18B20_Init) referenced 2 times from keep_temperature.o(.data)
 <LI><a href="#[48]">DebugMon_Handler</a> from stm32f1xx_it.o(i.DebugMon_Handler) referenced from startup_stm32f103xe.o(RESET)
 <LI><a href="#[51]">EXTI0_IRQHandler</a> from light.o(i.EXTI0_IRQHandler) referenced from startup_stm32f103xe.o(RESET)
 <LI><a href="#[73]">EXTI15_10_IRQHandler</a> from light.o(i.EXTI15_10_IRQHandler) referenced from startup_stm32f103xe.o(RESET)
 <LI><a href="#[52]">EXTI1_IRQHandler</a> from light.o(i.EXTI1_IRQHandler) referenced from startup_stm32f103xe.o(RESET)
 <LI><a href="#[53]">EXTI2_IRQHandler</a> from stm32f1xx_it.o(i.EXTI2_IRQHandler) referenced from startup_stm32f103xe.o(RESET)
 <LI><a href="#[54]">EXTI3_IRQHandler</a> from stm32f1xx_it.o(i.EXTI3_IRQHandler) referenced from startup_stm32f103xe.o(RESET)
 <LI><a href="#[55]">EXTI4_IRQHandler</a> from startup_stm32f103xe.o(.text) referenced from startup_stm32f103xe.o(RESET)
 <LI><a href="#[62]">EXTI9_5_IRQHandler</a> from light.o(i.EXTI9_5_IRQHandler) referenced from startup_stm32f103xe.o(RESET)
 <LI><a href="#[4f]">FLASH_IRQHandler</a> from startup_stm32f103xe.o(.text) referenced from startup_stm32f103xe.o(RESET)
 <LI><a href="#[7b]">FSMC_IRQHandler</a> from startup_stm32f103xe.o(.text) referenced from startup_stm32f103xe.o(RESET)
 <LI><a href="#[39]">GetTemperatureDegree</a> from keep_temperature.o(i.GetTemperatureDegree) referenced 2 times from keep_temperature.o(.data)
 <LI><a href="#[3c]">GetTemperatureStatus</a> from keep_temperature.o(i.GetTemperatureStatus) referenced 2 times from keep_temperature.o(.data)
 <LI><a href="#[34]">Get_Single_Temperature_Degree</a> from temperature.o(i.Get_Single_Temperature_Degree) referenced 2 times from temperature.o(.data)
 <LI><a href="#[43]">HardFault_Handler</a> from stm32f1xx_it.o(i.HardFault_Handler) referenced from startup_stm32f103xe.o(RESET)
 <LI><a href="#[6b]">I2C1_ER_IRQHandler</a> from startup_stm32f103xe.o(.text) referenced from startup_stm32f103xe.o(RESET)
 <LI><a href="#[6a]">I2C1_EV_IRQHandler</a> from startup_stm32f103xe.o(.text) referenced from startup_stm32f103xe.o(RESET)
 <LI><a href="#[6d]">I2C2_ER_IRQHandler</a> from startup_stm32f103xe.o(.text) referenced from startup_stm32f103xe.o(RESET)
 <LI><a href="#[6c]">I2C2_EV_IRQHandler</a> from startup_stm32f103xe.o(.text) referenced from startup_stm32f103xe.o(RESET)
 <LI><a href="#[3d]">Init_BL180</a> from bl180.o(i.Init_BL180) referenced 2 times from bl180.o(.data)
 <LI><a href="#[3f]">Init_Scan_FM100</a> from fm100.o(i.Init_Scan_FM100) referenced 2 times from bl180.o(.data)
 <LI><a href="#[3b]">KeepTemperatureDegree</a> from keep_temperature.o(i.KeepTemperatureDegree) referenced 2 times from keep_temperature.o(.data)
 <LI><a href="#[36]">Main_Keep_Temperature_Degree</a> from temperature.o(i.Main_Keep_Temperature_Degree) referenced 2 times from temperature.o(.data)
 <LI><a href="#[44]">MemManage_Handler</a> from stm32f1xx_it.o(i.MemManage_Handler) referenced from startup_stm32f103xe.o(RESET)
 <LI><a href="#[42]">NMI_Handler</a> from stm32f1xx_it.o(i.NMI_Handler) referenced from startup_stm32f103xe.o(RESET)
 <LI><a href="#[40]">Obtain_Barcode_String</a> from fm100.o(i.Obtain_Barcode_String) referenced 2 times from bl180.o(.data)
 <LI><a href="#[4c]">PVD_IRQHandler</a> from startup_stm32f103xe.o(.text) referenced from startup_stm32f103xe.o(RESET)
 <LI><a href="#[49]">PendSV_Handler</a> from stm32f1xx_it.o(i.PendSV_Handler) referenced from startup_stm32f103xe.o(RESET)
 <LI><a href="#[4]">Powerstep01_AttachBusyInterrupt</a> from powerstep01.o(i.Powerstep01_AttachBusyInterrupt) referenced 2 times from powerstep01.o(.data)
 <LI><a href="#[2]">Powerstep01_AttachErrorHandler</a> from powerstep01.o(i.Powerstep01_AttachErrorHandler) referenced 2 times from powerstep01.o(.data)
 <LI><a href="#[3]">Powerstep01_AttachFlagInterrupt</a> from powerstep01.o(i.Powerstep01_AttachFlagInterrupt) referenced 2 times from powerstep01.o(.data)
 <LI><a href="#[2c]">Powerstep01_BusyInterruptHandler</a> from powerstep01.o(i.Powerstep01_BusyInterruptHandler) referenced 2 times from powerstep01.o(.data)
 <LI><a href="#[1a]">Powerstep01_CheckBusyHw</a> from powerstep01.o(i.Powerstep01_CheckBusyHw) referenced 2 times from powerstep01.o(.data)
 <LI><a href="#[1b]">Powerstep01_CheckStatusHw</a> from powerstep01.o(i.Powerstep01_CheckStatusHw) referenced 2 times from powerstep01.o(.data)
 <LI><a href="#[11]">Powerstep01_CmdGetParam</a> from powerstep01.o(i.Powerstep01_CmdGetParam) referenced 2 times from powerstep01.o(.data)
 <LI><a href="#[12]">Powerstep01_CmdGetStatus</a> from powerstep01.o(i.Powerstep01_CmdGetStatus) referenced 2 times from powerstep01.o(.data)
 <LI><a href="#[9]">Powerstep01_CmdGoHome</a> from powerstep01.o(i.Powerstep01_CmdGoHome) referenced 2 times from powerstep01.o(.data)
 <LI><a href="#[a]">Powerstep01_CmdGoMark</a> from powerstep01.o(i.Powerstep01_CmdGoMark) referenced 2 times from powerstep01.o(.data)
 <LI><a href="#[b]">Powerstep01_CmdGoTo</a> from powerstep01.o(i.Powerstep01_CmdGoTo) referenced 2 times from powerstep01.o(.data)
 <LI><a href="#[19]">Powerstep01_CmdGoToDir</a> from powerstep01.o(i.Powerstep01_CmdGoToDir) referenced 2 times from powerstep01.o(.data)
 <LI><a href="#[1c]">Powerstep01_CmdGoUntil</a> from powerstep01.o(i.Powerstep01_CmdGoUntil) referenced 2 times from powerstep01.o(.data)
 <LI><a href="#[1d]">Powerstep01_CmdHardHiZ</a> from powerstep01.o(i.Powerstep01_CmdHardHiZ) referenced 2 times from powerstep01.o(.data)
 <LI><a href="#[c]">Powerstep01_CmdHardStop</a> from powerstep01.o(i.Powerstep01_CmdHardStop) referenced 2 times from powerstep01.o(.data)
 <LI><a href="#[d]">Powerstep01_CmdMove</a> from powerstep01.o(i.Powerstep01_CmdMove) referenced 2 times from powerstep01.o(.data)
 <LI><a href="#[13]">Powerstep01_CmdNop</a> from powerstep01.o(i.Powerstep01_CmdNop) referenced 2 times from powerstep01.o(.data)
 <LI><a href="#[1e]">Powerstep01_CmdReleaseSw</a> from powerstep01.o(i.Powerstep01_CmdReleaseSw) referenced 2 times from powerstep01.o(.data)
 <LI><a href="#[1f]">Powerstep01_CmdResetDevice</a> from powerstep01.o(i.Powerstep01_CmdResetDevice) referenced 2 times from powerstep01.o(.data)
 <LI><a href="#[20]">Powerstep01_CmdResetPos</a> from powerstep01.o(i.Powerstep01_CmdResetPos) referenced 2 times from powerstep01.o(.data)
 <LI><a href="#[21]">Powerstep01_CmdRun</a> from powerstep01.o(i.Powerstep01_CmdRun) referenced 2 times from powerstep01.o(.data)
 <LI><a href="#[14]">Powerstep01_CmdSetParam</a> from powerstep01.o(i.Powerstep01_CmdSetParam) referenced 2 times from powerstep01.o(.data)
 <LI><a href="#[22]">Powerstep01_CmdSoftHiZ</a> from powerstep01.o(i.Powerstep01_CmdSoftHiZ) referenced 2 times from powerstep01.o(.data)
 <LI><a href="#[2d]">Powerstep01_CmdSoftStop</a> from powerstep01.o(i.Powerstep01_CmdSoftStop) referenced 2 times from powerstep01.o(.data)
 <LI><a href="#[23]">Powerstep01_CmdStepClock</a> from powerstep01.o(i.Powerstep01_CmdStepClock) referenced 2 times from powerstep01.o(.data)
 <LI><a href="#[2b]">Powerstep01_ErrorHandler</a> from powerstep01.o(i.Powerstep01_ErrorHandler) referenced 2 times from powerstep01.o(.data)
 <LI><a href="#[24]">Powerstep01_FetchAndClearAllStatus</a> from powerstep01.o(i.Powerstep01_FetchAndClearAllStatus) referenced 2 times from powerstep01.o(.data)
 <LI><a href="#[5]">Powerstep01_FlagInterruptHandler</a> from powerstep01.o(i.Powerstep01_FlagInterruptHandler) referenced 2 times from powerstep01.o(.data)
 <LI><a href="#[32]">Powerstep01_GetAnalogValue</a> from powerstep01.o(i.Powerstep01_GetAnalogValue) referenced 2 times from powerstep01.o(.data)
 <LI><a href="#[25]">Powerstep01_GetFetchedStatus</a> from powerstep01.o(i.Powerstep01_GetFetchedStatus) referenced 2 times from powerstep01.o(.data)
 <LI><a href="#[6]">Powerstep01_GetFwVersion</a> from powerstep01.o(i.Powerstep01_GetFwVersion) referenced 2 times from powerstep01.o(.data)
 <LI><a href="#[7]">Powerstep01_GetMark</a> from powerstep01.o(i.Powerstep01_GetMark) referenced 2 times from powerstep01.o(.data)
 <LI><a href="#[26]">Powerstep01_GetNbDevices</a> from powerstep01.o(i.Powerstep01_GetNbDevices) referenced 2 times from powerstep01.o(.data)
 <LI><a href="#[8]">Powerstep01_GetPosition</a> from powerstep01.o(i.Powerstep01_GetPosition) referenced 2 times from powerstep01.o(.data)
 <LI><a href="#[0]">Powerstep01_Init</a> from powerstep01.o(i.Powerstep01_Init) referenced 2 times from powerstep01.o(.data)
 <LI><a href="#[27]">Powerstep01_IsDeviceBusy</a> from powerstep01.o(i.Powerstep01_IsDeviceBusy) referenced 2 times from powerstep01.o(.data)
 <LI><a href="#[29]">Powerstep01_QueueCommands</a> from powerstep01.o(i.Powerstep01_QueueCommands) referenced 2 times from powerstep01.o(.data)
 <LI><a href="#[1]">Powerstep01_ReadId</a> from powerstep01.o(i.Powerstep01_ReadId) referenced 2 times from powerstep01.o(.data)
 <LI><a href="#[15]">Powerstep01_ReadStatusRegister</a> from powerstep01.o(i.Powerstep01_ReadStatusRegister) referenced 2 times from powerstep01.o(.data)
 <LI><a href="#[16]">Powerstep01_ReleaseReset</a> from powerstep01.o(i.Powerstep01_ReleaseReset) referenced 2 times from powerstep01.o(.data)
 <LI><a href="#[17]">Powerstep01_Reset</a> from powerstep01.o(i.Powerstep01_Reset) referenced 2 times from powerstep01.o(.data)
 <LI><a href="#[18]">Powerstep01_SelectStepMode</a> from powerstep01.o(i.Powerstep01_SelectStepMode) referenced 2 times from powerstep01.o(.data)
 <LI><a href="#[28]">Powerstep01_SendQueuedCommands</a> from powerstep01.o(i.Powerstep01_SendQueuedCommands) referenced 2 times from powerstep01.o(.data)
 <LI><a href="#[31]">Powerstep01_SetAnalogValue</a> from powerstep01.o(i.Powerstep01_SetAnalogValue) referenced 2 times from powerstep01.o(.data)
 <LI><a href="#[e]">Powerstep01_SetHome</a> from powerstep01.o(i.Powerstep01_SetHome) referenced 2 times from powerstep01.o(.data)
 <LI><a href="#[f]">Powerstep01_SetMark</a> from powerstep01.o(i.Powerstep01_SetMark) referenced 2 times from powerstep01.o(.data)
 <LI><a href="#[30]">Powerstep01_SetNbDevices</a> from powerstep01.o(i.Powerstep01_SetNbDevices) referenced 2 times from powerstep01.o(.data)
 <LI><a href="#[2e]">Powerstep01_StartStepClock</a> from powerstep01.o(i.Powerstep01_StartStepClock) referenced 2 times from powerstep01.o(.data)
 <LI><a href="#[2f]">Powerstep01_StopStepClock</a> from powerstep01.o(i.Powerstep01_StopStepClock) referenced 2 times from powerstep01.o(.data)
 <LI><a href="#[2a]">Powerstep01_WaitForAllDevicesNotBusy</a> from powerstep01.o(i.Powerstep01_WaitForAllDevicesNotBusy) referenced 2 times from powerstep01.o(.data)
 <LI><a href="#[10]">Powerstep01_WaitWhileActive</a> from powerstep01.o(i.Powerstep01_WaitWhileActive) referenced 2 times from powerstep01.o(.data)
 <LI><a href="#[50]">RCC_IRQHandler</a> from startup_stm32f103xe.o(.text) referenced from startup_stm32f103xe.o(RESET)
 <LI><a href="#[74]">RTC_Alarm_IRQHandler</a> from startup_stm32f103xe.o(.text) referenced from startup_stm32f103xe.o(RESET)
 <LI><a href="#[4e]">RTC_IRQHandler</a> from startup_stm32f103xe.o(.text) referenced from startup_stm32f103xe.o(RESET)
 <LI><a href="#[41]">Reset_Handler</a> from startup_stm32f103xe.o(.text) referenced from startup_stm32f103xe.o(RESET)
 <LI><a href="#[7c]">SDIO_IRQHandler</a> from startup_stm32f103xe.o(.text) referenced from startup_stm32f103xe.o(RESET)
 <LI><a href="#[6e]">SPI1_IRQHandler</a> from startup_stm32f103xe.o(.text) referenced from startup_stm32f103xe.o(RESET)
 <LI><a href="#[6f]">SPI2_IRQHandler</a> from startup_stm32f103xe.o(.text) referenced from startup_stm32f103xe.o(RESET)
 <LI><a href="#[7e]">SPI3_IRQHandler</a> from startup_stm32f103xe.o(.text) referenced from startup_stm32f103xe.o(RESET)
 <LI><a href="#[47]">SVC_Handler</a> from stm32f1xx_it.o(i.SVC_Handler) referenced from startup_stm32f103xe.o(RESET)
 <LI><a href="#[3e]">Scan_Bar_Action</a> from bl180.o(i.Scan_Bar_Action) referenced 2 times from bl180.o(.data)
 <LI><a href="#[3a]">SetTemperatureDegree</a> from keep_temperature.o(i.SetTemperatureDegree) referenced 2 times from keep_temperature.o(.data)
 <LI><a href="#[35]">Set_Single_Temperature_Degree</a> from temperature.o(i.Set_Single_Temperature_Degree) referenced 2 times from temperature.o(.data)
 <LI><a href="#[4a]">SysTick_Handler</a> from stm32f1xx_it.o(i.SysTick_Handler) referenced from startup_stm32f103xe.o(RESET)
 <LI><a href="#[88]">SystemInit</a> from system_stm32f1xx.o(i.SystemInit) referenced from startup_stm32f103xe.o(.text)
 <LI><a href="#[4d]">TAMPER_IRQHandler</a> from startup_stm32f103xe.o(.text) referenced from startup_stm32f103xe.o(RESET)
 <LI><a href="#[63]">TIM1_BRK_IRQHandler</a> from startup_stm32f103xe.o(.text) referenced from startup_stm32f103xe.o(RESET)
 <LI><a href="#[66]">TIM1_CC_IRQHandler</a> from startup_stm32f103xe.o(.text) referenced from startup_stm32f103xe.o(RESET)
 <LI><a href="#[65]">TIM1_TRG_COM_IRQHandler</a> from startup_stm32f103xe.o(.text) referenced from startup_stm32f103xe.o(RESET)
 <LI><a href="#[64]">TIM1_UP_IRQHandler</a> from startup_stm32f103xe.o(.text) referenced from startup_stm32f103xe.o(RESET)
 <LI><a href="#[67]">TIM2_IRQHandler</a> from startup_stm32f103xe.o(.text) referenced from startup_stm32f103xe.o(RESET)
 <LI><a href="#[68]">TIM3_IRQHandler</a> from drv8434.o(i.TIM3_IRQHandler) referenced from startup_stm32f103xe.o(RESET)
 <LI><a href="#[69]">TIM4_IRQHandler</a> from drv8434.o(i.TIM4_IRQHandler) referenced from startup_stm32f103xe.o(RESET)
 <LI><a href="#[7d]">TIM5_IRQHandler</a> from timer.o(i.TIM5_IRQHandler) referenced from startup_stm32f103xe.o(RESET)
 <LI><a href="#[81]">TIM6_IRQHandler</a> from startup_stm32f103xe.o(.text) referenced from startup_stm32f103xe.o(RESET)
 <LI><a href="#[82]">TIM7_IRQHandler</a> from startup_stm32f103xe.o(.text) referenced from startup_stm32f103xe.o(RESET)
 <LI><a href="#[76]">TIM8_BRK_IRQHandler</a> from startup_stm32f103xe.o(.text) referenced from startup_stm32f103xe.o(RESET)
 <LI><a href="#[79]">TIM8_CC_IRQHandler</a> from startup_stm32f103xe.o(.text) referenced from startup_stm32f103xe.o(RESET)
 <LI><a href="#[78]">TIM8_TRG_COM_IRQHandler</a> from startup_stm32f103xe.o(.text) referenced from startup_stm32f103xe.o(RESET)
 <LI><a href="#[77]">TIM8_UP_IRQHandler</a> from startup_stm32f103xe.o(.text) referenced from startup_stm32f103xe.o(RESET)
 <LI><a href="#[37]">Temperature_Get_Status</a> from temperature.o(i.Temperature_Get_Status) referenced 2 times from temperature.o(.data)
 <LI><a href="#[8a]">UART2_Receive_Data</a> from uart2.o(i.UART2_Receive_Data) referenced from uart_choose.o(i.GetUartReceive)
 <LI><a href="#[8c]">UART2_Send_Data</a> from uart2.o(i.UART2_Send_Data) referenced from uart_choose.o(i.GetUartSend)
 <LI><a href="#[8b]">UART3_Receive_Data</a> from uart3.o(i.UART3_Receive_Data) referenced from uart_choose.o(i.GetUartReceive)
 <LI><a href="#[8d]">UART3_Send_Data</a> from uart3.o(i.UART3_Send_Data) referenced from uart_choose.o(i.GetUartSend)
 <LI><a href="#[7f]">UART4_IRQHandler</a> from uart4.o(i.UART4_IRQHandler) referenced from startup_stm32f103xe.o(RESET)
 <LI><a href="#[80]">UART5_IRQHandler</a> from uart5.o(i.UART5_IRQHandler) referenced from startup_stm32f103xe.o(RESET)
 <LI><a href="#[70]">USART1_IRQHandler</a> from usart.o(i.USART1_IRQHandler) referenced from startup_stm32f103xe.o(RESET)
 <LI><a href="#[71]">USART2_IRQHandler</a> from uart2.o(i.USART2_IRQHandler) referenced from startup_stm32f103xe.o(RESET)
 <LI><a href="#[72]">USART3_IRQHandler</a> from uart3.o(i.USART3_IRQHandler) referenced from startup_stm32f103xe.o(RESET)
 <LI><a href="#[75]">USBWakeUp_IRQHandler</a> from startup_stm32f103xe.o(.text) referenced from startup_stm32f103xe.o(RESET)
 <LI><a href="#[5e]">USB_HP_CAN1_TX_IRQHandler</a> from startup_stm32f103xe.o(.text) referenced from startup_stm32f103xe.o(RESET)
 <LI><a href="#[5f]">USB_LP_CAN1_RX0_IRQHandler</a> from startup_stm32f103xe.o(.text) referenced from startup_stm32f103xe.o(RESET)
 <LI><a href="#[46]">UsageFault_Handler</a> from stm32f1xx_it.o(i.UsageFault_Handler) referenced from startup_stm32f103xe.o(RESET)
 <LI><a href="#[4b]">WWDG_IRQHandler</a> from startup_stm32f103xe.o(.text) referenced from startup_stm32f103xe.o(RESET)
 <LI><a href="#[33]">Weight_Sensor_Init</a> from weight.o(i.Weight_Sensor_Init) referenced 2 times from temperature.o(.data)
 <LI><a href="#[89]">__main</a> from entry.o(.ARM.Collect$$$$00000000) referenced from startup_stm32f103xe.o(.text)
 <LI><a href="#[8f]">_sputc</a> from printfa.o(i._sputc) referenced from printfa.o(i.__0sprintf)
 <LI><a href="#[8e]">fputc</a> from usart.o(i.fputc) referenced from printfa.o(i.__0printf)
 <LI><a href="#[87]">main</a> from main.o(i.main) referenced from entry9a.o(.ARM.Collect$$$$0000000B)
</UL>
<P>
<H3>
Global Symbols
</H3>
<P><STRONG><a name="[89]"></a>__main</STRONG> (Thumb, 0 bytes, Stack size unknown bytes, entry.o(.ARM.Collect$$$$00000000))
<BR>[Address Reference Count : 1]<UL><LI> startup_stm32f103xe.o(.text)
</UL>
<P><STRONG><a name="[183]"></a>_main_stk</STRONG> (Thumb, 0 bytes, Stack size unknown bytes, entry2.o(.ARM.Collect$$$$00000001))

<P><STRONG><a name="[90]"></a>_main_scatterload</STRONG> (Thumb, 0 bytes, Stack size unknown bytes, entry5.o(.ARM.Collect$$$$00000004))
<BR><BR>[Calls]<UL><LI><a href="#[91]">&gt;&gt;</a>&nbsp;&nbsp;&nbsp;__scatterload
</UL>

<P><STRONG><a name="[ab]"></a>__main_after_scatterload</STRONG> (Thumb, 0 bytes, Stack size unknown bytes, entry5.o(.ARM.Collect$$$$00000004))
<BR><BR>[Called By]<UL><LI><a href="#[91]">&gt;&gt;</a>&nbsp;&nbsp;&nbsp;__scatterload
</UL>

<P><STRONG><a name="[184]"></a>_main_clock</STRONG> (Thumb, 0 bytes, Stack size unknown bytes, entry7b.o(.ARM.Collect$$$$00000008))

<P><STRONG><a name="[185]"></a>_main_cpp_init</STRONG> (Thumb, 0 bytes, Stack size unknown bytes, entry8b.o(.ARM.Collect$$$$0000000A))

<P><STRONG><a name="[186]"></a>_main_init</STRONG> (Thumb, 0 bytes, Stack size unknown bytes, entry9a.o(.ARM.Collect$$$$0000000B))

<P><STRONG><a name="[187]"></a>__rt_final_cpp</STRONG> (Thumb, 0 bytes, Stack size unknown bytes, entry10a.o(.ARM.Collect$$$$0000000D))

<P><STRONG><a name="[188]"></a>__rt_final_exit</STRONG> (Thumb, 0 bytes, Stack size unknown bytes, entry11a.o(.ARM.Collect$$$$0000000F))

<P><STRONG><a name="[41]"></a>Reset_Handler</STRONG> (Thumb, 8 bytes, Stack size 0 bytes, startup_stm32f103xe.o(.text))
<BR>[Address Reference Count : 1]<UL><LI> startup_stm32f103xe.o(RESET)
</UL>
<P><STRONG><a name="[5d]"></a>ADC1_2_IRQHandler</STRONG> (Thumb, 0 bytes, Stack size 0 bytes, startup_stm32f103xe.o(.text))
<BR><BR>[Calls]<UL><LI><a href="#[5d]">&gt;&gt;</a>&nbsp;&nbsp;&nbsp;ADC1_2_IRQHandler
</UL>
<BR>[Called By]<UL><LI><a href="#[5d]">&gt;&gt;</a>&nbsp;&nbsp;&nbsp;ADC1_2_IRQHandler
</UL>
<BR>[Address Reference Count : 1]<UL><LI> startup_stm32f103xe.o(RESET)
</UL>
<P><STRONG><a name="[7a]"></a>ADC3_IRQHandler</STRONG> (Thumb, 0 bytes, Stack size 0 bytes, startup_stm32f103xe.o(.text))
<BR>[Address Reference Count : 1]<UL><LI> startup_stm32f103xe.o(RESET)
</UL>
<P><STRONG><a name="[60]"></a>CAN1_RX1_IRQHandler</STRONG> (Thumb, 0 bytes, Stack size 0 bytes, startup_stm32f103xe.o(.text))
<BR>[Address Reference Count : 1]<UL><LI> startup_stm32f103xe.o(RESET)
</UL>
<P><STRONG><a name="[61]"></a>CAN1_SCE_IRQHandler</STRONG> (Thumb, 0 bytes, Stack size 0 bytes, startup_stm32f103xe.o(.text))
<BR>[Address Reference Count : 1]<UL><LI> startup_stm32f103xe.o(RESET)
</UL>
<P><STRONG><a name="[56]"></a>DMA1_Channel1_IRQHandler</STRONG> (Thumb, 0 bytes, Stack size 0 bytes, startup_stm32f103xe.o(.text))
<BR>[Address Reference Count : 1]<UL><LI> startup_stm32f103xe.o(RESET)
</UL>
<P><STRONG><a name="[57]"></a>DMA1_Channel2_IRQHandler</STRONG> (Thumb, 0 bytes, Stack size 0 bytes, startup_stm32f103xe.o(.text))
<BR>[Address Reference Count : 1]<UL><LI> startup_stm32f103xe.o(RESET)
</UL>
<P><STRONG><a name="[58]"></a>DMA1_Channel3_IRQHandler</STRONG> (Thumb, 0 bytes, Stack size 0 bytes, startup_stm32f103xe.o(.text))
<BR>[Address Reference Count : 1]<UL><LI> startup_stm32f103xe.o(RESET)
</UL>
<P><STRONG><a name="[59]"></a>DMA1_Channel4_IRQHandler</STRONG> (Thumb, 0 bytes, Stack size 0 bytes, startup_stm32f103xe.o(.text))
<BR>[Address Reference Count : 1]<UL><LI> startup_stm32f103xe.o(RESET)
</UL>
<P><STRONG><a name="[5a]"></a>DMA1_Channel5_IRQHandler</STRONG> (Thumb, 0 bytes, Stack size 0 bytes, startup_stm32f103xe.o(.text))
<BR>[Address Reference Count : 1]<UL><LI> startup_stm32f103xe.o(RESET)
</UL>
<P><STRONG><a name="[5b]"></a>DMA1_Channel6_IRQHandler</STRONG> (Thumb, 0 bytes, Stack size 0 bytes, startup_stm32f103xe.o(.text))
<BR>[Address Reference Count : 1]<UL><LI> startup_stm32f103xe.o(RESET)
</UL>
<P><STRONG><a name="[5c]"></a>DMA1_Channel7_IRQHandler</STRONG> (Thumb, 0 bytes, Stack size 0 bytes, startup_stm32f103xe.o(.text))
<BR>[Address Reference Count : 1]<UL><LI> startup_stm32f103xe.o(RESET)
</UL>
<P><STRONG><a name="[83]"></a>DMA2_Channel1_IRQHandler</STRONG> (Thumb, 0 bytes, Stack size 0 bytes, startup_stm32f103xe.o(.text))
<BR>[Address Reference Count : 1]<UL><LI> startup_stm32f103xe.o(RESET)
</UL>
<P><STRONG><a name="[84]"></a>DMA2_Channel2_IRQHandler</STRONG> (Thumb, 0 bytes, Stack size 0 bytes, startup_stm32f103xe.o(.text))
<BR>[Address Reference Count : 1]<UL><LI> startup_stm32f103xe.o(RESET)
</UL>
<P><STRONG><a name="[85]"></a>DMA2_Channel3_IRQHandler</STRONG> (Thumb, 0 bytes, Stack size 0 bytes, startup_stm32f103xe.o(.text))
<BR>[Address Reference Count : 1]<UL><LI> startup_stm32f103xe.o(RESET)
</UL>
<P><STRONG><a name="[86]"></a>DMA2_Channel4_5_IRQHandler</STRONG> (Thumb, 0 bytes, Stack size 0 bytes, startup_stm32f103xe.o(.text))
<BR>[Address Reference Count : 1]<UL><LI> startup_stm32f103xe.o(RESET)
</UL>
<P><STRONG><a name="[55]"></a>EXTI4_IRQHandler</STRONG> (Thumb, 0 bytes, Stack size 0 bytes, startup_stm32f103xe.o(.text))
<BR>[Address Reference Count : 1]<UL><LI> startup_stm32f103xe.o(RESET)
</UL>
<P><STRONG><a name="[4f]"></a>FLASH_IRQHandler</STRONG> (Thumb, 0 bytes, Stack size 0 bytes, startup_stm32f103xe.o(.text))
<BR>[Address Reference Count : 1]<UL><LI> startup_stm32f103xe.o(RESET)
</UL>
<P><STRONG><a name="[7b]"></a>FSMC_IRQHandler</STRONG> (Thumb, 0 bytes, Stack size 0 bytes, startup_stm32f103xe.o(.text))
<BR>[Address Reference Count : 1]<UL><LI> startup_stm32f103xe.o(RESET)
</UL>
<P><STRONG><a name="[6b]"></a>I2C1_ER_IRQHandler</STRONG> (Thumb, 0 bytes, Stack size 0 bytes, startup_stm32f103xe.o(.text))
<BR>[Address Reference Count : 1]<UL><LI> startup_stm32f103xe.o(RESET)
</UL>
<P><STRONG><a name="[6a]"></a>I2C1_EV_IRQHandler</STRONG> (Thumb, 0 bytes, Stack size 0 bytes, startup_stm32f103xe.o(.text))
<BR>[Address Reference Count : 1]<UL><LI> startup_stm32f103xe.o(RESET)
</UL>
<P><STRONG><a name="[6d]"></a>I2C2_ER_IRQHandler</STRONG> (Thumb, 0 bytes, Stack size 0 bytes, startup_stm32f103xe.o(.text))
<BR>[Address Reference Count : 1]<UL><LI> startup_stm32f103xe.o(RESET)
</UL>
<P><STRONG><a name="[6c]"></a>I2C2_EV_IRQHandler</STRONG> (Thumb, 0 bytes, Stack size 0 bytes, startup_stm32f103xe.o(.text))
<BR>[Address Reference Count : 1]<UL><LI> startup_stm32f103xe.o(RESET)
</UL>
<P><STRONG><a name="[4c]"></a>PVD_IRQHandler</STRONG> (Thumb, 0 bytes, Stack size 0 bytes, startup_stm32f103xe.o(.text))
<BR>[Address Reference Count : 1]<UL><LI> startup_stm32f103xe.o(RESET)
</UL>
<P><STRONG><a name="[50]"></a>RCC_IRQHandler</STRONG> (Thumb, 0 bytes, Stack size 0 bytes, startup_stm32f103xe.o(.text))
<BR>[Address Reference Count : 1]<UL><LI> startup_stm32f103xe.o(RESET)
</UL>
<P><STRONG><a name="[74]"></a>RTC_Alarm_IRQHandler</STRONG> (Thumb, 0 bytes, Stack size 0 bytes, startup_stm32f103xe.o(.text))
<BR>[Address Reference Count : 1]<UL><LI> startup_stm32f103xe.o(RESET)
</UL>
<P><STRONG><a name="[4e]"></a>RTC_IRQHandler</STRONG> (Thumb, 0 bytes, Stack size 0 bytes, startup_stm32f103xe.o(.text))
<BR>[Address Reference Count : 1]<UL><LI> startup_stm32f103xe.o(RESET)
</UL>
<P><STRONG><a name="[7c]"></a>SDIO_IRQHandler</STRONG> (Thumb, 0 bytes, Stack size 0 bytes, startup_stm32f103xe.o(.text))
<BR>[Address Reference Count : 1]<UL><LI> startup_stm32f103xe.o(RESET)
</UL>
<P><STRONG><a name="[6e]"></a>SPI1_IRQHandler</STRONG> (Thumb, 0 bytes, Stack size 0 bytes, startup_stm32f103xe.o(.text))
<BR>[Address Reference Count : 1]<UL><LI> startup_stm32f103xe.o(RESET)
</UL>
<P><STRONG><a name="[6f]"></a>SPI2_IRQHandler</STRONG> (Thumb, 0 bytes, Stack size 0 bytes, startup_stm32f103xe.o(.text))
<BR>[Address Reference Count : 1]<UL><LI> startup_stm32f103xe.o(RESET)
</UL>
<P><STRONG><a name="[7e]"></a>SPI3_IRQHandler</STRONG> (Thumb, 0 bytes, Stack size 0 bytes, startup_stm32f103xe.o(.text))
<BR>[Address Reference Count : 1]<UL><LI> startup_stm32f103xe.o(RESET)
</UL>
<P><STRONG><a name="[4d]"></a>TAMPER_IRQHandler</STRONG> (Thumb, 0 bytes, Stack size 0 bytes, startup_stm32f103xe.o(.text))
<BR>[Address Reference Count : 1]<UL><LI> startup_stm32f103xe.o(RESET)
</UL>
<P><STRONG><a name="[63]"></a>TIM1_BRK_IRQHandler</STRONG> (Thumb, 0 bytes, Stack size 0 bytes, startup_stm32f103xe.o(.text))
<BR>[Address Reference Count : 1]<UL><LI> startup_stm32f103xe.o(RESET)
</UL>
<P><STRONG><a name="[66]"></a>TIM1_CC_IRQHandler</STRONG> (Thumb, 0 bytes, Stack size 0 bytes, startup_stm32f103xe.o(.text))
<BR>[Address Reference Count : 1]<UL><LI> startup_stm32f103xe.o(RESET)
</UL>
<P><STRONG><a name="[65]"></a>TIM1_TRG_COM_IRQHandler</STRONG> (Thumb, 0 bytes, Stack size 0 bytes, startup_stm32f103xe.o(.text))
<BR>[Address Reference Count : 1]<UL><LI> startup_stm32f103xe.o(RESET)
</UL>
<P><STRONG><a name="[64]"></a>TIM1_UP_IRQHandler</STRONG> (Thumb, 0 bytes, Stack size 0 bytes, startup_stm32f103xe.o(.text))
<BR>[Address Reference Count : 1]<UL><LI> startup_stm32f103xe.o(RESET)
</UL>
<P><STRONG><a name="[67]"></a>TIM2_IRQHandler</STRONG> (Thumb, 0 bytes, Stack size 0 bytes, startup_stm32f103xe.o(.text))
<BR>[Address Reference Count : 1]<UL><LI> startup_stm32f103xe.o(RESET)
</UL>
<P><STRONG><a name="[81]"></a>TIM6_IRQHandler</STRONG> (Thumb, 0 bytes, Stack size 0 bytes, startup_stm32f103xe.o(.text))
<BR>[Address Reference Count : 1]<UL><LI> startup_stm32f103xe.o(RESET)
</UL>
<P><STRONG><a name="[82]"></a>TIM7_IRQHandler</STRONG> (Thumb, 0 bytes, Stack size 0 bytes, startup_stm32f103xe.o(.text))
<BR>[Address Reference Count : 1]<UL><LI> startup_stm32f103xe.o(RESET)
</UL>
<P><STRONG><a name="[76]"></a>TIM8_BRK_IRQHandler</STRONG> (Thumb, 0 bytes, Stack size 0 bytes, startup_stm32f103xe.o(.text))
<BR>[Address Reference Count : 1]<UL><LI> startup_stm32f103xe.o(RESET)
</UL>
<P><STRONG><a name="[79]"></a>TIM8_CC_IRQHandler</STRONG> (Thumb, 0 bytes, Stack size 0 bytes, startup_stm32f103xe.o(.text))
<BR>[Address Reference Count : 1]<UL><LI> startup_stm32f103xe.o(RESET)
</UL>
<P><STRONG><a name="[78]"></a>TIM8_TRG_COM_IRQHandler</STRONG> (Thumb, 0 bytes, Stack size 0 bytes, startup_stm32f103xe.o(.text))
<BR>[Address Reference Count : 1]<UL><LI> startup_stm32f103xe.o(RESET)
</UL>
<P><STRONG><a name="[77]"></a>TIM8_UP_IRQHandler</STRONG> (Thumb, 0 bytes, Stack size 0 bytes, startup_stm32f103xe.o(.text))
<BR>[Address Reference Count : 1]<UL><LI> startup_stm32f103xe.o(RESET)
</UL>
<P><STRONG><a name="[75]"></a>USBWakeUp_IRQHandler</STRONG> (Thumb, 0 bytes, Stack size 0 bytes, startup_stm32f103xe.o(.text))
<BR>[Address Reference Count : 1]<UL><LI> startup_stm32f103xe.o(RESET)
</UL>
<P><STRONG><a name="[5e]"></a>USB_HP_CAN1_TX_IRQHandler</STRONG> (Thumb, 0 bytes, Stack size 0 bytes, startup_stm32f103xe.o(.text))
<BR>[Address Reference Count : 1]<UL><LI> startup_stm32f103xe.o(RESET)
</UL>
<P><STRONG><a name="[5f]"></a>USB_LP_CAN1_RX0_IRQHandler</STRONG> (Thumb, 0 bytes, Stack size 0 bytes, startup_stm32f103xe.o(.text))
<BR>[Address Reference Count : 1]<UL><LI> startup_stm32f103xe.o(RESET)
</UL>
<P><STRONG><a name="[4b]"></a>WWDG_IRQHandler</STRONG> (Thumb, 0 bytes, Stack size 0 bytes, startup_stm32f103xe.o(.text))
<BR>[Address Reference Count : 1]<UL><LI> startup_stm32f103xe.o(RESET)
</UL>
<P><STRONG><a name="[9b]"></a>__aeabi_llsl</STRONG> (Thumb, 30 bytes, Stack size 0 bytes, llshl.o(.text))
<BR><BR>[Called By]<UL><LI><a href="#[aa]">&gt;&gt;</a>&nbsp;&nbsp;&nbsp;__aeabi_d2ulz
<LI><a href="#[9a]">&gt;&gt;</a>&nbsp;&nbsp;&nbsp;__aeabi_dadd
<LI><a href="#[a9]">&gt;&gt;</a>&nbsp;&nbsp;&nbsp;__aeabi_uldivmod
<LI><a href="#[9d]">&gt;&gt;</a>&nbsp;&nbsp;&nbsp;_double_epilogue
</UL>

<P><STRONG><a name="[189]"></a>_ll_shift_l</STRONG> (Thumb, 0 bytes, Stack size 0 bytes, llshl.o(.text), UNUSED)

<P><STRONG><a name="[18a]"></a>___aeabi_memcpy8$move</STRONG> (Thumb, 0 bytes, Stack size 8 bytes, memmovea.o(.text), UNUSED)

<P><STRONG><a name="[b0]"></a>__aeabi_memcpy</STRONG> (Thumb, 64 bytes, Stack size 8 bytes, memmovea.o(.text))
<BR><BR>[Stack]<UL><LI>Max Depth = 8<LI>Call Chain = __aeabi_memcpy
</UL>
<BR>[Called By]<UL><LI><a href="#[15e]">&gt;&gt;</a>&nbsp;&nbsp;&nbsp;protocol_handle_uart_powerstep01_plain_slave_cmd
<LI><a href="#[15a]">&gt;&gt;</a>&nbsp;&nbsp;&nbsp;cheminert_c52_c55_transfer
<LI><a href="#[af]">&gt;&gt;</a>&nbsp;&nbsp;&nbsp;Big_Little_Endian_Convert
<LI><a href="#[104]">&gt;&gt;</a>&nbsp;&nbsp;&nbsp;M6e_Magic_Get_One_Rfid_Info
<LI><a href="#[175]">&gt;&gt;</a>&nbsp;&nbsp;&nbsp;protocol_rfid_get_epc_string
<LI><a href="#[163]">&gt;&gt;</a>&nbsp;&nbsp;&nbsp;protocol_cheminert_c52_c55
</UL>

<P><STRONG><a name="[b8]"></a>__aeabi_memcpy4</STRONG> (Thumb, 0 bytes, Stack size 8 bytes, memmovea.o(.text))
<BR><BR>[Stack]<UL><LI>Max Depth = 8<LI>Call Chain = __aeabi_memcpy4
</UL>
<BR>[Called By]<UL><LI><a href="#[15e]">&gt;&gt;</a>&nbsp;&nbsp;&nbsp;protocol_handle_uart_powerstep01_plain_slave_cmd
<LI><a href="#[159]">&gt;&gt;</a>&nbsp;&nbsp;&nbsp;caculate_tansfer_check_bit
<LI><a href="#[b9]">&gt;&gt;</a>&nbsp;&nbsp;&nbsp;init_motor_device
<LI><a href="#[b6]">&gt;&gt;</a>&nbsp;&nbsp;&nbsp;Choose_Single_Motor_Speed_Config
<LI><a href="#[ca]">&gt;&gt;</a>&nbsp;&nbsp;&nbsp;Get_Real_Time_Polling_Value
<LI><a href="#[163]">&gt;&gt;</a>&nbsp;&nbsp;&nbsp;protocol_cheminert_c52_c55
</UL>

<P><STRONG><a name="[18b]"></a>__aeabi_memmove</STRONG> (Thumb, 0 bytes, Stack size 8 bytes, memmovea.o(.text), UNUSED)

<P><STRONG><a name="[18c]"></a>__aeabi_memmove4</STRONG> (Thumb, 0 bytes, Stack size 8 bytes, memmovea.o(.text), UNUSED)

<P><STRONG><a name="[18d]"></a>__aeabi_memmove8</STRONG> (Thumb, 0 bytes, Stack size 8 bytes, memmovea.o(.text), UNUSED)

<P><STRONG><a name="[93]"></a>__aeabi_memset</STRONG> (Thumb, 14 bytes, Stack size 0 bytes, memseta.o(.text), UNUSED)
<BR><BR>[Called By]<UL><LI><a href="#[94]">&gt;&gt;</a>&nbsp;&nbsp;&nbsp;_memset$wrapper
<LI><a href="#[92]">&gt;&gt;</a>&nbsp;&nbsp;&nbsp;__aeabi_memclr
</UL>

<P><STRONG><a name="[18e]"></a>__aeabi_memset4</STRONG> (Thumb, 0 bytes, Stack size 0 bytes, memseta.o(.text), UNUSED)

<P><STRONG><a name="[18f]"></a>__aeabi_memset8</STRONG> (Thumb, 0 bytes, Stack size 0 bytes, memseta.o(.text), UNUSED)

<P><STRONG><a name="[92]"></a>__aeabi_memclr</STRONG> (Thumb, 4 bytes, Stack size 0 bytes, memseta.o(.text), UNUSED)
<BR><BR>[Calls]<UL><LI><a href="#[93]">&gt;&gt;</a>&nbsp;&nbsp;&nbsp;__aeabi_memset
</UL>

<P><STRONG><a name="[bc]"></a>__aeabi_memclr4</STRONG> (Thumb, 0 bytes, Stack size 0 bytes, memseta.o(.text))
<BR><BR>[Called By]<UL><LI><a href="#[15e]">&gt;&gt;</a>&nbsp;&nbsp;&nbsp;protocol_handle_uart_powerstep01_plain_slave_cmd
<LI><a href="#[159]">&gt;&gt;</a>&nbsp;&nbsp;&nbsp;caculate_tansfer_check_bit
<LI><a href="#[138]">&gt;&gt;</a>&nbsp;&nbsp;&nbsp;Real_Time_Polling_Init
<LI><a href="#[15a]">&gt;&gt;</a>&nbsp;&nbsp;&nbsp;cheminert_c52_c55_transfer
<LI><a href="#[b9]">&gt;&gt;</a>&nbsp;&nbsp;&nbsp;init_motor_device
<LI><a href="#[b7]">&gt;&gt;</a>&nbsp;&nbsp;&nbsp;ConfigMotorAllDevice
<LI><a href="#[163]">&gt;&gt;</a>&nbsp;&nbsp;&nbsp;protocol_cheminert_c52_c55
</UL>

<P><STRONG><a name="[190]"></a>__aeabi_memclr8</STRONG> (Thumb, 0 bytes, Stack size 0 bytes, memseta.o(.text), UNUSED)

<P><STRONG><a name="[94]"></a>_memset$wrapper</STRONG> (Thumb, 18 bytes, Stack size 8 bytes, memseta.o(.text), UNUSED)
<BR><BR>[Calls]<UL><LI><a href="#[93]">&gt;&gt;</a>&nbsp;&nbsp;&nbsp;__aeabi_memset
</UL>

<P><STRONG><a name="[95]"></a>__aeabi_fadd</STRONG> (Thumb, 164 bytes, Stack size 16 bytes, fadd.o(.text))
<BR><BR>[Stack]<UL><LI>Max Depth = 20<LI>Call Chain = __aeabi_fadd &rArr; _float_epilogue
</UL>
<BR>[Calls]<UL><LI><a href="#[97]">&gt;&gt;</a>&nbsp;&nbsp;&nbsp;_float_round
<LI><a href="#[96]">&gt;&gt;</a>&nbsp;&nbsp;&nbsp;_float_epilogue
</UL>
<BR>[Called By]<UL><LI><a href="#[98]">&gt;&gt;</a>&nbsp;&nbsp;&nbsp;__aeabi_fsub
<LI><a href="#[136]">&gt;&gt;</a>&nbsp;&nbsp;&nbsp;Powerstep01_Tval_RefVoltage_to_RegVal
<LI><a href="#[137]">&gt;&gt;</a>&nbsp;&nbsp;&nbsp;Powerstep01_Tmin_Time_to_RegVal
<LI><a href="#[135]">&gt;&gt;</a>&nbsp;&nbsp;&nbsp;Powerstep01_StallOcd_Th_to_RegVal
<LI><a href="#[133]">&gt;&gt;</a>&nbsp;&nbsp;&nbsp;Powerstep01_MinSpd_Steps_s_to_RegVal
<LI><a href="#[132]">&gt;&gt;</a>&nbsp;&nbsp;&nbsp;Powerstep01_MaxSpd_Steps_s_to_RegVal
<LI><a href="#[131]">&gt;&gt;</a>&nbsp;&nbsp;&nbsp;Powerstep01_Kval_Perc_to_RegVal
<LI><a href="#[126]">&gt;&gt;</a>&nbsp;&nbsp;&nbsp;Powerstep01_KTherm_RegVal_to_Comp
<LI><a href="#[12f]">&gt;&gt;</a>&nbsp;&nbsp;&nbsp;Powerstep01_KTherm_Comp_to_RegVal
<LI><a href="#[12e]">&gt;&gt;</a>&nbsp;&nbsp;&nbsp;Powerstep01_IntSpd_Steps_s_to_RegVal
<LI><a href="#[11f]">&gt;&gt;</a>&nbsp;&nbsp;&nbsp;Powerstep01_FSSpd_RegVal_to_Steps_s
<LI><a href="#[10c]">&gt;&gt;</a>&nbsp;&nbsp;&nbsp;Powerstep01_BEMFslope_Perc_to_RegVal
<LI><a href="#[10a]">&gt;&gt;</a>&nbsp;&nbsp;&nbsp;Powerstep01_AccDec_Steps_s2_to_RegVal
<LI><a href="#[101]">&gt;&gt;</a>&nbsp;&nbsp;&nbsp;PID_Control
<LI><a href="#[99]">&gt;&gt;</a>&nbsp;&nbsp;&nbsp;__aeabi_frsub
</UL>

<P><STRONG><a name="[98]"></a>__aeabi_fsub</STRONG> (Thumb, 6 bytes, Stack size 0 bytes, fadd.o(.text))
<BR><BR>[Stack]<UL><LI>Max Depth = 20<LI>Call Chain = __aeabi_fsub &rArr; __aeabi_fadd &rArr; _float_epilogue
</UL>
<BR>[Calls]<UL><LI><a href="#[95]">&gt;&gt;</a>&nbsp;&nbsp;&nbsp;__aeabi_fadd
</UL>
<BR>[Called By]<UL><LI><a href="#[136]">&gt;&gt;</a>&nbsp;&nbsp;&nbsp;Powerstep01_Tval_RefVoltage_to_RegVal
<LI><a href="#[137]">&gt;&gt;</a>&nbsp;&nbsp;&nbsp;Powerstep01_Tmin_Time_to_RegVal
<LI><a href="#[135]">&gt;&gt;</a>&nbsp;&nbsp;&nbsp;Powerstep01_StallOcd_Th_to_RegVal
<LI><a href="#[12f]">&gt;&gt;</a>&nbsp;&nbsp;&nbsp;Powerstep01_KTherm_Comp_to_RegVal
<LI><a href="#[101]">&gt;&gt;</a>&nbsp;&nbsp;&nbsp;PID_Control
</UL>

<P><STRONG><a name="[99]"></a>__aeabi_frsub</STRONG> (Thumb, 6 bytes, Stack size 0 bytes, fadd.o(.text), UNUSED)
<BR><BR>[Calls]<UL><LI><a href="#[95]">&gt;&gt;</a>&nbsp;&nbsp;&nbsp;__aeabi_fadd
</UL>

<P><STRONG><a name="[107]"></a>__aeabi_fmul</STRONG> (Thumb, 100 bytes, Stack size 8 bytes, fmul.o(.text))
<BR><BR>[Stack]<UL><LI>Max Depth = 8<LI>Call Chain = __aeabi_fmul
</UL>
<BR>[Called By]<UL><LI><a href="#[129]">&gt;&gt;</a>&nbsp;&nbsp;&nbsp;Powerstep01_Tval_RegVal_to_RefVoltage
<LI><a href="#[136]">&gt;&gt;</a>&nbsp;&nbsp;&nbsp;Powerstep01_Tval_RefVoltage_to_RegVal
<LI><a href="#[135]">&gt;&gt;</a>&nbsp;&nbsp;&nbsp;Powerstep01_StallOcd_Th_to_RegVal
<LI><a href="#[127]">&gt;&gt;</a>&nbsp;&nbsp;&nbsp;Powerstep01_StallOcd_RegVal_to_Th
<LI><a href="#[122]">&gt;&gt;</a>&nbsp;&nbsp;&nbsp;Powerstep01_Speed_RegVal_to_Steps_s
<LI><a href="#[133]">&gt;&gt;</a>&nbsp;&nbsp;&nbsp;Powerstep01_MinSpd_Steps_s_to_RegVal
<LI><a href="#[124]">&gt;&gt;</a>&nbsp;&nbsp;&nbsp;Powerstep01_MinSpd_RegVal_to_Steps_s
<LI><a href="#[132]">&gt;&gt;</a>&nbsp;&nbsp;&nbsp;Powerstep01_MaxSpd_Steps_s_to_RegVal
<LI><a href="#[123]">&gt;&gt;</a>&nbsp;&nbsp;&nbsp;Powerstep01_MaxSpd_RegVal_to_Steps_s
<LI><a href="#[128]">&gt;&gt;</a>&nbsp;&nbsp;&nbsp;Powerstep01_Kval_RegVal_to_Perc
<LI><a href="#[131]">&gt;&gt;</a>&nbsp;&nbsp;&nbsp;Powerstep01_Kval_Perc_to_RegVal
<LI><a href="#[12e]">&gt;&gt;</a>&nbsp;&nbsp;&nbsp;Powerstep01_IntSpd_Steps_s_to_RegVal
<LI><a href="#[125]">&gt;&gt;</a>&nbsp;&nbsp;&nbsp;Powerstep01_IntSpd_RegVal_to_Steps_s
<LI><a href="#[120]">&gt;&gt;</a>&nbsp;&nbsp;&nbsp;Powerstep01_FSSpd_Steps_s_to_RegVal
<LI><a href="#[11f]">&gt;&gt;</a>&nbsp;&nbsp;&nbsp;Powerstep01_FSSpd_RegVal_to_Steps_s
<LI><a href="#[10d]">&gt;&gt;</a>&nbsp;&nbsp;&nbsp;Powerstep01_BEMFslope_RegVal_to_Perc
<LI><a href="#[10c]">&gt;&gt;</a>&nbsp;&nbsp;&nbsp;Powerstep01_BEMFslope_Perc_to_RegVal
<LI><a href="#[10a]">&gt;&gt;</a>&nbsp;&nbsp;&nbsp;Powerstep01_AccDec_Steps_s2_to_RegVal
<LI><a href="#[109]">&gt;&gt;</a>&nbsp;&nbsp;&nbsp;Powerstep01_AccDec_RegVal_to_Steps_s2
<LI><a href="#[101]">&gt;&gt;</a>&nbsp;&nbsp;&nbsp;PID_Control
</UL>

<P><STRONG><a name="[130]"></a>__ARM_scalbnf</STRONG> (Thumb, 24 bytes, Stack size 0 bytes, fscalb.o(.text))
<BR><BR>[Called By]<UL><LI><a href="#[137]">&gt;&gt;</a>&nbsp;&nbsp;&nbsp;Powerstep01_Tmin_Time_to_RegVal
<LI><a href="#[12a]">&gt;&gt;</a>&nbsp;&nbsp;&nbsp;Powerstep01_Tmin_RegVal_to_Time
<LI><a href="#[126]">&gt;&gt;</a>&nbsp;&nbsp;&nbsp;Powerstep01_KTherm_RegVal_to_Comp
<LI><a href="#[12f]">&gt;&gt;</a>&nbsp;&nbsp;&nbsp;Powerstep01_KTherm_Comp_to_RegVal
</UL>

<P><STRONG><a name="[191]"></a>scalbnf</STRONG> (Thumb, 0 bytes, Stack size 0 bytes, fscalb.o(.text), UNUSED)

<P><STRONG><a name="[9a]"></a>__aeabi_dadd</STRONG> (Thumb, 322 bytes, Stack size 48 bytes, dadd.o(.text))
<BR><BR>[Stack]<UL><LI>Max Depth = 88<LI>Call Chain = __aeabi_dadd &rArr; _double_epilogue &rArr; _double_round
</UL>
<BR>[Calls]<UL><LI><a href="#[9b]">&gt;&gt;</a>&nbsp;&nbsp;&nbsp;__aeabi_llsl
<LI><a href="#[9c]">&gt;&gt;</a>&nbsp;&nbsp;&nbsp;__aeabi_lasr
<LI><a href="#[9e]">&gt;&gt;</a>&nbsp;&nbsp;&nbsp;_double_round
<LI><a href="#[9d]">&gt;&gt;</a>&nbsp;&nbsp;&nbsp;_double_epilogue
</UL>
<BR>[Called By]<UL><LI><a href="#[9f]">&gt;&gt;</a>&nbsp;&nbsp;&nbsp;__aeabi_dsub
<LI><a href="#[154]">&gt;&gt;</a>&nbsp;&nbsp;&nbsp;_fp_digits
<LI><a href="#[a0]">&gt;&gt;</a>&nbsp;&nbsp;&nbsp;__aeabi_drsub
<LI><a href="#[101]">&gt;&gt;</a>&nbsp;&nbsp;&nbsp;PID_Control
</UL>

<P><STRONG><a name="[9f]"></a>__aeabi_dsub</STRONG> (Thumb, 6 bytes, Stack size 0 bytes, dadd.o(.text), UNUSED)
<BR><BR>[Calls]<UL><LI><a href="#[9a]">&gt;&gt;</a>&nbsp;&nbsp;&nbsp;__aeabi_dadd
</UL>

<P><STRONG><a name="[a0]"></a>__aeabi_drsub</STRONG> (Thumb, 6 bytes, Stack size 0 bytes, dadd.o(.text))
<BR><BR>[Stack]<UL><LI>Max Depth = 88<LI>Call Chain = __aeabi_drsub &rArr; __aeabi_dadd &rArr; _double_epilogue &rArr; _double_round
</UL>
<BR>[Calls]<UL><LI><a href="#[9a]">&gt;&gt;</a>&nbsp;&nbsp;&nbsp;__aeabi_dadd
</UL>
<BR>[Called By]<UL><LI><a href="#[3a]">&gt;&gt;</a>&nbsp;&nbsp;&nbsp;SetTemperatureDegree
</UL>

<P><STRONG><a name="[a1]"></a>__aeabi_dmul</STRONG> (Thumb, 228 bytes, Stack size 48 bytes, dmul.o(.text))
<BR><BR>[Stack]<UL><LI>Max Depth = 88<LI>Call Chain = __aeabi_dmul &rArr; _double_epilogue &rArr; _double_round
</UL>
<BR>[Calls]<UL><LI><a href="#[9d]">&gt;&gt;</a>&nbsp;&nbsp;&nbsp;_double_epilogue
</UL>
<BR>[Called By]<UL><LI><a href="#[154]">&gt;&gt;</a>&nbsp;&nbsp;&nbsp;_fp_digits
<LI><a href="#[3a]">&gt;&gt;</a>&nbsp;&nbsp;&nbsp;SetTemperatureDegree
<LI><a href="#[101]">&gt;&gt;</a>&nbsp;&nbsp;&nbsp;PID_Control
<LI><a href="#[3b]">&gt;&gt;</a>&nbsp;&nbsp;&nbsp;KeepTemperatureDegree
<LI><a href="#[bf]">&gt;&gt;</a>&nbsp;&nbsp;&nbsp;DS18B20_Get_Temp
</UL>

<P><STRONG><a name="[a2]"></a>__aeabi_ddiv</STRONG> (Thumb, 222 bytes, Stack size 32 bytes, ddiv.o(.text), UNUSED)
<BR><BR>[Calls]<UL><LI><a href="#[9e]">&gt;&gt;</a>&nbsp;&nbsp;&nbsp;_double_round
</UL>
<BR>[Called By]<UL><LI><a href="#[154]">&gt;&gt;</a>&nbsp;&nbsp;&nbsp;_fp_digits
</UL>

<P><STRONG><a name="[a3]"></a>__aeabi_i2f</STRONG> (Thumb, 18 bytes, Stack size 0 bytes, fflti.o(.text))
<BR><BR>[Stack]<UL><LI>Max Depth = 4<LI>Call Chain = __aeabi_i2f &rArr; _float_epilogue
</UL>
<BR>[Calls]<UL><LI><a href="#[96]">&gt;&gt;</a>&nbsp;&nbsp;&nbsp;_float_epilogue
</UL>
<BR>[Called By]<UL><LI><a href="#[31]">&gt;&gt;</a>&nbsp;&nbsp;&nbsp;Powerstep01_SetAnalogValue
<LI><a href="#[32]">&gt;&gt;</a>&nbsp;&nbsp;&nbsp;Powerstep01_GetAnalogValue
<LI><a href="#[101]">&gt;&gt;</a>&nbsp;&nbsp;&nbsp;PID_Control
</UL>

<P><STRONG><a name="[a4]"></a>__aeabi_ui2f</STRONG> (Thumb, 10 bytes, Stack size 0 bytes, ffltui.o(.text))
<BR><BR>[Stack]<UL><LI>Max Depth = 4<LI>Call Chain = __aeabi_ui2f &rArr; _float_epilogue
</UL>
<BR>[Calls]<UL><LI><a href="#[96]">&gt;&gt;</a>&nbsp;&nbsp;&nbsp;_float_epilogue
</UL>
<BR>[Called By]<UL><LI><a href="#[129]">&gt;&gt;</a>&nbsp;&nbsp;&nbsp;Powerstep01_Tval_RegVal_to_RefVoltage
<LI><a href="#[12a]">&gt;&gt;</a>&nbsp;&nbsp;&nbsp;Powerstep01_Tmin_RegVal_to_Time
<LI><a href="#[127]">&gt;&gt;</a>&nbsp;&nbsp;&nbsp;Powerstep01_StallOcd_RegVal_to_Th
<LI><a href="#[122]">&gt;&gt;</a>&nbsp;&nbsp;&nbsp;Powerstep01_Speed_RegVal_to_Steps_s
<LI><a href="#[124]">&gt;&gt;</a>&nbsp;&nbsp;&nbsp;Powerstep01_MinSpd_RegVal_to_Steps_s
<LI><a href="#[123]">&gt;&gt;</a>&nbsp;&nbsp;&nbsp;Powerstep01_MaxSpd_RegVal_to_Steps_s
<LI><a href="#[128]">&gt;&gt;</a>&nbsp;&nbsp;&nbsp;Powerstep01_Kval_RegVal_to_Perc
<LI><a href="#[126]">&gt;&gt;</a>&nbsp;&nbsp;&nbsp;Powerstep01_KTherm_RegVal_to_Comp
<LI><a href="#[125]">&gt;&gt;</a>&nbsp;&nbsp;&nbsp;Powerstep01_IntSpd_RegVal_to_Steps_s
<LI><a href="#[32]">&gt;&gt;</a>&nbsp;&nbsp;&nbsp;Powerstep01_GetAnalogValue
<LI><a href="#[11f]">&gt;&gt;</a>&nbsp;&nbsp;&nbsp;Powerstep01_FSSpd_RegVal_to_Steps_s
<LI><a href="#[10d]">&gt;&gt;</a>&nbsp;&nbsp;&nbsp;Powerstep01_BEMFslope_RegVal_to_Perc
<LI><a href="#[109]">&gt;&gt;</a>&nbsp;&nbsp;&nbsp;Powerstep01_AccDec_RegVal_to_Steps_s2
<LI><a href="#[b7]">&gt;&gt;</a>&nbsp;&nbsp;&nbsp;ConfigMotorAllDevice
</UL>

<P><STRONG><a name="[a5]"></a>__aeabi_i2d</STRONG> (Thumb, 34 bytes, Stack size 16 bytes, dflti.o(.text))
<BR><BR>[Stack]<UL><LI>Max Depth = 56<LI>Call Chain = __aeabi_i2d &rArr; _double_epilogue &rArr; _double_round
</UL>
<BR>[Calls]<UL><LI><a href="#[9d]">&gt;&gt;</a>&nbsp;&nbsp;&nbsp;_double_epilogue
</UL>
<BR>[Called By]<UL><LI><a href="#[3a]">&gt;&gt;</a>&nbsp;&nbsp;&nbsp;SetTemperatureDegree
<LI><a href="#[3b]">&gt;&gt;</a>&nbsp;&nbsp;&nbsp;KeepTemperatureDegree
<LI><a href="#[bf]">&gt;&gt;</a>&nbsp;&nbsp;&nbsp;DS18B20_Get_Temp
</UL>

<P><STRONG><a name="[108]"></a>__aeabi_f2iz</STRONG> (Thumb, 50 bytes, Stack size 0 bytes, ffixi.o(.text))
<BR><BR>[Called By]<UL><LI><a href="#[101]">&gt;&gt;</a>&nbsp;&nbsp;&nbsp;PID_Control
</UL>

<P><STRONG><a name="[10b]"></a>__aeabi_f2uiz</STRONG> (Thumb, 40 bytes, Stack size 0 bytes, ffixui.o(.text))
<BR><BR>[Called By]<UL><LI><a href="#[136]">&gt;&gt;</a>&nbsp;&nbsp;&nbsp;Powerstep01_Tval_RefVoltage_to_RegVal
<LI><a href="#[137]">&gt;&gt;</a>&nbsp;&nbsp;&nbsp;Powerstep01_Tmin_Time_to_RegVal
<LI><a href="#[135]">&gt;&gt;</a>&nbsp;&nbsp;&nbsp;Powerstep01_StallOcd_Th_to_RegVal
<LI><a href="#[31]">&gt;&gt;</a>&nbsp;&nbsp;&nbsp;Powerstep01_SetAnalogValue
<LI><a href="#[133]">&gt;&gt;</a>&nbsp;&nbsp;&nbsp;Powerstep01_MinSpd_Steps_s_to_RegVal
<LI><a href="#[132]">&gt;&gt;</a>&nbsp;&nbsp;&nbsp;Powerstep01_MaxSpd_Steps_s_to_RegVal
<LI><a href="#[131]">&gt;&gt;</a>&nbsp;&nbsp;&nbsp;Powerstep01_Kval_Perc_to_RegVal
<LI><a href="#[12f]">&gt;&gt;</a>&nbsp;&nbsp;&nbsp;Powerstep01_KTherm_Comp_to_RegVal
<LI><a href="#[12e]">&gt;&gt;</a>&nbsp;&nbsp;&nbsp;Powerstep01_IntSpd_Steps_s_to_RegVal
<LI><a href="#[120]">&gt;&gt;</a>&nbsp;&nbsp;&nbsp;Powerstep01_FSSpd_Steps_s_to_RegVal
<LI><a href="#[10c]">&gt;&gt;</a>&nbsp;&nbsp;&nbsp;Powerstep01_BEMFslope_Perc_to_RegVal
<LI><a href="#[10a]">&gt;&gt;</a>&nbsp;&nbsp;&nbsp;Powerstep01_AccDec_Steps_s2_to_RegVal
</UL>

<P><STRONG><a name="[a6]"></a>__aeabi_d2iz</STRONG> (Thumb, 62 bytes, Stack size 16 bytes, dfixi.o(.text))
<BR><BR>[Stack]<UL><LI>Max Depth = 16<LI>Call Chain = __aeabi_d2iz
</UL>
<BR>[Calls]<UL><LI><a href="#[a7]">&gt;&gt;</a>&nbsp;&nbsp;&nbsp;__aeabi_llsr
</UL>
<BR>[Called By]<UL><LI><a href="#[bf]">&gt;&gt;</a>&nbsp;&nbsp;&nbsp;DS18B20_Get_Temp
</UL>

<P><STRONG><a name="[106]"></a>__aeabi_f2d</STRONG> (Thumb, 38 bytes, Stack size 0 bytes, f2d.o(.text))
<BR><BR>[Called By]<UL><LI><a href="#[101]">&gt;&gt;</a>&nbsp;&nbsp;&nbsp;PID_Control
</UL>

<P><STRONG><a name="[a8]"></a>__aeabi_d2f</STRONG> (Thumb, 56 bytes, Stack size 8 bytes, d2f.o(.text))
<BR><BR>[Stack]<UL><LI>Max Depth = 8<LI>Call Chain = __aeabi_d2f
</UL>
<BR>[Calls]<UL><LI><a href="#[97]">&gt;&gt;</a>&nbsp;&nbsp;&nbsp;_float_round
</UL>
<BR>[Called By]<UL><LI><a href="#[3a]">&gt;&gt;</a>&nbsp;&nbsp;&nbsp;SetTemperatureDegree
<LI><a href="#[101]">&gt;&gt;</a>&nbsp;&nbsp;&nbsp;PID_Control
</UL>

<P><STRONG><a name="[134]"></a>__aeabi_cfrcmple</STRONG> (Thumb, 20 bytes, Stack size 0 bytes, cfrcmple.o(.text))
<BR><BR>[Called By]<UL><LI><a href="#[31]">&gt;&gt;</a>&nbsp;&nbsp;&nbsp;Powerstep01_SetAnalogValue
</UL>

<P><STRONG><a name="[192]"></a>__aeabi_uidiv</STRONG> (Thumb, 0 bytes, Stack size 12 bytes, uidiv.o(.text), UNUSED)

<P><STRONG><a name="[158]"></a>__aeabi_uidivmod</STRONG> (Thumb, 44 bytes, Stack size 12 bytes, uidiv.o(.text), UNUSED)
<BR><BR>[Called By]<UL><LI><a href="#[150]">&gt;&gt;</a>&nbsp;&nbsp;&nbsp;_printf_core
</UL>

<P><STRONG><a name="[a9]"></a>__aeabi_uldivmod</STRONG> (Thumb, 98 bytes, Stack size 40 bytes, uldiv.o(.text), UNUSED)
<BR><BR>[Calls]<UL><LI><a href="#[9b]">&gt;&gt;</a>&nbsp;&nbsp;&nbsp;__aeabi_llsl
<LI><a href="#[a7]">&gt;&gt;</a>&nbsp;&nbsp;&nbsp;__aeabi_llsr
</UL>
<BR>[Called By]<UL><LI><a href="#[150]">&gt;&gt;</a>&nbsp;&nbsp;&nbsp;_printf_core
<LI><a href="#[154]">&gt;&gt;</a>&nbsp;&nbsp;&nbsp;_fp_digits
</UL>

<P><STRONG><a name="[a7]"></a>__aeabi_llsr</STRONG> (Thumb, 32 bytes, Stack size 0 bytes, llushr.o(.text))
<BR><BR>[Called By]<UL><LI><a href="#[aa]">&gt;&gt;</a>&nbsp;&nbsp;&nbsp;__aeabi_d2ulz
<LI><a href="#[a6]">&gt;&gt;</a>&nbsp;&nbsp;&nbsp;__aeabi_d2iz
<LI><a href="#[a9]">&gt;&gt;</a>&nbsp;&nbsp;&nbsp;__aeabi_uldivmod
<LI><a href="#[9d]">&gt;&gt;</a>&nbsp;&nbsp;&nbsp;_double_epilogue
</UL>

<P><STRONG><a name="[193]"></a>_ll_ushift_r</STRONG> (Thumb, 0 bytes, Stack size 0 bytes, llushr.o(.text), UNUSED)

<P><STRONG><a name="[9c]"></a>__aeabi_lasr</STRONG> (Thumb, 36 bytes, Stack size 0 bytes, llsshr.o(.text))
<BR><BR>[Called By]<UL><LI><a href="#[9a]">&gt;&gt;</a>&nbsp;&nbsp;&nbsp;__aeabi_dadd
</UL>

<P><STRONG><a name="[194]"></a>_ll_sshift_r</STRONG> (Thumb, 0 bytes, Stack size 0 bytes, llsshr.o(.text), UNUSED)

<P><STRONG><a name="[195]"></a>__I$use$fp</STRONG> (Thumb, 0 bytes, Stack size 0 bytes, iusefp.o(.text), UNUSED)

<P><STRONG><a name="[97]"></a>_float_round</STRONG> (Thumb, 18 bytes, Stack size 0 bytes, fepilogue.o(.text))
<BR><BR>[Called By]<UL><LI><a href="#[95]">&gt;&gt;</a>&nbsp;&nbsp;&nbsp;__aeabi_fadd
<LI><a href="#[a8]">&gt;&gt;</a>&nbsp;&nbsp;&nbsp;__aeabi_d2f
</UL>

<P><STRONG><a name="[96]"></a>_float_epilogue</STRONG> (Thumb, 92 bytes, Stack size 4 bytes, fepilogue.o(.text))
<BR><BR>[Stack]<UL><LI>Max Depth = 4<LI>Call Chain = _float_epilogue
</UL>
<BR>[Called By]<UL><LI><a href="#[a4]">&gt;&gt;</a>&nbsp;&nbsp;&nbsp;__aeabi_ui2f
<LI><a href="#[a3]">&gt;&gt;</a>&nbsp;&nbsp;&nbsp;__aeabi_i2f
<LI><a href="#[95]">&gt;&gt;</a>&nbsp;&nbsp;&nbsp;__aeabi_fadd
</UL>

<P><STRONG><a name="[9e]"></a>_double_round</STRONG> (Thumb, 30 bytes, Stack size 8 bytes, depilogue.o(.text))
<BR><BR>[Stack]<UL><LI>Max Depth = 8<LI>Call Chain = _double_round
</UL>
<BR>[Called By]<UL><LI><a href="#[a2]">&gt;&gt;</a>&nbsp;&nbsp;&nbsp;__aeabi_ddiv
<LI><a href="#[9a]">&gt;&gt;</a>&nbsp;&nbsp;&nbsp;__aeabi_dadd
<LI><a href="#[9d]">&gt;&gt;</a>&nbsp;&nbsp;&nbsp;_double_epilogue
</UL>

<P><STRONG><a name="[9d]"></a>_double_epilogue</STRONG> (Thumb, 156 bytes, Stack size 32 bytes, depilogue.o(.text))
<BR><BR>[Stack]<UL><LI>Max Depth = 40<LI>Call Chain = _double_epilogue &rArr; _double_round
</UL>
<BR>[Calls]<UL><LI><a href="#[9b]">&gt;&gt;</a>&nbsp;&nbsp;&nbsp;__aeabi_llsl
<LI><a href="#[a7]">&gt;&gt;</a>&nbsp;&nbsp;&nbsp;__aeabi_llsr
<LI><a href="#[9e]">&gt;&gt;</a>&nbsp;&nbsp;&nbsp;_double_round
</UL>
<BR>[Called By]<UL><LI><a href="#[9a]">&gt;&gt;</a>&nbsp;&nbsp;&nbsp;__aeabi_dadd
<LI><a href="#[a5]">&gt;&gt;</a>&nbsp;&nbsp;&nbsp;__aeabi_i2d
<LI><a href="#[a1]">&gt;&gt;</a>&nbsp;&nbsp;&nbsp;__aeabi_dmul
</UL>

<P><STRONG><a name="[aa]"></a>__aeabi_d2ulz</STRONG> (Thumb, 48 bytes, Stack size 0 bytes, dfixul.o(.text), UNUSED)
<BR><BR>[Calls]<UL><LI><a href="#[9b]">&gt;&gt;</a>&nbsp;&nbsp;&nbsp;__aeabi_llsl
<LI><a href="#[a7]">&gt;&gt;</a>&nbsp;&nbsp;&nbsp;__aeabi_llsr
</UL>
<BR>[Called By]<UL><LI><a href="#[154]">&gt;&gt;</a>&nbsp;&nbsp;&nbsp;_fp_digits
</UL>

<P><STRONG><a name="[155]"></a>__aeabi_cdrcmple</STRONG> (Thumb, 48 bytes, Stack size 0 bytes, cdrcmple.o(.text), UNUSED)
<BR><BR>[Called By]<UL><LI><a href="#[154]">&gt;&gt;</a>&nbsp;&nbsp;&nbsp;_fp_digits
</UL>

<P><STRONG><a name="[91]"></a>__scatterload</STRONG> (Thumb, 28 bytes, Stack size 0 bytes, init.o(.text))
<BR><BR>[Calls]<UL><LI><a href="#[ab]">&gt;&gt;</a>&nbsp;&nbsp;&nbsp;__main_after_scatterload
</UL>
<BR>[Called By]<UL><LI><a href="#[90]">&gt;&gt;</a>&nbsp;&nbsp;&nbsp;_main_scatterload
</UL>

<P><STRONG><a name="[196]"></a>__scatterload_rt2</STRONG> (Thumb, 0 bytes, Stack size 0 bytes, init.o(.text), UNUSED)

<P><STRONG><a name="[197]"></a>__decompress</STRONG> (Thumb, 0 bytes, Stack size unknown bytes, __dczerorl2.o(.text), UNUSED)

<P><STRONG><a name="[198]"></a>__decompress1</STRONG> (Thumb, 86 bytes, Stack size unknown bytes, __dczerorl2.o(.text), UNUSED)

<P><STRONG><a name="[ad]"></a>BSP_MotorControl_ErrorHandler</STRONG> (Thumb, 16 bytes, Stack size 0 bytes, x_nucleo_ihmxx.o(i.BSP_MotorControl_ErrorHandler))
<BR><BR>[Called By]<UL><LI><a href="#[ae]">&gt;&gt;</a>&nbsp;&nbsp;&nbsp;BSP_MotorControl_Move
<LI><a href="#[ac]">&gt;&gt;</a>&nbsp;&nbsp;&nbsp;BSP_MotorControl_HardStop
</UL>

<P><STRONG><a name="[ac]"></a>BSP_MotorControl_HardStop</STRONG> (Thumb, 20 bytes, Stack size 0 bytes, x_nucleo_ihmxx.o(i.BSP_MotorControl_HardStop))
<BR><BR>[Calls]<UL><LI><a href="#[ad]">&gt;&gt;</a>&nbsp;&nbsp;&nbsp;BSP_MotorControl_ErrorHandler
</UL>
<BR>[Called By]<UL><LI><a href="#[15e]">&gt;&gt;</a>&nbsp;&nbsp;&nbsp;protocol_handle_uart_powerstep01_plain_slave_cmd
<LI><a href="#[13a]">&gt;&gt;</a>&nbsp;&nbsp;&nbsp;RestSelectMotorOrgin
<LI><a href="#[b6]">&gt;&gt;</a>&nbsp;&nbsp;&nbsp;Choose_Single_Motor_Speed_Config
</UL>

<P><STRONG><a name="[17c]"></a>BSP_MotorControl_HardStop_Select</STRONG> (Thumb, 2 bytes, Stack size 0 bytes, factory_many.o(i.BSP_MotorControl_HardStop_Select))
<BR><BR>[Called By]<UL><LI><a href="#[15e]">&gt;&gt;</a>&nbsp;&nbsp;&nbsp;protocol_handle_uart_powerstep01_plain_slave_cmd
</UL>

<P><STRONG><a name="[ae]"></a>BSP_MotorControl_Move</STRONG> (Thumb, 20 bytes, Stack size 0 bytes, x_nucleo_ihmxx.o(i.BSP_MotorControl_Move))
<BR><BR>[Calls]<UL><LI><a href="#[ad]">&gt;&gt;</a>&nbsp;&nbsp;&nbsp;BSP_MotorControl_ErrorHandler
</UL>
<BR>[Called By]<UL><LI><a href="#[15e]">&gt;&gt;</a>&nbsp;&nbsp;&nbsp;protocol_handle_uart_powerstep01_plain_slave_cmd
<LI><a href="#[13a]">&gt;&gt;</a>&nbsp;&nbsp;&nbsp;RestSelectMotorOrgin
</UL>

<P><STRONG><a name="[17b]"></a>BSP_MotorControl_Move_Select</STRONG> (Thumb, 2 bytes, Stack size 0 bytes, factory_many.o(i.BSP_MotorControl_Move_Select))
<BR><BR>[Called By]<UL><LI><a href="#[15e]">&gt;&gt;</a>&nbsp;&nbsp;&nbsp;protocol_handle_uart_powerstep01_plain_slave_cmd
</UL>

<P><STRONG><a name="[af]"></a>Big_Little_Endian_Convert</STRONG> (Thumb, 40 bytes, Stack size 136 bytes, pump_s100.o(i.Big_Little_Endian_Convert))
<BR><BR>[Stack]<UL><LI>Max Depth = 144<LI>Call Chain = Big_Little_Endian_Convert &rArr; __aeabi_memcpy
</UL>
<BR>[Calls]<UL><LI><a href="#[b0]">&gt;&gt;</a>&nbsp;&nbsp;&nbsp;__aeabi_memcpy
</UL>
<BR>[Called By]<UL><LI><a href="#[180]">&gt;&gt;</a>&nbsp;&nbsp;&nbsp;pump_s100_transfer
</UL>

<P><STRONG><a name="[45]"></a>BusFault_Handler</STRONG> (Thumb, 2 bytes, Stack size 0 bytes, stm32f1xx_it.o(i.BusFault_Handler))
<BR><BR>[Calls]<UL><LI><a href="#[45]">&gt;&gt;</a>&nbsp;&nbsp;&nbsp;BusFault_Handler
</UL>
<BR>[Called By]<UL><LI><a href="#[45]">&gt;&gt;</a>&nbsp;&nbsp;&nbsp;BusFault_Handler
</UL>
<BR>[Address Reference Count : 1]<UL><LI> startup_stm32f103xe.o(RESET)
</UL>
<P><STRONG><a name="[b2]"></a>C52_connect_check</STRONG> (Thumb, 4 bytes, Stack size 0 bytes, slave_uart_control_interface.o(i.C52_connect_check))
<BR><BR>[Called By]<UL><LI><a href="#[b1]">&gt;&gt;</a>&nbsp;&nbsp;&nbsp;C55_C52_connect_check
</UL>

<P><STRONG><a name="[b1]"></a>C55_C52_connect_check</STRONG> (Thumb, 26 bytes, Stack size 8 bytes, factory_many.o(i.C55_C52_connect_check))
<BR><BR>[Stack]<UL><LI>Max Depth = 8<LI>Call Chain = C55_C52_connect_check
</UL>
<BR>[Calls]<UL><LI><a href="#[b3]">&gt;&gt;</a>&nbsp;&nbsp;&nbsp;C55_connect_check
<LI><a href="#[b2]">&gt;&gt;</a>&nbsp;&nbsp;&nbsp;C52_connect_check
</UL>
<BR>[Called By]<UL><LI><a href="#[160]">&gt;&gt;</a>&nbsp;&nbsp;&nbsp;process_motor_command_receive
</UL>

<P><STRONG><a name="[b3]"></a>C55_connect_check</STRONG> (Thumb, 4 bytes, Stack size 0 bytes, slave_uart_control_interface.o(i.C55_connect_check))
<BR><BR>[Called By]<UL><LI><a href="#[b1]">&gt;&gt;</a>&nbsp;&nbsp;&nbsp;C55_C52_connect_check
</UL>

<P><STRONG><a name="[182]"></a>CRC_Digital_Convert_Get</STRONG> (Thumb, 92 bytes, Stack size 12 bytes, pump_s100.o(i.CRC_Digital_Convert_Get))
<BR><BR>[Stack]<UL><LI>Max Depth = 12<LI>Call Chain = CRC_Digital_Convert_Get
</UL>
<BR>[Called By]<UL><LI><a href="#[180]">&gt;&gt;</a>&nbsp;&nbsp;&nbsp;pump_s100_transfer
</UL>

<P><STRONG><a name="[b4]"></a>Check_Board_Define_Config</STRONG> (Thumb, 16 bytes, Stack size 8 bytes, main.o(i.Check_Board_Define_Config))
<BR><BR>[Stack]<UL><LI>Max Depth = 32<LI>Call Chain = Check_Board_Define_Config &rArr; __2printf
</UL>
<BR>[Calls]<UL><LI><a href="#[b5]">&gt;&gt;</a>&nbsp;&nbsp;&nbsp;__2printf
</UL>
<BR>[Called By]<UL><LI><a href="#[87]">&gt;&gt;</a>&nbsp;&nbsp;&nbsp;main
</UL>

<P><STRONG><a name="[b6]"></a>Choose_Single_Motor_Speed_Config</STRONG> (Thumb, 58 bytes, Stack size 40 bytes, step01.o(i.Choose_Single_Motor_Speed_Config))
<BR><BR>[Stack]<UL><LI>Max Depth = 232<LI>Call Chain = Choose_Single_Motor_Speed_Config &rArr; Powerstep01_Init_Register &rArr; Powerstep01_SetRegisterToPredefinedValues &rArr; Powerstep01_CmdSetParam &rArr; Powerstep01_WriteBytes &rArr; Powerstep01_Board_SpiWriteBytes &rArr; HAL_SPI_TransmitReceive &rArr; SPI_WaitOnFlagUntilTimeout
</UL>
<BR>[Calls]<UL><LI><a href="#[b8]">&gt;&gt;</a>&nbsp;&nbsp;&nbsp;__aeabi_memcpy4
<LI><a href="#[ac]">&gt;&gt;</a>&nbsp;&nbsp;&nbsp;BSP_MotorControl_HardStop
<LI><a href="#[ba]">&gt;&gt;</a>&nbsp;&nbsp;&nbsp;PowerStep_Select_Motor_Baby
<LI><a href="#[bb]">&gt;&gt;</a>&nbsp;&nbsp;&nbsp;Powerstep01_Init_Register
<LI><a href="#[b9]">&gt;&gt;</a>&nbsp;&nbsp;&nbsp;init_motor_device
<LI><a href="#[b7]">&gt;&gt;</a>&nbsp;&nbsp;&nbsp;ConfigMotorAllDevice
</UL>
<BR>[Called By]<UL><LI><a href="#[13a]">&gt;&gt;</a>&nbsp;&nbsp;&nbsp;RestSelectMotorOrgin
<LI><a href="#[160]">&gt;&gt;</a>&nbsp;&nbsp;&nbsp;process_motor_command_receive
</UL>

<P><STRONG><a name="[b7]"></a>ConfigMotorAllDevice</STRONG> (Thumb, 448 bytes, Stack size 40 bytes, step01.o(i.ConfigMotorAllDevice))
<BR><BR>[Stack]<UL><LI>Max Depth = 44<LI>Call Chain = ConfigMotorAllDevice &rArr; __aeabi_ui2f &rArr; _float_epilogue
</UL>
<BR>[Calls]<UL><LI><a href="#[bc]">&gt;&gt;</a>&nbsp;&nbsp;&nbsp;__aeabi_memclr4
<LI><a href="#[a4]">&gt;&gt;</a>&nbsp;&nbsp;&nbsp;__aeabi_ui2f
</UL>
<BR>[Called By]<UL><LI><a href="#[b6]">&gt;&gt;</a>&nbsp;&nbsp;&nbsp;Choose_Single_Motor_Speed_Config
</UL>

<P><STRONG><a name="[bd]"></a>DS18B20_Check</STRONG> (Thumb, 164 bytes, Stack size 16 bytes, ds18b20.o(i.DS18B20_Check))
<BR><BR>[Stack]<UL><LI>Max Depth = 32<LI>Call Chain = DS18B20_Check &rArr; delay_us
</UL>
<BR>[Calls]<UL><LI><a href="#[be]">&gt;&gt;</a>&nbsp;&nbsp;&nbsp;delay_us
</UL>
<BR>[Called By]<UL><LI><a href="#[c0]">&gt;&gt;</a>&nbsp;&nbsp;&nbsp;DS18B20_Start
<LI><a href="#[38]">&gt;&gt;</a>&nbsp;&nbsp;&nbsp;DS18B20_Init
<LI><a href="#[bf]">&gt;&gt;</a>&nbsp;&nbsp;&nbsp;DS18B20_Get_Temp
</UL>

<P><STRONG><a name="[bf]"></a>DS18B20_Get_Temp</STRONG> (Thumb, 92 bytes, Stack size 16 bytes, ds18b20.o(i.DS18B20_Get_Temp))
<BR><BR>[Stack]<UL><LI>Max Depth = 104<LI>Call Chain = DS18B20_Get_Temp &rArr; __aeabi_dmul &rArr; _double_epilogue &rArr; _double_round
</UL>
<BR>[Calls]<UL><LI><a href="#[a5]">&gt;&gt;</a>&nbsp;&nbsp;&nbsp;__aeabi_i2d
<LI><a href="#[a1]">&gt;&gt;</a>&nbsp;&nbsp;&nbsp;__aeabi_dmul
<LI><a href="#[a6]">&gt;&gt;</a>&nbsp;&nbsp;&nbsp;__aeabi_d2iz
<LI><a href="#[c2]">&gt;&gt;</a>&nbsp;&nbsp;&nbsp;DS18B20_Write_Byte
<LI><a href="#[c0]">&gt;&gt;</a>&nbsp;&nbsp;&nbsp;DS18B20_Start
<LI><a href="#[c1]">&gt;&gt;</a>&nbsp;&nbsp;&nbsp;DS18B20_Rst
<LI><a href="#[c3]">&gt;&gt;</a>&nbsp;&nbsp;&nbsp;DS18B20_Read_Byte
<LI><a href="#[bd]">&gt;&gt;</a>&nbsp;&nbsp;&nbsp;DS18B20_Check
</UL>
<BR>[Called By]<UL><LI><a href="#[3b]">&gt;&gt;</a>&nbsp;&nbsp;&nbsp;KeepTemperatureDegree
</UL>

<P><STRONG><a name="[38]"></a>DS18B20_Init</STRONG> (Thumb, 56 bytes, Stack size 24 bytes, ds18b20.o(i.DS18B20_Init))
<BR><BR>[Stack]<UL><LI>Max Depth = 64<LI>Call Chain = DS18B20_Init &rArr; HAL_GPIO_Init
</UL>
<BR>[Calls]<UL><LI><a href="#[c4]">&gt;&gt;</a>&nbsp;&nbsp;&nbsp;HAL_GPIO_Init
<LI><a href="#[c1]">&gt;&gt;</a>&nbsp;&nbsp;&nbsp;DS18B20_Rst
<LI><a href="#[bd]">&gt;&gt;</a>&nbsp;&nbsp;&nbsp;DS18B20_Check
</UL>
<BR>[Address Reference Count : 1]<UL><LI> keep_temperature.o(.data)
</UL>
<P><STRONG><a name="[c5]"></a>DS18B20_Read_Bit</STRONG> (Thumb, 150 bytes, Stack size 24 bytes, ds18b20.o(i.DS18B20_Read_Bit))
<BR><BR>[Stack]<UL><LI>Max Depth = 40<LI>Call Chain = DS18B20_Read_Bit &rArr; delay_us
</UL>
<BR>[Calls]<UL><LI><a href="#[be]">&gt;&gt;</a>&nbsp;&nbsp;&nbsp;delay_us
</UL>
<BR>[Called By]<UL><LI><a href="#[c3]">&gt;&gt;</a>&nbsp;&nbsp;&nbsp;DS18B20_Read_Byte
</UL>

<P><STRONG><a name="[c3]"></a>DS18B20_Read_Byte</STRONG> (Thumb, 30 bytes, Stack size 16 bytes, ds18b20.o(i.DS18B20_Read_Byte))
<BR><BR>[Stack]<UL><LI>Max Depth = 56<LI>Call Chain = DS18B20_Read_Byte &rArr; DS18B20_Read_Bit &rArr; delay_us
</UL>
<BR>[Calls]<UL><LI><a href="#[c5]">&gt;&gt;</a>&nbsp;&nbsp;&nbsp;DS18B20_Read_Bit
</UL>
<BR>[Called By]<UL><LI><a href="#[bf]">&gt;&gt;</a>&nbsp;&nbsp;&nbsp;DS18B20_Get_Temp
</UL>

<P><STRONG><a name="[c1]"></a>DS18B20_Rst</STRONG> (Thumb, 88 bytes, Stack size 16 bytes, ds18b20.o(i.DS18B20_Rst))
<BR><BR>[Stack]<UL><LI>Max Depth = 32<LI>Call Chain = DS18B20_Rst &rArr; delay_us
</UL>
<BR>[Calls]<UL><LI><a href="#[be]">&gt;&gt;</a>&nbsp;&nbsp;&nbsp;delay_us
</UL>
<BR>[Called By]<UL><LI><a href="#[c0]">&gt;&gt;</a>&nbsp;&nbsp;&nbsp;DS18B20_Start
<LI><a href="#[38]">&gt;&gt;</a>&nbsp;&nbsp;&nbsp;DS18B20_Init
<LI><a href="#[bf]">&gt;&gt;</a>&nbsp;&nbsp;&nbsp;DS18B20_Get_Temp
</UL>

<P><STRONG><a name="[c0]"></a>DS18B20_Start</STRONG> (Thumb, 26 bytes, Stack size 8 bytes, ds18b20.o(i.DS18B20_Start))
<BR><BR>[Stack]<UL><LI>Max Depth = 56<LI>Call Chain = DS18B20_Start &rArr; DS18B20_Write_Byte &rArr; delay_us
</UL>
<BR>[Calls]<UL><LI><a href="#[c2]">&gt;&gt;</a>&nbsp;&nbsp;&nbsp;DS18B20_Write_Byte
<LI><a href="#[c1]">&gt;&gt;</a>&nbsp;&nbsp;&nbsp;DS18B20_Rst
<LI><a href="#[bd]">&gt;&gt;</a>&nbsp;&nbsp;&nbsp;DS18B20_Check
</UL>
<BR>[Called By]<UL><LI><a href="#[bf]">&gt;&gt;</a>&nbsp;&nbsp;&nbsp;DS18B20_Get_Temp
</UL>

<P><STRONG><a name="[c2]"></a>DS18B20_Write_Byte</STRONG> (Thumb, 160 bytes, Stack size 32 bytes, ds18b20.o(i.DS18B20_Write_Byte))
<BR><BR>[Stack]<UL><LI>Max Depth = 48<LI>Call Chain = DS18B20_Write_Byte &rArr; delay_us
</UL>
<BR>[Calls]<UL><LI><a href="#[be]">&gt;&gt;</a>&nbsp;&nbsp;&nbsp;delay_us
</UL>
<BR>[Called By]<UL><LI><a href="#[c0]">&gt;&gt;</a>&nbsp;&nbsp;&nbsp;DS18B20_Start
<LI><a href="#[bf]">&gt;&gt;</a>&nbsp;&nbsp;&nbsp;DS18B20_Get_Temp
</UL>

<P><STRONG><a name="[48]"></a>DebugMon_Handler</STRONG> (Thumb, 2 bytes, Stack size 0 bytes, stm32f1xx_it.o(i.DebugMon_Handler))
<BR>[Address Reference Count : 1]<UL><LI> startup_stm32f103xe.o(RESET)
</UL>
<P><STRONG><a name="[173]"></a>Destory_M6e_Config</STRONG> (Thumb, 2 bytes, Stack size 0 bytes, m6e_apply.o(i.Destory_M6e_Config))
<BR><BR>[Called By]<UL><LI><a href="#[15e]">&gt;&gt;</a>&nbsp;&nbsp;&nbsp;protocol_handle_uart_powerstep01_plain_slave_cmd
</UL>

<P><STRONG><a name="[51]"></a>EXTI0_IRQHandler</STRONG> (Thumb, 2 bytes, Stack size 0 bytes, light.o(i.EXTI0_IRQHandler))
<BR>[Address Reference Count : 1]<UL><LI> startup_stm32f103xe.o(RESET)
</UL>
<P><STRONG><a name="[73]"></a>EXTI15_10_IRQHandler</STRONG> (Thumb, 2 bytes, Stack size 0 bytes, light.o(i.EXTI15_10_IRQHandler))
<BR>[Address Reference Count : 1]<UL><LI> startup_stm32f103xe.o(RESET)
</UL>
<P><STRONG><a name="[52]"></a>EXTI1_IRQHandler</STRONG> (Thumb, 2 bytes, Stack size 0 bytes, light.o(i.EXTI1_IRQHandler))
<BR>[Address Reference Count : 1]<UL><LI> startup_stm32f103xe.o(RESET)
</UL>
<P><STRONG><a name="[53]"></a>EXTI2_IRQHandler</STRONG> (Thumb, 6 bytes, Stack size 0 bytes, stm32f1xx_it.o(i.EXTI2_IRQHandler))
<BR><BR>[Stack]<UL><LI>Max Depth = 8<LI>Call Chain = EXTI2_IRQHandler &rArr; HAL_GPIO_EXTI_IRQHandler
</UL>
<BR>[Calls]<UL><LI><a href="#[c6]">&gt;&gt;</a>&nbsp;&nbsp;&nbsp;HAL_GPIO_EXTI_IRQHandler
</UL>
<BR>[Address Reference Count : 1]<UL><LI> startup_stm32f103xe.o(RESET)
</UL>
<P><STRONG><a name="[54]"></a>EXTI3_IRQHandler</STRONG> (Thumb, 6 bytes, Stack size 0 bytes, stm32f1xx_it.o(i.EXTI3_IRQHandler))
<BR><BR>[Stack]<UL><LI>Max Depth = 8<LI>Call Chain = EXTI3_IRQHandler &rArr; HAL_GPIO_EXTI_IRQHandler
</UL>
<BR>[Calls]<UL><LI><a href="#[c6]">&gt;&gt;</a>&nbsp;&nbsp;&nbsp;HAL_GPIO_EXTI_IRQHandler
</UL>
<BR>[Address Reference Count : 1]<UL><LI> startup_stm32f103xe.o(RESET)
</UL>
<P><STRONG><a name="[62]"></a>EXTI9_5_IRQHandler</STRONG> (Thumb, 2 bytes, Stack size 0 bytes, light.o(i.EXTI9_5_IRQHandler))
<BR>[Address Reference Count : 1]<UL><LI> startup_stm32f103xe.o(RESET)
</UL>
<P><STRONG><a name="[39]"></a>GetTemperatureDegree</STRONG> (Thumb, 6 bytes, Stack size 0 bytes, keep_temperature.o(i.GetTemperatureDegree))
<BR>[Address Reference Count : 1]<UL><LI> keep_temperature.o(.data)
</UL>
<P><STRONG><a name="[3c]"></a>GetTemperatureStatus</STRONG> (Thumb, 6 bytes, Stack size 0 bytes, keep_temperature.o(i.GetTemperatureStatus))
<BR>[Address Reference Count : 1]<UL><LI> keep_temperature.o(.data)
</UL>
<P><STRONG><a name="[c7]"></a>GetUartReceive</STRONG> (Thumb, 30 bytes, Stack size 8 bytes, uart_choose.o(i.GetUartReceive))
<BR><BR>[Stack]<UL><LI>Max Depth = 64<LI>Call Chain = GetUartReceive &rArr; Uart_Select_Baby &rArr; delay_ms &rArr; delay_us
</UL>
<BR>[Calls]<UL><LI><a href="#[c8]">&gt;&gt;</a>&nbsp;&nbsp;&nbsp;Uart_Select_Baby
</UL>
<BR>[Called By]<UL><LI><a href="#[15a]">&gt;&gt;</a>&nbsp;&nbsp;&nbsp;cheminert_c52_c55_transfer
<LI><a href="#[180]">&gt;&gt;</a>&nbsp;&nbsp;&nbsp;pump_s100_transfer
<LI><a href="#[3f]">&gt;&gt;</a>&nbsp;&nbsp;&nbsp;Init_Scan_FM100
</UL>

<P><STRONG><a name="[c9]"></a>GetUartSend</STRONG> (Thumb, 30 bytes, Stack size 8 bytes, uart_choose.o(i.GetUartSend))
<BR><BR>[Stack]<UL><LI>Max Depth = 64<LI>Call Chain = GetUartSend &rArr; Uart_Select_Baby &rArr; delay_ms &rArr; delay_us
</UL>
<BR>[Calls]<UL><LI><a href="#[c8]">&gt;&gt;</a>&nbsp;&nbsp;&nbsp;Uart_Select_Baby
</UL>
<BR>[Called By]<UL><LI><a href="#[15a]">&gt;&gt;</a>&nbsp;&nbsp;&nbsp;cheminert_c52_c55_transfer
<LI><a href="#[180]">&gt;&gt;</a>&nbsp;&nbsp;&nbsp;pump_s100_transfer
<LI><a href="#[3f]">&gt;&gt;</a>&nbsp;&nbsp;&nbsp;Init_Scan_FM100
</UL>

<P><STRONG><a name="[16a]"></a>Get_All_Weight_Sensor_Warnning_Result</STRONG> (Thumb, 4 bytes, Stack size 0 bytes, weight.o(i.Get_All_Weight_Sensor_Warnning_Result))
<BR><BR>[Called By]<UL><LI><a href="#[15e]">&gt;&gt;</a>&nbsp;&nbsp;&nbsp;protocol_handle_uart_powerstep01_plain_slave_cmd
</UL>

<P><STRONG><a name="[181]"></a>Get_EPC_String</STRONG> (Thumb, 4 bytes, Stack size 0 bytes, m6e_apply.o(i.Get_EPC_String))
<BR><BR>[Called By]<UL><LI><a href="#[175]">&gt;&gt;</a>&nbsp;&nbsp;&nbsp;protocol_rfid_get_epc_string
</UL>

<P><STRONG><a name="[177]"></a>Get_Real_Time_Polling_Press</STRONG> (Thumb, 6 bytes, Stack size 0 bytes, real_time_polling.o(i.Get_Real_Time_Polling_Press))
<BR><BR>[Called By]<UL><LI><a href="#[15e]">&gt;&gt;</a>&nbsp;&nbsp;&nbsp;protocol_handle_uart_powerstep01_plain_slave_cmd
</UL>

<P><STRONG><a name="[ca]"></a>Get_Real_Time_Polling_Value</STRONG> (Thumb, 8 bytes, Stack size 0 bytes, real_time_polling.o(i.Get_Real_Time_Polling_Value))
<BR><BR>[Stack]<UL><LI>Max Depth = 8<LI>Call Chain = Get_Real_Time_Polling_Value &rArr; __aeabi_memcpy4
</UL>
<BR>[Calls]<UL><LI><a href="#[b8]">&gt;&gt;</a>&nbsp;&nbsp;&nbsp;__aeabi_memcpy4
</UL>
<BR>[Called By]<UL><LI><a href="#[15e]">&gt;&gt;</a>&nbsp;&nbsp;&nbsp;protocol_handle_uart_powerstep01_plain_slave_cmd
</UL>

<P><STRONG><a name="[34]"></a>Get_Single_Temperature_Degree</STRONG> (Thumb, 4 bytes, Stack size 0 bytes, temperature.o(i.Get_Single_Temperature_Degree))
<BR>[Address Reference Count : 1]<UL><LI> temperature.o(.data)
</UL>
<P><STRONG><a name="[169]"></a>Get_Single_Weight_Sensor_Warnning_Result</STRONG> (Thumb, 4 bytes, Stack size 0 bytes, weight.o(i.Get_Single_Weight_Sensor_Warnning_Result))
<BR><BR>[Called By]<UL><LI><a href="#[15e]">&gt;&gt;</a>&nbsp;&nbsp;&nbsp;protocol_handle_uart_powerstep01_plain_slave_cmd
</UL>

<P><STRONG><a name="[16e]"></a>Get_weight_current_gram</STRONG> (Thumb, 4 bytes, Stack size 0 bytes, weight.o(i.Get_weight_current_gram))
<BR><BR>[Called By]<UL><LI><a href="#[15e]">&gt;&gt;</a>&nbsp;&nbsp;&nbsp;protocol_handle_uart_powerstep01_plain_slave_cmd
</UL>

<P><STRONG><a name="[cb]"></a>HAL_Delay</STRONG> (Thumb, 22 bytes, Stack size 16 bytes, stm32f1xx_hal.o(i.HAL_Delay))
<BR><BR>[Stack]<UL><LI>Max Depth = 16<LI>Call Chain = HAL_Delay
</UL>
<BR>[Calls]<UL><LI><a href="#[cc]">&gt;&gt;</a>&nbsp;&nbsp;&nbsp;HAL_GetTick
</UL>
<BR>[Called By]<UL><LI><a href="#[db]">&gt;&gt;</a>&nbsp;&nbsp;&nbsp;HAL_RCC_OscConfig
</UL>

<P><STRONG><a name="[cd]"></a>HAL_GPIO_EXTI_Callback</STRONG> (Thumb, 2 bytes, Stack size 0 bytes, light.o(i.HAL_GPIO_EXTI_Callback))
<BR><BR>[Called By]<UL><LI><a href="#[c6]">&gt;&gt;</a>&nbsp;&nbsp;&nbsp;HAL_GPIO_EXTI_IRQHandler
</UL>

<P><STRONG><a name="[c6]"></a>HAL_GPIO_EXTI_IRQHandler</STRONG> (Thumb, 18 bytes, Stack size 8 bytes, stm32f1xx_hal_gpio.o(i.HAL_GPIO_EXTI_IRQHandler))
<BR><BR>[Stack]<UL><LI>Max Depth = 8<LI>Call Chain = HAL_GPIO_EXTI_IRQHandler
</UL>
<BR>[Calls]<UL><LI><a href="#[cd]">&gt;&gt;</a>&nbsp;&nbsp;&nbsp;HAL_GPIO_EXTI_Callback
</UL>
<BR>[Called By]<UL><LI><a href="#[54]">&gt;&gt;</a>&nbsp;&nbsp;&nbsp;EXTI3_IRQHandler
<LI><a href="#[53]">&gt;&gt;</a>&nbsp;&nbsp;&nbsp;EXTI2_IRQHandler
</UL>

<P><STRONG><a name="[c4]"></a>HAL_GPIO_Init</STRONG> (Thumb, 450 bytes, Stack size 40 bytes, stm32f1xx_hal_gpio.o(i.HAL_GPIO_Init))
<BR><BR>[Stack]<UL><LI>Max Depth = 40<LI>Call Chain = HAL_GPIO_Init
</UL>
<BR>[Called By]<UL><LI><a href="#[143]">&gt;&gt;</a>&nbsp;&nbsp;&nbsp;UART4_Init
<LI><a href="#[f2]">&gt;&gt;</a>&nbsp;&nbsp;&nbsp;HAL_UART_MspInit
<LI><a href="#[e6]">&gt;&gt;</a>&nbsp;&nbsp;&nbsp;HAL_TIM_PWM_MspInit
<LI><a href="#[38]">&gt;&gt;</a>&nbsp;&nbsp;&nbsp;DS18B20_Init
</UL>

<P><STRONG><a name="[10f]"></a>HAL_GPIO_ReadPin</STRONG> (Thumb, 10 bytes, Stack size 0 bytes, stm32f1xx_hal_gpio.o(i.HAL_GPIO_ReadPin))
<BR><BR>[Called By]<UL><LI><a href="#[113]">&gt;&gt;</a>&nbsp;&nbsp;&nbsp;Powerstep01_Board_FLAG_PIN_GetState
<LI><a href="#[10e]">&gt;&gt;</a>&nbsp;&nbsp;&nbsp;Powerstep01_Board_BUSY_PIN_GetState
</UL>

<P><STRONG><a name="[111]"></a>HAL_GPIO_WritePin</STRONG> (Thumb, 10 bytes, Stack size 0 bytes, stm32f1xx_hal_gpio.o(i.HAL_GPIO_WritePin))
<BR><BR>[Called By]<UL><LI><a href="#[112]">&gt;&gt;</a>&nbsp;&nbsp;&nbsp;Powerstep01_Board_Cs_Pull_Low
<LI><a href="#[110]">&gt;&gt;</a>&nbsp;&nbsp;&nbsp;Powerstep01_Board_Cs_Pull_High
<LI><a href="#[116]">&gt;&gt;</a>&nbsp;&nbsp;&nbsp;Powerstep01_Board_Reset
<LI><a href="#[115]">&gt;&gt;</a>&nbsp;&nbsp;&nbsp;Powerstep01_Board_ReleaseReset
</UL>

<P><STRONG><a name="[cc]"></a>HAL_GetTick</STRONG> (Thumb, 6 bytes, Stack size 0 bytes, stm32f1xx_hal.o(i.HAL_GetTick))
<BR><BR>[Called By]<UL><LI><a href="#[f6]">&gt;&gt;</a>&nbsp;&nbsp;&nbsp;UART_WaitOnFlagUntilTimeout
<LI><a href="#[db]">&gt;&gt;</a>&nbsp;&nbsp;&nbsp;HAL_RCC_OscConfig
<LI><a href="#[d9]">&gt;&gt;</a>&nbsp;&nbsp;&nbsp;HAL_RCC_ClockConfig
<LI><a href="#[cb]">&gt;&gt;</a>&nbsp;&nbsp;&nbsp;HAL_Delay
<LI><a href="#[d0]">&gt;&gt;</a>&nbsp;&nbsp;&nbsp;HAL_IWDG_Refresh
<LI><a href="#[df]">&gt;&gt;</a>&nbsp;&nbsp;&nbsp;SPI_WaitOnFlagUntilTimeout
</UL>

<P><STRONG><a name="[ce]"></a>HAL_IWDG_Init</STRONG> (Thumb, 90 bytes, Stack size 8 bytes, stm32f1xx_hal_iwdg.o(i.HAL_IWDG_Init))
<BR><BR>[Stack]<UL><LI>Max Depth = 8<LI>Call Chain = HAL_IWDG_Init
</UL>
<BR>[Calls]<UL><LI><a href="#[cf]">&gt;&gt;</a>&nbsp;&nbsp;&nbsp;HAL_IWDG_MspInit
</UL>
<BR>[Called By]<UL><LI><a href="#[f9]">&gt;&gt;</a>&nbsp;&nbsp;&nbsp;IWDG_Init
</UL>

<P><STRONG><a name="[cf]"></a>HAL_IWDG_MspInit</STRONG> (Thumb, 2 bytes, Stack size 0 bytes, stm32f1xx_hal_iwdg.o(i.HAL_IWDG_MspInit))
<BR><BR>[Called By]<UL><LI><a href="#[ce]">&gt;&gt;</a>&nbsp;&nbsp;&nbsp;HAL_IWDG_Init
</UL>

<P><STRONG><a name="[d0]"></a>HAL_IWDG_Refresh</STRONG> (Thumb, 84 bytes, Stack size 24 bytes, stm32f1xx_hal_iwdg.o(i.HAL_IWDG_Refresh))
<BR><BR>[Stack]<UL><LI>Max Depth = 24<LI>Call Chain = HAL_IWDG_Refresh
</UL>
<BR>[Calls]<UL><LI><a href="#[cc]">&gt;&gt;</a>&nbsp;&nbsp;&nbsp;HAL_GetTick
</UL>
<BR>[Called By]<UL><LI><a href="#[f8]">&gt;&gt;</a>&nbsp;&nbsp;&nbsp;IWDG_Feed
</UL>

<P><STRONG><a name="[fb]"></a>HAL_IWDG_Start</STRONG> (Thumb, 42 bytes, Stack size 0 bytes, stm32f1xx_hal_iwdg.o(i.HAL_IWDG_Start))
<BR><BR>[Called By]<UL><LI><a href="#[fa]">&gt;&gt;</a>&nbsp;&nbsp;&nbsp;IWDG_Start
</UL>

<P><STRONG><a name="[13d]"></a>HAL_IncTick</STRONG> (Thumb, 10 bytes, Stack size 0 bytes, stm32f1xx_hal.o(i.HAL_IncTick))
<BR><BR>[Called By]<UL><LI><a href="#[4a]">&gt;&gt;</a>&nbsp;&nbsp;&nbsp;SysTick_Handler
</UL>

<P><STRONG><a name="[d1]"></a>HAL_Init</STRONG> (Thumb, 32 bytes, Stack size 8 bytes, stm32f1xx_hal.o(i.HAL_Init))
<BR><BR>[Stack]<UL><LI>Max Depth = 32<LI>Call Chain = HAL_Init &rArr; HAL_InitTick &rArr; HAL_NVIC_SetPriority
</UL>
<BR>[Calls]<UL><LI><a href="#[d3]">&gt;&gt;</a>&nbsp;&nbsp;&nbsp;HAL_InitTick
<LI><a href="#[d2]">&gt;&gt;</a>&nbsp;&nbsp;&nbsp;HAL_NVIC_SetPriorityGrouping
<LI><a href="#[d4]">&gt;&gt;</a>&nbsp;&nbsp;&nbsp;HAL_MspInit
</UL>
<BR>[Called By]<UL><LI><a href="#[87]">&gt;&gt;</a>&nbsp;&nbsp;&nbsp;main
</UL>

<P><STRONG><a name="[d3]"></a>HAL_InitTick</STRONG> (Thumb, 34 bytes, Stack size 8 bytes, stm32f1xx_hal.o(i.HAL_InitTick))
<BR><BR>[Stack]<UL><LI>Max Depth = 24<LI>Call Chain = HAL_InitTick &rArr; HAL_NVIC_SetPriority
</UL>
<BR>[Calls]<UL><LI><a href="#[d6]">&gt;&gt;</a>&nbsp;&nbsp;&nbsp;HAL_SYSTICK_Config
<LI><a href="#[d5]">&gt;&gt;</a>&nbsp;&nbsp;&nbsp;HAL_RCC_GetHCLKFreq
<LI><a href="#[d7]">&gt;&gt;</a>&nbsp;&nbsp;&nbsp;HAL_NVIC_SetPriority
</UL>
<BR>[Called By]<UL><LI><a href="#[d9]">&gt;&gt;</a>&nbsp;&nbsp;&nbsp;HAL_RCC_ClockConfig
<LI><a href="#[d1]">&gt;&gt;</a>&nbsp;&nbsp;&nbsp;HAL_Init
</UL>

<P><STRONG><a name="[d4]"></a>HAL_MspInit</STRONG> (Thumb, 2 bytes, Stack size 0 bytes, stm32f1xx_hal_msp.o(i.HAL_MspInit))
<BR><BR>[Called By]<UL><LI><a href="#[d1]">&gt;&gt;</a>&nbsp;&nbsp;&nbsp;HAL_Init
</UL>

<P><STRONG><a name="[141]"></a>HAL_NVIC_DisableIRQ</STRONG> (Thumb, 22 bytes, Stack size 0 bytes, stm32f1xx_hal_cortex.o(i.HAL_NVIC_DisableIRQ))
<BR><BR>[Called By]<UL><LI><a href="#[143]">&gt;&gt;</a>&nbsp;&nbsp;&nbsp;UART4_Init
<LI><a href="#[140]">&gt;&gt;</a>&nbsp;&nbsp;&nbsp;UART4_Disable_Interrupt
</UL>

<P><STRONG><a name="[f4]"></a>HAL_NVIC_EnableIRQ</STRONG> (Thumb, 22 bytes, Stack size 0 bytes, stm32f1xx_hal_cortex.o(i.HAL_NVIC_EnableIRQ))
<BR><BR>[Called By]<UL><LI><a href="#[142]">&gt;&gt;</a>&nbsp;&nbsp;&nbsp;UART4_Enable_Interrupt
<LI><a href="#[f2]">&gt;&gt;</a>&nbsp;&nbsp;&nbsp;HAL_UART_MspInit
</UL>

<P><STRONG><a name="[d7]"></a>HAL_NVIC_SetPriority</STRONG> (Thumb, 60 bytes, Stack size 16 bytes, stm32f1xx_hal_cortex.o(i.HAL_NVIC_SetPriority))
<BR><BR>[Stack]<UL><LI>Max Depth = 16<LI>Call Chain = HAL_NVIC_SetPriority
</UL>
<BR>[Calls]<UL><LI><a href="#[d8]">&gt;&gt;</a>&nbsp;&nbsp;&nbsp;NVIC_SetPriority
</UL>
<BR>[Called By]<UL><LI><a href="#[d3]">&gt;&gt;</a>&nbsp;&nbsp;&nbsp;HAL_InitTick
<LI><a href="#[142]">&gt;&gt;</a>&nbsp;&nbsp;&nbsp;UART4_Enable_Interrupt
<LI><a href="#[f2]">&gt;&gt;</a>&nbsp;&nbsp;&nbsp;HAL_UART_MspInit
</UL>

<P><STRONG><a name="[d2]"></a>HAL_NVIC_SetPriorityGrouping</STRONG> (Thumb, 26 bytes, Stack size 0 bytes, stm32f1xx_hal_cortex.o(i.HAL_NVIC_SetPriorityGrouping))
<BR><BR>[Called By]<UL><LI><a href="#[d1]">&gt;&gt;</a>&nbsp;&nbsp;&nbsp;HAL_Init
</UL>

<P><STRONG><a name="[d9]"></a>HAL_RCC_ClockConfig</STRONG> (Thumb, 366 bytes, Stack size 32 bytes, stm32f1xx_hal_rcc.o(i.HAL_RCC_ClockConfig))
<BR><BR>[Stack]<UL><LI>Max Depth = 60<LI>Call Chain = HAL_RCC_ClockConfig &rArr; HAL_RCC_GetSysClockFreq
</UL>
<BR>[Calls]<UL><LI><a href="#[da]">&gt;&gt;</a>&nbsp;&nbsp;&nbsp;HAL_RCC_GetSysClockFreq
<LI><a href="#[d3]">&gt;&gt;</a>&nbsp;&nbsp;&nbsp;HAL_InitTick
<LI><a href="#[cc]">&gt;&gt;</a>&nbsp;&nbsp;&nbsp;HAL_GetTick
</UL>
<BR>[Called By]<UL><LI><a href="#[13c]">&gt;&gt;</a>&nbsp;&nbsp;&nbsp;Stm32_Clock_Init
</UL>

<P><STRONG><a name="[d5]"></a>HAL_RCC_GetHCLKFreq</STRONG> (Thumb, 6 bytes, Stack size 0 bytes, stm32f1xx_hal_rcc.o(i.HAL_RCC_GetHCLKFreq))
<BR><BR>[Called By]<UL><LI><a href="#[d3]">&gt;&gt;</a>&nbsp;&nbsp;&nbsp;HAL_InitTick
</UL>

<P><STRONG><a name="[147]"></a>HAL_RCC_GetPCLK1Freq</STRONG> (Thumb, 34 bytes, Stack size 0 bytes, stm32f1xx_hal_rcc.o(i.HAL_RCC_GetPCLK1Freq))
<BR><BR>[Called By]<UL><LI><a href="#[f3]">&gt;&gt;</a>&nbsp;&nbsp;&nbsp;UART_SetConfig
</UL>

<P><STRONG><a name="[146]"></a>HAL_RCC_GetPCLK2Freq</STRONG> (Thumb, 34 bytes, Stack size 0 bytes, stm32f1xx_hal_rcc.o(i.HAL_RCC_GetPCLK2Freq))
<BR><BR>[Called By]<UL><LI><a href="#[f3]">&gt;&gt;</a>&nbsp;&nbsp;&nbsp;UART_SetConfig
</UL>

<P><STRONG><a name="[da]"></a>HAL_RCC_GetSysClockFreq</STRONG> (Thumb, 102 bytes, Stack size 28 bytes, stm32f1xx_hal_rcc.o(i.HAL_RCC_GetSysClockFreq))
<BR><BR>[Stack]<UL><LI>Max Depth = 28<LI>Call Chain = HAL_RCC_GetSysClockFreq
</UL>
<BR>[Called By]<UL><LI><a href="#[d9]">&gt;&gt;</a>&nbsp;&nbsp;&nbsp;HAL_RCC_ClockConfig
<LI><a href="#[119]">&gt;&gt;</a>&nbsp;&nbsp;&nbsp;Powerstep01_Board_StartStepClock
</UL>

<P><STRONG><a name="[db]"></a>HAL_RCC_OscConfig</STRONG> (Thumb, 1402 bytes, Stack size 40 bytes, stm32f1xx_hal_rcc.o(i.HAL_RCC_OscConfig))
<BR><BR>[Stack]<UL><LI>Max Depth = 56<LI>Call Chain = HAL_RCC_OscConfig &rArr; HAL_Delay
</UL>
<BR>[Calls]<UL><LI><a href="#[cc]">&gt;&gt;</a>&nbsp;&nbsp;&nbsp;HAL_GetTick
<LI><a href="#[cb]">&gt;&gt;</a>&nbsp;&nbsp;&nbsp;HAL_Delay
</UL>
<BR>[Called By]<UL><LI><a href="#[13c]">&gt;&gt;</a>&nbsp;&nbsp;&nbsp;Stm32_Clock_Init
</UL>

<P><STRONG><a name="[dc]"></a>HAL_SPI_Init</STRONG> (Thumb, 132 bytes, Stack size 8 bytes, stm32f1xx_hal_spi_ex.o(i.HAL_SPI_Init))
<BR><BR>[Stack]<UL><LI>Max Depth = 8<LI>Call Chain = HAL_SPI_Init
</UL>
<BR>[Calls]<UL><LI><a href="#[dd]">&gt;&gt;</a>&nbsp;&nbsp;&nbsp;HAL_SPI_MspInit
</UL>
<BR>[Called By]<UL><LI><a href="#[117]">&gt;&gt;</a>&nbsp;&nbsp;&nbsp;Powerstep01_Board_SpiInit
</UL>

<P><STRONG><a name="[dd]"></a>HAL_SPI_MspInit</STRONG> (Thumb, 2 bytes, Stack size 0 bytes, stm32f1xx_hal_spi.o(i.HAL_SPI_MspInit))
<BR><BR>[Called By]<UL><LI><a href="#[dc]">&gt;&gt;</a>&nbsp;&nbsp;&nbsp;HAL_SPI_Init
</UL>

<P><STRONG><a name="[de]"></a>HAL_SPI_TransmitReceive</STRONG> (Thumb, 690 bytes, Stack size 32 bytes, stm32f1xx_hal_spi.o(i.HAL_SPI_TransmitReceive))
<BR><BR>[Stack]<UL><LI>Max Depth = 64<LI>Call Chain = HAL_SPI_TransmitReceive &rArr; SPI_WaitOnFlagUntilTimeout
</UL>
<BR>[Calls]<UL><LI><a href="#[df]">&gt;&gt;</a>&nbsp;&nbsp;&nbsp;SPI_WaitOnFlagUntilTimeout
</UL>
<BR>[Called By]<UL><LI><a href="#[118]">&gt;&gt;</a>&nbsp;&nbsp;&nbsp;Powerstep01_Board_SpiWriteBytes
</UL>

<P><STRONG><a name="[15c]"></a>HAL_SYSTICK_CLKSourceConfig</STRONG> (Thumb, 24 bytes, Stack size 0 bytes, stm32f1xx_hal_cortex.o(i.HAL_SYSTICK_CLKSourceConfig))
<BR><BR>[Called By]<UL><LI><a href="#[15b]">&gt;&gt;</a>&nbsp;&nbsp;&nbsp;delay_init
</UL>

<P><STRONG><a name="[d6]"></a>HAL_SYSTICK_Config</STRONG> (Thumb, 40 bytes, Stack size 8 bytes, stm32f1xx_hal_cortex.o(i.HAL_SYSTICK_Config))
<BR><BR>[Stack]<UL><LI>Max Depth = 8<LI>Call Chain = HAL_SYSTICK_Config
</UL>
<BR>[Calls]<UL><LI><a href="#[d8]">&gt;&gt;</a>&nbsp;&nbsp;&nbsp;NVIC_SetPriority
</UL>
<BR>[Called By]<UL><LI><a href="#[d3]">&gt;&gt;</a>&nbsp;&nbsp;&nbsp;HAL_InitTick
</UL>

[...]
<LI><a href="#[8a]">&gt;&gt;</a>&nbsp;&nbsp;&nbsp;UART2_Receive_Data
<LI><a href="#[180]">&gt;&gt;</a>&nbsp;&nbsp;&nbsp;pump_s100_transfer
<LI><a href="#[c8]">&gt;&gt;</a>&nbsp;&nbsp;&nbsp;Uart_Select_Baby
<LI><a href="#[139]">&gt;&gt;</a>&nbsp;&nbsp;&nbsp;Rearch_Degree_Wait
</UL>

<P><STRONG><a name="[be]"></a>delay_us</STRONG> (Thumb, 48 bytes, Stack size 16 bytes, delay.o(i.delay_us))
<BR><BR>[Stack]<UL><LI>Max Depth = 16<LI>Call Chain = delay_us
</UL>
<BR>[Called By]<UL><LI><a href="#[103]">&gt;&gt;</a>&nbsp;&nbsp;&nbsp;delay_ms
<LI><a href="#[c2]">&gt;&gt;</a>&nbsp;&nbsp;&nbsp;DS18B20_Write_Byte
<LI><a href="#[c1]">&gt;&gt;</a>&nbsp;&nbsp;&nbsp;DS18B20_Rst
<LI><a href="#[c5]">&gt;&gt;</a>&nbsp;&nbsp;&nbsp;DS18B20_Read_Bit
<LI><a href="#[bd]">&gt;&gt;</a>&nbsp;&nbsp;&nbsp;DS18B20_Check
</UL>

<P><STRONG><a name="[16d]"></a>electromagnetic_control</STRONG> (Thumb, 2 bytes, Stack size 0 bytes, electromagnetic.o(i.electromagnetic_control))
<BR><BR>[Called By]<UL><LI><a href="#[15e]">&gt;&gt;</a>&nbsp;&nbsp;&nbsp;protocol_handle_uart_powerstep01_plain_slave_cmd
</UL>

<P><STRONG><a name="[178]"></a>electromagnetic_control_package</STRONG> (Thumb, 2 bytes, Stack size 0 bytes, electromagnetic.o(i.electromagnetic_control_package))
<BR><BR>[Called By]<UL><LI><a href="#[15e]">&gt;&gt;</a>&nbsp;&nbsp;&nbsp;protocol_handle_uart_powerstep01_plain_slave_cmd
</UL>

<P><STRONG><a name="[176]"></a>export_liquid_control</STRONG> (Thumb, 2 bytes, Stack size 0 bytes, export_liquid.o(i.export_liquid_control))
<BR><BR>[Called By]<UL><LI><a href="#[15e]">&gt;&gt;</a>&nbsp;&nbsp;&nbsp;protocol_handle_uart_powerstep01_plain_slave_cmd
</UL>

<P><STRONG><a name="[8e]"></a>fputc</STRONG> (Thumb, 18 bytes, Stack size 0 bytes, usart.o(i.fputc))
<BR>[Address Reference Count : 1]<UL><LI> printfa.o(i.__0printf)
</UL>
<P><STRONG><a name="[b9]"></a>init_motor_device</STRONG> (Thumb, 88 bytes, Stack size 56 bytes, step01.o(i.init_motor_device))
<BR><BR>[Stack]<UL><LI>Max Depth = 64<LI>Call Chain = init_motor_device &rArr; __aeabi_memcpy4
</UL>
<BR>[Calls]<UL><LI><a href="#[bc]">&gt;&gt;</a>&nbsp;&nbsp;&nbsp;__aeabi_memclr4
<LI><a href="#[b8]">&gt;&gt;</a>&nbsp;&nbsp;&nbsp;__aeabi_memcpy4
</UL>
<BR>[Called By]<UL><LI><a href="#[b6]">&gt;&gt;</a>&nbsp;&nbsp;&nbsp;Choose_Single_Motor_Speed_Config
</UL>

<P><STRONG><a name="[15f]"></a>keep_thermometer_degree</STRONG> (Thumb, 8 bytes, Stack size 0 bytes, time_interrupt.o(i.keep_thermometer_degree))
<BR><BR>[Called By]<UL><LI><a href="#[87]">&gt;&gt;</a>&nbsp;&nbsp;&nbsp;main
</UL>

<P><STRONG><a name="[87]"></a>main</STRONG> (Thumb, 186 bytes, Stack size 40 bytes, main.o(i.main))
<BR><BR>[Stack]<UL><LI>Max Depth = 816<LI>Call Chain = main &rArr; protocol_handle_uart_powerstep01_plain_slave_cmd &rArr; protocol_cheminert_c52_c55 &rArr; cheminert_c52_c55_transfer &rArr; GetUartSend &rArr; Uart_Select_Baby &rArr; delay_ms &rArr; delay_us
</UL>
<BR>[Calls]<UL><LI><a href="#[b5]">&gt;&gt;</a>&nbsp;&nbsp;&nbsp;__2printf
<LI><a href="#[15d]">&gt;&gt;</a>&nbsp;&nbsp;&nbsp;uart_init
<LI><a href="#[15e]">&gt;&gt;</a>&nbsp;&nbsp;&nbsp;protocol_handle_uart_powerstep01_plain_slave_cmd
<LI><a href="#[15f]">&gt;&gt;</a>&nbsp;&nbsp;&nbsp;keep_thermometer_degree
<LI><a href="#[103]">&gt;&gt;</a>&nbsp;&nbsp;&nbsp;delay_ms
<LI><a href="#[15b]">&gt;&gt;</a>&nbsp;&nbsp;&nbsp;delay_init
<LI><a href="#[14e]">&gt;&gt;</a>&nbsp;&nbsp;&nbsp;Uart4_Rx_Clear
<LI><a href="#[143]">&gt;&gt;</a>&nbsp;&nbsp;&nbsp;UART4_Init
<LI><a href="#[142]">&gt;&gt;</a>&nbsp;&nbsp;&nbsp;UART4_Enable_Interrupt
<LI><a href="#[140]">&gt;&gt;</a>&nbsp;&nbsp;&nbsp;UART4_Disable_Interrupt
<LI><a href="#[13c]">&gt;&gt;</a>&nbsp;&nbsp;&nbsp;Stm32_Clock_Init
<LI><a href="#[138]">&gt;&gt;</a>&nbsp;&nbsp;&nbsp;Real_Time_Polling_Init
<LI><a href="#[f8]">&gt;&gt;</a>&nbsp;&nbsp;&nbsp;IWDG_Feed
<LI><a href="#[d1]">&gt;&gt;</a>&nbsp;&nbsp;&nbsp;HAL_Init
<LI><a href="#[fc]">&gt;&gt;</a>&nbsp;&nbsp;&nbsp;Init_Board_Config
<LI><a href="#[b4]">&gt;&gt;</a>&nbsp;&nbsp;&nbsp;Check_Board_Define_Config
</UL>
<BR>[Address Reference Count : 1]<UL><LI> entry9a.o(.ARM.Collect$$$$0000000B)
</UL>
<P><STRONG><a name="[160]"></a>process_motor_command_receive</STRONG> (Thumb, 136 bytes, Stack size 16 bytes, factory_many.o(i.process_motor_command_receive))
<BR><BR>[Stack]<UL><LI>Max Depth = 248<LI>Call Chain = process_motor_command_receive &rArr; Choose_Single_Motor_Speed_Config &rArr; Powerstep01_Init_Register &rArr; Powerstep01_SetRegisterToPredefinedValues &rArr; Powerstep01_CmdSetParam &rArr; Powerstep01_WriteBytes &rArr; Powerstep01_Board_SpiWriteBytes &rArr; HAL_SPI_TransmitReceive &rArr; SPI_WaitOnFlagUntilTimeout
</UL>
<BR>[Calls]<UL><LI><a href="#[b5]">&gt;&gt;</a>&nbsp;&nbsp;&nbsp;__2printf
<LI><a href="#[161]">&gt;&gt;</a>&nbsp;&nbsp;&nbsp;_num2string_
<LI><a href="#[b6]">&gt;&gt;</a>&nbsp;&nbsp;&nbsp;Choose_Single_Motor_Speed_Config
<LI><a href="#[162]">&gt;&gt;</a>&nbsp;&nbsp;&nbsp;Rest_C55_C52_Position
<LI><a href="#[139]">&gt;&gt;</a>&nbsp;&nbsp;&nbsp;Rearch_Degree_Wait
<LI><a href="#[b1]">&gt;&gt;</a>&nbsp;&nbsp;&nbsp;C55_C52_connect_check
</UL>
<BR>[Called By]<UL><LI><a href="#[15e]">&gt;&gt;</a>&nbsp;&nbsp;&nbsp;protocol_handle_uart_powerstep01_plain_slave_cmd
</UL>

<P><STRONG><a name="[15e]"></a>protocol_handle_uart_powerstep01_plain_slave_cmd</STRONG> (Thumb, 1248 bytes, Stack size 192 bytes, slave_uart_control_interface.o(i.protocol_handle_uart_powerstep01_plain_slave_cmd))
<BR><BR>[Stack]<UL><LI>Max Depth = 776<LI>Call Chain = protocol_handle_uart_powerstep01_plain_slave_cmd &rArr; protocol_cheminert_c52_c55 &rArr; cheminert_c52_c55_transfer &rArr; GetUartSend &rArr; Uart_Select_Baby &rArr; delay_ms &rArr; delay_us
</UL>
<BR>[Calls]<UL><LI><a href="#[17e]">&gt;&gt;</a>&nbsp;&nbsp;&nbsp;__2sprintf
<LI><a href="#[b5]">&gt;&gt;</a>&nbsp;&nbsp;&nbsp;__2printf
<LI><a href="#[bc]">&gt;&gt;</a>&nbsp;&nbsp;&nbsp;__aeabi_memclr4
<LI><a href="#[b8]">&gt;&gt;</a>&nbsp;&nbsp;&nbsp;__aeabi_memcpy4
<LI><a href="#[b0]">&gt;&gt;</a>&nbsp;&nbsp;&nbsp;__aeabi_memcpy
<LI><a href="#[103]">&gt;&gt;</a>&nbsp;&nbsp;&nbsp;delay_ms
<LI><a href="#[159]">&gt;&gt;</a>&nbsp;&nbsp;&nbsp;caculate_tansfer_check_bit
<LI><a href="#[14a]">&gt;&gt;</a>&nbsp;&nbsp;&nbsp;Uart_Clear_Context
<LI><a href="#[144]">&gt;&gt;</a>&nbsp;&nbsp;&nbsp;UART4_Send_Data
<LI><a href="#[166]">&gt;&gt;</a>&nbsp;&nbsp;&nbsp;Light_Sensor_Get_All
<LI><a href="#[102]">&gt;&gt;</a>&nbsp;&nbsp;&nbsp;Light_Sensor_Get
<LI><a href="#[ae]">&gt;&gt;</a>&nbsp;&nbsp;&nbsp;BSP_MotorControl_Move
<LI><a href="#[ac]">&gt;&gt;</a>&nbsp;&nbsp;&nbsp;BSP_MotorControl_HardStop
<LI><a href="#[ba]">&gt;&gt;</a>&nbsp;&nbsp;&nbsp;PowerStep_Select_Motor_Baby
<LI><a href="#[17f]">&gt;&gt;</a>&nbsp;&nbsp;&nbsp;set_mix_motor_config
<LI><a href="#[165]">&gt;&gt;</a>&nbsp;&nbsp;&nbsp;StopALLMotorMotion
<LI><a href="#[13a]">&gt;&gt;</a>&nbsp;&nbsp;&nbsp;RestSelectMotorOrgin
<LI><a href="#[168]">&gt;&gt;</a>&nbsp;&nbsp;&nbsp;Set_Weight_Sensor_Warnning_Line
<LI><a href="#[16e]">&gt;&gt;</a>&nbsp;&nbsp;&nbsp;Get_weight_current_gram
<LI><a href="#[169]">&gt;&gt;</a>&nbsp;&nbsp;&nbsp;Get_Single_Weight_Sensor_Warnning_Result
<LI><a href="#[16a]">&gt;&gt;</a>&nbsp;&nbsp;&nbsp;Get_All_Weight_Sensor_Warnning_Result
<LI><a href="#[176]">&gt;&gt;</a>&nbsp;&nbsp;&nbsp;export_liquid_control
<LI><a href="#[16c]">&gt;&gt;</a>&nbsp;&nbsp;&nbsp;STM32_Change_Protocol_Control_Mini_Board_Set_Degree
<LI><a href="#[16b]">&gt;&gt;</a>&nbsp;&nbsp;&nbsp;STM32_Change_Protocol_Control_Mini_Board_Get_Degree
<LI><a href="#[174]">&gt;&gt;</a>&nbsp;&nbsp;&nbsp;M6e_Magic_Read_Rfid_Info
<LI><a href="#[104]">&gt;&gt;</a>&nbsp;&nbsp;&nbsp;M6e_Magic_Get_One_Rfid_Info
<LI><a href="#[171]">&gt;&gt;</a>&nbsp;&nbsp;&nbsp;Liquid_Sensor_Get
<LI><a href="#[172]">&gt;&gt;</a>&nbsp;&nbsp;&nbsp;Init_M6e_Config
<LI><a href="#[ca]">&gt;&gt;</a>&nbsp;&nbsp;&nbsp;Get_Real_Time_Polling_Value
<LI><a href="#[177]">&gt;&gt;</a>&nbsp;&nbsp;&nbsp;Get_Real_Time_Polling_Press
<LI><a href="#[173]">&gt;&gt;</a>&nbsp;&nbsp;&nbsp;Destory_M6e_Config
<LI><a href="#[152]">&gt;&gt;</a>&nbsp;&nbsp;&nbsp;__InfoBoard__
<LI><a href="#[175]">&gt;&gt;</a>&nbsp;&nbsp;&nbsp;protocol_rfid_get_epc_string
<LI><a href="#[167]">&gt;&gt;</a>&nbsp;&nbsp;&nbsp;protocol_pump_s100_interface
<LI><a href="#[163]">&gt;&gt;</a>&nbsp;&nbsp;&nbsp;protocol_cheminert_c52_c55
<LI><a href="#[178]">&gt;&gt;</a>&nbsp;&nbsp;&nbsp;electromagnetic_control_package
<LI><a href="#[16d]">&gt;&gt;</a>&nbsp;&nbsp;&nbsp;electromagnetic_control
<LI><a href="#[164]">&gt;&gt;</a>&nbsp;&nbsp;&nbsp;UART4_Receive_Data
<LI><a href="#[17d]">&gt;&gt;</a>&nbsp;&nbsp;&nbsp;set_DelayMs_Normal_Positon
<LI><a href="#[160]">&gt;&gt;</a>&nbsp;&nbsp;&nbsp;process_motor_command_receive
<LI><a href="#[170]">&gt;&gt;</a>&nbsp;&nbsp;&nbsp;Rest_Injection_Module_Motor
<LI><a href="#[17a]">&gt;&gt;</a>&nbsp;&nbsp;&nbsp;RestSelectMotorOrginSelect
<LI><a href="#[179]">&gt;&gt;</a>&nbsp;&nbsp;&nbsp;Motor_Move_And_Wait_Select
<LI><a href="#[16f]">&gt;&gt;</a>&nbsp;&nbsp;&nbsp;Motor_Move_And_Wait
<LI><a href="#[17b]">&gt;&gt;</a>&nbsp;&nbsp;&nbsp;BSP_MotorControl_Move_Select
<LI><a href="#[17c]">&gt;&gt;</a>&nbsp;&nbsp;&nbsp;BSP_MotorControl_HardStop_Select
</UL>
<BR>[Called By]<UL><LI><a href="#[87]">&gt;&gt;</a>&nbsp;&nbsp;&nbsp;main
</UL>

<P><STRONG><a name="[180]"></a>pump_s100_transfer</STRONG> (Thumb, 306 bytes, Stack size 64 bytes, pump_s100.o(i.pump_s100_transfer))
<BR><BR>[Stack]<UL><LI>Max Depth = 208<LI>Call Chain = pump_s100_transfer &rArr; Big_Little_Endian_Convert &rArr; __aeabi_memcpy
</UL>
<BR>[Calls]<UL><LI><a href="#[b5]">&gt;&gt;</a>&nbsp;&nbsp;&nbsp;__2printf
<LI><a href="#[103]">&gt;&gt;</a>&nbsp;&nbsp;&nbsp;delay_ms
<LI><a href="#[c9]">&gt;&gt;</a>&nbsp;&nbsp;&nbsp;GetUartSend
<LI><a href="#[c7]">&gt;&gt;</a>&nbsp;&nbsp;&nbsp;GetUartReceive
<LI><a href="#[182]">&gt;&gt;</a>&nbsp;&nbsp;&nbsp;CRC_Digital_Convert_Get
<LI><a href="#[af]">&gt;&gt;</a>&nbsp;&nbsp;&nbsp;Big_Little_Endian_Convert
</UL>
<BR>[Called By]<UL><LI><a href="#[167]">&gt;&gt;</a>&nbsp;&nbsp;&nbsp;protocol_pump_s100_interface
</UL>

<P><STRONG><a name="[17d]"></a>set_DelayMs_Normal_Positon</STRONG> (Thumb, 8 bytes, Stack size 0 bytes, factory_many.o(i.set_DelayMs_Normal_Positon))
<BR><BR>[Called By]<UL><LI><a href="#[15e]">&gt;&gt;</a>&nbsp;&nbsp;&nbsp;protocol_handle_uart_powerstep01_plain_slave_cmd
</UL>

<P><STRONG><a name="[17f]"></a>set_mix_motor_config</STRONG> (Thumb, 8 bytes, Stack size 0 bytes, step01.o(i.set_mix_motor_config))
<BR><BR>[Called By]<UL><LI><a href="#[15e]">&gt;&gt;</a>&nbsp;&nbsp;&nbsp;protocol_handle_uart_powerstep01_plain_slave_cmd
</UL>

<P><STRONG><a name="[15d]"></a>uart_init</STRONG> (Thumb, 28 bytes, Stack size 0 bytes, usart.o(i.uart_init))
<BR><BR>[Stack]<UL><LI>Max Depth = 88<LI>Call Chain = uart_init &rArr; HAL_UART_Init &rArr; HAL_UART_MspInit &rArr; HAL_GPIO_Init
</UL>
<BR>[Calls]<UL><LI><a href="#[f1]">&gt;&gt;</a>&nbsp;&nbsp;&nbsp;HAL_UART_Init
</UL>
<BR>[Called By]<UL><LI><a href="#[87]">&gt;&gt;</a>&nbsp;&nbsp;&nbsp;main
</UL>
<P>
<H3>
Local Symbols
</H3>
<P><STRONG><a name="[d8]"></a>NVIC_SetPriority</STRONG> (Thumb, 32 bytes, Stack size 0 bytes, stm32f1xx_hal_cortex.o(i.NVIC_SetPriority))
<BR><BR>[Called By]<UL><LI><a href="#[d6]">&gt;&gt;</a>&nbsp;&nbsp;&nbsp;HAL_SYSTICK_Config
<LI><a href="#[d7]">&gt;&gt;</a>&nbsp;&nbsp;&nbsp;HAL_NVIC_SetPriority
</UL>

<P><STRONG><a name="[ed]"></a>UART_Receive_IT</STRONG> (Thumb, 166 bytes, Stack size 8 bytes, stm32f1xx_hal_uart.o(i.UART_Receive_IT))
<BR><BR>[Stack]<UL><LI>Max Depth = 20<LI>Call Chain = UART_Receive_IT &rArr; HAL_UART_RxCpltCallback
</UL>
<BR>[Calls]<UL><LI><a href="#[145]">&gt;&gt;</a>&nbsp;&nbsp;&nbsp;HAL_UART_RxCpltCallback
</UL>
<BR>[Called By]<UL><LI><a href="#[ec]">&gt;&gt;</a>&nbsp;&nbsp;&nbsp;HAL_UART_IRQHandler
</UL>

<P><STRONG><a name="[f3]"></a>UART_SetConfig</STRONG> (Thumb, 364 bytes, Stack size 24 bytes, stm32f1xx_hal_uart.o(i.UART_SetConfig))
<BR><BR>[Stack]<UL><LI>Max Depth = 24<LI>Call Chain = UART_SetConfig
</UL>
<BR>[Calls]<UL><LI><a href="#[146]">&gt;&gt;</a>&nbsp;&nbsp;&nbsp;HAL_RCC_GetPCLK2Freq
<LI><a href="#[147]">&gt;&gt;</a>&nbsp;&nbsp;&nbsp;HAL_RCC_GetPCLK1Freq
</UL>
<BR>[Called By]<UL><LI><a href="#[f1]">&gt;&gt;</a>&nbsp;&nbsp;&nbsp;HAL_UART_Init
</UL>

<P><STRONG><a name="[ee]"></a>UART_Transmit_IT</STRONG> (Thumb, 102 bytes, Stack size 0 bytes, stm32f1xx_hal_uart.o(i.UART_Transmit_IT))
<BR><BR>[Called By]<UL><LI><a href="#[ec]">&gt;&gt;</a>&nbsp;&nbsp;&nbsp;HAL_UART_IRQHandler
</UL>

<P><STRONG><a name="[f6]"></a>UART_WaitOnFlagUntilTimeout</STRONG> (Thumb, 146 bytes, Stack size 32 bytes, stm32f1xx_hal_uart.o(i.UART_WaitOnFlagUntilTimeout))
<BR><BR>[Stack]<UL><LI>Max Depth = 32<LI>Call Chain = UART_WaitOnFlagUntilTimeout
</UL>
<BR>[Calls]<UL><LI><a href="#[cc]">&gt;&gt;</a>&nbsp;&nbsp;&nbsp;HAL_GetTick
</UL>
<BR>[Called By]<UL><LI><a href="#[f7]">&gt;&gt;</a>&nbsp;&nbsp;&nbsp;HAL_UART_Transmit
<LI><a href="#[f5]">&gt;&gt;</a>&nbsp;&nbsp;&nbsp;HAL_UART_Receive
</UL>

<P><STRONG><a name="[e1]"></a>TIM_OC1_SetConfig</STRONG> (Thumb, 88 bytes, Stack size 20 bytes, stm32f1xx_hal_tim.o(i.TIM_OC1_SetConfig))
<BR><BR>[Stack]<UL><LI>Max Depth = 20<LI>Call Chain = TIM_OC1_SetConfig
</UL>
<BR>[Called By]<UL><LI><a href="#[e0]">&gt;&gt;</a>&nbsp;&nbsp;&nbsp;HAL_TIM_PWM_ConfigChannel
</UL>

<P><STRONG><a name="[e3]"></a>TIM_OC3_SetConfig</STRONG> (Thumb, 96 bytes, Stack size 20 bytes, stm32f1xx_hal_tim.o(i.TIM_OC3_SetConfig))
<BR><BR>[Stack]<UL><LI>Max Depth = 20<LI>Call Chain = TIM_OC3_SetConfig
</UL>
<BR>[Called By]<UL><LI><a href="#[e0]">&gt;&gt;</a>&nbsp;&nbsp;&nbsp;HAL_TIM_PWM_ConfigChannel
</UL>

<P><STRONG><a name="[e4]"></a>TIM_OC4_SetConfig</STRONG> (Thumb, 70 bytes, Stack size 12 bytes, stm32f1xx_hal_tim.o(i.TIM_OC4_SetConfig))
<BR><BR>[Stack]<UL><LI>Max Depth = 12<LI>Call Chain = TIM_OC4_SetConfig
</UL>
<BR>[Called By]<UL><LI><a href="#[e0]">&gt;&gt;</a>&nbsp;&nbsp;&nbsp;HAL_TIM_PWM_ConfigChannel
</UL>

<P><STRONG><a name="[df]"></a>SPI_WaitOnFlagUntilTimeout</STRONG> (Thumb, 158 bytes, Stack size 32 bytes, stm32f1xx_hal_spi.o(i.SPI_WaitOnFlagUntilTimeout))
<BR><BR>[Stack]<UL><LI>Max Depth = 32<LI>Call Chain = SPI_WaitOnFlagUntilTimeout
</UL>
<BR>[Calls]<UL><LI><a href="#[cc]">&gt;&gt;</a>&nbsp;&nbsp;&nbsp;HAL_GetTick
</UL>
<BR>[Called By]<UL><LI><a href="#[de]">&gt;&gt;</a>&nbsp;&nbsp;&nbsp;HAL_SPI_TransmitReceive
</UL>

<P><STRONG><a name="[105]"></a>__keep_temperature_degree</STRONG> (Thumb, 106 bytes, Stack size 8 bytes, temperature.o(i.__keep_temperature_degree))
<BR><BR>[Stack]<UL><LI>Max Depth = 32<LI>Call Chain = __keep_temperature_degree &rArr; __2printf
</UL>
<BR>[Calls]<UL><LI><a href="#[b5]">&gt;&gt;</a>&nbsp;&nbsp;&nbsp;__2printf
<LI><a href="#[ff]">&gt;&gt;</a>&nbsp;&nbsp;&nbsp;TIM_SetTIM3Compare4
</UL>
<BR>[Called By]<UL><LI><a href="#[36]">&gt;&gt;</a>&nbsp;&nbsp;&nbsp;Main_Keep_Temperature_Degree
</UL>

<P><STRONG><a name="[13b]"></a>temperature_change_to_value</STRONG> (Thumb, 606 bytes, Stack size 8 bytes, temperature.o(i.temperature_change_to_value))
<BR><BR>[Stack]<UL><LI>Max Depth = 32<LI>Call Chain = temperature_change_to_value &rArr; __2printf
</UL>
<BR>[Calls]<UL><LI><a href="#[b5]">&gt;&gt;</a>&nbsp;&nbsp;&nbsp;__2printf
</UL>
<BR>[Called By]<UL><LI><a href="#[35]">&gt;&gt;</a>&nbsp;&nbsp;&nbsp;Set_Single_Temperature_Degree
</UL>

<P><STRONG><a name="[161]"></a>_num2string_</STRONG> (Thumb, 182 bytes, Stack size 0 bytes, factory_many.o(i._num2string_))
<BR><BR>[Called By]<UL><LI><a href="#[160]">&gt;&gt;</a>&nbsp;&nbsp;&nbsp;process_motor_command_receive
</UL>

<P><STRONG><a name="[153]"></a>_commandTOstring_</STRONG> (Thumb, 1360 bytes, Stack size 0 bytes, slave_uart_control_interface.o(i._commandTOstring_))
<BR><BR>[Called By]<UL><LI><a href="#[152]">&gt;&gt;</a>&nbsp;&nbsp;&nbsp;__InfoBoard__
</UL>

<P><STRONG><a name="[163]"></a>protocol_cheminert_c52_c55</STRONG> (Thumb, 872 bytes, Stack size 400 bytes, slave_uart_control_interface.o(i.protocol_cheminert_c52_c55))
<BR><BR>[Stack]<UL><LI>Max Depth = 584<LI>Call Chain = protocol_cheminert_c52_c55 &rArr; cheminert_c52_c55_transfer &rArr; GetUartSend &rArr; Uart_Select_Baby &rArr; delay_ms &rArr; delay_us
</UL>
<BR>[Calls]<UL><LI><a href="#[b5]">&gt;&gt;</a>&nbsp;&nbsp;&nbsp;__2printf
<LI><a href="#[bc]">&gt;&gt;</a>&nbsp;&nbsp;&nbsp;__aeabi_memclr4
<LI><a href="#[b8]">&gt;&gt;</a>&nbsp;&nbsp;&nbsp;__aeabi_memcpy4
<LI><a href="#[b0]">&gt;&gt;</a>&nbsp;&nbsp;&nbsp;__aeabi_memcpy
<LI><a href="#[14a]">&gt;&gt;</a>&nbsp;&nbsp;&nbsp;Uart_Clear_Context
<LI><a href="#[15a]">&gt;&gt;</a>&nbsp;&nbsp;&nbsp;cheminert_c52_c55_transfer
</UL>
<BR>[Called By]<UL><LI><a href="#[15e]">&gt;&gt;</a>&nbsp;&nbsp;&nbsp;protocol_handle_uart_powerstep01_plain_slave_cmd
</UL>

<P><STRONG><a name="[167]"></a>protocol_pump_s100_interface</STRONG> (Thumb, 248 bytes, Stack size 64 bytes, slave_uart_control_interface.o(i.protocol_pump_s100_interface))
<BR><BR>[Stack]<UL><LI>Max Depth = 272<LI>Call Chain = protocol_pump_s100_interface &rArr; pump_s100_transfer &rArr; Big_Little_Endian_Convert &rArr; __aeabi_memcpy
</UL>
<BR>[Calls]<UL><LI><a href="#[b5]">&gt;&gt;</a>&nbsp;&nbsp;&nbsp;__2printf
<LI><a href="#[180]">&gt;&gt;</a>&nbsp;&nbsp;&nbsp;pump_s100_transfer
</UL>
<BR>[Called By]<UL><LI><a href="#[15e]">&gt;&gt;</a>&nbsp;&nbsp;&nbsp;protocol_handle_uart_powerstep01_plain_slave_cmd
</UL>

<P><STRONG><a name="[175]"></a>protocol_rfid_get_epc_string</STRONG> (Thumb, 50 bytes, Stack size 56 bytes, slave_uart_control_interface.o(i.protocol_rfid_get_epc_string))
<BR><BR>[Stack]<UL><LI>Max Depth = 64<LI>Call Chain = protocol_rfid_get_epc_string &rArr; __aeabi_memcpy
</UL>
<BR>[Calls]<UL><LI><a href="#[b0]">&gt;&gt;</a>&nbsp;&nbsp;&nbsp;__aeabi_memcpy
<LI><a href="#[181]">&gt;&gt;</a>&nbsp;&nbsp;&nbsp;Get_EPC_String
</UL>
<BR>[Called By]<UL><LI><a href="#[15e]">&gt;&gt;</a>&nbsp;&nbsp;&nbsp;protocol_handle_uart_powerstep01_plain_slave_cmd
</UL>

<P><STRONG><a name="[154]"></a>_fp_digits</STRONG> (Thumb, 366 bytes, Stack size 64 bytes, printfa.o(i._fp_digits), UNUSED)
<BR><BR>[Calls]<UL><LI><a href="#[a2]">&gt;&gt;</a>&nbsp;&nbsp;&nbsp;__aeabi_ddiv
<LI><a href="#[aa]">&gt;&gt;</a>&nbsp;&nbsp;&nbsp;__aeabi_d2ulz
<LI><a href="#[155]">&gt;&gt;</a>&nbsp;&nbsp;&nbsp;__aeabi_cdrcmple
<LI><a href="#[9a]">&gt;&gt;</a>&nbsp;&nbsp;&nbsp;__aeabi_dadd
<LI><a href="#[a1]">&gt;&gt;</a>&nbsp;&nbsp;&nbsp;__aeabi_dmul
<LI><a href="#[a9]">&gt;&gt;</a>&nbsp;&nbsp;&nbsp;__aeabi_uldivmod
</UL>
<BR>[Called By]<UL><LI><a href="#[150]">&gt;&gt;</a>&nbsp;&nbsp;&nbsp;_printf_core
</UL>

<P><STRONG><a name="[150]"></a>_printf_core</STRONG> (Thumb, 1744 bytes, Stack size 136 bytes, printfa.o(i._printf_core), UNUSED)
<BR><BR>[Calls]<UL><LI><a href="#[156]">&gt;&gt;</a>&nbsp;&nbsp;&nbsp;_printf_pre_padding
<LI><a href="#[157]">&gt;&gt;</a>&nbsp;&nbsp;&nbsp;_printf_post_padding
<LI><a href="#[154]">&gt;&gt;</a>&nbsp;&nbsp;&nbsp;_fp_digits
<LI><a href="#[a9]">&gt;&gt;</a>&nbsp;&nbsp;&nbsp;__aeabi_uldivmod
<LI><a href="#[158]">&gt;&gt;</a>&nbsp;&nbsp;&nbsp;__aeabi_uidivmod
</UL>
<BR>[Called By]<UL><LI><a href="#[151]">&gt;&gt;</a>&nbsp;&nbsp;&nbsp;__0sprintf
<LI><a href="#[14f]">&gt;&gt;</a>&nbsp;&nbsp;&nbsp;__0printf
</UL>

<P><STRONG><a name="[157]"></a>_printf_post_padding</STRONG> (Thumb, 36 bytes, Stack size 24 bytes, printfa.o(i._printf_post_padding), UNUSED)
<BR><BR>[Called By]<UL><LI><a href="#[150]">&gt;&gt;</a>&nbsp;&nbsp;&nbsp;_printf_core
</UL>

<P><STRONG><a name="[156]"></a>_printf_pre_padding</STRONG> (Thumb, 46 bytes, Stack size 24 bytes, printfa.o(i._printf_pre_padding), UNUSED)
<BR><BR>[Called By]<UL><LI><a href="#[150]">&gt;&gt;</a>&nbsp;&nbsp;&nbsp;_printf_core
</UL>

<P><STRONG><a name="[8f]"></a>_sputc</STRONG> (Thumb, 10 bytes, Stack size 0 bytes, printfa.o(i._sputc))
<BR><BR>[Called By]<UL><LI><a href="#[151]">&gt;&gt;</a>&nbsp;&nbsp;&nbsp;__0sprintf
</UL>
<BR>[Address Reference Count : 1]<UL><LI> printfa.o(i.__0sprintf)
</UL><P>
<H3>
Undefined Global Symbols
</H3><HR></body></html>
