Component: ARM Compiler 5.06 update 3 (build 300) Tool: armlink [4d35c9]

==============================================================================

Section Cross References

    main.o(i.Check_Board_Define_Config) refers to printfa.o(i.__0printf) for __2printf
    main.o(i.Init_Board_Config) refers to printfa.o(i.__0printf) for __2printf
    main.o(i.Init_Board_Config) refers to uart_config.o(i.Uart2_Config_Init) for Uart2_Config_Init
    main.o(i.Init_Board_Config) refers to liquid_sensor.o(i.Liquid_Sensor_Init) for Liquid_Sensor_Init
    main.o(i.Init_Board_Config) refers to weight.o(i.Weight_Sensor_Init) for Weight_Sensor_Init
    main.o(i.Init_Board_Config) refers to light.o(i.Light_Sensor_Init) for Light_Sensor_Init
    main.o(i.Init_Board_Config) refers to step01.o(i.BSP_Motor_Control_Init) for BSP_Motor_Control_Init
    main.o(i.Init_Board_Config) refers to uart5.o(i.UART5_Init) for UART5_Init
    main.o(i.Init_Board_Config) refers to bl180.o(i.ScanChooseHandle) for ScanChooseHandle
    main.o(i.Init_Board_Config) refers to bl180.o(.data) for ScanHandle
    main.o(i.main) refers to stm32f1xx_hal.o(i.HAL_Init) for HAL_Init
    main.o(i.main) refers to sys.o(i.Stm32_Clock_Init) for Stm32_Clock_Init
    main.o(i.main) refers to delay.o(i.delay_init) for delay_init
    main.o(i.main) refers to usart.o(i.uart_init) for uart_init
    main.o(i.main) refers to uart4.o(i.UART4_Init) for UART4_Init
    main.o(i.main) refers to real_time_polling.o(i.Real_Time_Polling_Init) for Real_Time_Polling_Init
    main.o(i.main) refers to main.o(i.Check_Board_Define_Config) for Check_Board_Define_Config
    main.o(i.main) refers to main.o(i.Init_Board_Config) for Init_Board_Config
    main.o(i.main) refers to memseta.o(.text) for __aeabi_memclr4
    main.o(i.main) refers to printfa.o(i.__0printf) for __2printf
    main.o(i.main) refers to delay.o(i.delay_ms) for delay_ms
    main.o(i.main) refers to bl180.o(.data) for ScanHandle
    stm32f1xx_it.o(i.EXTI2_IRQHandler) refers to stm32f1xx_hal_gpio.o(i.HAL_GPIO_EXTI_IRQHandler) for HAL_GPIO_EXTI_IRQHandler
    stm32f1xx_it.o(i.EXTI3_IRQHandler) refers to stm32f1xx_hal_gpio.o(i.HAL_GPIO_EXTI_IRQHandler) for HAL_GPIO_EXTI_IRQHandler
    stm32f1xx_it.o(i.EXTI9_5_IRQHandler) refers to printfa.o(i.__0printf) for __2printf
    stm32f1xx_it.o(i.EXTI9_5_IRQHandler) refers to stm32f1xx_hal_gpio.o(i.HAL_GPIO_EXTI_IRQHandler) for HAL_GPIO_EXTI_IRQHandler
    stm32f1xx_it.o(i.SysTick_Handler) refers to stm32f1xx_hal.o(i.HAL_IncTick) for HAL_IncTick
    system_stm32f1xx.o(i.SystemCoreClockUpdate) refers to system_stm32f1xx.o(.data) for .data
    system_stm32f1xx.o(i.SystemCoreClockUpdate) refers to system_stm32f1xx.o(.constdata) for .constdata
    stm32f1xx_hal_msp.o(i.HAL_GPIO_EXTI_Callback) refers to x_nucleo_ihmxx.o(i.BSP_MotorControl_FlagInterruptHandler) for BSP_MotorControl_FlagInterruptHandler
    stm32f1xx_hal_msp.o(i.HAL_GPIO_EXTI_Callback) refers to x_nucleo_ihmxx.o(i.BSP_MotorControl_BusyInterruptHandler) for BSP_MotorControl_BusyInterruptHandler
    stm32f1xx_hal_msp.o(i.HAL_SPI_MspDeInit) refers to stm32f1xx_hal_gpio.o(i.HAL_GPIO_DeInit) for HAL_GPIO_DeInit
    stm32f1xx_hal_msp.o(i.HAL_SPI_MspInit) refers to stm32f1xx_hal_gpio.o(i.HAL_GPIO_Init) for HAL_GPIO_Init
    startup_stm32f103xe.o(RESET) refers to startup_stm32f103xe.o(STACK) for __initial_sp
    startup_stm32f103xe.o(RESET) refers to startup_stm32f103xe.o(.text) for Reset_Handler
    startup_stm32f103xe.o(RESET) refers to stm32f1xx_it.o(i.NMI_Handler) for NMI_Handler
    startup_stm32f103xe.o(RESET) refers to stm32f1xx_it.o(i.HardFault_Handler) for HardFault_Handler
    startup_stm32f103xe.o(RESET) refers to stm32f1xx_it.o(i.MemManage_Handler) for MemManage_Handler
    startup_stm32f103xe.o(RESET) refers to stm32f1xx_it.o(i.BusFault_Handler) for BusFault_Handler
    startup_stm32f103xe.o(RESET) refers to stm32f1xx_it.o(i.UsageFault_Handler) for UsageFault_Handler
    startup_stm32f103xe.o(RESET) refers to stm32f1xx_it.o(i.SVC_Handler) for SVC_Handler
    startup_stm32f103xe.o(RESET) refers to stm32f1xx_it.o(i.DebugMon_Handler) for DebugMon_Handler
    startup_stm32f103xe.o(RESET) refers to stm32f1xx_it.o(i.PendSV_Handler) for PendSV_Handler
    startup_stm32f103xe.o(RESET) refers to stm32f1xx_it.o(i.SysTick_Handler) for SysTick_Handler
    startup_stm32f103xe.o(RESET) refers to stm32f1xx_it.o(i.EXTI2_IRQHandler) for EXTI2_IRQHandler
    startup_stm32f103xe.o(RESET) refers to stm32f1xx_it.o(i.EXTI3_IRQHandler) for EXTI3_IRQHandler
    startup_stm32f103xe.o(RESET) refers to stm32f1xx_it.o(i.EXTI9_5_IRQHandler) for EXTI9_5_IRQHandler
    startup_stm32f103xe.o(RESET) refers to usmart.o(i.TIM4_IRQHandler) for TIM4_IRQHandler
    startup_stm32f103xe.o(RESET) refers to usart.o(i.USART1_IRQHandler) for USART1_IRQHandler
    startup_stm32f103xe.o(RESET) refers to uart2.o(i.USART2_IRQHandler) for USART2_IRQHandler
    startup_stm32f103xe.o(RESET) refers to uart3.o(i.USART3_IRQHandler) for USART3_IRQHandler
[...]
    .bss                                     0x20000514   Section      164  x_nucleo_ihm03a1_stm32f1xx.o(.bss)
    SpiHandle                                0x20000524   Data          88  x_nucleo_ihm03a1_stm32f1xx.o(.bss)
    .bss                                     0x200005b8   Section      324  uart3.o(.bss)
    .bss                                     0x200006fc   Section      148  timer.o(.bss)
    .bss                                     0x20000790   Section     1528  step01.o(.bss)
    .bss                                     0x20000d88   Section      192  uart4.o(.bss)
    .bss                                     0x20000e48   Section      324  uart2.o(.bss)
    .bss                                     0x20000f8c   Section       30  fm100.o(.bss)
    buf                                      0x20000f8c   Data          30  fm100.o(.bss)
    .bss                                     0x20000fac   Section       88  spi3.o(.bss)
    .bss                                     0x20001004   Section      192  uart5.o(.bss)
    .bss                                     0x200010c4   Section       24  real_time_polling.o(.bss)
    .bss                                     0x200010dc   Section       60  usmart.o(.bss)
    STACK                                    0x20001118   Section     1024  startup_stm32f103xe.o(STACK)

    Global Symbols

    Symbol Name                              Value     Ov Type        Size  Object(Section)

    BuildAttributes$$THM_ISAv4$P$D$K$B$S$PE$A:L22UL41UL21$X:L11$S22US41US21$IEEE1$IW$USESV6$~STKCKD$USESV7$~SHL$OTIME$ROPI$EBA8$MICROLIB$REQ8$PRES8$EABIv2 0x00000000   Number         0  anon$$obj.o ABSOLUTE
    __ARM_use_no_argv                        0x00000000   Number         0  main.o ABSOLUTE
    __use_no_errno                           0x00000000   Number         0  useno.o ABSOLUTE
    __use_no_exception_handling              0x00000000   Number         0  useno.o ABSOLUTE
    __use_no_fp                              0x00000000   Number         0  useno.o ABSOLUTE
    __use_no_heap                            0x00000000   Number         0  useno.o ABSOLUTE
    __use_no_heap_region                     0x00000000   Number         0  useno.o ABSOLUTE
    __use_no_semihosting                     0x00000000   Number         0  useno.o ABSOLUTE
    __use_no_semihosting_swi                 0x00000000   Number         0  useno.o ABSOLUTE
    __use_no_signal_handling                 0x00000000   Number         0  useno.o ABSOLUTE
    _printf_a                                0x00000000   Number         0  stubs.o ABSOLUTE
    _printf_c                                0x00000000   Number         0  stubs.o ABSOLUTE
    _printf_charcount                        0x00000000   Number         0  stubs.o ABSOLUTE
    _printf_d                                0x00000000   Number         0  stubs.o ABSOLUTE
    _printf_e                                0x00000000   Number         0  stubs.o ABSOLUTE
    _printf_f                                0x00000000   Number         0  stubs.o ABSOLUTE
    _printf_flags                            0x00000000   Number         0  stubs.o ABSOLUTE
    _printf_fp_dec                           0x00000000   Number         0  stubs.o ABSOLUTE
    _printf_fp_hex                           0x00000000   Number         0  stubs.o ABSOLUTE
    _printf_g                                0x00000000   Number         0  stubs.o ABSOLUTE
    _printf_i                                0x00000000   Number         0  stubs.o ABSOLUTE
    _printf_int_dec                          0x00000000   Number         0  stubs.o ABSOLUTE
    _printf_l                                0x00000000   Number         0  stubs.o ABSOLUTE
    _printf_lc                               0x00000000   Number         0  stubs.o ABSOLUTE
    _printf_ll                               0x00000000   Number         0  stubs.o ABSOLUTE
    _printf_lld                              0x00000000   Number         0  stubs.o ABSOLUTE
    _printf_lli                              0x00000000   Number         0  stubs.o ABSOLUTE
    _printf_llo                              0x00000000   Number         0  stubs.o ABSOLUTE
    _printf_llu                              0x00000000   Number         0  stubs.o ABSOLUTE
    _printf_llx                              0x00000000   Number         0  stubs.o ABSOLUTE
    _printf_longlong_dec                     0x00000000   Number         0  stubs.o ABSOLUTE
    _printf_longlong_hex                     0x00000000   Number         0  stubs.o ABSOLUTE
    _printf_longlong_oct                     0x00000000   Number         0  stubs.o ABSOLUTE
    _printf_ls                               0x00000000   Number         0  stubs.o ABSOLUTE
    _printf_mbtowc                           0x00000000   Number         0  stubs.o ABSOLUTE
    _printf_n                                0x00000000   Number         0  stubs.o ABSOLUTE
    _printf_o                                0x00000000   Number         0  stubs.o ABSOLUTE
    _printf_p                                0x00000000   Number         0  stubs.o ABSOLUTE
    _printf_percent                          0x00000000   Number         0  stubs.o ABSOLUTE
    _printf_pre_padding                      0x00000000   Number         0  stubs.o ABSOLUTE
    _printf_return_value                     0x00000000   Number         0  stubs.o ABSOLUTE
    _printf_s                                0x00000000   Number         0  stubs.o ABSOLUTE
    _printf_sizespec                         0x00000000   Number         0  stubs.o ABSOLUTE
    _printf_str                              0x00000000   Number         0  stubs.o ABSOLUTE
    _printf_truncate_signed                  0x00000000   Number         0  stubs.o ABSOLUTE
    _printf_truncate_unsigned                0x00000000   Number         0  stubs.o ABSOLUTE
    _printf_u                                0x00000000   Number         0  stubs.o ABSOLUTE
    _printf_wc                               0x00000000   Number         0  stubs.o ABSOLUTE
    _printf_wctomb                           0x00000000   Number         0  stubs.o ABSOLUTE
    _printf_widthprec                        0x00000000   Number         0  stubs.o ABSOLUTE
    _printf_x                                0x00000000   Number         0  stubs.o ABSOLUTE
    __cpp_initialize__aeabi_                  - Undefined Weak Reference
    __cxa_finalize                            - Undefined Weak Reference
    _clock_init                               - Undefined Weak Reference
    _microlib_exit                            - Undefined Weak Reference
    __Vectors_Size                           0x00000130   Number         0  startup_stm32f103xe.o ABSOLUTE
    __Vectors                                0x08000000   Data           4  startup_stm32f103xe.o(RESET)
    __Vectors_End                            0x08000130   Data           0  startup_stm32f103xe.o(RESET)
    __main                                   0x08000131   Thumb Code     0  entry.o(.ARM.Collect$$$$00000000)
    _main_stk                                0x08000131   Thumb Code     0  entry2.o(.ARM.Collect$$$$00000001)
    _main_scatterload                        0x08000135   Thumb Code     0  entry5.o(.ARM.Collect$$$$00000004)
    __main_after_scatterload                 0x08000139   Thumb Code     0  entry5.o(.ARM.Collect$$$$00000004)
    _main_clock                              0x08000139   Thumb Code     0  entry7b.o(.ARM.Collect$$$$00000008)
    _main_cpp_init                           0x08000139   Thumb Code     0  entry8b.o(.ARM.Collect$$$$0000000A)
    _main_init                               0x08000139   Thumb Code     0  entry9a.o(.ARM.Collect$$$$0000000B)
    __rt_final_cpp                           0x08000141   Thumb Code     0  entry10a.o(.ARM.Collect$$$$0000000D)
    __rt_final_exit                          0x08000141   Thumb Code     0  entry11a.o(.ARM.Collect$$$$0000000F)
    Reset_Handler                            0x08000145   Thumb Code     8  startup_stm32f103xe.o(.text)
    ADC1_2_IRQHandler                        0x0800015f   Thumb Code     0  startup_stm32f103xe.o(.text)
    ADC3_IRQHandler                          0x0800015f   Thumb Code     0  startup_stm32f103xe.o(.text)
    CAN1_RX1_IRQHandler                      0x0800015f   Thumb Code     0  startup_stm32f103xe.o(.text)
    CAN1_SCE_IRQHandler                      0x0800015f   Thumb Code     0  startup_stm32f103xe.o(.text)
    DMA1_Channel1_IRQHandler                 0x0800015f   Thumb Code     0  startup_stm32f103xe.o(.text)
    DMA1_Channel2_IRQHandler                 0x0800015f   Thumb Code     0  startup_stm32f103xe.o(.text)
    DMA1_Channel3_IRQHandler                 0x0800015f   Thumb Code     0  startup_stm32f103xe.o(.text)
    DMA1_Channel4_IRQHandler                 0x0800015f   Thumb Code     0  startup_stm32f103xe.o(.text)
    DMA1_Channel5_IRQHandler                 0x0800015f   Thumb Code     0  startup_stm32f103xe.o(.text)
    DMA1_Channel6_IRQHandler                 0x0800015f   Thumb Code     0  startup_stm32f103xe.o(.text)
    DMA1_Channel7_IRQHandler                 0x0800015f   Thumb Code     0  startup_stm32f103xe.o(.text)
    DMA2_Channel1_IRQHandler                 0x0800015f   Thumb Code     0  startup_stm32f103xe.o(.text)
    DMA2_Channel2_IRQHandler                 0x0800015f   Thumb Code     0  startup_stm32f103xe.o(.text)
    DMA2_Channel3_IRQHandler                 0x0800015f   Thumb Code     0  startup_stm32f103xe.o(.text)
    DMA2_Channel4_5_IRQHandler               0x0800015f   Thumb Code     0  startup_stm32f103xe.o(.text)
    EXTI0_IRQHandler                         0x0800015f   Thumb Code     0  startup_stm32f103xe.o(.text)
    EXTI1_IRQHandler                         0x0800015f   Thumb Code     0  startup_stm32f103xe.o(.text)
    EXTI4_IRQHandler                         0x0800015f   Thumb Code     0  startup_stm32f103xe.o(.text)
    FLASH_IRQHandler                         0x0800015f   Thumb Code     0  startup_stm32f103xe.o(.text)
    FSMC_IRQHandler                          0x0800015f   Thumb Code     0  startup_stm32f103xe.o(.text)
    I2C1_ER_IRQHandler                       0x0800015f   Thumb Code     0  startup_stm32f103xe.o(.text)
    I2C1_EV_IRQHandler                       0x0800015f   Thumb Code     0  startup_stm32f103xe.o(.text)
    I2C2_ER_IRQHandler                       0x0800015f   Thumb Code     0  startup_stm32f103xe.o(.text)
    I2C2_EV_IRQHandler                       0x0800015f   Thumb Code     0  startup_stm32f103xe.o(.text)
    PVD_IRQHandler                           0x0800015f   Thumb Code     0  startup_stm32f103xe.o(.text)
    RCC_IRQHandler                           0x0800015f   Thumb Code     0  startup_stm32f103xe.o(.text)
    RTC_Alarm_IRQHandler                     0x0800015f   Thumb Code     0  startup_stm32f103xe.o(.text)
    RTC_IRQHandler                           0x0800015f   Thumb Code     0  startup_stm32f103xe.o(.text)
    SDIO_IRQHandler                          0x0800015f   Thumb Code     0  startup_stm32f103xe.o(.text)
    SPI1_IRQHandler                          0x0800015f   Thumb Code     0  startup_stm32f103xe.o(.text)
    SPI2_IRQHandler                          0x0800015f   Thumb Code     0  startup_stm32f103xe.o(.text)
    SPI3_IRQHandler                          0x0800015f   Thumb Code     0  startup_stm32f103xe.o(.text)
    TAMPER_IRQHandler                        0x0800015f   Thumb Code     0  startup_stm32f103xe.o(.text)
    TIM1_BRK_IRQHandler                      0x0800015f   Thumb Code     0  startup_stm32f103xe.o(.text)
    TIM1_CC_IRQHandler                       0x0800015f   Thumb Code     0  startup_stm32f103xe.o(.text)
    TIM1_TRG_COM_IRQHandler                  0x0800015f   Thumb Code     0  startup_stm32f103xe.o(.text)
    TIM1_UP_IRQHandler                       0x0800015f   Thumb Code     0  startup_stm32f103xe.o(.text)
    TIM2_IRQHandler                          0x0800015f   Thumb Code     0  startup_stm32f103xe.o(.text)
    TIM3_IRQHandler                          0x0800015f   Thumb Code     0  startup_stm32f103xe.o(.text)
    TIM6_IRQHandler                          0x0800015f   Thumb Code     0  startup_stm32f103xe.o(.text)
    TIM7_IRQHandler                          0x0800015f   Thumb Code     0  startup_stm32f103xe.o(.text)
    TIM8_BRK_IRQHandler                      0x0800015f   Thumb Code     0  startup_stm32f103xe.o(.text)
    TIM8_CC_IRQHandler                       0x0800015f   Thumb Code     0  startup_stm32f103xe.o(.text)
    TIM8_TRG_COM_IRQHandler                  0x0800015f   Thumb Code     0  startup_stm32f103xe.o(.text)
    TIM8_UP_IRQHandler                       0x0800015f   Thumb Code     0  startup_stm32f103xe.o(.text)
    USBWakeUp_IRQHandler                     0x0800015f   Thumb Code     0  startup_stm32f103xe.o(.text)
    USB_HP_CAN1_TX_IRQHandler                0x0800015f   Thumb Code     0  startup_stm32f103xe.o(.text)
    USB_LP_CAN1_RX0_IRQHandler               0x0800015f   Thumb Code     0  startup_stm32f103xe.o(.text)
    WWDG_IRQHandler                          0x0800015f   Thumb Code     0  startup_stm32f103xe.o(.text)
    __aeabi_llsl                             0x08000169   Thumb Code    30  llshl.o(.text)
    _ll_shift_l                              0x08000169   Thumb Code     0  llshl.o(.text)
    ___aeabi_memcpy8$move                    0x08000187   Thumb Code     0  memmovea.o(.text)
    __aeabi_memcpy                           0x08000187   Thumb Code    64  memmovea.o(.text)
    __aeabi_memcpy4                          0x08000187   Thumb Code     0  memmovea.o(.text)
    __aeabi_memmove                          0x08000187   Thumb Code     0  memmovea.o(.text)
    __aeabi_memmove4                         0x08000187   Thumb Code     0  memmovea.o(.text)
    __aeabi_memmove8                         0x08000187   Thumb Code     0  memmovea.o(.text)
    __aeabi_memset                           0x080001c7   Thumb Code    14  memseta.o(.text)
    __aeabi_memset4                          0x080001c7   Thumb Code     0  memseta.o(.text)
    __aeabi_memset8                          0x080001c7   Thumb Code     0  memseta.o(.text)
    __aeabi_memclr                           0x080001d5   Thumb Code     4  memseta.o(.text)
    __aeabi_memclr4                          0x080001d5   Thumb Code     0  memseta.o(.text)
    __aeabi_memclr8                          0x080001d5   Thumb Code     0  memseta.o(.text)
    _memset$wrapper                          0x080001d9   Thumb Code    18  memseta.o(.text)
    strncmp                                  0x080001eb   Thumb Code    30  strncmp.o(.text)
    __aeabi_fadd                             0x08000209   Thumb Code   164  fadd.o(.text)
    __aeabi_fsub                             0x080002ad   Thumb Code     6  fadd.o(.text)
    __aeabi_frsub                            0x080002b3   Thumb Code     6  fadd.o(.text)
    __aeabi_fmul                             0x080002b9   Thumb Code   100  fmul.o(.text)
    __ARM_scalbnf                            0x0800031d   Thumb Code    24  fscalb.o(.text)
    scalbnf                                  0x0800031d   Thumb Code     0  fscalb.o(.text)
    __aeabi_dadd                             0x08000335   Thumb Code   322  dadd.o(.text)
    __aeabi_dsub                             0x08000477   Thumb Code     6  dadd.o(.text)
    __aeabi_drsub                            0x0800047d   Thumb Code     6  dadd.o(.text)
    __aeabi_dmul                             0x08000483   Thumb Code   228  dmul.o(.text)
    __aeabi_ddiv                             0x08000567   Thumb Code   222  ddiv.o(.text)
    __aeabi_i2f                              0x08000645   Thumb Code    18  fflti.o(.text)
    __aeabi_ui2f                             0x08000657   Thumb Code    10  ffltui.o(.text)
    __aeabi_f2uiz                            0x08000661   Thumb Code    40  ffixui.o(.text)
    __aeabi_f2d                              0x08000689   Thumb Code    38  f2d.o(.text)
    __aeabi_cfrcmple                         0x080006b1   Thumb Code    20  cfrcmple.o(.text)
    __aeabi_uidiv                            0x080006c5   Thumb Code     0  uidiv.o(.text)
    __aeabi_uidivmod                         0x080006c5   Thumb Code    44  uidiv.o(.text)
    __aeabi_uldivmod                         0x080006f1   Thumb Code    98  uldiv.o(.text)
    __aeabi_llsr                             0x08000753   Thumb Code    32  llushr.o(.text)
    _ll_ushift_r                             0x08000753   Thumb Code     0  llushr.o(.text)
    __aeabi_lasr                             0x08000773   Thumb Code    36  llsshr.o(.text)
    _ll_sshift_r                             0x08000773   Thumb Code     0  llsshr.o(.text)
    __I$use$fp                               0x08000797   Thumb Code     0  iusefp.o(.text)
    _float_round                             0x08000797   Thumb Code    18  fepilogue.o(.text)
    _float_epilogue                          0x080007a9   Thumb Code    92  fepilogue.o(.text)
    _double_round                            0x08000805   Thumb Code    30  depilogue.o(.text)
    _double_epilogue                         0x08000823   Thumb Code   156  depilogue.o(.text)
    __aeabi_d2ulz                            0x080008bf   Thumb Code    48  dfixul.o(.text)
    __aeabi_cdrcmple                         0x080008f1   Thumb Code    48  cdrcmple.o(.text)
    __scatterload                            0x08000921   Thumb Code    28  init.o(.text)
    __scatterload_rt2                        0x08000921   Thumb Code     0  init.o(.text)
    __decompress                             0x08000945   Thumb Code     0  __dczerorl2.o(.text)
    __decompress1                            0x08000945   Thumb Code    86  __dczerorl2.o(.text)
    BSP_MotorControl_BusyInterruptHandler    0x0800099d   Thumb Code    22  x_nucleo_ihmxx.o(i.BSP_MotorControl_BusyInterruptHandler)
    BSP_MotorControl_ErrorHandler            0x080009b9   Thumb Code    16  x_nucleo_ihmxx.o(i.BSP_MotorControl_ErrorHandler)
    BSP_MotorControl_FlagInterruptHandler    0x080009cd   Thumb Code    20  x_nucleo_ihmxx.o(i.BSP_MotorControl_FlagInterruptHandler)
    BSP_MotorControl_Init                    0x080009e5   Thumb Code    22  x_nucleo_ihmxx.o(i.BSP_MotorControl_Init)
    BSP_MotorControl_SetNbDevices            0x08000a01   Thumb Code   154  x_nucleo_ihmxx.o(i.BSP_MotorControl_SetNbDevices)
    BSP_Motor_Control_Init                   0x08000aa1   Thumb Code   122  step01.o(i.BSP_Motor_Control_Init)
    BusFault_Handler                         0x08000b35   Thumb Code     2  stm32f1xx_it.o(i.BusFault_Handler)
    Check_Board_Define_Config                0x08000b39   Thumb Code    12  main.o(i.Check_Board_Define_Config)
    ConfigMotorAllDevice                     0x08000b79   Thumb Code   442  step01.o(i.ConfigMotorAllDevice)
    Config_BL80_Transfer                     0x08000d89   Thumb Code    26  bl180.o(i.Config_BL80_Transfer)
    Control_Scan_FM100_Beeper                0x08000da9   Thumb Code    28  fm100.o(i.Control_Scan_FM100_Beeper)
    DebugMon_Handler                         0x08000dc5   Thumb Code     2  stm32f1xx_it.o(i.DebugMon_Handler)
    EXTI15_10_IRQHandler                     0x08000dc7   Thumb Code     2  stm32f1xx_it.o(i.EXTI15_10_IRQHandler)
    EXTI2_IRQHandler                         0x08000dc9   Thumb Code     6  stm32f1xx_it.o(i.EXTI2_IRQHandler)
    EXTI3_IRQHandler                         0x08000dcf   Thumb Code     6  stm32f1xx_it.o(i.EXTI3_IRQHandler)
    EXTI9_5_IRQHandler                       0x08000dd5   Thumb Code    24  stm32f1xx_it.o(i.EXTI9_5_IRQHandler)
    End_BL180                                0x08000e05   Thumb Code   108  bl180.o(i.End_BL180)
    Exit_BL180_Uart_Config                   0x08000e89   Thumb Code     8  uart_config.o(i.Exit_BL180_Uart_Config)
    FM100_Scan_Close_Beeper                  0x08000e91   Thumb Code    64  fm100.o(i.FM100_Scan_Close_Beeper)
    FM100_Scan_Code_Programming              0x08000ee5   Thumb Code    34  fm100.o(i.FM100_Scan_Code_Programming)
    FM100_Scan_Command_Mode                  0x08000f25   Thumb Code   110  fm100.o(i.FM100_Scan_Command_Mode)
    FM100_Scan_Control_Status                0x08000fad   Thumb Code   134  fm100.o(i.FM100_Scan_Control_Status)
    FM100_Scan_Exit_Configuration_State      0x08001059   Thumb Code    96  fm100.o(i.FM100_Scan_Exit_Configuration_State)
    FM100_Scan_Goto_Command_Mode             0x080010c9   Thumb Code    18  fm100.o(i.FM100_Scan_Goto_Command_Mode)
    FM100_Scan_Into_Configuration_State      0x080010dd   Thumb Code    96  fm100.o(i.FM100_Scan_Into_Configuration_State)
    FM100_Scan_Open_Beeper                   0x0800114d   Thumb Code    64  fm100.o(i.FM100_Scan_Open_Beeper)
    GetUartReceive                           0x080011a1   Thumb Code    30  uart_choose.o(i.GetUartReceive)
    GetUartSend                              0x080011c9   Thumb Code    30  uart_choose.o(i.GetUartSend)
    HAL_Delay                                0x080011f1   Thumb Code    22  stm32f1xx_hal.o(i.HAL_Delay)
    HAL_GPIO_EXTI_Callback                   0x08001207   Thumb Code    18  stm32f1xx_hal_msp.o(i.HAL_GPIO_EXTI_Callback)
    HAL_GPIO_EXTI_IRQHandler                 0x08001219   Thumb Code    18  stm32f1xx_hal_gpio.o(i.HAL_GPIO_EXTI_IRQHandler)
    HAL_GPIO_Init                            0x08001231   Thumb Code   450  stm32f1xx_hal_gpio.o(i.HAL_GPIO_Init)
    HAL_GPIO_ReadPin                         0x0800141d   Thumb Code    10  stm32f1xx_hal_gpio.o(i.HAL_GPIO_ReadPin)
    HAL_GPIO_WritePin                        0x08001427   Thumb Code    10  stm32f1xx_hal_gpio.o(i.HAL_GPIO_WritePin)
    HAL_GetTick                              0x08001431   Thumb Code     6  stm32f1xx_hal.o(i.HAL_GetTick)
    HAL_IncTick                              0x0800143d   Thumb Code    10  stm32f1xx_hal.o(i.HAL_IncTick)
    HAL_Init                                 0x0800144d   Thumb Code    32  stm32f1xx_hal.o(i.HAL_Init)
    HAL_InitTick                             0x08001471   Thumb Code    34  stm32f1xx_hal.o(i.HAL_InitTick)
    HAL_MspInit                              0x08001493   Thumb Code     2  stm32f1xx_hal_msp.o(i.HAL_MspInit)
    HAL_NVIC_EnableIRQ                       0x08001495   Thumb Code    22  stm32f1xx_hal_cortex.o(i.HAL_NVIC_EnableIRQ)
    HAL_NVIC_SetPriority                     0x080014ad   Thumb Code    60  stm32f1xx_hal_cortex.o(i.HAL_NVIC_SetPriority)
    HAL_NVIC_SetPriorityGrouping             0x080014ed   Thumb Code    26  stm32f1xx_hal_cortex.o(i.HAL_NVIC_SetPriorityGrouping)
    HAL_RCC_ClockConfig                      0x08001511   Thumb Code   366  stm32f1xx_hal_rcc.o(i.HAL_RCC_ClockConfig)
    HAL_RCC_GetHCLKFreq                      0x08001691   Thumb Code     6  stm32f1xx_hal_rcc.o(i.HAL_RCC_GetHCLKFreq)
    HAL_RCC_GetPCLK1Freq                     0x0800169d   Thumb Code    34  stm32f1xx_hal_rcc.o(i.HAL_RCC_GetPCLK1Freq)
    HAL_RCC_GetPCLK2Freq                     0x080016cd   Thumb Code    34  stm32f1xx_hal_rcc.o(i.HAL_RCC_GetPCLK2Freq)
    HAL_RCC_GetSysClockFreq                  0x080016fd   Thumb Code   102  stm32f1xx_hal_rcc.o(i.HAL_RCC_GetSysClockFreq)
    HAL_RCC_OscConfig                        0x08001785   Thumb Code  1402  stm32f1xx_hal_rcc.o(i.HAL_RCC_OscConfig)
    HAL_SPI_Init                             0x08001d01   Thumb Code   132  stm32f1xx_hal_spi_ex.o(i.HAL_SPI_Init)
    HAL_SPI_MspInit                          0x08001d89   Thumb Code   228  stm32f1xx_hal_msp.o(i.HAL_SPI_MspInit)
    HAL_SPI_TransmitReceive                  0x08001e85   Thumb Code   690  stm32f1xx_hal_spi.o(i.HAL_SPI_TransmitReceive)
    HAL_SYSTICK_CLKSourceConfig              0x08002137   Thumb Code    24  stm32f1xx_hal_cortex.o(i.HAL_SYSTICK_CLKSourceConfig)
    HAL_SYSTICK_Config                       0x0800214f   Thumb Code    40  stm32f1xx_hal_cortex.o(i.HAL_SYSTICK_Config)
    HAL_TIM_Base_Init                        0x08002177   Thumb Code    54  stm32f1xx_hal_tim.o(i.HAL_TIM_Base_Init)
    HAL_TIM_Base_MspInit                     0x080021ad   Thumb Code     2  stm32f1xx_hal_tim.o(i.HAL_TIM_Base_MspInit)
    HAL_TIM_Base_Start_IT                    0x080021af   Thumb Code    24  stm32f1xx_hal_tim.o(i.HAL_TIM_Base_Start_IT)
    HAL_TIM_PWM_Start_IT                     0x080021c9   Thumb Code    98  stm32f1xx_hal_tim.o(i.HAL_TIM_PWM_Start_IT)
    HAL_TIM_PWM_Stop_IT                      0x08002235   Thumb Code   128  stm32f1xx_hal_tim.o(i.HAL_TIM_PWM_Stop_IT)
    HAL_UART_ErrorCallback                   0x080022bd   Thumb Code     2  stm32f1xx_hal_uart.o(i.HAL_UART_ErrorCallback)
    HAL_UART_GetState                        0x080022bf   Thumb Code     6  stm32f1xx_hal_uart.o(i.HAL_UART_GetState)
    HAL_UART_IRQHandler                      0x080022c5   Thumb Code   216  stm32f1xx_hal_uart.o(i.HAL_UART_IRQHandler)
    HAL_UART_Init                            0x0800239d   Thumb Code    94  stm32f1xx_hal_uart.o(i.HAL_UART_Init)
    HAL_UART_MspInit                         0x080023fd   Thumb Code   126  usart.o(i.HAL_UART_MspInit)
    HAL_UART_Receive                         0x08002489   Thumb Code   202  stm32f1xx_hal_uart.o(i.HAL_UART_Receive)
    HAL_UART_Receive_IT                      0x08002553   Thumb Code   104  stm32f1xx_hal_uart.o(i.HAL_UART_Receive_IT)
    HAL_UART_RxCpltCallback                  0x080025bd   Thumb Code    76  usart.o(i.HAL_UART_RxCpltCallback)
    HAL_UART_Transmit                        0x08002615   Thumb Code   200  stm32f1xx_hal_uart.o(i.HAL_UART_Transmit)
    HAL_UART_TxCpltCallback                  0x080026dd   Thumb Code     2  stm32f1xx_hal_uart.o(i.HAL_UART_TxCpltCallback)
    HardFault_Handler                        0x080026df   Thumb Code     2  stm32f1xx_it.o(i.HardFault_Handler)
    Init_BL180                               0x080026e1   Thumb Code    22  bl180.o(i.Init_BL180)
    Init_Board_Config                        0x080026f9   Thumb Code    70  main.o(i.Init_Board_Config)
    Init_Scan_FM100                          0x0800279d   Thumb Code    50  fm100.o(i.Init_Scan_FM100)
    L6206_GetMotorHandle                     0x080027d5   Thumb Code     4  x_nucleo_ihmxx.o(i.L6206_GetMotorHandle)
    L6208_GetMotorHandle                     0x080027d9   Thumb Code     4  x_nucleo_ihmxx.o(i.L6208_GetMotorHandle)
    L6474_GetMotorHandle                     0x080027dd   Thumb Code     4  x_nucleo_ihmxx.o(i.L6474_GetMotorHandle)
    Light_Sensor_Init                        0x080027e1   Thumb Code   196  light.o(i.Light_Sensor_Init)
    Liquid_Sensor_Init                       0x080028bd   Thumb Code    50  liquid_sensor.o(i.Liquid_Sensor_Init)
    Load_BL180_Uart_Config                   0x080028f9   Thumb Code     8  uart_config.o(i.Load_BL180_Uart_Config)
    MemManage_Handler                        0x08002901   Thumb Code     2  stm32f1xx_it.o(i.MemManage_Handler)
    NMI_Handler                              0x08002903   Thumb Code     2  stm32f1xx_it.o(i.NMI_Handler)
    Obtain_Barcode_String                    0x08002925   Thumb Code   196  fm100.o(i.Obtain_Barcode_String)
    PendSV_Handler                           0x08002a25   Thumb Code     2  stm32f1xx_it.o(i.PendSV_Handler)
    PowerStep_Select_Motor_Baby              0x08002a29   Thumb Code   136  x_nucleo_ihm03a1_stm32f1xx.o(i.PowerStep_Select_Motor_Baby)
    Powerstep01_AccDec_RegVal_to_Steps_s2    0x08002acd   Thumb Code    16  powerstep01.o(i.Powerstep01_AccDec_RegVal_to_Steps_s2)
    Powerstep01_AccDec_Steps_s2_to_RegVal    0x08002ae1   Thumb Code    24  powerstep01.o(i.Powerstep01_AccDec_Steps_s2_to_RegVal)
    Powerstep01_AttachBusyInterrupt          0x08002afd   Thumb Code     6  powerstep01.o(i.Powerstep01_AttachBusyInterrupt)
    Powerstep01_AttachErrorHandler           0x08002b09   Thumb Code     6  powerstep01.o(i.Powerstep01_AttachErrorHandler)
    Powerstep01_AttachFlagInterrupt          0x08002b15   Thumb Code     6  powerstep01.o(i.Powerstep01_AttachFlagInterrupt)
    Powerstep01_BEMFslope_Perc_to_RegVal     0x08002b21   Thumb Code    24  powerstep01.o(i.Powerstep01_BEMFslope_Perc_to_RegVal)
    Powerstep01_BEMFslope_RegVal_to_Perc     0x08002b3d   Thumb Code    16  powerstep01.o(i.Powerstep01_BEMFslope_RegVal_to_Perc)
    Powerstep01_Board_BUSY_PIN_GetState      0x08002b51   Thumb Code     8  x_nucleo_ihm03a1_stm32f1xx.o(i.Powerstep01_Board_BUSY_PIN_GetState)
    Powerstep01_Board_Delay                  0x08002b5d   Thumb Code     4  x_nucleo_ihm03a1_stm32f1xx.o(i.Powerstep01_Board_Delay)
    Powerstep01_Board_DisableIrq             0x08002b61   Thumb Code     4  x_nucleo_ihm03a1_stm32f1xx.o(i.Powerstep01_Board_DisableIrq)
    Powerstep01_Board_EnableIrq              0x08002b65   Thumb Code     4  x_nucleo_ihm03a1_stm32f1xx.o(i.Powerstep01_Board_EnableIrq)
    Powerstep01_Board_FLAG_PIN_GetState      0x08002b69   Thumb Code     8  x_nucleo_ihm03a1_stm32f1xx.o(i.Powerstep01_Board_FLAG_PIN_GetState)
    Powerstep01_Board_GpioInit               0x08002b75   Thumb Code   494  x_nucleo_ihm03a1_stm32f1xx.o(i.Powerstep01_Board_GpioInit)
    Powerstep01_Board_ReleaseReset           0x08002d81   Thumb Code    12  x_nucleo_ihm03a1_stm32f1xx.o(i.Powerstep01_Board_ReleaseReset)
    Powerstep01_Board_ReleaseReset_All       0x08002d91   Thumb Code    86  x_nucleo_ihm03a1_stm32f1xx.o(i.Powerstep01_Board_ReleaseReset_All)
    Powerstep01_Board_Reset                  0x08002df9   Thumb Code    12  x_nucleo_ihm03a1_stm32f1xx.o(i.Powerstep01_Board_Reset)
    Powerstep01_Board_Reset_All              0x08002e09   Thumb Code    80  x_nucleo_ihm03a1_stm32f1xx.o(i.Powerstep01_Board_Reset_All)
    Powerstep01_Board_SpiInit                0x08002e65   Thumb Code    50  x_nucleo_ihm03a1_stm32f1xx.o(i.Powerstep01_Board_SpiInit)
    Powerstep01_Board_SpiWriteBytes          0x08002ea1   Thumb Code    86  x_nucleo_ihm03a1_stm32f1xx.o(i.Powerstep01_Board_SpiWriteBytes)
    Powerstep01_Board_StartStepClock         0x08002f01   Thumb Code    42  x_nucleo_ihm03a1_stm32f1xx.o(i.Powerstep01_Board_StartStepClock)
    Powerstep01_Board_StopStepClock          0x08002f31   Thumb Code     8  x_nucleo_ihm03a1_stm32f1xx.o(i.Powerstep01_Board_StopStepClock)
    Powerstep01_BusyInterruptHandler         0x08002f3d   Thumb Code    22  powerstep01.o(i.Powerstep01_BusyInterruptHandler)
    Powerstep01_CheckBusyHw                  0x08002f59   Thumb Code    16  powerstep01.o(i.Powerstep01_CheckBusyHw)
    Powerstep01_CheckStatusHw                0x08002f69   Thumb Code    16  powerstep01.o(i.Powerstep01_CheckStatusHw)
    Powerstep01_CmdGetParam                  0x08002f79   Thumb Code   246  powerstep01.o(i.Powerstep01_CmdGetParam)
    Powerstep01_CmdGetStatus                 0x08003079   Thumb Code   146  powerstep01.o(i.Powerstep01_CmdGetStatus)
    Powerstep01_CmdGoHome                    0x08003115   Thumb Code     8  powerstep01.o(i.Powerstep01_CmdGoHome)
    Powerstep01_CmdGoMark                    0x0800311d   Thumb Code     8  powerstep01.o(i.Powerstep01_CmdGoMark)
    Powerstep01_CmdGoTo                      0x08003125   Thumb Code     8  powerstep01.o(i.Powerstep01_CmdGoTo)
    Powerstep01_CmdGoToDir                   0x0800312d   Thumb Code     8  powerstep01.o(i.Powerstep01_CmdGoToDir)
    Powerstep01_CmdGoUntil                   0x08003135   Thumb Code    12  powerstep01.o(i.Powerstep01_CmdGoUntil)
    Powerstep01_CmdHardHiZ                   0x08003141   Thumb Code     8  powerstep01.o(i.Powerstep01_CmdHardHiZ)
    Powerstep01_CmdHardStop                  0x08003149   Thumb Code     8  powerstep01.o(i.Powerstep01_CmdHardStop)
    Powerstep01_CmdMove                      0x08003151   Thumb Code     8  powerstep01.o(i.Powerstep01_CmdMove)
    Powerstep01_CmdNop                       0x08003159   Thumb Code     8  powerstep01.o(i.Powerstep01_CmdNop)
    Powerstep01_CmdReleaseSw                 0x08003161   Thumb Code    12  powerstep01.o(i.Powerstep01_CmdReleaseSw)
    Powerstep01_CmdResetDevice               0x0800316d   Thumb Code     8  powerstep01.o(i.Powerstep01_CmdResetDevice)
    Powerstep01_CmdResetPos                  0x08003175   Thumb Code     8  powerstep01.o(i.Powerstep01_CmdResetPos)
    Powerstep01_CmdRun                       0x0800317d   Thumb Code     8  powerstep01.o(i.Powerstep01_CmdRun)
    Powerstep01_CmdSetParam                  0x08003185   Thumb Code   230  powerstep01.o(i.Powerstep01_CmdSetParam)
    Powerstep01_CmdSoftHiZ                   0x08003275   Thumb Code     8  powerstep01.o(i.Powerstep01_CmdSoftHiZ)
    Powerstep01_CmdSoftStop                  0x0800327d   Thumb Code     8  powerstep01.o(i.Powerstep01_CmdSoftStop)
    Powerstep01_CmdStepClock                 0x08003285   Thumb Code    10  powerstep01.o(i.Powerstep01_CmdStepClock)
    Powerstep01_ConvertPosition              0x0800328f   Thumb Code    16  powerstep01.o(i.Powerstep01_ConvertPosition)
    Powerstep01_ErrorHandler                 0x080032a1   Thumb Code    10  powerstep01.o(i.Powerstep01_ErrorHandler)
    Powerstep01_FSSpd_RegVal_to_Steps_s      0x080032b1   Thumb Code    22  powerstep01.o(i.Powerstep01_FSSpd_RegVal_to_Steps_s)
    Powerstep01_FSSpd_Steps_s_to_RegVal      0x080032d1   Thumb Code    16  powerstep01.o(i.Powerstep01_FSSpd_Steps_s_to_RegVal)
    Powerstep01_FetchAndClearAllStatus       0x080032e5   Thumb Code    72  powerstep01.o(i.Powerstep01_FetchAndClearAllStatus)
    Powerstep01_FlagInterruptHandler         0x08003335   Thumb Code    22  powerstep01.o(i.Powerstep01_FlagInterruptHandler)
    Powerstep01_GetAnalogValue               0x08003351   Thumb Code   164  powerstep01.o(i.Powerstep01_GetAnalogValue)
    Powerstep01_GetFetchedStatus             0x080033f5   Thumb Code    34  powerstep01.o(i.Powerstep01_GetFetchedStatus)
    Powerstep01_GetFwVersion                 0x08003421   Thumb Code     4  powerstep01.o(i.Powerstep01_GetFwVersion)
    Powerstep01_GetMark                      0x08003429   Thumb Code    16  powerstep01.o(i.Powerstep01_GetMark)
    Powerstep01_GetMotorHandle               0x08003439   Thumb Code     4  powerstep01.o(i.Powerstep01_GetMotorHandle)
    Powerstep01_GetNbDevices                 0x08003441   Thumb Code     6  powerstep01.o(i.Powerstep01_GetNbDevices)
    Powerstep01_GetPosition                  0x0800344d   Thumb Code    16  powerstep01.o(i.Powerstep01_GetPosition)
    Powerstep01_Init                         0x0800345d   Thumb Code    28  powerstep01.o(i.Powerstep01_Init)
    Powerstep01_Init_Register                0x0800347d   Thumb Code    34  powerstep01.o(i.Powerstep01_Init_Register)
    Powerstep01_IntSpd_RegVal_to_Steps_s     0x080034a1   Thumb Code    16  powerstep01.o(i.Powerstep01_IntSpd_RegVal_to_Steps_s)
    Powerstep01_IntSpd_Steps_s_to_RegVal     0x080034b5   Thumb Code    24  powerstep01.o(i.Powerstep01_IntSpd_Steps_s_to_RegVal)
    Powerstep01_IsDeviceBusy                 0x080034d1   Thumb Code    18  powerstep01.o(i.Powerstep01_IsDeviceBusy)
    Powerstep01_KTherm_Comp_to_RegVal        0x080034e3   Thumb Code    32  powerstep01.o(i.Powerstep01_KTherm_Comp_to_RegVal)
    Powerstep01_KTherm_RegVal_to_Comp        0x08003503   Thumb Code    26  powerstep01.o(i.Powerstep01_KTherm_RegVal_to_Comp)
    Powerstep01_Kval_Perc_to_RegVal          0x0800351d   Thumb Code    24  powerstep01.o(i.Powerstep01_Kval_Perc_to_RegVal)
    Powerstep01_Kval_RegVal_to_Perc          0x08003539   Thumb Code    16  powerstep01.o(i.Powerstep01_Kval_RegVal_to_Perc)
    Powerstep01_MaxSpd_RegVal_to_Steps_s     0x0800354d   Thumb Code    16  powerstep01.o(i.Powerstep01_MaxSpd_RegVal_to_Steps_s)
    Powerstep01_MaxSpd_Steps_s_to_RegVal     0x08003561   Thumb Code    24  powerstep01.o(i.Powerstep01_MaxSpd_Steps_s_to_RegVal)
    Powerstep01_MinSpd_RegVal_to_Steps_s     0x0800357d   Thumb Code    16  powerstep01.o(i.Powerstep01_MinSpd_RegVal_to_Steps_s)
    Powerstep01_MinSpd_Steps_s_to_RegVal     0x08003591   Thumb Code    24  powerstep01.o(i.Powerstep01_MinSpd_Steps_s_to_RegVal)
    Powerstep01_QueueCommands                0x080035ad   Thumb Code    82  powerstep01.o(i.Powerstep01_QueueCommands)
    Powerstep01_ReadId                       0x08003609   Thumb Code     6  powerstep01.o(i.Powerstep01_ReadId)
    Powerstep01_ReadStatusRegister           0x08003615   Thumb Code    12  powerstep01.o(i.Powerstep01_ReadStatusRegister)
    Powerstep01_ReleaseReset                 0x08003621   Thumb Code     4  powerstep01.o(i.Powerstep01_ReleaseReset)
    Powerstep01_Reset                        0x08003625   Thumb Code     4  powerstep01.o(i.Powerstep01_Reset)
    Powerstep01_SelectStepMode               0x08003629   Thumb Code    92  powerstep01.o(i.Powerstep01_SelectStepMode)
    Powerstep01_SendCommand                  0x08003685   Thumb Code   198  powerstep01.o(i.Powerstep01_SendCommand)
    Powerstep01_SendQueuedCommands           0x08003755   Thumb Code    32  powerstep01.o(i.Powerstep01_SendQueuedCommands)
    Powerstep01_SetAnalogValue               0x08003779   Thumb Code   380  powerstep01.o(i.Powerstep01_SetAnalogValue)
    Powerstep01_SetDeviceParamsToGivenValues 0x08003919   Thumb Code   570  powerstep01.o(i.Powerstep01_SetDeviceParamsToGivenValues)
    Powerstep01_SetHome                      0x08003b53   Thumb Code    26  powerstep01.o(i.Powerstep01_SetHome)
    Powerstep01_SetMark                      0x08003b6d   Thumb Code     8  powerstep01.o(i.Powerstep01_SetMark)
    Powerstep01_SetNbDevices                 0x08003b75   Thumb Code    16  powerstep01.o(i.Powerstep01_SetNbDevices)
    Powerstep01_SetRegisterToPredefinedValues 0x08003b89   Thumb Code   384  powerstep01.o(i.Powerstep01_SetRegisterToPredefinedValues)
    Powerstep01_Speed_RegVal_to_Steps_s      0x08003d29   Thumb Code    16  powerstep01.o(i.Powerstep01_Speed_RegVal_to_Steps_s)
    Powerstep01_StallOcd_RegVal_to_Th        0x08003d3d   Thumb Code    18  powerstep01.o(i.Powerstep01_StallOcd_RegVal_to_Th)
    Powerstep01_StallOcd_Th_to_RegVal        0x08003d55   Thumb Code    30  powerstep01.o(i.Powerstep01_StallOcd_Th_to_RegVal)
    Powerstep01_StartStepClock               0x08003d7d   Thumb Code     4  powerstep01.o(i.Powerstep01_StartStepClock)
    Powerstep01_StopStepClock                0x08003d81   Thumb Code     4  powerstep01.o(i.Powerstep01_StopStepClock)
    Powerstep01_Tmin_RegVal_to_Time          0x08003d85   Thumb Code    20  powerstep01.o(i.Powerstep01_Tmin_RegVal_to_Time)
    Powerstep01_Tmin_Time_to_RegVal          0x08003d99   Thumb Code    32  powerstep01.o(i.Powerstep01_Tmin_Time_to_RegVal)
    Powerstep01_Tval_RefVoltage_to_RegVal    0x08003db9   Thumb Code    30  powerstep01.o(i.Powerstep01_Tval_RefVoltage_to_RegVal)
    Powerstep01_Tval_RegVal_to_RefVoltage    0x08003de1   Thumb Code    18  powerstep01.o(i.Powerstep01_Tval_RegVal_to_RefVoltage)
    Powerstep01_WaitForAllDevicesNotBusy     0x08003df9   Thumb Code    34  powerstep01.o(i.Powerstep01_WaitForAllDevicesNotBusy)
    Powerstep01_WaitWhileActive              0x08003e21   Thumb Code    16  powerstep01.o(i.Powerstep01_WaitWhileActive)
    Powerstep01_WriteBytes                   0x08003e31   Thumb Code    22  powerstep01.o(i.Powerstep01_WriteBytes)
    Real_Time_Polling_Init                   0x08003e4d   Thumb Code    18  real_time_polling.o(i.Real_Time_Polling_Init)
    SPI3_Init                                0x08003e69   Thumb Code    64  spi3.o(i.SPI3_Init)
    SPI3_SetSpeed                            0x08003eb1   Thumb Code    46  spi3.o(i.SPI3_SetSpeed)
    SVC_Handler                              0x08003f83   Thumb Code     2  stm32f1xx_it.o(i.SVC_Handler)
    ScanChooseHandle                         0x08003f85   Thumb Code    22  bl180.o(i.ScanChooseHandle)
    Scan_Bar_Action                          0x08003fa1   Thumb Code   136  bl180.o(i.Scan_Bar_Action)
    Start_BL180                              0x08004051   Thumb Code    60  bl180.o(i.Start_BL180)
    Start_Scan_FM100                         0x080040a1   Thumb Code    20  fm100.o(i.Start_Scan_FM100)
    Stm32_Clock_Init                         0x080040b5   Thumb Code    68  sys.o(i.Stm32_Clock_Init)
    Stop_Scan_FM100                          0x080040f9   Thumb Code    22  fm100.o(i.Stop_Scan_FM100)
    Stspin220_GetMotorHandle                 0x0800410f   Thumb Code     4  x_nucleo_ihmxx.o(i.Stspin220_GetMotorHandle)
    Stspin240_250_GetMotorHandle             0x08004113   Thumb Code     4  x_nucleo_ihmxx.o(i.Stspin240_250_GetMotorHandle)
    SysTick_Handler                          0x08004117   Thumb Code     4  stm32f1xx_it.o(i.SysTick_Handler)
    SystemInit                               0x0800411d   Thumb Code    56  system_stm32f1xx.o(i.SystemInit)
    TIM4_IRQHandler                          0x08004165   Thumb Code    44  usmart.o(i.TIM4_IRQHandler)
    TIM5_IRQHandler                          0x08004199   Thumb Code    34  timer.o(i.TIM5_IRQHandler)
    TIM_Base_SetConfig                       0x080041c1   Thumb Code   112  stm32f1xx_hal_tim.o(i.TIM_Base_SetConfig)
    TIM_CCxChannelCmd                        0x08004245   Thumb Code    22  stm32f1xx_hal_tim.o(i.TIM_CCxChannelCmd)
    Timer4_Init                              0x0800425d   Thumb Code    72  usmart.o(i.Timer4_Init)
    UART2_Init                               0x080042b1   Thumb Code   150  uart2.o(i.UART2_Init)
    UART2_Init_Check                         0x08004359   Thumb Code   152  uart2.o(i.UART2_Init_Check)
    UART2_Receive_Data                       0x08004401   Thumb Code    68  uart2.o(i.UART2_Receive_Data)
    UART2_Send_Data                          0x0800444d   Thumb Code    22  uart2.o(i.UART2_Send_Data)
    UART3_Receive_Data                       0x0800446d   Thumb Code    44  uart3.o(i.UART3_Receive_Data)
    UART3_Send_Data                          0x080044a1   Thumb Code    22  uart3.o(i.UART3_Send_Data)
    UART4_IRQHandler                         0x080044c1   Thumb Code    58  uart4.o(i.UART4_IRQHandler)
    UART4_Init                               0x08004505   Thumb Code   150  uart4.o(i.UART4_Init)
    UART5_IRQHandler                         0x080045ad   Thumb Code    58  uart5.o(i.UART5_IRQHandler)
    UART5_Init                               0x080045f1   Thumb Code   164  uart5.o(i.UART5_Init)
    USART1_IRQHandler                        0x080049b9   Thumb Code    34  usart.o(i.USART1_IRQHandler)
    USART2_IRQHandler                        0x080049e5   Thumb Code   182  uart2.o(i.USART2_IRQHandler)
    USART3_IRQHandler                        0x08004ab5   Thumb Code   204  uart3.o(i.USART3_IRQHandler)
    Uart2_Config_Init                        0x08004b89   Thumb Code    18  uart_config.o(i.Uart2_Config_Init)
    Uart_Select_Baby                         0x08004b9d   Thumb Code   186  uart_choose.o(i.Uart_Select_Baby)
    Uart_cs_init                             0x08004c65   Thumb Code    56  uart_choose.o(i.Uart_cs_init)
    UsageFault_Handler                       0x08004ca5   Thumb Code     2  stm32f1xx_it.o(i.UsageFault_Handler)
    Weight_Sensor_Init                       0x08004ca9   Thumb Code    74  weight.o(i.Weight_Sensor_Init)
    __0printf                                0x08004cfd   Thumb Code    22  printfa.o(i.__0printf)
    __1printf                                0x08004cfd   Thumb Code     0  printfa.o(i.__0printf)
    __2printf                                0x08004cfd   Thumb Code     0  printfa.o(i.__0printf)
    __c89printf                              0x08004cfd   Thumb Code     0  printfa.o(i.__0printf)
    printf                                   0x08004cfd   Thumb Code     0  printfa.o(i.__0printf)
    __scatterload_copy                       0x08004d1d   Thumb Code    14  handlers.o(i.__scatterload_copy)
    __scatterload_null                       0x08004d2b   Thumb Code     2  handlers.o(i.__scatterload_null)
    __scatterload_zeroinit                   0x08004d2d   Thumb Code    14  handlers.o(i.__scatterload_zeroinit)
    delay_init                               0x080055f1   Thumb Code    16  delay.o(i.delay_init)
    delay_ms                                 0x08005605   Thumb Code    26  delay.o(i.delay_ms)
    delay_us                                 0x08005621   Thumb Code    48  delay.o(i.delay_us)
    fputc                                    0x08005655   Thumb Code    18  usart.o(i.fputc)
    init_motor_device                        0x0800566d   Thumb Code    90  step01.o(i.init_motor_device)
    l647x_GetMotorHandle                     0x080056d1   Thumb Code     4  x_nucleo_ihmxx.o(i.l647x_GetMotorHandle)
    l648x_GetMotorHandle                     0x080056d5   Thumb Code     4  x_nucleo_ihmxx.o(i.l648x_GetMotorHandle)
    main                                     0x080056d9   Thumb Code   106  main.o(i.main)
    read_addr                                0x08005759   Thumb Code     4  usmart.o(i.read_addr)
    uart_init                                0x0800575d   Thumb Code    44  usart.o(i.uart_init)
    usmart_cmd_rec                           0x08005795   Thumb Code   144  usmart.o(i.usmart_cmd_rec)
    usmart_exe                               0x08005829   Thumb Code   510  usmart.o(i.usmart_exe)
    usmart_get_aparm                         0x08005a89   Thumb Code   164  usmart_str.o(i.usmart_get_aparm)
    usmart_get_cmdname                       0x08005b2d   Thumb Code    46  usmart_str.o(i.usmart_get_cmdname)
    usmart_get_fname                         0x08005b5d   Thumb Code   352  usmart_str.o(i.usmart_get_fname)
    usmart_get_fparam                        0x08005cc5   Thumb Code   202  usmart_str.o(i.usmart_get_fparam)
    usmart_get_parmpos                       0x08005d95   Thumb Code    30  usmart_str.o(i.usmart_get_parmpos)
    usmart_get_runtime                       0x08005db9   Thumb Code    38  usmart.o(i.usmart_get_runtime)
    usmart_init                              0x08005de9   Thumb Code    36  usmart.o(i.usmart_init)
    usmart_pow                               0x08005e11   Thumb Code    16  usmart_str.o(i.usmart_pow)
    usmart_reset_runtime                     0x08005e21   Thumb Code    32  usmart.o(i.usmart_reset_runtime)
    usmart_scan                              0x08005e49   Thumb Code    94  usmart.o(i.usmart_scan)
    usmart_search_nextc                      0x08005eed   Thumb Code    16  usmart_str.o(i.usmart_search_nextc)
    usmart_str2num                           0x08005efd   Thumb Code   214  usmart_str.o(i.usmart_str2num)
    usmart_strcmp                            0x08005fd3   Thumb Code    24  usmart_str.o(i.usmart_strcmp)
    usmart_strcopy                           0x08005feb   Thumb Code    18  usmart_str.o(i.usmart_strcopy)
    usmart_strlen                            0x08005ffd   Thumb Code    18  usmart_str.o(i.usmart_strlen)
    usmart_sys_cmd_exe                       0x08006011   Thumb Code  1458  usmart.o(i.usmart_sys_cmd_exe)
    write_addr                               0x08006691   Thumb Code     4  usmart.o(i.write_addr)
    AHBPrescTable                            0x08006694   Data          16  system_stm32f1xx.o(.constdata)
    APBPrescTable                            0x080066a4   Data           8  system_stm32f1xx.o(.constdata)
    Region$$Table$$Base                      0x08006740   Number         0  anon$$obj.o(Region$$Table)
    Region$$Table$$Limit                     0x08006760   Number         0  anon$$obj.o(Region$$Table)
    SystemCoreClock                          0x20000000   Data           4  system_stm32f1xx.o(.data)
    uCRCErrorWorkaroundCheck                 0x20000008   Data           1  stm32f1xx_hal_spi_ex.o(.data)
    aRxBuffer                                0x20000010   Data           1  usart.o(.data)
    USART_RX_STA                             0x20000012   Data           2  usart.o(.data)
    __stdout                                 0x20000014   Data           4  usart.o(.data)
    busyInterruptCallback                    0x20000020   Data           4  powerstep01.o(.data)
    flagInterruptCallback                    0x20000024   Data           4  powerstep01.o(.data)
    errorHandlerCallback                     0x20000028   Data           4  powerstep01.o(.data)
    powerstep01Drv                           0x2000002c   Data         356  powerstep01.o(.data)
    BSP_MOTOR_CONTROL_BOARD_CS_PIN           0x20000190   Data           2  x_nucleo_ihm03a1_stm32f1xx.o(.data)
    BSP_MOTOR_CONTROL_BOARD_STBY_RESET_PIN   0x20000192   Data           2  x_nucleo_ihm03a1_stm32f1xx.o(.data)
    BSP_MOTOR_CONTROL_BOARD_CS_PORT          0x20000194   Data           4  x_nucleo_ihm03a1_stm32f1xx.o(.data)
    BSP_MOTOR_CONTROL_BOARD_STBY_RESET_PORT  0x20000198   Data           4  x_nucleo_ihm03a1_stm32f1xx.o(.data)
    FLAG_RECEIVE_ACK_PUMP100                 0x200001a4   Data           1  uart3.o(.data)
    FLAG_RECEIVE_ANSOWER_PUMP100             0x200001a5   Data           1  uart3.o(.data)
    FLAG_RECEIVE_RFID                        0x200001a6   Data           1  uart3.o(.data)
    FLAG_UART_FM100                          0x200001a7   Data           1  uart3.o(.data)
    FLAG_UART_FM100_INTO                     0x200001a8   Data           1  uart3.o(.data)
    FLAG_UART_FM100_EXIT                     0x200001a9   Data           1  uart3.o(.data)
    FLAG_UART_FM100_ACK                      0x200001aa   Data           1  uart3.o(.data)
    UART3_RX_CNT                             0x200001ac   Data           4  uart3.o(.data)
    init_current                             0x200001b0   Data         100  step01.o(.data)
    init_voltage                             0x20000214   Data         100  step01.o(.data)
    ARM_RS232_ASK                            0x20000278   Data           1  uart4.o(.data)
    UART4_RX_CNT                             0x2000027c   Data           4  uart4.o(.data)
    FLAG_UART_BL180_ACK                      0x20000280   Data           1  uart2.o(.data)
    FLAG_RECEIVE_ANSOWER_BL180               0x20000281   Data           1  uart2.o(.data)
    USART2_RX_CNT                            0x20000284   Data           4  uart2.o(.data)
    FM100_Read                               0x20000294   Data           4  fm100.o(.data)
    FM100_Write                              0x20000298   Data           4  fm100.o(.data)
    BL180_Read                               0x2000029c   Data           4  bl180.o(.data)
    BL180_Write                              0x200002a0   Data           4  bl180.o(.data)
    ScanHandle                               0x200002a4   Data           4  bl180.o(.data)
    bl180                                    0x200002a8   Data           8  bl180.o(.data)
    fm100                                    0x200002b0   Data           8  bl180.o(.data)
    UART5_RX_CNT                             0x200002b8   Data           4  uart5.o(.data)
    MINI_RS232_ASK                           0x200002bc   Data           4  uart5.o(.data)
    POLLING_press                            0x200002c0   Data           4  real_time_polling.o(.data)
    sys_cmd_tab                              0x200002c4   Data          28  usmart.o(.data)
    usmart_nametab                           0x200002e0   Data          32  usmart_config.o(.data)
    usmart_dev                               0x20000300   Data         244  usmart_config.o(.data)
    USART_RX_BUF                             0x200003f4   Data         200  usart.o(.bss)
    UART1_Handler                            0x200004bc   Data          64  usart.o(.bss)
    MotorBaby                                0x20000514   Data          16  x_nucleo_ihm03a1_stm32f1xx.o(.bss)
    hTimStepClock                            0x2000057c   Data          60  x_nucleo_ihm03a1_stm32f1xx.o(.bss)
    USART3_Handler                           0x200005b8   Data          64  uart3.o(.bss)
    UART3_RX_BUF                             0x200005f8   Data         260  uart3.o(.bss)
    TIM3_Handler                             0x200006fc   Data          60  timer.o(.bss)
    TIM5_Handler                             0x20000738   Data          60  timer.o(.bss)
    TIM3_CH4Handler                          0x20000774   Data          28  timer.o(.bss)
    motor_config_array                       0x20000790   Data        1500  step01.o(.bss)
    TempMotor                                0x20000d6c   Data          28  step01.o(.bss)
    UART4_Handler                            0x20000d88   Data          64  uart4.o(.bss)
    UART4_RX_BUF                             0x20000dc8   Data         128  uart4.o(.bss)
    USART2_Handler                           0x20000e48   Data          64  uart2.o(.bss)
    USART2_RX_BUF                            0x20000e88   Data         260  uart2.o(.bss)
    SPI3_Handler                             0x20000fac   Data          88  spi3.o(.bss)
    UART5_Handler                            0x20001004   Data          64  uart5.o(.bss)
    UART5_RX_BUF                             0x20001044   Data         128  uart5.o(.bss)
    POLLING_data                             0x200010c4   Data          24  real_time_polling.o(.bss)
    TIM4_Handler                             0x200010dc   Data          60  usmart.o(.bss)
    __initial_sp                             0x20001518   Data           0  startup_stm32f103xe.o(STACK)



==============================================================================

Memory Map of the image

  Image Entry point : 0x08000131

  Load Region LR_IROM1 (Base: 0x08000000, Size: 0x00006b54, Max: 0x00080000, ABSOLUTE, COMPRESSED[0x000068d0])

    Execution Region ER_IROM1 (Base: 0x08000000, Size: 0x00006760, Max: 0x00080000, ABSOLUTE)

    Base Addr    Size         Type   Attr      Idx    E Section Name        Object

    0x08000000   0x00000130   Data   RO          717    RESET               startup_stm32f103xe.o
    0x08000130   0x00000000   Code   RO        10177  * .ARM.Collect$$$$00000000  mc_w.l(entry.o)
    0x08000130   0x00000004   Code   RO        10529    .ARM.Collect$$$$00000001  mc_w.l(entry2.o)
    0x08000134   0x00000004   Code   RO        10532    .ARM.Collect$$$$00000004  mc_w.l(entry5.o)
    0x08000138   0x00000000   Code   RO        10534    .ARM.Collect$$$$00000008  mc_w.l(entry7b.o)
    0x08000138   0x00000000   Code   RO        10536    .ARM.Collect$$$$0000000A  mc_w.l(entry8b.o)
    0x08000138   0x00000008   Code   RO        10537    .ARM.Collect$$$$0000000B  mc_w.l(entry9a.o)
    0x08000140   0x00000000   Code   RO        10539    .ARM.Collect$$$$0000000D  mc_w.l(entry10a.o)
    0x08000140   0x00000000   Code   RO        10541    .ARM.Collect$$$$0000000F  mc_w.l(entry11a.o)
    0x08000140   0x00000004   Code   RO        10530    .ARM.Collect$$$$00002712  mc_w.l(entry2.o)
    0x08000144   0x00000024   Code   RO          718    .text               startup_stm32f103xe.o
    0x08000168   0x0000001e   Code   RO        10180    .text               mc_w.l(llshl.o)
    0x08000186   0x00000040   Code   RO        10184    .text               mc_w.l(memmovea.o)
    0x080001c6   0x00000024   Code   RO        10186    .text               mc_w.l(memseta.o)
    0x080001ea   0x0000001e   Code   RO        10196    .text               mc_w.l(strncmp.o)
    0x08000208   0x000000b0   Code   RO        10497    .text               mf_w.l(fadd.o)
    0x080002b8   0x00000064   Code   RO        10499    .text               mf_w.l(fmul.o)
    0x0800031c   0x00000018   Code   RO        10501    .text               mf_w.l(fscalb.o)
    0x08000334   0x0000014e   Code   RO        10503    .text               mf_w.l(dadd.o)
    0x08000482   0x000000e4   Code   RO        10505    .text               mf_w.l(dmul.o)
    0x08000566   0x000000de   Code   RO        10507    .text               mf_w.l(ddiv.o)
    0x08000644   0x00000012   Code   RO        10509    .text               mf_w.l(fflti.o)
    0x08000656   0x0000000a   Code   RO        10511    .text               mf_w.l(ffltui.o)
    0x08000660   0x00000028   Code   RO        10519    .text               mf_w.l(ffixui.o)
    0x08000688   0x00000026   Code   RO        10523    .text               mf_w.l(f2d.o)
    0x080006ae   0x00000002   PAD
    0x080006b0   0x00000014   Code   RO        10527    .text               mf_w.l(cfrcmple.o)
    0x080006c4   0x0000002c   Code   RO        10543    .text               mc_w.l(uidiv.o)
    0x080006f0   0x00000062   Code   RO        10545    .text               mc_w.l(uldiv.o)
    0x08000752   0x00000020   Code   RO        10547    .text               mc_w.l(llushr.o)
    0x08000772   0x00000024   Code   RO        10549    .text               mc_w.l(llsshr.o)
    0x08000796   0x00000000   Code   RO        10553    .text               mc_w.l(iusefp.o)
    0x08000796   0x0000006e   Code   RO        10554    .text               mf_w.l(fepilogue.o)
    0x08000804   0x000000ba   Code   RO        10556    .text               mf_w.l(depilogue.o)
    0x080008be   0x00000030   Code   RO        10558    .text               mf_w.l(dfixul.o)
    0x080008ee   0x00000002   PAD
    0x080008f0   0x00000030   Code   RO        10560    .text               mf_w.l(cdrcmple.o)
    0x08000920   0x00000024   Code   RO        10562    .text               mc_w.l(init.o)
    0x08000944   0x00000056   Code   RO        10572    .text               mc_w.l(__dczerorl2.o)
    0x0800099a   0x00000002   PAD
    0x0800099c   0x0000001c   Code   RO         4872    i.BSP_MotorControl_BusyInterruptHandler  x_nucleo_ihmxx.o
    0x080009b8   0x00000014   Code   RO         4891    i.BSP_MotorControl_ErrorHandler  x_nucleo_ihmxx.o
    0x080009cc   0x00000018   Code   RO         4894    i.BSP_MotorControl_FlagInterruptHandler  x_nucleo_ihmxx.o
    0x080009e4   0x0000001c   Code   RO         4923    i.BSP_MotorControl_Init  x_nucleo_ihmxx.o
    0x08000a00   0x000000a0   Code   RO         4945    i.BSP_MotorControl_SetNbDevices  x_nucleo_ihmxx.o
    0x08000aa0   0x00000094   Code   RO         6123    i.BSP_Motor_Control_Init  step01.o
    0x08000b34   0x00000002   Code   RO          449    i.BusFault_Handler  stm32f1xx_it.o
    0x08000b36   0x00000002   PAD
    0x08000b38   0x00000040   Code   RO            4    i.Check_Board_Define_Config  main.o
    0x08000b78   0x00000210   Code   RO         6125    i.ConfigMotorAllDevice  step01.o
    0x08000d88   0x00000020   Code   RO         7408    i.Config_BL80_Transfer  bl180.o
    0x08000da8   0x0000001c   Code   RO         7138    i.Control_Scan_FM100_Beeper  fm100.o
    0x08000dc4   0x00000002   Code   RO          450    i.DebugMon_Handler  stm32f1xx_it.o
    0x08000dc6   0x00000002   Code   RO          451    i.EXTI15_10_IRQHandler  stm32f1xx_it.o
    0x08000dc8   0x00000006   Code   RO          452    i.EXTI2_IRQHandler  stm32f1xx_it.o
    0x08000dce   0x00000006   Code   RO          453    i.EXTI3_IRQHandler  stm32f1xx_it.o
    0x08000dd4   0x00000030   Code   RO          454    i.EXTI9_5_IRQHandler  stm32f1xx_it.o
    0x08000e04   0x00000084   Code   RO         7409    i.End_BL180         bl180.o
    0x08000e88   0x00000008   Code   RO         9703    i.Exit_BL180_Uart_Config  uart_config.o
    0x08000e90   0x00000054   Code   RO         7139    i.FM100_Scan_Close_Beeper  fm100.o
    0x08000ee4   0x00000040   Code   RO         7140    i.FM100_Scan_Code_Programming  fm100.o
    0x08000f24   0x00000088   Code   RO         7141    i.FM100_Scan_Command_Mode  fm100.o
    0x08000fac   0x000000ac   Code   RO         7145    i.FM100_Scan_Control_Status  fm100.o
    0x08001058   0x00000070   Code   RO         7146    i.FM100_Scan_Exit_Configuration_State  fm100.o
    0x080010c8   0x00000012   Code   RO         7147    i.FM100_Scan_Goto_Command_Mode  fm100.o
    0x080010da   0x00000002   PAD
    0x080010dc   0x00000070   Code   RO         7148    i.FM100_Scan_Into_Configuration_State  fm100.o
    0x0800114c   0x00000054   Code   RO         7149    i.FM100_Scan_Open_Beeper  fm100.o
    0x080011a0   0x00000028   Code   RO         6602    i.GetUartReceive    uart_choose.o
    0x080011c8   0x00000028   Code   RO         6603    i.GetUartSend       uart_choose.o
    0x080011f0   0x00000016   Code   RO          732    i.HAL_Delay         stm32f1xx_hal.o
    0x08001206   0x00000012   Code   RO          670    i.HAL_GPIO_EXTI_Callback  stm32f1xx_hal_msp.o
    0x08001218   0x00000018   Code   RO          978    i.HAL_GPIO_EXTI_IRQHandler  stm32f1xx_hal_gpio.o
    0x08001230   0x000001ec   Code   RO          979    i.HAL_GPIO_Init     stm32f1xx_hal_gpio.o
    0x0800141c   0x0000000a   Code   RO          981    i.HAL_GPIO_ReadPin  stm32f1xx_hal_gpio.o
    0x08001426   0x0000000a   Code   RO          983    i.HAL_GPIO_WritePin  stm32f1xx_hal_gpio.o
    0x08001430   0x0000000c   Code   RO          736    i.HAL_GetTick       stm32f1xx_hal.o
    0x0800143c   0x00000010   Code   RO          737    i.HAL_IncTick       stm32f1xx_hal.o
    0x0800144c   0x00000024   Code   RO          738    i.HAL_Init          stm32f1xx_hal.o
    0x08001470   0x00000022   Code   RO          739    i.HAL_InitTick      stm32f1xx_hal.o
    0x08001492   0x00000002   Code   RO          672    i.HAL_MspInit       stm32f1xx_hal_msp.o
    0x08001494   0x00000016   Code   RO          861    i.HAL_NVIC_EnableIRQ  stm32f1xx_hal_cortex.o
    0x080014aa   0x00000002   PAD
    0x080014ac   0x00000040   Code   RO          867    i.HAL_NVIC_SetPriority  stm32f1xx_hal_cortex.o
    0x080014ec   0x00000024   Code   RO          868    i.HAL_NVIC_SetPriorityGrouping  stm32f1xx_hal_cortex.o
    0x08001510   0x00000180   Code   RO         1204    i.HAL_RCC_ClockConfig  stm32f1xx_hal_rcc.o
    0x08001690   0x0000000c   Code   RO         1209    i.HAL_RCC_GetHCLKFreq  stm32f1xx_hal_rcc.o
    0x0800169c   0x00000030   Code   RO         1211    i.HAL_RCC_GetPCLK1Freq  stm32f1xx_hal_rcc.o
    0x080016cc   0x00000030   Code   RO         1212    i.HAL_RCC_GetPCLK2Freq  stm32f1xx_hal_rcc.o
    0x080016fc   0x00000088   Code   RO         1213    i.HAL_RCC_GetSysClockFreq  stm32f1xx_hal_rcc.o
    0x08001784   0x0000057a   Code   RO         1216    i.HAL_RCC_OscConfig  stm32f1xx_hal_rcc.o
    0x08001cfe   0x00000002   PAD
    0x08001d00   0x00000088   Code   RO         3714    i.HAL_SPI_Init      stm32f1xx_hal_spi_ex.o
    0x08001d88   0x000000fc   Code   RO          674    i.HAL_SPI_MspInit   stm32f1xx_hal_msp.o
    0x08001e84   0x000002b2   Code   RO         3486    i.HAL_SPI_TransmitReceive  stm32f1xx_hal_spi.o
    0x08002136   0x00000018   Code   RO          870    i.HAL_SYSTICK_CLKSourceConfig  stm32f1xx_hal_cortex.o
    0x0800214e   0x00000028   Code   RO          872    i.HAL_SYSTICK_Config  stm32f1xx_hal_cortex.o
    0x08002176   0x00000036   Code   RO         1875    i.HAL_TIM_Base_Init  stm32f1xx_hal_tim.o
    0x080021ac   0x00000002   Code   RO         1877    i.HAL_TIM_Base_MspInit  stm32f1xx_hal_tim.o
    0x080021ae   0x00000018   Code   RO         1880    i.HAL_TIM_Base_Start_IT  stm32f1xx_hal_tim.o
    0x080021c6   0x00000002   PAD
    0x080021c8   0x0000006c   Code   RO         1950    i.HAL_TIM_PWM_Start_IT  stm32f1xx_hal_tim.o
    0x08002234   0x00000088   Code   RO         1953    i.HAL_TIM_PWM_Stop_IT  stm32f1xx_hal_tim.o
    0x080022bc   0x00000002   Code   RO         1353    i.HAL_UART_ErrorCallback  stm32f1xx_hal_uart.o
    0x080022be   0x00000006   Code   RO         1355    i.HAL_UART_GetState  stm32f1xx_hal_uart.o
    0x080022c4   0x000000d8   Code   RO         1356    i.HAL_UART_IRQHandler  stm32f1xx_hal_uart.o
    0x0800239c   0x0000005e   Code   RO         1357    i.HAL_UART_Init     stm32f1xx_hal_uart.o
    0x080023fa   0x00000002   PAD
    0x080023fc   0x0000008c   Code   RO         3879    i.HAL_UART_MspInit  usart.o
    0x08002488   0x000000ca   Code   RO         1360    i.HAL_UART_Receive  stm32f1xx_hal_uart.o
    0x08002552   0x00000068   Code   RO         1362    i.HAL_UART_Receive_IT  stm32f1xx_hal_uart.o
    0x080025ba   0x00000002   PAD
    0x080025bc   0x00000058   Code   RO         3880    i.HAL_UART_RxCpltCallback  usart.o
    0x08002614   0x000000c8   Code   RO         1365    i.HAL_UART_Transmit  stm32f1xx_hal_uart.o
    0x080026dc   0x00000002   Code   RO         1368    i.HAL_UART_TxCpltCallback  stm32f1xx_hal_uart.o
    0x080026de   0x00000002   Code   RO          455    i.HardFault_Handler  stm32f1xx_it.o
    0x080026e0   0x00000016   Code   RO         7415    i.Init_BL180        bl180.o
    0x080026f6   0x00000002   PAD
    0x080026f8   0x000000a4   Code   RO            5    i.Init_Board_Config  main.o
    0x0800279c   0x00000038   Code   RO         7155    i.Init_Scan_FM100   fm100.o
    0x080027d4   0x00000004   Code   RO         4958    i.L6206_GetMotorHandle  x_nucleo_ihmxx.o
    0x080027d8   0x00000004   Code   RO         4959    i.L6208_GetMotorHandle  x_nucleo_ihmxx.o
    0x080027dc   0x00000004   Code   RO         4960    i.L6474_GetMotorHandle  x_nucleo_ihmxx.o
    0x080027e0   0x000000dc   Code   RO         5513    i.Light_Sensor_Init  light.o
    0x080028bc   0x0000003c   Code   RO         7378    i.Liquid_Sensor_Init  liquid_sensor.o
    0x080028f8   0x00000008   Code   RO         9705    i.Load_BL180_Uart_Config  uart_config.o
    0x08002900   0x00000002   Code   RO          456    i.MemManage_Handler  stm32f1xx_it.o
    0x08002902   0x00000002   Code   RO          457    i.NMI_Handler       stm32f1xx_it.o
    0x08002904   0x00000020   Code   RO          874    i.NVIC_SetPriority  stm32f1xx_hal_cortex.o
    0x08002924   0x00000100   Code   RO         7156    i.Obtain_Barcode_String  fm100.o
    0x08002a24   0x00000002   Code   RO          458    i.PendSV_Handler    stm32f1xx_it.o
    0x08002a26   0x00000002   PAD
    0x08002a28   0x000000a4   Code   RO         4751    i.PowerStep_Select_Motor_Baby  x_nucleo_ihm03a1_stm32f1xx.o
    0x08002acc   0x00000014   Code   RO         4490    i.Powerstep01_AccDec_RegVal_to_Steps_s2  powerstep01.o
    0x08002ae0   0x0000001c   Code   RO         4425    i.Powerstep01_AccDec_Steps_s2_to_RegVal  powerstep01.o
    0x08002afc   0x0000000c   Code   RO         4021    i.Powerstep01_AttachBusyInterrupt  powerstep01.o
    0x08002b08   0x0000000c   Code   RO         4022    i.Powerstep01_AttachErrorHandler  powerstep01.o
    0x08002b14   0x0000000c   Code   RO         4023    i.Powerstep01_AttachFlagInterrupt  powerstep01.o
    0x08002b20   0x0000001c   Code   RO         4390    i.Powerstep01_BEMFslope_Perc_to_RegVal  powerstep01.o
    0x08002b3c   0x00000014   Code   RO         4440    i.Powerstep01_BEMFslope_RegVal_to_Perc  powerstep01.o
    0x08002b50   0x0000000c   Code   RO         4752    i.Powerstep01_Board_BUSY_PIN_GetState  x_nucleo_ihm03a1_stm32f1xx.o
    0x08002b5c   0x00000004   Code   RO         4753    i.Powerstep01_Board_Delay  x_nucleo_ihm03a1_stm32f1xx.o
    0x08002b60   0x00000004   Code   RO         4754    i.Powerstep01_Board_DisableIrq  x_nucleo_ihm03a1_stm32f1xx.o
    0x08002b64   0x00000004   Code   RO         4755    i.Powerstep01_Board_EnableIrq  x_nucleo_ihm03a1_stm32f1xx.o
    0x08002b68   0x0000000c   Code   RO         4756    i.Powerstep01_Board_FLAG_PIN_GetState  x_nucleo_ihm03a1_stm32f1xx.o
    0x08002b74   0x0000020c   Code   RO         4757    i.Powerstep01_Board_GpioInit  x_nucleo_ihm03a1_stm32f1xx.o
    0x08002d80   0x00000010   Code   RO         4758    i.Powerstep01_Board_ReleaseReset  x_nucleo_ihm03a1_stm32f1xx.o
    0x08002d90   0x00000068   Code   RO         4759    i.Powerstep01_Board_ReleaseReset_All  x_nucleo_ihm03a1_stm32f1xx.o
    0x08002df8   0x00000010   Code   RO         4760    i.Powerstep01_Board_Reset  x_nucleo_ihm03a1_stm32f1xx.o
    0x08002e08   0x0000005c   Code   RO         4761    i.Powerstep01_Board_Reset_All  x_nucleo_ihm03a1_stm32f1xx.o
    0x08002e64   0x0000003c   Code   RO         4762    i.Powerstep01_Board_SpiInit  x_nucleo_ihm03a1_stm32f1xx.o
    0x08002ea0   0x00000060   Code   RO         4763    i.Powerstep01_Board_SpiWriteBytes  x_nucleo_ihm03a1_stm32f1xx.o
    0x08002f00   0x00000030   Code   RO         4764    i.Powerstep01_Board_StartStepClock  x_nucleo_ihm03a1_stm32f1xx.o
    0x08002f30   0x0000000c   Code   RO         4766    i.Powerstep01_Board_StopStepClock  x_nucleo_ihm03a1_stm32f1xx.o
    0x08002f3c   0x0000001c   Code   RO         4024    i.Powerstep01_BusyInterruptHandler  powerstep01.o
    0x08002f58   0x00000010   Code   RO         4025    i.Powerstep01_CheckBusyHw  powerstep01.o
    0x08002f68   0x00000010   Code   RO         4026    i.Powerstep01_CheckStatusHw  powerstep01.o
    0x08002f78   0x00000100   Code   RO         4027    i.Powerstep01_CmdGetParam  powerstep01.o
    0x08003078   0x0000009c   Code   RO         4028    i.Powerstep01_CmdGetStatus  powerstep01.o
    0x08003114   0x00000008   Code   RO         4029    i.Powerstep01_CmdGoHome  powerstep01.o
    0x0800311c   0x00000008   Code   RO         4030    i.Powerstep01_CmdGoMark  powerstep01.o
    0x08003124   0x00000008   Code   RO         4031    i.Powerstep01_CmdGoTo  powerstep01.o
    0x0800312c   0x00000008   Code   RO         4032    i.Powerstep01_CmdGoToDir  powerstep01.o
    0x08003134   0x0000000c   Code   RO         4033    i.Powerstep01_CmdGoUntil  powerstep01.o
    0x08003140   0x00000008   Code   RO         4034    i.Powerstep01_CmdHardHiZ  powerstep01.o
    0x08003148   0x00000008   Code   RO         4035    i.Powerstep01_CmdHardStop  powerstep01.o
    0x08003150   0x00000008   Code   RO         4036    i.Powerstep01_CmdMove  powerstep01.o
    0x08003158   0x00000008   Code   RO         4037    i.Powerstep01_CmdNop  powerstep01.o
    0x08003160   0x0000000c   Code   RO         4038    i.Powerstep01_CmdReleaseSw  powerstep01.o
    0x0800316c   0x00000008   Code   RO         4039    i.Powerstep01_CmdResetDevice  powerstep01.o
    0x08003174   0x00000008   Code   RO         4040    i.Powerstep01_CmdResetPos  powerstep01.o
    0x0800317c   0x00000008   Code   RO         4041    i.Powerstep01_CmdRun  powerstep01.o
    0x08003184   0x000000f0   Code   RO         4042    i.Powerstep01_CmdSetParam  powerstep01.o
    0x08003274   0x00000008   Code   RO         4043    i.Powerstep01_CmdSoftHiZ  powerstep01.o
    0x0800327c   0x00000008   Code   RO         4044    i.Powerstep01_CmdSoftStop  powerstep01.o
    0x08003284   0x0000000a   Code   RO         4045    i.Powerstep01_CmdStepClock  powerstep01.o
    0x0800328e   0x00000010   Code   RO         4046    i.Powerstep01_ConvertPosition  powerstep01.o
    0x0800329e   0x00000002   PAD
    0x080032a0   0x00000010   Code   RO         4047    i.Powerstep01_ErrorHandler  powerstep01.o
    0x080032b0   0x00000020   Code   RO         4470    i.Powerstep01_FSSpd_RegVal_to_Steps_s  powerstep01.o
    0x080032d0   0x00000014   Code   RO         4415    i.Powerstep01_FSSpd_Steps_s_to_RegVal  powerstep01.o
    0x080032e4   0x00000050   Code   RO         4048    i.Powerstep01_FetchAndClearAllStatus  powerstep01.o
    0x08003334   0x0000001c   Code   RO         4049    i.Powerstep01_FlagInterruptHandler  powerstep01.o
    0x08003350   0x000000a4   Code   RO         4050    i.Powerstep01_GetAnalogValue  powerstep01.o
    0x080033f4   0x0000002c   Code   RO         4051    i.Powerstep01_GetFetchedStatus  powerstep01.o
    0x08003420   0x00000008   Code   RO         4052    i.Powerstep01_GetFwVersion  powerstep01.o
    0x08003428   0x00000010   Code   RO         4053    i.Powerstep01_GetMark  powerstep01.o
    0x08003438   0x00000008   Code   RO         4054    i.Powerstep01_GetMotorHandle  powerstep01.o
    0x08003440   0x0000000c   Code   RO         4055    i.Powerstep01_GetNbDevices  powerstep01.o
    0x0800344c   0x00000010   Code   RO         4056    i.Powerstep01_GetPosition  powerstep01.o
    0x0800345c   0x00000020   Code   RO         4057    i.Powerstep01_Init  powerstep01.o
    0x0800347c   0x00000022   Code   RO         4058    i.Powerstep01_Init_Register  powerstep01.o
    0x0800349e   0x00000002   PAD
    0x080034a0   0x00000014   Code   RO         4465    i.Powerstep01_IntSpd_RegVal_to_Steps_s  powerstep01.o
    0x080034b4   0x0000001c   Code   RO         4410    i.Powerstep01_IntSpd_Steps_s_to_RegVal  powerstep01.o
    0x080034d0   0x00000012   Code   RO         4059    i.Powerstep01_IsDeviceBusy  powerstep01.o
    0x080034e2   0x00000020   Code   RO         4405    i.Powerstep01_KTherm_Comp_to_RegVal  powerstep01.o
    0x08003502   0x0000001a   Code   RO         4460    i.Powerstep01_KTherm_RegVal_to_Comp  powerstep01.o
    0x0800351c   0x0000001c   Code   RO         4395    i.Powerstep01_Kval_Perc_to_RegVal  powerstep01.o
    0x08003538   0x00000014   Code   RO         4450    i.Powerstep01_Kval_RegVal_to_Perc  powerstep01.o
    0x0800354c   0x00000014   Code   RO         4480    i.Powerstep01_MaxSpd_RegVal_to_Steps_s  powerstep01.o
    0x08003560   0x0000001c   Code   RO         4420    i.Powerstep01_MaxSpd_Steps_s_to_RegVal  powerstep01.o
    0x0800357c   0x00000014   Code   RO         4475    i.Powerstep01_MinSpd_RegVal_to_Steps_s  powerstep01.o
    0x08003590   0x0000001c   Code   RO         4430    i.Powerstep01_MinSpd_Steps_s_to_RegVal  powerstep01.o
    0x080035ac   0x0000005c   Code   RO         4060    i.Powerstep01_QueueCommands  powerstep01.o
    0x08003608   0x0000000c   Code   RO         4061    i.Powerstep01_ReadId  powerstep01.o
    0x08003614   0x0000000c   Code   RO         4062    i.Powerstep01_ReadStatusRegister  powerstep01.o
    0x08003620   0x00000004   Code   RO         4063    i.Powerstep01_ReleaseReset  powerstep01.o
    0x08003624   0x00000004   Code   RO         4064    i.Powerstep01_Reset  powerstep01.o
    0x08003628   0x0000005c   Code   RO         4065    i.Powerstep01_SelectStepMode  powerstep01.o
    0x08003684   0x000000d0   Code   RO         4066    i.Powerstep01_SendCommand  powerstep01.o
    0x08003754   0x00000024   Code   RO         4067    i.Powerstep01_SendQueuedCommands  powerstep01.o
    0x08003778   0x000001a0   Code   RO         4068    i.Powerstep01_SetAnalogValue  powerstep01.o
    0x08003918   0x0000023a   Code   RO         4069    i.Powerstep01_SetDeviceParamsToGivenValues  powerstep01.o
    0x08003b52   0x0000001a   Code   RO         4070    i.Powerstep01_SetHome  powerstep01.o
    0x08003b6c   0x00000008   Code   RO         4071    i.Powerstep01_SetMark  powerstep01.o
    0x08003b74   0x00000014   Code   RO         4072    i.Powerstep01_SetNbDevices  powerstep01.o
    0x08003b88   0x000001a0   Code   RO         4073    i.Powerstep01_SetRegisterToPredefinedValues  powerstep01.o
    0x08003d28   0x00000014   Code   RO         4485    i.Powerstep01_Speed_RegVal_to_Steps_s  powerstep01.o
    0x08003d3c   0x00000018   Code   RO         4455    i.Powerstep01_StallOcd_RegVal_to_Th  powerstep01.o
    0x08003d54   0x00000028   Code   RO         4400    i.Powerstep01_StallOcd_Th_to_RegVal  powerstep01.o
    0x08003d7c   0x00000004   Code   RO         4074    i.Powerstep01_StartStepClock  powerstep01.o
    0x08003d80   0x00000004   Code   RO         4075    i.Powerstep01_StopStepClock  powerstep01.o
    0x08003d84   0x00000014   Code   RO         4435    i.Powerstep01_Tmin_RegVal_to_Time  powerstep01.o
    0x08003d98   0x00000020   Code   RO         4380    i.Powerstep01_Tmin_Time_to_RegVal  powerstep01.o
    0x08003db8   0x00000028   Code   RO         4385    i.Powerstep01_Tval_RefVoltage_to_RegVal  powerstep01.o
    0x08003de0   0x00000018   Code   RO         4445    i.Powerstep01_Tval_RegVal_to_RefVoltage  powerstep01.o
    0x08003df8   0x00000028   Code   RO         4076    i.Powerstep01_WaitForAllDevicesNotBusy  powerstep01.o
    0x08003e20   0x00000010   Code   RO         4077    i.Powerstep01_WaitWhileActive  powerstep01.o
    0x08003e30   0x0000001c   Code   RO         4078    i.Powerstep01_WriteBytes  powerstep01.o
    0x08003e4c   0x0000001c   Code   RO         9939    i.Real_Time_Polling_Init  real_time_polling.o
    0x08003e68   0x00000048   Code   RO         9781    i.SPI3_Init         spi3.o
    0x08003eb0   0x00000034   Code   RO         9783    i.SPI3_SetSpeed     spi3.o
    0x08003ee4   0x0000009e   Code   RO         3508    i.SPI_WaitOnFlagUntilTimeout  stm32f1xx_hal_spi.o
    0x08003f82   0x00000002   Code   RO          459    i.SVC_Handler       stm32f1xx_it.o
    0x08003f84   0x0000001c   Code   RO         7417    i.ScanChooseHandle  bl180.o
    0x08003fa0   0x000000b0   Code   RO         7418    i.Scan_Bar_Action   bl180.o
    0x08004050   0x00000050   Code   RO         7421    i.Start_BL180       bl180.o
    0x080040a0   0x00000014   Code   RO         7157    i.Start_Scan_FM100  fm100.o
    0x080040b4   0x00000044   Code   RO         3836    i.Stm32_Clock_Init  sys.o
    0x080040f8   0x00000016   Code   RO         7158    i.Stop_Scan_FM100   fm100.o
    0x0800410e   0x00000004   Code   RO         4962    i.Stspin220_GetMotorHandle  x_nucleo_ihmxx.o
    0x08004112   0x00000004   Code   RO         4963    i.Stspin240_250_GetMotorHandle  x_nucleo_ihmxx.o
    0x08004116   0x00000004   Code   RO          460    i.SysTick_Handler   stm32f1xx_it.o
    0x0800411a   0x00000002   PAD
    0x0800411c   0x00000048   Code   RO          557    i.SystemInit        system_stm32f1xx.o
    0x08004164   0x00000034   Code   RO         9986    i.TIM4_IRQHandler   usmart.o
    0x08004198   0x00000028   Code   RO         5889    i.TIM5_IRQHandler   timer.o
    0x080041c0   0x00000084   Code   RO         1959    i.TIM_Base_SetConfig  stm32f1xx_hal_tim.o
    0x08004244   0x00000016   Code   RO         1960    i.TIM_CCxChannelCmd  stm32f1xx_hal_tim.o
    0x0800425a   0x00000002   PAD
    0x0800425c   0x00000054   Code   RO         9987    i.Timer4_Init       usmart.o
    0x080042b0   0x000000a8   Code   RO         6546    i.UART2_Init        uart2.o
    0x08004358   0x000000a8   Code   RO         6547    i.UART2_Init_Check  uart2.o
    0x08004400   0x0000004c   Code   RO         6548    i.UART2_Receive_Data  uart2.o
    0x0800444c   0x00000020   Code   RO         6549    i.UART2_Send_Data   uart2.o
    0x0800446c   0x00000034   Code   RO         5463    i.UART3_Receive_Data  uart3.o
    0x080044a0   0x00000020   Code   RO         5464    i.UART3_Send_Data   uart3.o
    0x080044c0   0x00000044   Code   RO         6352    i.UART4_IRQHandler  uart4.o
    0x08004504   0x000000a8   Code   RO         6353    i.UART4_Init        uart4.o
    0x080045ac   0x00000044   Code   RO         9820    i.UART5_IRQHandler  uart5.o
    0x080045f0   0x000000b8   Code   RO         9821    i.UART5_Init        uart5.o
    0x080046a8   0x000000a6   Code   RO         1375    i.UART_Receive_IT   stm32f1xx_hal_uart.o
    0x0800474e   0x00000002   PAD
    0x08004750   0x00000170   Code   RO         1376    i.UART_SetConfig    stm32f1xx_hal_uart.o
    0x080048c0   0x00000066   Code   RO         1377    i.UART_Transmit_IT  stm32f1xx_hal_uart.o
    0x08004926   0x00000092   Code   RO         1378    i.UART_WaitOnFlagUntilTimeout  stm32f1xx_hal_uart.o
    0x080049b8   0x0000002c   Code   RO         3881    i.USART1_IRQHandler  usart.o
    0x080049e4   0x000000d0   Code   RO         6550    i.USART2_IRQHandler  uart2.o
    0x08004ab4   0x000000d4   Code   RO         5465    i.USART3_IRQHandler  uart3.o
    0x08004b88   0x00000012   Code   RO         9707    i.Uart2_Config_Init  uart_config.o
    0x08004b9a   0x00000002   PAD
    0x08004b9c   0x000000c8   Code   RO         6604    i.Uart_Select_Baby  uart_choose.o
    0x08004c64   0x00000040   Code   RO         6605    i.Uart_cs_init      uart_choose.o
    0x08004ca4   0x00000002   Code   RO          461    i.UsageFault_Handler  stm32f1xx_it.o
    0x08004ca6   0x00000002   PAD
    0x08004ca8   0x00000054   Code   RO         6057    i.Weight_Sensor_Init  weight.o
    0x08004cfc   0x00000020   Code   RO        10441    i.__0printf         mc_w.l(printfa.o)
    0x08004d1c   0x0000000e   Code   RO        10566    i.__scatterload_copy  mc_w.l(handlers.o)
    0x08004d2a   0x00000002   Code   RO        10567    i.__scatterload_null  mc_w.l(handlers.o)
    0x08004d2c   0x0000000e   Code   RO        10568    i.__scatterload_zeroinit  mc_w.l(handlers.o)
    0x08004d3a   0x00000002   PAD
    0x08004d3c   0x00000184   Code   RO        10448    i._fp_digits        mc_w.l(printfa.o)
    0x08004ec0   0x000006dc   Code   RO        10449    i._printf_core      mc_w.l(printfa.o)
    0x0800559c   0x00000024   Code   RO        10450    i._printf_post_padding  mc_w.l(printfa.o)
    0x080055c0   0x0000002e   Code   RO        10451    i._printf_pre_padding  mc_w.l(printfa.o)
    0x080055ee   0x00000002   PAD
    0x080055f0   0x00000014   Code   RO         3795    i.delay_init        delay.o
    0x08005604   0x0000001a   Code   RO         3796    i.delay_ms          delay.o
    0x0800561e   0x00000002   PAD
    0x08005620   0x00000034   Code   RO         3797    i.delay_us          delay.o
    0x08005654   0x00000018   Code   RO         3883    i.fputc             usart.o
    0x0800566c   0x00000064   Code   RO         6129    i.init_motor_device  step01.o
    0x080056d0   0x00000004   Code   RO         4964    i.l647x_GetMotorHandle  x_nucleo_ihmxx.o
    0x080056d4   0x00000004   Code   RO         4965    i.l648x_GetMotorHandle  x_nucleo_ihmxx.o
    0x080056d8   0x00000080   Code   RO            6    i.main              main.o
    0x08005758   0x00000004   Code   RO         9988    i.read_addr         usmart.o
    0x0800575c   0x00000038   Code   RO         3884    i.uart_init         usart.o
    0x08005794   0x00000094   Code   RO         9989    i.usmart_cmd_rec    usmart.o
    0x08005828   0x00000260   Code   RO         9990    i.usmart_exe        usmart.o
    0x08005a88   0x000000a4   Code   RO        10101    i.usmart_get_aparm  usmart_str.o
    0x08005b2c   0x0000002e   Code   RO        10102    i.usmart_get_cmdname  usmart_str.o
    0x08005b5a   0x00000002   PAD
    0x08005b5c   0x00000168   Code   RO        10103    i.usmart_get_fname  usmart_str.o
    0x08005cc4   0x000000d0   Code   RO        10104    i.usmart_get_fparam  usmart_str.o
    0x08005d94   0x00000024   Code   RO        10105    i.usmart_get_parmpos  usmart_str.o
    0x08005db8   0x00000030   Code   RO         9991    i.usmart_get_runtime  usmart.o
    0x08005de8   0x00000028   Code   RO         9992    i.usmart_init       usmart.o
    0x08005e10   0x00000010   Code   RO        10106    i.usmart_pow        usmart_str.o
    0x08005e20   0x00000028   Code   RO         9993    i.usmart_reset_runtime  usmart.o
    0x08005e48   0x000000a4   Code   RO         9994    i.usmart_scan       usmart.o
    0x08005eec   0x00000010   Code   RO        10107    i.usmart_search_nextc  usmart_str.o
    0x08005efc   0x000000d6   Code   RO        10108    i.usmart_str2num    usmart_str.o
    0x08005fd2   0x00000018   Code   RO        10109    i.usmart_strcmp     usmart_str.o
    0x08005fea   0x00000012   Code   RO        10110    i.usmart_strcopy    usmart_str.o
    0x08005ffc   0x00000012   Code   RO        10111    i.usmart_strlen     usmart_str.o
    0x0800600e   0x00000002   PAD
    0x08006010   0x00000680   Code   RO         9995    i.usmart_sys_cmd_exe  usmart.o
    0x08006690   0x00000004   Code   RO         9996    i.write_addr        usmart.o
    0x08006694   0x00000010   Data   RO          558    .constdata          system_stm32f1xx.o
    0x080066a4   0x00000008   Data   RO          559    .constdata          system_stm32f1xx.o
    0x080066ac   0x00000028   Data   RO         9998    .conststring        usmart.o
    0x080066d4   0x0000006b   Data   RO        10075    .conststring        usmart_config.o
    0x0800673f   0x00000001   PAD
    0x08006740   0x00000020   Data   RO        10564    Region$$Table       anon$$obj.o


    Execution Region RW_IRAM1 (Base: 0x20000000, Size: 0x00001518, Max: 0x00010000, ABSOLUTE, COMPRESSED[0x00000170])

    Base Addr    Size         Type   Attr      Idx    E Section Name        Object

    0x20000000   0x00000004   Data   RW          560    .data               system_stm32f1xx.o
    0x20000004   0x00000004   Data   RW          744    .data               stm32f1xx_hal.o
    0x20000008   0x00000001   Data   RW         3716    .data               stm32f1xx_hal_spi_ex.o
    0x20000009   0x00000003   PAD
    0x2000000c   0x00000004   Data   RW         3798    .data               delay.o
    0x20000010   0x00000004   Data   RW         3887    .data               usart.o
    0x20000014   0x00000004   Data   RW         3889    .data               usart.o
    0x20000018   0x00000178   Data   RW         4080    .data               powerstep01.o
    0x20000190   0x0000000c   Data   RW         4768    .data               x_nucleo_ihm03a1_stm32f1xx.o
    0x2000019c   0x00000008   Data   RW         4966    .data               x_nucleo_ihmxx.o
    0x200001a4   0x0000000c   Data   RW         5467    .data               uart3.o
    0x200001b0   0x000000c8   Data   RW         6131    .data               step01.o
    0x20000278   0x00000008   Data   RW         6357    .data               uart4.o
    0x20000280   0x00000008   Data   RW         6552    .data               uart2.o
    0x20000288   0x0000000c   Data   RW         6607    .data               uart_choose.o
    0x20000294   0x00000008   Data   RW         7160    .data               fm100.o
    0x2000029c   0x0000001c   Data   RW         7423    .data               bl180.o
    0x200002b8   0x00000008   Data   RW         9825    .data               uart5.o
    0x200002c0   0x00000004   Data   RW         9941    .data               real_time_polling.o
    0x200002c4   0x0000001c   Data   RW         9999    .data               usmart.o
    0x200002e0   0x00000020   Data   RW        10076    .data               usmart_config.o
    0x20000300   0x000000f4   Data   RW        10077    .data               usmart_config.o
    0x200003f4   0x00000108   Zero   RW         3885    .bss                usart.o
    0x200004fc   0x00000018   Zero   RW         4079    .bss                powerstep01.o
    0x20000514   0x000000a4   Zero   RW         4767    .bss                x_nucleo_ihm03a1_stm32f1xx.o
    0x200005b8   0x00000144   Zero   RW         5466    .bss                uart3.o
    0x200006fc   0x00000094   Zero   RW         5893    .bss                timer.o
    0x20000790   0x000005f8   Zero   RW         6130    .bss                step01.o
    0x20000d88   0x000000c0   Zero   RW         6356    .bss                uart4.o
    0x20000e48   0x00000144   Zero   RW         6551    .bss                uart2.o
    0x20000f8c   0x0000001e   Zero   RW         7159    .bss                fm100.o
    0x20000faa   0x00000002   PAD
    0x20000fac   0x00000058   Zero   RW         9784    .bss                spi3.o
    0x20001004   0x000000c0   Zero   RW         9824    .bss                uart5.o
    0x200010c4   0x00000018   Zero   RW         9940    .bss                real_time_polling.o
    0x200010dc   0x0000003c   Zero   RW         9997    .bss                usmart.o
    0x20001118   0x00000400   Zero   RW          715    STACK               startup_stm32f103xe.o


==============================================================================

Image component sizes


      Code (inc. data)   RO Data    RW Data    ZI Data      Debug   Object Name

       470         96          0         28          0       5216   bl180.o
        98          8          0          4          0       1819   delay.o
      1164        232          0          8         30       9712   fm100.o
       220         24          0          0          0       1164   light.o
        60         10          0          0          0        941   liquid_sensor.o
       356        168          0          0          0     530580   main.o
      3984        382          0        376         24      61477   powerstep01.o
        28         10          0          4         24       1746   real_time_polling.o
       124         14          0          0         88       1203   spi3.o
        36          8        304          0       1024        784   startup_stm32f103xe.o
       776        138          0        200       1528       5845   step01.o
       120         16          0          4          0       3538   stm32f1xx_hal.o
       218         14          0          0          0      26133   stm32f1xx_hal_cortex.o
       536         48          0          0          0       4234   stm32f1xx_hal_gpio.o
       272         24          0          0          0       2161   stm32f1xx_hal_msp.o
      2030         98          0          0          0       5932   stm32f1xx_hal_rcc.o
       848          0          0          0          0       2922   stm32f1xx_hal_spi.o
       136          4          0          1          0       1322   stm32f1xx_hal_spi_ex.o
       478         38          0          0          0       5865   stm32f1xx_hal_tim.o
      1608          4          0          0          0       9994   stm32f1xx_hal_uart.o
        82         24          0          0          0       5264   stm32f1xx_it.o
        68          0          0          0          0        623   sys.o
        72         16         24          4          0       1047   system_stm32f1xx.o
        40          6          0          0        148        770   timer.o
       652         78          0          8        324       4183   uart2.o
       296         26          0         12        324       3040   uart3.o
       236         28          0          8        192       1972   uart4.o
       252         30          0          8        192       1965   uart5.o
       344         42          0         12          0       3475   uart_choose.o
        34          0          0          0          0       1418   uart_config.o
       352         54          0          8        264       4942   usart.o
      2856       1354         40         28         60       7495   usmart.o
         0          0        107        276          0       1512   usmart_config.o
      1120         20          0          0          0       9059   usmart_str.o
        84         10          0          0          0       1293   weight.o
      1168        142          0         12        164      15627   x_nucleo_ihm03a1_stm32f1xx.o
       288         26          0          8          0       7553   x_nucleo_ihmxx.o

    ----------------------------------------------------------------------
     21544       3192        508       1012       4388     753826   Object Totals
         0          0         32          0          0          0   (incl. Generated)
        38          0          1          3          2          0   (incl. Padding)

    ----------------------------------------------------------------------

      Code (inc. data)   RO Data    RW Data    ZI Data      Debug   Library Member Name

        86          0          0          0          0          0   __dczerorl2.o
         0          0          0          0          0          0   entry.o
         0          0          0          0          0          0   entry10a.o
         0          0          0          0          0          0   entry11a.o
         8          4          0          0          0          0   entry2.o
         4          0          0          0          0          0   entry5.o
         0          0          0          0          0          0   entry7b.o
         0          0          0          0          0          0   entry8b.o
         8          4          0          0          0          0   entry9a.o
        30          0          0          0          0          0   handlers.o
        36          8          0          0          0         68   init.o
         0          0          0          0          0          0   iusefp.o
        30          0          0          0          0         68   llshl.o
        36          0          0          0          0         68   llsshr.o
        32          0          0          0          0         68   llushr.o
        64          0          0          0          0         76   memmovea.o
        36          0          0          0          0        108   memseta.o
      2258         90          0          0          0        452   printfa.o
        30          0          0          0          0         80   strncmp.o
        44          0          0          0          0         80   uidiv.o
        98          0          0          0          0         92   uldiv.o
        48          0          0          0          0         68   cdrcmple.o
        20          0          0          0          0         68   cfrcmple.o
       334          0          0          0          0        148   dadd.o
       222          0          0          0          0        100   ddiv.o
       186          0          0          0          0        176   depilogue.o
        48          0          0          0          0         68   dfixul.o
       228          0          0          0          0         96   dmul.o
        38          0          0          0          0         68   f2d.o
       176          0          0          0          0        140   fadd.o
       110          0          0          0          0        168   fepilogue.o
        40          0          0          0          0         68   ffixui.o
        18          0          0          0          0         68   fflti.o
        10          0          0          0          0         68   ffltui.o
       100          0          0          0          0         76   fmul.o
        24          0          0          0          0         68   fscalb.o

    ----------------------------------------------------------------------
      4412        106          0          0          0       2608   Library Totals
        10          0          0          0          0          0   (incl. Padding)

    ----------------------------------------------------------------------

      Code (inc. data)   RO Data    RW Data    ZI Data      Debug   Library Name

      2800        106          0          0          0       1160   mc_w.l
      1602          0          0          0          0       1448   mf_w.l

    ----------------------------------------------------------------------
      4412        106          0          0          0       2608   Library Totals

    ----------------------------------------------------------------------

==============================================================================


      Code (inc. data)   RO Data    RW Data    ZI Data      Debug   

     25956       3298        508       1012       4388     742418   Grand Totals
     25956       3298        508        368       4388     742418   ELF Image Totals (compressed)
     25956       3298        508        368          0          0   ROM Totals

==============================================================================

    Total RO  Size (Code + RO Data)                26464 (  25.84kB)
    Total RW  Size (RW Data + ZI Data)              5400 (   5.27kB)
    Total ROM Size (Code + RO Data + RW Data)      26832 (  26.20kB)

==============================================================================

