Component: ARM Compiler 5.06 update 3 (build 300) Tool: armlink [4d35c9]

==============================================================================

Section Cross References

    main.o(i.Check_Board_Define_Config) refers to printf8.o(i.__0printf$8) for __2printf
    main.o(i.Check_Board_Define_Config) refers to main.o(.constdata) for .constdata
    main.o(i.Init_Board_Config) refers to printf8.o(i.__0printf$8) for __2printf
    main.o(i.Init_Board_Config) refers to uart_config.o(i.Uart2_Config_Init) for Uart2_Config_Init
    main.o(i.Init_Board_Config) refers to liquid_sensor.o(i.Liquid_Sensor_Init) for Liquid_Sensor_Init
    main.o(i.Init_Board_Config) refers to weight.o(i.Weight_Sensor_Init) for Weight_Sensor_Init
    main.o(i.Init_Board_Config) refers to light.o(i.Light_Sensor_Init) for Light_Sensor_Init
    main.o(i.Init_Board_Config) refers to step01.o(i.BSP_Motor_Control_Init) for BSP_Motor_Control_Init
    main.o(i.Init_Board_Config) refers to uart5.o(i.UART5_Init) for UART5_Init
    main.o(i.Init_Board_Config) refers to bl180.o(i.ScanChooseHandle) for ScanChooseHandle
    main.o(i.Init_Board_Config) refers to main.o(.constdata) for .constdata
    main.o(i.Init_Board_Config) refers to bl180.o(.data) for ScanHandle
    main.o(i.main) refers to stm32f1xx_hal.o(i.HAL_Init) for HAL_Init
    main.o(i.main) refers to sys.o(i.Stm32_Clock_Init) for Stm32_Clock_Init
    main.o(i.main) refers to delay.o(i.delay_init) for delay_init
    main.o(i.main) refers to usart.o(i.uart_init) for uart_init
    main.o(i.main) refers to uart4.o(i.UART4_Init) for UART4_Init
    main.o(i.main) refers to real_time_polling.o(i.Real_Time_Polling_Init) for Real_Time_Polling_Init
    main.o(i.main) refers to main.o(i.Check_Board_Define_Config) for Check_Board_Define_Config
    main.o(i.main) refers to main.o(i.Init_Board_Config) for Init_Board_Config
    main.o(i.main) refers to slave_uart_control_interface.o(i.protocol_handle_uart_powerstep01_plain_slave_cmd) for protocol_handle_uart_powerstep01_plain_slave_cmd
    main.o(i.main) refers to delay.o(i.delay_ms) for delay_ms
    main.o(i.main) refers to real_time_polling.o(i.Real_Time_Polling_Current_Index) for Real_Time_Polling_Current_Index
    main.o(i.main) refers to uart4.o(.data) for ARM_RS232_ASK
    stm32f1xx_it.o(i.EXTI2_IRQHandler) refers to stm32f1xx_hal_gpio.o(i.HAL_GPIO_EXTI_IRQHandler) for HAL_GPIO_EXTI_IRQHandler
    stm32f1xx_it.o(i.EXTI3_IRQHandler) refers to stm32f1xx_hal_gpio.o(i.HAL_GPIO_EXTI_IRQHandler) for HAL_GPIO_EXTI_IRQHandler
    stm32f1xx_it.o(i.EXTI9_5_IRQHandler) refers to printf8.o(i.__0printf$8) for __2printf
    stm32f1xx_it.o(i.EXTI9_5_IRQHandler) refers to stm32f1xx_hal_gpio.o(i.HAL_GPIO_EXTI_IRQHandler) for HAL_GPIO_EXTI_IRQHandler
    stm32f1xx_it.o(i.SysTick_Handler) refers to stm32f1xx_hal.o(i.HAL_IncTick) for HAL_IncTick
    system_stm32f1xx.o(i.SystemCoreClockUpdate) refers to system_stm32f1xx.o(.data) for .data
    system_stm32f1xx.o(i.SystemCoreClockUpdate) refers to system_stm32f1xx.o(.constdata) for .constdata
    stm32f1xx_hal_msp.o(i.HAL_GPIO_EXTI_Callback) refers to x_nucleo_ihmxx.o(i.BSP_MotorControl_FlagInterruptHandler) for BSP_MotorControl_FlagInterruptHandler
    stm32f1xx_hal_msp.o(i.HAL_GPIO_EXTI_Callback) refers to x_nucleo_ihmxx.o(i.BSP_MotorControl_BusyInterruptHandler) for BSP_MotorControl_BusyInterruptHandler
    stm32f1xx_hal_msp.o(i.HAL_SPI_MspDeInit) refers to stm32f1xx_hal_gpio.o(i.HAL_GPIO_DeInit) for HAL_GPIO_DeInit
    stm32f1xx_hal_msp.o(i.HAL_SPI_MspInit) refers to stm32f1xx_hal_gpio.o(i.HAL_GPIO_Init) for HAL_GPIO_Init
    startup_stm32f103xe.o(RESET) refers to startup_stm32f103xe.o(STACK) for __initial_sp
    startup_stm32f103xe.o(RESET) refers to startup_stm32f103xe.o(.text) for Reset_Handler
    startup_stm32f103xe.o(RESET) refers to stm32f1xx_it.o(i.NMI_Handler) for NMI_Handler
    startup_stm32f103xe.o(RESET) refers to stm32f1xx_it.o(i.HardFault_Handler) for HardFault_Handler
    startup_stm32f103xe.o(RESET) refers to stm32f1xx_it.o(i.MemManage_Handler) for MemManage_Handler
    startup_stm32f103xe.o(RESET) refers to stm32f1xx_it.o(i.BusFault_Handler) for BusFault_Handler
    startup_stm32f103xe.o(RESET) refers to stm32f1xx_it.o(i.UsageFault_Handler) for UsageFault_Handler
    startup_stm32f103xe.o(RESET) refers to stm32f1xx_it.o(i.SVC_Handler) for SVC_Handler
    startup_stm32f103xe.o(RESET) refers to stm32f1xx_it.o(i.DebugMon_Handler) for DebugMon_Handler
    startup_stm32f103xe.o(RESET) refers to stm32f1xx_it.o(i.PendSV_Handler) for PendSV_Handler
    startup_stm32f103xe.o(RESET) refers to stm32f1xx_it.o(i.SysTick_Handler) for SysTick_Handler
    startup_stm32f103xe.o(RESET) refers to stm32f1xx_it.o(i.EXTI2_IRQHandler) for EXTI2_IRQHandler
    startup_stm32f103xe.o(RESET) refers to stm32f1xx_it.o(i.EXTI3_IRQHandler) for EXTI3_IRQHandler
    startup_stm32f103xe.o(RESET) refers to stm32f1xx_it.o(i.EXTI9_5_IRQHandler) for EXTI9_5_IRQHandler
[...]
    TMR_reader_init_internal                 0x0800ba73   Thumb Code   102  tm_reader.o(i.TMR_reader_init_internal)
    TMR_stringCopy                           0x0800bad9   Thumb Code    36  tmr_utils.o(i.TMR_stringCopy)
    TMR_wordsToBytes                         0x0800bafd   Thumb Code    34  tmr_utils.o(i.TMR_wordsToBytes)
    Timer4_Init                              0x0800bb21   Thumb Code    72  usmart.o(i.Timer4_Init)
    UART2_Init                               0x0800bb75   Thumb Code   150  uart2.o(i.UART2_Init)
    UART2_Init_Check                         0x0800bc1d   Thumb Code   152  uart2.o(i.UART2_Init_Check)
    UART2_Receive_Data                       0x0800bcc5   Thumb Code    68  uart2.o(i.UART2_Receive_Data)
    UART2_Send_Data                          0x0800bd11   Thumb Code    22  uart2.o(i.UART2_Send_Data)
    UART3_Receive_Data                       0x0800bd31   Thumb Code    44  uart3.o(i.UART3_Receive_Data)
    UART3_Send_Data                          0x0800bd65   Thumb Code    22  uart3.o(i.UART3_Send_Data)
    UART4_IRQHandler                         0x0800bd85   Thumb Code    58  uart4.o(i.UART4_IRQHandler)
    UART4_Init                               0x0800bdc9   Thumb Code   150  uart4.o(i.UART4_Init)
    UART4_Receive_Data                       0x0800be71   Thumb Code    52  uart4.o(i.UART4_Receive_Data)
    UART4_Send_Data                          0x0800bead   Thumb Code    22  uart4.o(i.UART4_Send_Data)
    UART5_IRQHandler                         0x0800becd   Thumb Code    58  uart5.o(i.UART5_IRQHandler)
    UART5_Init                               0x0800bf11   Thumb Code   164  uart5.o(i.UART5_Init)
    UART5_Receive_Data                       0x0800bfc9   Thumb Code    44  uart5.o(i.UART5_Receive_Data)
    UART5_Send_Data                          0x0800bffd   Thumb Code    22  uart5.o(i.UART5_Send_Data)
    USART1_IRQHandler                        0x0800c32d   Thumb Code    34  usart.o(i.USART1_IRQHandler)
    USART2_IRQHandler                        0x0800c359   Thumb Code   202  uart2.o(i.USART2_IRQHandler)
    USART3_IRQHandler                        0x0800c441   Thumb Code   160  uart3.o(i.USART3_IRQHandler)
    Uart2_Config_Init                        0x0800c4e9   Thumb Code    18  uart_config.o(i.Uart2_Config_Init)
    Uart2_Rx_Clear                           0x0800c4fd   Thumb Code     8  uart2.o(i.Uart2_Rx_Clear)
    Uart3_Rx_Clear                           0x0800c509   Thumb Code     8  uart3.o(i.Uart3_Rx_Clear)
    Uart4_Rx_Clear                           0x0800c515   Thumb Code     8  uart4.o(i.Uart4_Rx_Clear)
    Uart_Clear_Context                       0x0800c521   Thumb Code    18  uart_config.o(i.Uart_Clear_Context)
    Uart_Select_Baby                         0x0800c535   Thumb Code   186  uart_choose.o(i.Uart_Select_Baby)
    Uart_cs_init                             0x0800c5fd   Thumb Code    56  uart_choose.o(i.Uart_cs_init)
    UsageFault_Handler                       0x0800c63d   Thumb Code     2  stm32f1xx_it.o(i.UsageFault_Handler)
    Weight_Sensor_Init                       0x0800c641   Thumb Code    74  weight.o(i.Weight_Sensor_Init)
    __0printf$8                              0x0800c695   Thumb Code    22  printf8.o(i.__0printf$8)
    __1printf$8                              0x0800c695   Thumb Code     0  printf8.o(i.__0printf$8)
    __2printf                                0x0800c695   Thumb Code     0  printf8.o(i.__0printf$8)
    __0sprintf$8                             0x0800c6b5   Thumb Code    34  printf8.o(i.__0sprintf$8)
    __1sprintf$8                             0x0800c6b5   Thumb Code     0  printf8.o(i.__0sprintf$8)
    __2sprintf                               0x0800c6b5   Thumb Code     0  printf8.o(i.__0sprintf$8)
    __BSP_MotorControl_HardStop__            0x0800c6dd   Thumb Code    22  step01.o(i.__BSP_MotorControl_HardStop__)
    __BSP_MotorControl_Move__                0x0800c6f3   Thumb Code    26  step01.o(i.__BSP_MotorControl_Move__)
    __BSP_MotorControl_WaitWhileActive__     0x0800c70d   Thumb Code    22  step01.o(i.__BSP_MotorControl_WaitWhileActive__)
    __InfoBoard__                            0x0800c725   Thumb Code    26  slave_uart_control_interface.o(i.__InfoBoard__)
    malloc                                   0x0800c761   Thumb Code    64  mallocr.o(i.__malloc$realloc)
    __scatterload_copy                       0x0800c7b1   Thumb Code    14  handlers.o(i.__scatterload_copy)
    __scatterload_null                       0x0800c7bf   Thumb Code     2  handlers.o(i.__scatterload_null)
    __scatterload_zeroinit                   0x0800c7c1   Thumb Code    14  handlers.o(i.__scatterload_zeroinit)
    caculate_tansfer_check_bit               0x0800d6a1   Thumb Code    76  check_rs232.o(i.caculate_tansfer_check_bit)
    checkForAvailableFeatures                0x0800d6ed   Thumb Code    66  tm_reader.o(i.checkForAvailableFeatures)
    cheminert_c52_c55_transfer               0x0800d731   Thumb Code   246  cheminert_c52.o(i.cheminert_c52_c55_transfer)
    compareAntennas                          0x0800d8c9   Thumb Code   120  serial_reader.o(i.compareAntennas)
    compareVersion                           0x0800d941   Thumb Code    58  serial_reader.o(i.compareVersion)
    delay_init                               0x0800d97d   Thumb Code    16  delay.o(i.delay_init)
    delay_ms                                 0x0800d991   Thumb Code    26  delay.o(i.delay_ms)
    delay_us                                 0x0800d9ad   Thumb Code    48  delay.o(i.delay_us)
    electromagnetic_control                  0x0800d9e1   Thumb Code     2  electromagnetic.o(i.electromagnetic_control)
    electromagnetic_control_package          0x0800d9e3   Thumb Code     2  electromagnetic.o(i.electromagnetic_control_package)
    extractGen2MemoryBankValues              0x0800d9e5   Thumb Code   164  serial_reader_l3.o(i.extractGen2MemoryBankValues)
    fputc                                    0x0800dd39   Thumb Code    18  usart.o(i.fputc)
    get_weight_sensor_value                  0x0800de71   Thumb Code    40  weight.o(i.get_weight_sensor_value)
    init_motor_device                        0x0800e065   Thumb Code    90  step01.o(i.init_motor_device)
    isAntDetectEnabled                       0x0800e119   Thumb Code   128  tm_reader.o(i.isAntDetectEnabled)
    isContinuousReadParamSupported           0x0800e1c1   Thumb Code   186  serial_reader_l3.o(i.isContinuousReadParamSupported)
    isMultiSelectSupported                   0x0800e27b   Thumb Code   116  tm_reader.o(i.isMultiSelectSupported)
    l647x_GetMotorHandle                     0x0800e2ef   Thumb Code     4  x_nucleo_ihmxx.o(i.l647x_GetMotorHandle)
    l648x_GetMotorHandle                     0x0800e2f3   Thumb Code     4  x_nucleo_ihmxx.o(i.l648x_GetMotorHandle)
    main                                     0x0800e2f9   Thumb Code    98  main.o(i.main)
    prepForSearch                            0x0800e399   Thumb Code   106  serial_reader.o(i.prepForSearch)
    process_motor_command_receive            0x0800e409   Thumb Code   236  factory_many.o(i.process_motor_command_receive)
    protocol_handle_uart_powerstep01_plain_slave_cmd 0x0800ea19   Thumb Code  1210  slave_uart_control_interface.o(i.protocol_handle_uart_powerstep01_plain_slave_cmd)
    pump_s100_transfer                       0x0800f115   Thumb Code   306  pump_s100.o(i.pump_s100_transfer)
    read_addr                                0x0800f2b9   Thumb Code     4  usmart.o(i.read_addr)
    setAntennaReadTimeHelper                 0x0800f411   Thumb Code   242  serial_reader.o(i.setAntennaReadTimeHelper)
    setAntennaReadTimeList                   0x0800f50d   Thumb Code    76  serial_reader.o(i.setAntennaReadTimeList)
    tm_gettime_consistent                    0x0800f6f1   Thumb Code    38  tmr_utils.o(i.tm_gettime_consistent)
    tm_memcpy                                0x0800f717   Thumb Code    22  tmr_utils.o(i.tm_memcpy)
    tm_strcpy                                0x0800f72d   Thumb Code    16  tmr_utils.o(i.tm_strcpy)
    tm_time_subtract                         0x0800f73d   Thumb Code    14  tmr_utils.o(i.tm_time_subtract)
    tm_u8s_per_bits                          0x0800f74b   Thumb Code    16  tmr_utils.o(i.tm_u8s_per_bits)
    tmr_gettime                              0x0800f75d   Thumb Code    32  osdep_stm32f103rb.o(i.tmr_gettime)
    tmr_gettime_high                         0x0800f781   Thumb Code    10  osdep_stm32f103rb.o(i.tmr_gettime_high)
    tmr_gettime_low                          0x0800f78b   Thumb Code     8  osdep_stm32f103rb.o(i.tmr_gettime_low)
    tmr_sleep                                0x0800f795   Thumb Code    28  osdep_stm32f103rb.o(i.tmr_sleep)
    uart_init                                0x0800f7b5   Thumb Code    28  usart.o(i.uart_init)
    usmart_cmd_rec                           0x0800f7d9   Thumb Code   144  usmart.o(i.usmart_cmd_rec)
    usmart_exe                               0x0800f86d   Thumb Code   510  usmart.o(i.usmart_exe)
    usmart_get_aparm                         0x0800facd   Thumb Code   164  usmart_str.o(i.usmart_get_aparm)
    usmart_get_cmdname                       0x0800fb71   Thumb Code    46  usmart_str.o(i.usmart_get_cmdname)
    usmart_get_fname                         0x0800fba1   Thumb Code   352  usmart_str.o(i.usmart_get_fname)
    usmart_get_fparam                        0x0800fd09   Thumb Code   202  usmart_str.o(i.usmart_get_fparam)
    usmart_get_parmpos                       0x0800fdd9   Thumb Code    30  usmart_str.o(i.usmart_get_parmpos)
    usmart_get_runtime                       0x0800fdfd   Thumb Code    38  usmart.o(i.usmart_get_runtime)
    usmart_init                              0x0800fe2d   Thumb Code    36  usmart.o(i.usmart_init)
    usmart_pow                               0x0800fe55   Thumb Code    16  usmart_str.o(i.usmart_pow)
    usmart_reset_runtime                     0x0800fe65   Thumb Code    32  usmart.o(i.usmart_reset_runtime)
    usmart_scan                              0x0800fe8d   Thumb Code    94  usmart.o(i.usmart_scan)
    usmart_search_nextc                      0x0800ff31   Thumb Code    16  usmart_str.o(i.usmart_search_nextc)
    usmart_str2num                           0x0800ff41   Thumb Code   214  usmart_str.o(i.usmart_str2num)
    usmart_strcmp                            0x08010017   Thumb Code    24  usmart_str.o(i.usmart_strcmp)
    usmart_strcopy                           0x0801002f   Thumb Code    18  usmart_str.o(i.usmart_strcopy)
    usmart_strlen                            0x08010041   Thumb Code    18  usmart_str.o(i.usmart_strlen)
    usmart_sys_cmd_exe                       0x08010055   Thumb Code  1458  usmart.o(i.usmart_sys_cmd_exe)
    validateParams                           0x080106d5   Thumb Code   108  serial_reader.o(i.validateParams)
    validateReadPlan                         0x08010741   Thumb Code   150  tm_reader.o(i.validateReadPlan)
    verifySearchStatus                       0x080107e1   Thumb Code   130  serial_reader.o(i.verifySearchStatus)
    versionCompare                           0x08010869   Thumb Code    46  tm_reader.o(i.versionCompare)
    write_addr                               0x08010897   Thumb Code     4  usmart.o(i.write_addr)
    AHBPrescTable                            0x080108c6   Data          16  system_stm32f1xx.o(.constdata)
    APBPrescTable                            0x080108d6   Data           8  system_stm32f1xx.o(.constdata)
    Region$$Table$$Base                      0x08010c58   Number         0  anon$$obj.o(Region$$Table)
    Region$$Table$$Limit                     0x08010c78   Number         0  anon$$obj.o(Region$$Table)
    SystemCoreClock                          0x20000000   Data           4  system_stm32f1xx.o(.data)
    uCRCErrorWorkaroundCheck                 0x20000008   Data           1  stm32f1xx_hal_spi_ex.o(.data)
    aRxBuffer                                0x20000010   Data           1  usart.o(.data)
    USART_RX_STA                             0x20000012   Data           2  usart.o(.data)
    __stdout                                 0x20000014   Data           4  usart.o(.data)
    busyInterruptCallback                    0x20000020   Data           4  powerstep01.o(.data)
    flagInterruptCallback                    0x20000024   Data           4  powerstep01.o(.data)
    errorHandlerCallback                     0x20000028   Data           4  powerstep01.o(.data)
    powerstep01Drv                           0x2000002c   Data         356  powerstep01.o(.data)
    BSP_MOTOR_CONTROL_BOARD_CS_PIN           0x20000190   Data           2  x_nucleo_ihm03a1_stm32f1xx.o(.data)
    BSP_MOTOR_CONTROL_BOARD_STBY_RESET_PIN   0x20000192   Data           2  x_nucleo_ihm03a1_stm32f1xx.o(.data)
    BSP_MOTOR_CONTROL_BOARD_CS_PORT          0x20000194   Data           4  x_nucleo_ihm03a1_stm32f1xx.o(.data)
    BSP_MOTOR_CONTROL_BOARD_STBY_RESET_PORT  0x20000198   Data           4  x_nucleo_ihm03a1_stm32f1xx.o(.data)
    FLAG_RECEIVE_RFID                        0x200001a4   Data           1  uart3.o(.data)
    FLAG_UART_FM100                          0x200001a5   Data           1  uart3.o(.data)
    FLAG_UART_FM100_INTO                     0x200001a6   Data           1  uart3.o(.data)
    FLAG_UART_FM100_EXIT                     0x200001a7   Data           1  uart3.o(.data)
    FLAG_UART_FM100_ACK                      0x200001a8   Data           1  uart3.o(.data)
    UART3_RX_CNT                             0x200001ac   Data           4  uart3.o(.data)
    FLAG_RECEIVE_ACK_PUMP100                 0x200001b0   Data           1  uart3.o(.data)
    FLAG_RECEIVE_ANSOWER_PUMP100             0x200001b1   Data           1  uart3.o(.data)
    gStatusLight                             0x200001b2   Data           3  light.o(.data)
    init_current                             0x200001c8   Data         100  step01.o(.data)
    init_voltage                             0x2000022c   Data         100  step01.o(.data)
    ARM_RS232_ASK                            0x20000290   Data           1  uart4.o(.data)
    UART4_RX_CNT                             0x20000294   Data           4  uart4.o(.data)
    ThermometerHandle                        0x200002a4   Data           4  keep_temperature.o(.data)
    ds18b20                                  0x200002a8   Data          16  keep_temperature.o(.data)
    FLAG_UART_BL180_ACK                      0x200002b8   Data           1  uart2.o(.data)
    FLAG_RECEIVE_ANSOWER_BL180               0x200002b9   Data           1  uart2.o(.data)
    USART2_RX_CNT                            0x200002bc   Data           4  uart2.o(.data)
    FLAG_UART_CHEMINERT                      0x200002c0   Data           1  uart2.o(.data)
    FM100_Read                               0x200002d0   Data           4  fm100.o(.data)
    FM100_Write                              0x200002d4   Data           4  fm100.o(.data)
    BL180_Read                               0x200002d8   Data           4  bl180.o(.data)
    BL180_Write                              0x200002dc   Data           4  bl180.o(.data)
    ScanHandle                               0x200002e0   Data           4  bl180.o(.data)
    bl180                                    0x200002e4   Data           8  bl180.o(.data)
    fm100                                    0x200002ec   Data           8  bl180.o(.data)
    isStatsCmdSent                           0x20000311   Data           1  serial_reader.o(.data)
    isClearTagBufferCmdSent                  0x20000312   Data           1  serial_reader.o(.data)
    isMultiSelectEnabled                     0x20000314   Data           1  serial_reader_l3.o(.data)
    isEmbeddedTagopEnabled                   0x20000315   Data           1  serial_reader_l3.o(.data)
    isSecureAccessEnabled                    0x20000316   Data           1  serial_reader_l3.o(.data)
    M6E_Read                                 0x20000338   Data           4  serial_transport_stm32f103rb.o(.data)
    M6E_Write                                0x2000033c   Data           4  serial_transport_stm32f103rb.o(.data)
    UART5_RX_CNT                             0x2000034c   Data           4  uart5.o(.data)
    MINI_RS232_ASK                           0x20000350   Data           4  uart5.o(.data)
    sys_cmd_tab                              0x20000358   Data          28  usmart.o(.data)
    usmart_nametab                           0x20000374   Data          32  usmart_config.o(.data)
    usmart_dev                               0x20000394   Data         244  usmart_config.o(.data)
    __microlib_freelist                      0x2000048c   Data           4  mvars.o(.data)
    __microlib_freelist_initialised          0x20000490   Data           4  mvars.o(.data)
    USART_RX_BUF                             0x20000494   Data         200  usart.o(.bss)
    UART1_Handler                            0x2000055c   Data          64  usart.o(.bss)
    MotorBaby                                0x200005b4   Data          16  x_nucleo_ihm03a1_stm32f1xx.o(.bss)
    hTimStepClock                            0x2000061c   Data          60  x_nucleo_ihm03a1_stm32f1xx.o(.bss)
    USART3_Handler                           0x20000658   Data          64  uart3.o(.bss)
    UART3_RX_BUF                             0x20000698   Data         260  uart3.o(.bss)
    TIM3_Handler                             0x2000079c   Data          60  timer.o(.bss)
    TIM5_Handler                             0x200007d8   Data          60  timer.o(.bss)
    TIM3_CH4Handler                          0x20000814   Data          28  timer.o(.bss)
    motor_config_array                       0x20000830   Data        1500  step01.o(.bss)
    TempMotor                                0x20000e0c   Data          28  step01.o(.bss)
    UART4_Handler                            0x20000e28   Data          64  uart4.o(.bss)
    UART4_RX_BUF                             0x20000e68   Data         128  uart4.o(.bss)
    pid                                      0x20000ee8   Data          60  keep_temperature.o(.bss)
    USART2_Handler                           0x20000f24   Data          64  uart2.o(.bss)
    USART2_RX_BUF                            0x20000f64   Data         260  uart2.o(.bss)
    SPI3_Handler                             0x20001f78   Data          88  spi3.o(.bss)
    UART5_Handler                            0x20001fd0   Data          64  uart5.o(.bss)
    UART5_RX_BUF                             0x20002010   Data         128  uart5.o(.bss)
    TIM4_Handler                             0x200020a8   Data          60  usmart.o(.bss)
    __heap_base                              0x200020e8   Data           0  startup_stm32f103xe.o(HEAP)
    __heap_limit                             0x200022e8   Data           0  startup_stm32f103xe.o(HEAP)
    __initial_sp                             0x200026e8   Data           0  startup_stm32f103xe.o(STACK)



==============================================================================

Memory Map of the image

  Image Entry point : 0x08000131

  Load Region LR_IROM1 (Base: 0x08000000, Size: 0x0001110c, Max: 0x00080000, ABSOLUTE, COMPRESSED[0x00010e2c])

    Execution Region ER_IROM1 (Base: 0x08000000, Size: 0x00010c78, Max: 0x00080000, ABSOLUTE)

    Base Addr    Size         Type   Attr      Idx    E Section Name        Object

    0x08000000   0x00000130   Data   RO          720    RESET               startup_stm32f103xe.o
    0x08000130   0x00000000   Code   RO        10328  * .ARM.Collect$$$$00000000  mc_w.l(entry.o)
    0x08000130   0x00000004   Code   RO        10678    .ARM.Collect$$$$00000001  mc_w.l(entry2.o)
    0x08000134   0x00000004   Code   RO        10681    .ARM.Collect$$$$00000004  mc_w.l(entry5.o)
    0x08000138   0x00000000   Code   RO        10683    .ARM.Collect$$$$00000008  mc_w.l(entry7b.o)
    0x08000138   0x00000000   Code   RO        10685    .ARM.Collect$$$$0000000A  mc_w.l(entry8b.o)
    0x08000138   0x00000008   Code   RO        10686    .ARM.Collect$$$$0000000B  mc_w.l(entry9a.o)
    0x08000140   0x00000000   Code   RO        10688    .ARM.Collect$$$$0000000D  mc_w.l(entry10a.o)
    0x08000140   0x00000000   Code   RO        10690    .ARM.Collect$$$$0000000F  mc_w.l(entry11a.o)
    0x08000140   0x00000004   Code   RO        10679    .ARM.Collect$$$$00002712  mc_w.l(entry2.o)
    0x08000144   0x00000024   Code   RO          721    .text               startup_stm32f103xe.o
    0x08000168   0x0000001e   Code   RO        10331    .text               mc_w.l(llshl.o)
    0x08000186   0x00000040   Code   RO        10335    .text               mc_w.l(memmovea.o)
    0x080001c6   0x00000024   Code   RO        10337    .text               mc_w.l(memseta.o)
    0x080001ea   0x00000018   Code   RO        10339    .text               mc_w.l(strncpy.o)
    0x08000202   0x0000000e   Code   RO        10341    .text               mc_w.l(strlen.o)
    0x08000210   0x0000001c   Code   RO        10343    .text               mc_w.l(strcmp.o)
    0x0800022c   0x0000001e   Code   RO        10347    .text               mc_w.l(strncmp.o)
    0x0800024a   0x00000002   PAD
    0x0800024c   0x00000044   Code   RO        10349    .text               mc_w.l(strtok.o)
    0x08000290   0x000000b0   Code   RO        10648    .text               mf_w.l(fadd.o)
    0x08000340   0x00000064   Code   RO        10650    .text               mf_w.l(fmul.o)
    0x080003a4   0x00000018   Code   RO        10652    .text               mf_w.l(fscalb.o)
    0x080003bc   0x0000014e   Code   RO        10654    .text               mf_w.l(dadd.o)
    0x0800050a   0x000000e4   Code   RO        10656    .text               mf_w.l(dmul.o)
    0x080005ee   0x000000de   Code   RO        10658    .text               mf_w.l(ddiv.o)
    0x080006cc   0x00000012   Code   RO        10660    .text               mf_w.l(fflti.o)
    0x080006de   0x0000000a   Code   RO        10662    .text               mf_w.l(ffltui.o)
    0x080006e8   0x00000022   Code   RO        10664    .text               mf_w.l(dflti.o)
    0x0800070a   0x00000028   Code   RO        10668    .text               mf_w.l(ffixui.o)
    0x08000732   0x0000003e   Code   RO        10670    .text               mf_w.l(dfixi.o)
    0x08000770   0x00000038   Code   RO        10674    .text               mf_w.l(d2f.o)
    0x080007a8   0x00000014   Code   RO        10676    .text               mf_w.l(cfrcmple.o)
    0x080007bc   0x00000062   Code   RO        10694    .text               mc_w.l(uldiv.o)
    0x0800081e   0x00000020   Code   RO        10696    .text               mc_w.l(llushr.o)
    0x0800083e   0x00000024   Code   RO        10698    .text               mc_w.l(llsshr.o)
    0x08000862   0x00000000   Code   RO        10702    .text               mc_w.l(iusefp.o)
    0x08000862   0x0000006e   Code   RO        10703    .text               mf_w.l(fepilogue.o)
    0x080008d0   0x000000ba   Code   RO        10705    .text               mf_w.l(depilogue.o)
    0x0800098a   0x00000002   PAD
    0x0800098c   0x00000024   Code   RO        10711    .text               mc_w.l(init.o)
    0x080009b0   0x00000056   Code   RO        10721    .text               mc_w.l(__dczerorl2.o)
    0x08000a06   0x00000040   Code   RO         6053    i.AD_Sensor_Get_Data  weight.o
    0x08000a46   0x00000002   PAD
    0x08000a48   0x0000001c   Code   RO         4878    i.BSP_MotorControl_BusyInterruptHandler  x_nucleo_ihmxx.o
    0x08000a64   0x0000002c   Code   RO         4883    i.BSP_MotorControl_CmdGetParam  x_nucleo_ihmxx.o
    0x08000a90   0x0000001c   Code   RO         4891    i.BSP_MotorControl_CmdResetPos  x_nucleo_ihmxx.o
    0x08000aac   0x0000001c   Code   RO         4893    i.BSP_MotorControl_CmdSetParam  x_nucleo_ihmxx.o
    0x08000ac8   0x00000014   Code   RO         4897    i.BSP_MotorControl_ErrorHandler  x_nucleo_ihmxx.o
    0x08000adc   0x00000018   Code   RO         4900    i.BSP_MotorControl_FlagInterruptHandler  x_nucleo_ihmxx.o
    0x08000af4   0x00000028   Code   RO         4917    i.BSP_MotorControl_GetPosition  x_nucleo_ihmxx.o
    0x08000b1c   0x00000018   Code   RO         4928    i.BSP_MotorControl_HardStop  x_nucleo_ihmxx.o
    0x08000b34   0x0000001c   Code   RO         4929    i.BSP_MotorControl_Init  x_nucleo_ihmxx.o
    0x08000b50   0x00000018   Code   RO         4931    i.BSP_MotorControl_Move  x_nucleo_ihmxx.o
    0x08000b68   0x0000002c   Code   RO         4938    i.BSP_MotorControl_SelectStepMode  x_nucleo_ihmxx.o
    0x08000b94   0x00000018   Code   RO         4948    i.BSP_MotorControl_SetMark  x_nucleo_ihmxx.o
    0x08000bac   0x000000a0   Code   RO         4951    i.BSP_MotorControl_SetNbDevices  x_nucleo_ihmxx.o
    0x08000c4c   0x00000018   Code   RO         4963    i.BSP_MotorControl_WaitWhileActive  x_nucleo_ihmxx.o
    0x08000c64   0x0000006c   Code   RO         6126    i.BSP_Motor_Control_Init  step01.o
    0x08000cd0   0x00000046   Code   RO         6221    i.Belt_Move_At_SameTime  factory_many.o
    0x08000d16   0x00000028   Code   RO         5592    i.Big_Little_Endian_Convert  pump_s100.o
    0x08000d3e   0x00000002   Code   RO          452    i.BusFault_Handler  stm32f1xx_it.o
    0x08000d40   0x00000004   Code   RO         6864    i.C52_connect_check  slave_uart_control_interface.o
    0x08000d44   0x00000044   Code   RO         6222    i.C55_C52_connect_check  factory_many.o
    0x08000d88   0x00000004   Code   RO         6865    i.C55_connect_check  slave_uart_control_interface.o
    0x08000d8c   0x0000005c   Code   RO         5593    i.CRC_Digital_Convert_Get  pump_s100.o
    0x08000de8   0x00000050   Code   RO            4    i.Check_Board_Define_Config  main.o
    0x08000e38   0x00000048   Code   RO         6127    i.Choose_Single_Motor_Speed_Config  step01.o
    0x08000e80   0x0000002c   Code   RO         6223    i.ClearAndCheckBlankPosition  factory_many.o
    0x08000eac   0x0000002c   Code   RO         6224    i.ClearAndCheckWaitPosition  factory_many.o
    0x08000ed8   0x0000001c   Code   RO         7634    i.Clear_Storage_Info_Rfid  m6e_apply.o
    0x08000ef4   0x00000234   Code   RO         6128    i.ConfigMotorAllDevice  step01.o
    0x08001128   0x00000020   Code   RO         7517    i.Config_BL80_Transfer  bl180.o
    0x08001148   0x00000020   Code   RO         9255    i.Config_M6e_Transfer  serial_transport_stm32f103rb.o
    0x08001168   0x0000001c   Code   RO         7245    i.Control_Scan_FM100_Beeper  fm100.o
    0x08001184   0x00000004   Code   RO         6463    i.DS18B20_Init      ds18b20.o
    0x08001188   0x00000002   Code   RO          453    i.DebugMon_Handler  stm32f1xx_it.o
    0x0800118a   0x00000002   PAD
    0x0800118c   0x0000000c   Code   RO         7635    i.Destory_M6e_Config  m6e_apply.o
    0x08001198   0x00000002   Code   RO          454    i.EXTI15_10_IRQHandler  stm32f1xx_it.o
    0x0800119a   0x00000006   Code   RO          455    i.EXTI2_IRQHandler  stm32f1xx_it.o
    0x080011a0   0x00000006   Code   RO          456    i.EXTI3_IRQHandler  stm32f1xx_it.o
    0x080011a6   0x00000002   PAD
    0x080011a8   0x00000030   Code   RO          457    i.EXTI9_5_IRQHandler  stm32f1xx_it.o
    0x080011d8   0x000000ac   Code   RO         7518    i.End_BL180         bl180.o
    0x08001284   0x00000008   Code   RO         9813    i.Exit_BL180_Uart_Config  uart_config.o
    0x0800128c   0x00000008   Code   RO         9814    i.Exit_RFID_Uart_Config  uart_config.o
    0x08001294   0x00000054   Code   RO         7246    i.FM100_Scan_Close_Beeper  fm100.o
    0x080012e8   0x00000040   Code   RO         7247    i.FM100_Scan_Code_Programming  fm100.o
    0x08001328   0x00000088   Code   RO         7248    i.FM100_Scan_Command_Mode  fm100.o
    0x080013b0   0x000000ac   Code   RO         7252    i.FM100_Scan_Control_Status  fm100.o
    0x0800145c   0x00000070   Code   RO         7253    i.FM100_Scan_Exit_Configuration_State  fm100.o
    0x080014cc   0x00000012   Code   RO         7254    i.FM100_Scan_Goto_Command_Mode  fm100.o
    0x080014de   0x00000002   PAD
    0x080014e0   0x00000070   Code   RO         7255    i.FM100_Scan_Into_Configuration_State  fm100.o
    0x08001550   0x00000054   Code   RO         7256    i.FM100_Scan_Open_Beeper  fm100.o
    0x080015a4   0x00000016   Code   RO         6226    i.First_Open_Motor_AutoCheck_Sensor  factory_many.o
    0x080015ba   0x00000002   PAD
    0x080015bc   0x0000000c   Code   RO         6526    i.GetTemperatureDegree  keep_temperature.o
    0x080015c8   0x00000028   Code   RO         6667    i.GetUartReceive    uart_choose.o
    0x080015f0   0x00000028   Code   RO         6668    i.GetUartSend       uart_choose.o
    0x08001618   0x0000002c   Code   RO         6054    i.Get_All_Weight_Sensor_Warnning_Result  weight.o
    0x08001644   0x00000084   Code   RO         7636    i.Get_EPC_String    m6e_apply.o
    0x080016c8   0x0000000c   Code   RO        10068    i.Get_Real_Time_Polling_Press  real_time_polling.o
    0x080016d4   0x0000000c   Code   RO        10069    i.Get_Real_Time_Polling_Value  real_time_polling.o
    0x080016e0   0x0000003c   Code   RO         6055    i.Get_Single_Weight_Sensor_Warnning_Result  weight.o
    0x0800171c   0x00000024   Code   RO         6056    i.Get_weight_current_gram  weight.o
    0x08001740   0x0000002c   Code   RO         6867    i.Gravity_Sensor_Setting  slave_uart_control_interface.o
    0x0800176c   0x00000016   Code   RO          735    i.HAL_Delay         stm32f1xx_hal.o
    0x08001782   0x00000012   Code   RO          673    i.HAL_GPIO_EXTI_Callback  stm32f1xx_hal_msp.o
    0x08001794   0x00000018   Code   RO          981    i.HAL_GPIO_EXTI_IRQHandler  stm32f1xx_hal_gpio.o
    0x080017ac   0x000001ec   Code   RO          982    i.HAL_GPIO_Init     stm32f1xx_hal_gpio.o
    0x08001998   0x0000000a   Code   RO          984    i.HAL_GPIO_ReadPin  stm32f1xx_hal_gpio.o
    0x080019a2   0x0000000a   Code   RO          986    i.HAL_GPIO_WritePin  stm32f1xx_hal_gpio.o
    0x080019ac   0x0000000c   Code   RO          739    i.HAL_GetTick       stm32f1xx_hal.o
    0x080019b8   0x00000010   Code   RO          740    i.HAL_IncTick       stm32f1xx_hal.o
    0x080019c8   0x00000024   Code   RO          741    i.HAL_Init          stm32f1xx_hal.o
    0x080019ec   0x00000022   Code   RO          742    i.HAL_InitTick      stm32f1xx_hal.o
    0x08001a0e   0x00000002   Code   RO          675    i.HAL_MspInit       stm32f1xx_hal_msp.o
    0x08001a10   0x00000016   Code   RO          864    i.HAL_NVIC_EnableIRQ  stm32f1xx_hal_cortex.o
    0x08001a26   0x00000002   PAD
    0x08001a28   0x00000040   Code   RO          870    i.HAL_NVIC_SetPriority  stm32f1xx_hal_cortex.o
    0x08001a68   0x00000024   Code   RO          871    i.HAL_NVIC_SetPriorityGrouping  stm32f1xx_hal_cortex.o
    0x08001a8c   0x00000180   Code   RO         1207    i.HAL_RCC_ClockConfig  stm32f1xx_hal_rcc.o
    0x08001c0c   0x0000000c   Code   RO         1212    i.HAL_RCC_GetHCLKFreq  stm32f1xx_hal_rcc.o
    0x08001c18   0x00000030   Code   RO         1214    i.HAL_RCC_GetPCLK1Freq  stm32f1xx_hal_rcc.o
    0x08001c48   0x00000030   Code   RO         1215    i.HAL_RCC_GetPCLK2Freq  stm32f1xx_hal_rcc.o
    0x08001c78   0x00000088   Code   RO         1216    i.HAL_RCC_GetSysClockFreq  stm32f1xx_hal_rcc.o
    0x08001d00   0x0000057a   Code   RO         1219    i.HAL_RCC_OscConfig  stm32f1xx_hal_rcc.o
    0x0800227a   0x00000002   PAD
    0x0800227c   0x00000088   Code   RO         3717    i.HAL_SPI_Init      stm32f1xx_hal_spi_ex.o
    0x08002304   0x000000fc   Code   RO          677    i.HAL_SPI_MspInit   stm32f1xx_hal_msp.o
    0x08002400   0x000002b2   Code   RO         3489    i.HAL_SPI_TransmitReceive  stm32f1xx_hal_spi.o
    0x080026b2   0x00000018   Code   RO          873    i.HAL_SYSTICK_CLKSourceConfig  stm32f1xx_hal_cortex.o
    0x080026ca   0x00000028   Code   RO          875    i.HAL_SYSTICK_Config  stm32f1xx_hal_cortex.o
    0x080026f2   0x00000036   Code   RO         1878    i.HAL_TIM_Base_Init  stm32f1xx_hal_tim.o
    0x08002728   0x00000002   Code   RO         1880    i.HAL_TIM_Base_MspInit  stm32f1xx_hal_tim.o
    0x0800272a   0x00000018   Code   RO         1883    i.HAL_TIM_Base_Start_IT  stm32f1xx_hal_tim.o
    0x08002742   0x00000002   PAD
    0x08002744   0x0000006c   Code   RO         1953    i.HAL_TIM_PWM_Start_IT  stm32f1xx_hal_tim.o
    0x080027b0   0x00000088   Code   RO         1956    i.HAL_TIM_PWM_Stop_IT  stm32f1xx_hal_tim.o
    0x08002838   0x00000002   Code   RO         1356    i.HAL_UART_ErrorCallback  stm32f1xx_hal_uart.o
    0x0800283a   0x00000006   Code   RO         1358    i.HAL_UART_GetState  stm32f1xx_hal_uart.o
    0x08002840   0x000000d8   Code   RO         1359    i.HAL_UART_IRQHandler  stm32f1xx_hal_uart.o
    0x08002918   0x0000005e   Code   RO         1360    i.HAL_UART_Init     stm32f1xx_hal_uart.o
    0x08002976   0x00000002   PAD
    0x08002978   0x0000008c   Code   RO         3882    i.HAL_UART_MspInit  usart.o
    0x08002a04   0x000000ca   Code   RO         1363    i.HAL_UART_Receive  stm32f1xx_hal_uart.o
    0x08002ace   0x00000068   Code   RO         1365    i.HAL_UART_Receive_IT  stm32f1xx_hal_uart.o
    0x08002b36   0x00000002   PAD
    0x08002b38   0x00000058   Code   RO         3883    i.HAL_UART_RxCpltCallback  usart.o
    0x08002b90   0x000000c8   Code   RO         1368    i.HAL_UART_Transmit  stm32f1xx_hal_uart.o
    0x08002c58   0x00000002   Code   RO         1371    i.HAL_UART_TxCpltCallback  stm32f1xx_hal_uart.o
    0x08002c5a   0x00000002   Code   RO          458    i.HardFault_Handler  stm32f1xx_it.o
    0x08002c5c   0x00000016   Code   RO         7524    i.Init_BL180        bl180.o
    0x08002c72   0x00000002   PAD
    0x08002c74   0x000000bc   Code   RO            5    i.Init_Board_Config  main.o
    0x08002d30   0x00000228   Code   RO         7637    i.Init_M6e_Config   m6e_apply.o
    0x08002f58   0x00000038   Code   RO         7262    i.Init_Scan_FM100   fm100.o
    0x08002f90   0x0000006a   Code   RO         9316    i.IsAntennaReadTimeEnabled  tm_reader.o
    0x08002ffa   0x0000008c   Code   RO         9317    i.IsDutyCycleEnabled  tm_reader.o
    0x08003086   0x00000002   Code   RO         6527    i.KeepTemperatureDegree  keep_temperature.o
    0x08003088   0x00000004   Code   RO         4964    i.L6206_GetMotorHandle  x_nucleo_ihmxx.o
    0x0800308c   0x00000004   Code   RO         4965    i.L6208_GetMotorHandle  x_nucleo_ihmxx.o
    0x08003090   0x00000004   Code   RO         4966    i.L6474_GetMotorHandle  x_nucleo_ihmxx.o
    0x08003094   0x00000040   Code   RO         6227    i.LeftMoveTowardWaitPosition  factory_many.o
    0x080030d4   0x00000098   Code   RO         5525    i.Light_Sensor_Get  light.o
    0x0800316c   0x00000130   Code   RO         5526    i.Light_Sensor_Get_All  light.o
    0x0800329c   0x000000dc   Code   RO         5527    i.Light_Sensor_Init  light.o
    0x08003378   0x00000024   Code   RO         7486    i.Liquid_Sensor_Get  liquid_sensor.o
    0x0800339c   0x0000003c   Code   RO         7487    i.Liquid_Sensor_Init  liquid_sensor.o
    0x080033d8   0x00000008   Code   RO         9815    i.Load_BL180_Uart_Config  uart_config.o
    0x080033e0   0x00000008   Code   RO         9816    i.Load_RFID_Uart_Config  uart_config.o
    0x080033e8   0x00000018   Code   RO         7638    i.M6e_Magic_Get_One_Rfid_Info  m6e_apply.o
    0x08003400   0x0000001c   Code   RO         7639    i.M6e_Magic_Read_Rfid_Info  m6e_apply.o
    0x0800341c   0x00000078   Code   RO         7640    i.M6e_Magic_Write_Rfid_Blank  m6e_apply.o
    0x08003494   0x00000040   Code   RO         7641    i.M6e_Magic_Write_Rfid_EPC  m6e_apply.o
    0x080034d4   0x0000022c   Code   RO         7642    i.M6e_Read_Info     m6e_apply.o
    0x08003700   0x0000004c   Code   RO         6229    i.March_Transporter_Belt  factory_many.o
    0x0800374c   0x00000020   Code   RO         6230    i.March_high_wheel  factory_many.o
    0x0800376c   0x00000036   Code   RO         9997    i.Master_Mini_Board_Get_Degree  mini_board_protocol.o
    0x080037a2   0x0000002e   Code   RO         9998    i.Master_Mini_Board_Set_Degree  mini_board_protocol.o
    0x080037d0   0x000000ac   Code   RO         9999    i.Master_Mini_Board_Transfer_Interface  mini_board_protocol.o
    0x0800387c   0x00000002   Code   RO          459    i.MemManage_Handler  stm32f1xx_it.o
    0x0800387e   0x00000002   PAD
    0x08003880   0x00000058   Code   RO         6231    i.Mix_Blood_High_Speed  factory_many.o
    0x080038d8   0x00000018   Code   RO         6232    i.Mix_Work_Goto_Postion  factory_many.o
    0x080038f0   0x00000050   Code   RO         6233    i.Motor_Move_And_Wait  factory_many.o
    0x08003940   0x00000050   Code   RO         6234    i.Motor_Move_And_Wait_Select  factory_many.o
    0x08003990   0x00000002   Code   RO          460    i.NMI_Handler       stm32f1xx_it.o
    0x08003992   0x00000020   Code   RO          877    i.NVIC_SetPriority  stm32f1xx_hal_cortex.o
    0x080039b2   0x00000016   Code   RO         6235    i.Normal_Goto_First_Position  factory_many.o
    0x080039c8   0x00000016   Code   RO         6236    i.Normal_Move_Blank  factory_many.o
    0x080039de   0x00000024   Code   RO         6237    i.Normal_Pitch_Move_Next  factory_many.o
    0x08003a02   0x00000024   Code   RO         6238    i.Normal_Pitch_Move_Next_The_Last_Two  factory_many.o
    0x08003a26   0x00000002   PAD
    0x08003a28   0x00000130   Code   RO         7263    i.Obtain_Barcode_String  fm100.o
    0x08003b58   0x00000002   Code   RO          461    i.PendSV_Handler    stm32f1xx_it.o
    0x08003b5a   0x00000002   PAD
    0x08003b5c   0x000000a4   Code   RO         4751    i.PowerStep_Select_Motor_Baby  x_nucleo_ihm03a1_stm32f1xx.o
    0x08003c00   0x00000014   Code   RO         4490    i.Powerstep01_AccDec_RegVal_to_Steps_s2  powerstep01.o
    0x08003c14   0x0000001c   Code   RO         4425    i.Powerstep01_AccDec_Steps_s2_to_RegVal  powerstep01.o
    0x08003c30   0x0000000c   Code   RO         4021    i.Powerstep01_AttachBusyInterrupt  powerstep01.o
    0x08003c3c   0x0000000c   Code   RO         4022    i.Powerstep01_AttachErrorHandler  powerstep01.o
    0x08003c48   0x0000000c   Code   RO         4023    i.Powerstep01_AttachFlagInterrupt  powerstep01.o
    0x08003c54   0x0000001c   Code   RO         4390    i.Powerstep01_BEMFslope_Perc_to_RegVal  powerstep01.o
    0x08003c70   0x00000014   Code   RO         4440    i.Powerstep01_BEMFslope_RegVal_to_Perc  powerstep01.o
    0x08003c84   0x0000000c   Code   RO         4752    i.Powerstep01_Board_BUSY_PIN_GetState  x_nucleo_ihm03a1_stm32f1xx.o
    0x08003c90   0x00000004   Code   RO         4753    i.Powerstep01_Board_Delay  x_nucleo_ihm03a1_stm32f1xx.o
    0x08003c94   0x00000004   Code   RO         4754    i.Powerstep01_Board_DisableIrq  x_nucleo_ihm03a1_stm32f1xx.o
    0x08003c98   0x00000004   Code   RO         4755    i.Powerstep01_Board_EnableIrq  x_nucleo_ihm03a1_stm32f1xx.o
    0x08003c9c   0x0000000c   Code   RO         4756    i.Powerstep01_Board_FLAG_PIN_GetState  x_nucleo_ihm03a1_stm32f1xx.o
    0x08003ca8   0x00000210   Code   RO         4757    i.Powerstep01_Board_GpioInit  x_nucleo_ihm03a1_stm32f1xx.o
    0x08003eb8   0x00000068   Code   RO         4758    i.Powerstep01_Board_PullUp_Cs_All  x_nucleo_ihm03a1_stm32f1xx.o
    0x08003f20   0x00000010   Code   RO         4759    i.Powerstep01_Board_ReleaseReset  x_nucleo_ihm03a1_stm32f1xx.o
    0x08003f30   0x00000068   Code   RO         4760    i.Powerstep01_Board_ReleaseReset_All  x_nucleo_ihm03a1_stm32f1xx.o
    0x08003f98   0x00000010   Code   RO         4761    i.Powerstep01_Board_Reset  x_nucleo_ihm03a1_stm32f1xx.o
    0x08003fa8   0x0000006c   Code   RO         4762    i.Powerstep01_Board_Reset_All  x_nucleo_ihm03a1_stm32f1xx.o
    0x08004014   0x0000003c   Code   RO         4763    i.Powerstep01_Board_SpiInit  x_nucleo_ihm03a1_stm32f1xx.o
    0x08004050   0x00000060   Code   RO         4764    i.Powerstep01_Board_SpiWriteBytes  x_nucleo_ihm03a1_stm32f1xx.o
    0x080040b0   0x00000030   Code   RO         4765    i.Powerstep01_Board_StartStepClock  x_nucleo_ihm03a1_stm32f1xx.o
    0x080040e0   0x0000000c   Code   RO         4767    i.Powerstep01_Board_StopStepClock  x_nucleo_ihm03a1_stm32f1xx.o
    0x080040ec   0x0000001c   Code   RO         4024    i.Powerstep01_BusyInterruptHandler  powerstep01.o
    0x08004108   0x00000010   Code   RO         4025    i.Powerstep01_CheckBusyHw  powerstep01.o
    0x08004118   0x00000010   Code   RO         4026    i.Powerstep01_CheckStatusHw  powerstep01.o
    0x08004128   0x00000100   Code   RO         4027    i.Powerstep01_CmdGetParam  powerstep01.o
    0x08004228   0x0000009c   Code   RO         4028    i.Powerstep01_CmdGetStatus  powerstep01.o
    0x080042c4   0x00000008   Code   RO         4029    i.Powerstep01_CmdGoHome  powerstep01.o
    0x080042cc   0x00000008   Code   RO         4030    i.Powerstep01_CmdGoMark  powerstep01.o
    0x080042d4   0x00000008   Code   RO         4031    i.Powerstep01_CmdGoTo  powerstep01.o
    0x080042dc   0x00000008   Code   RO         4032    i.Powerstep01_CmdGoToDir  powerstep01.o
    0x080042e4   0x0000000c   Code   RO         4033    i.Powerstep01_CmdGoUntil  powerstep01.o
    0x080042f0   0x00000008   Code   RO         4034    i.Powerstep01_CmdHardHiZ  powerstep01.o
    0x080042f8   0x00000008   Code   RO         4035    i.Powerstep01_CmdHardStop  powerstep01.o
    0x08004300   0x00000008   Code   RO         4036    i.Powerstep01_CmdMove  powerstep01.o
    0x08004308   0x00000008   Code   RO         4037    i.Powerstep01_CmdNop  powerstep01.o
    0x08004310   0x0000000c   Code   RO         4038    i.Powerstep01_CmdReleaseSw  powerstep01.o
    0x0800431c   0x00000008   Code   RO         4039    i.Powerstep01_CmdResetDevice  powerstep01.o
    0x08004324   0x00000008   Code   RO         4040    i.Powerstep01_CmdResetPos  powerstep01.o
    0x0800432c   0x00000008   Code   RO         4041    i.Powerstep01_CmdRun  powerstep01.o
    0x08004334   0x000000f0   Code   RO         4042    i.Powerstep01_CmdSetParam  powerstep01.o
    0x08004424   0x00000008   Code   RO         4043    i.Powerstep01_CmdSoftHiZ  powerstep01.o
    0x0800442c   0x00000008   Code   RO         4044    i.Powerstep01_CmdSoftStop  powerstep01.o
    0x08004434   0x0000000a   Code   RO         4045    i.Powerstep01_CmdStepClock  powerstep01.o
    0x0800443e   0x00000010   Code   RO         4046    i.Powerstep01_ConvertPosition  powerstep01.o
    0x0800444e   0x00000002   PAD
    0x08004450   0x00000010   Code   RO         4047    i.Powerstep01_ErrorHandler  powerstep01.o
    0x08004460   0x00000020   Code   RO         4470    i.Powerstep01_FSSpd_RegVal_to_Steps_s  powerstep01.o
    0x08004480   0x00000014   Code   RO         4415    i.Powerstep01_FSSpd_Steps_s_to_RegVal  powerstep01.o
    0x08004494   0x00000050   Code   RO         4048    i.Powerstep01_FetchAndClearAllStatus  powerstep01.o
    0x080044e4   0x0000001c   Code   RO         4049    i.Powerstep01_FlagInterruptHandler  powerstep01.o
    0x08004500   0x000000a4   Code   RO         4050    i.Powerstep01_GetAnalogValue  powerstep01.o
    0x080045a4   0x0000002c   Code   RO         4051    i.Powerstep01_GetFetchedStatus  powerstep01.o
    0x080045d0   0x00000008   Code   RO         4052    i.Powerstep01_GetFwVersion  powerstep01.o
    0x080045d8   0x00000010   Code   RO         4053    i.Powerstep01_GetMark  powerstep01.o
    0x080045e8   0x00000008   Code   RO         4054    i.Powerstep01_GetMotorHandle  powerstep01.o
    0x080045f0   0x0000000c   Code   RO         4055    i.Powerstep01_GetNbDevices  powerstep01.o
    0x080045fc   0x00000010   Code   RO         4056    i.Powerstep01_GetPosition  powerstep01.o
    0x0800460c   0x00000020   Code   RO         4057    i.Powerstep01_Init  powerstep01.o
    0x0800462c   0x00000022   Code   RO         4058    i.Powerstep01_Init_Register  powerstep01.o
    0x0800464e   0x00000002   PAD
    0x08004650   0x00000014   Code   RO         4465    i.Powerstep01_IntSpd_RegVal_to_Steps_s  powerstep01.o
    0x08004664   0x0000001c   Code   RO         4410    i.Powerstep01_IntSpd_Steps_s_to_RegVal  powerstep01.o
    0x08004680   0x00000012   Code   RO         4059    i.Powerstep01_IsDeviceBusy  powerstep01.o
    0x08004692   0x00000020   Code   RO         4405    i.Powerstep01_KTherm_Comp_to_RegVal  powerstep01.o
    0x080046b2   0x0000001a   Code   RO         4460    i.Powerstep01_KTherm_RegVal_to_Comp  powerstep01.o
    0x080046cc   0x0000001c   Code   RO         4395    i.Powerstep01_Kval_Perc_to_RegVal  powerstep01.o
    0x080046e8   0x00000014   Code   RO         4450    i.Powerstep01_Kval_RegVal_to_Perc  powerstep01.o
    0x080046fc   0x00000014   Code   RO         4480    i.Powerstep01_MaxSpd_RegVal_to_Steps_s  powerstep01.o
    0x08004710   0x0000001c   Code   RO         4420    i.Powerstep01_MaxSpd_Steps_s_to_RegVal  powerstep01.o
    0x0800472c   0x00000014   Code   RO         4475    i.Powerstep01_MinSpd_RegVal_to_Steps_s  powerstep01.o
    0x08004740   0x0000001c   Code   RO         4430    i.Powerstep01_MinSpd_Steps_s_to_RegVal  powerstep01.o
    0x0800475c   0x0000005c   Code   RO         4060    i.Powerstep01_QueueCommands  powerstep01.o
    0x080047b8   0x0000000c   Code   RO         4061    i.Powerstep01_ReadId  powerstep01.o
    0x080047c4   0x0000000c   Code   RO         4062    i.Powerstep01_ReadStatusRegister  powerstep01.o
    0x080047d0   0x00000004   Code   RO         4063    i.Powerstep01_ReleaseReset  powerstep01.o
    0x080047d4   0x00000004   Code   RO         4064    i.Powerstep01_Reset  powerstep01.o
    0x080047d8   0x0000005c   Code   RO         4065    i.Powerstep01_SelectStepMode  powerstep01.o
    0x08004834   0x000000d0   Code   RO         4066    i.Powerstep01_SendCommand  powerstep01.o
    0x08004904   0x00000024   Code   RO         4067    i.Powerstep01_SendQueuedCommands  powerstep01.o
    0x08004928   0x000001a0   Code   RO         4068    i.Powerstep01_SetAnalogValue  powerstep01.o
    0x08004ac8   0x0000023a   Code   RO         4069    i.Powerstep01_SetDeviceParamsToGivenValues  powerstep01.o
    0x08004d02   0x0000001a   Code   RO         4070    i.Powerstep01_SetHome  powerstep01.o
    0x08004d1c   0x00000008   Code   RO         4071    i.Powerstep01_SetMark  powerstep01.o
    0x08004d24   0x00000014   Code   RO         4072    i.Powerstep01_SetNbDevices  powerstep01.o
    0x08004d38   0x000001a0   Code   RO         4073    i.Powerstep01_SetRegisterToPredefinedValues  powerstep01.o
    0x08004ed8   0x00000014   Code   RO         4485    i.Powerstep01_Speed_RegVal_to_Steps_s  powerstep01.o
    0x08004eec   0x00000018   Code   RO         4455    i.Powerstep01_StallOcd_RegVal_to_Th  powerstep01.o
    0x08004f04   0x00000028   Code   RO         4400    i.Powerstep01_StallOcd_Th_to_RegVal  powerstep01.o
    0x08004f2c   0x00000004   Code   RO         4074    i.Powerstep01_StartStepClock  powerstep01.o
    0x08004f30   0x00000004   Code   RO         4075    i.Powerstep01_StopStepClock  powerstep01.o
    0x08004f34   0x00000014   Code   RO         4435    i.Powerstep01_Tmin_RegVal_to_Time  powerstep01.o
    0x08004f48   0x00000020   Code   RO         4380    i.Powerstep01_Tmin_Time_to_RegVal  powerstep01.o
    0x08004f68   0x00000028   Code   RO         4385    i.Powerstep01_Tval_RefVoltage_to_RegVal  powerstep01.o
    0x08004f90   0x00000018   Code   RO         4445    i.Powerstep01_Tval_RegVal_to_RefVoltage  powerstep01.o
    0x08004fa8   0x00000028   Code   RO         4076    i.Powerstep01_WaitForAllDevicesNotBusy  powerstep01.o
    0x08004fd0   0x00000010   Code   RO         4077    i.Powerstep01_WaitWhileActive  powerstep01.o
    0x08004fe0   0x0000001c   Code   RO         4078    i.Powerstep01_WriteBytes  powerstep01.o
    0x08004ffc   0x00000058   Code   RO         6239    i.ReadyAndCheckLeftPosition  factory_many.o
    0x08005054   0x00000052   Code   RO         6240    i.ReadyAndCheckNextPosition  factory_many.o
    0x080050a6   0x00000002   PAD
    0x080050a8   0x00000060   Code   RO        10070    i.Real_Time_Polling_Current_Index  real_time_polling.o
    0x08005108   0x0000001c   Code   RO        10071    i.Real_Time_Polling_Init  real_time_polling.o
    0x08005124   0x00000004   Code   RO         6531    i.Rearch_Degree_Wait  keep_temperature.o
    0x08005128   0x00000090   Code   RO         6129    i.RestSelectMotorOrgin  step01.o
    0x080051b8   0x00000022   Code   RO         6130    i.RestSelectMotorOrginSelect  step01.o
    0x080051da   0x00000004   Code   RO         6872    i.Rest_C55_C52_Position  slave_uart_control_interface.o
    0x080051de   0x00000002   Code   RO         6243    i.Rest_Injection_Module_Motor  factory_many.o
    0x080051e0   0x00000038   Code   RO         6245    i.Rest_Transporter_Belt  factory_many.o
    0x08005218   0x00000016   Code   RO         6246    i.Rest_high_wheel   factory_many.o
    0x0800522e   0x00000002   PAD
    0x08005230   0x00000048   Code   RO         9903    i.SPI3_Init         spi3.o
    0x08005278   0x00000020   Code   RO         9904    i.SPI3_ReadWriteByte  spi3.o
    0x08005298   0x00000034   Code   RO         9905    i.SPI3_SetSpeed     spi3.o
    0x080052cc   0x00000032   Code   RO         6057    i.SPI3_Transfer     weight.o
    0x080052fe   0x0000009e   Code   RO         3511    i.SPI_WaitOnFlagUntilTimeout  stm32f1xx_hal_spi.o
    0x0800539c   0x0000003c   Code   RO        10037    i.STM32_Change_Protocol_Control_Mini_Board_Get_Degree  rs232_change_protocol.o
    0x080053d8   0x0000003c   Code   RO        10038    i.STM32_Change_Protocol_Control_Mini_Board_Set_Degree  rs232_change_protocol.o
    0x08005414   0x00000002   Code   RO          462    i.SVC_Handler       stm32f1xx_it.o
    0x08005416   0x00000002   PAD
    0x08005418   0x0000001c   Code   RO         7526    i.ScanChooseHandle  bl180.o
    0x08005434   0x000000d0   Code   RO         7527    i.Scan_Bar_Action   bl180.o
    0x08005504   0x00000010   Code   RO         6247    i.Scan_Motor_Slow_Spin  factory_many.o
    0x08005514   0x00000040   Code   RO         6532    i.SetTemperatureDegree  keep_temperature.o
    0x08005554   0x00000030   Code   RO         6058    i.Set_AD_CS         weight.o
    0x08005584   0x0000003c   Code   RO         6131    i.Set_Single_Motor_Config  step01.o
    0x080055c0   0x00000044   Code   RO         6059    i.Set_Weight_Sensor_Warnning_Line  weight.o
    0x08005604   0x00000060   Code   RO         7530    i.Start_BL180       bl180.o
    0x08005664   0x00000014   Code   RO         7264    i.Start_Scan_FM100  fm100.o
    0x08005678   0x00000044   Code   RO         3839    i.Stm32_Clock_Init  sys.o
    0x080056bc   0x00000002   Code   RO         6132    i.StopALLMotorMotion  step01.o
    0x080056be   0x00000016   Code   RO         7265    i.Stop_Scan_FM100   fm100.o
    0x080056d4   0x00000004   Code   RO         4968    i.Stspin220_GetMotorHandle  x_nucleo_ihmxx.o
    0x080056d8   0x00000004   Code   RO         4969    i.Stspin240_250_GetMotorHandle  x_nucleo_ihmxx.o
    0x080056dc   0x0000002c   Code   RO         7761    i.SysTick_Config    osdep_stm32f103rb.o
    0x08005708   0x00000004   Code   RO          463    i.SysTick_Handler   stm32f1xx_it.o
    0x0800570c   0x00000048   Code   RO          560    i.SystemInit        system_stm32f1xx.o
    0x08005754   0x00000034   Code   RO        10137    i.TIM4_IRQHandler   usmart.o
    0x08005788   0x00000028   Code   RO         5907    i.TIM5_IRQHandler   timer.o
    0x080057b0   0x00000084   Code   RO         1962    i.TIM_Base_SetConfig  stm32f1xx_hal_tim.o
    0x08005834   0x00000016   Code   RO         1963    i.TIM_CCxChannelCmd  stm32f1xx_hal_tim.o
    0x0800584a   0x00000032   Code   RO         9321    i.TMR_RP_init_simple  tm_reader.o
    0x0800587c   0x00000100   Code   RO         7815    i.TMR_SR_SerialReader_init  serial_reader.o
    0x0800597c   0x0000004c   Code   RO         9256    i.TMR_SR_SerialTransportNativeInit  serial_transport_stm32f103rb.o
    0x080059c8   0x0000050c   Code   RO         7816    i.TMR_SR_addTagOp   serial_reader.o
    0x08005ed4   0x00000314   Code   RO         7817    i.TMR_SR_boot       serial_reader.o
    0x080061e8   0x0000005e   Code   RO         8079    i.TMR_SR_cmdAntennaDetect  serial_reader_l3.o
    0x08006246   0x00000002   PAD
    0x08006248   0x00000068   Code   RO         8080    i.TMR_SR_cmdAuthReqResponse  serial_reader_l3.o
    0x080062b0   0x0000003e   Code   RO         8081    i.TMR_SR_cmdBlockErase  serial_reader_l3.o
    0x080062ee   0x00000002   PAD
    0x080062f0   0x00000158   Code   RO         8082    i.TMR_SR_cmdBlockPermaLock  serial_reader_l3.o
    0x08006448   0x00000118   Code   RO         8083    i.TMR_SR_cmdBlockWrite  serial_reader_l3.o
    0x08006560   0x0000009a   Code   RO         8085    i.TMR_SR_cmdBootFirmware  serial_reader_l3.o
    0x080065fa   0x0000001a   Code   RO         8086    i.TMR_SR_cmdClearTagBuffer  serial_reader_l3.o
    0x08006614   0x00000064   Code   RO         8088    i.TMR_SR_cmdGEN2LockTag  serial_reader_l3.o
    0x08006678   0x000000f4   Code   RO         8089    i.TMR_SR_cmdGEN2ReadAfterWriteTagData  serial_reader_l3.o
    0x0800676c   0x00000124   Code   RO         8090    i.TMR_SR_cmdGEN2ReadTagData  serial_reader_l3.o
    0x08006890   0x00000094   Code   RO         8091    i.TMR_SR_cmdGEN2WriteTagData  serial_reader_l3.o
    0x08006924   0x00000066   Code   RO         8095    i.TMR_SR_cmdGetAntennaPortPowersAndSettlingTime  serial_reader_l3.o
    0x0800698a   0x00000066   Code   RO         8096    i.TMR_SR_cmdGetAntennaReturnLoss  serial_reader_l3.o
    0x080069f0   0x0000007e   Code   RO         8097    i.TMR_SR_cmdGetAvailableProtocols  serial_reader_l3.o
    0x08006a6e   0x0000004e   Code   RO         8098    i.TMR_SR_cmdGetAvailableRegions  serial_reader_l3.o
    0x08006abc   0x00000022   Code   RO         8099    i.TMR_SR_cmdGetCurrentProgram  serial_reader_l3.o
    0x08006ade   0x0000002a   Code   RO         8100    i.TMR_SR_cmdGetCurrentProtocol  serial_reader_l3.o
    0x08006b08   0x00000058   Code   RO         8101    i.TMR_SR_cmdGetFrequencyHopTable  serial_reader_l3.o
    0x08006b60   0x00000038   Code   RO         8102    i.TMR_SR_cmdGetFrequencyHopTime  serial_reader_l3.o
    0x08006b98   0x00000092   Code   RO         8103    i.TMR_SR_cmdGetGPIO  serial_reader_l3.o
    0x08006c2a   0x00000032   Code   RO         8104    i.TMR_SR_cmdGetGPIODirection  serial_reader_l3.o
    0x08006c5c   0x0000004e   Code   RO         8105    i.TMR_SR_cmdGetHardwareVersion  serial_reader_l3.o
    0x08006caa   0x0000003a   Code   RO         8106    i.TMR_SR_cmdGetMinimumFrequency  serial_reader_l3.o
    0x08006ce4   0x00000028   Code   RO         8107    i.TMR_SR_cmdGetPowerMode  serial_reader_l3.o
    0x08006d0c   0x00000114   Code   RO         8108    i.TMR_SR_cmdGetProtocolConfiguration  serial_reader_l3.o
    0x08006e20   0x0000003a   Code   RO         8109    i.TMR_SR_cmdGetQuantizationStep  serial_reader_l3.o
    0x08006e5a   0x00000030   Code   RO         8110    i.TMR_SR_cmdGetReadTxPower  serial_reader_l3.o
    0x08006e8a   0x0000003e   Code   RO         8111    i.TMR_SR_cmdGetReadTxPowerWithLimits  serial_reader_l3.o
    0x08006ec8   0x000000b4   Code   RO         8112    i.TMR_SR_cmdGetReaderConfiguration  serial_reader_l3.o
    0x08006f7c   0x00000104   Code   RO         8113    i.TMR_SR_cmdGetReaderStatistics  serial_reader_l3.o
    0x08007080   0x00000148   Code   RO         8114    i.TMR_SR_cmdGetReaderStats  serial_reader_l3.o
    0x080071c8   0x0000003e   Code   RO         8115    i.TMR_SR_cmdGetReaderWriteTimeOut  serial_reader_l3.o
    0x08007206   0x00000028   Code   RO         8116    i.TMR_SR_cmdGetRegion  serial_reader_l3.o
    0x0800722e   0x00000002   PAD
    0x08007230   0x00000048   Code   RO         8117    i.TMR_SR_cmdGetRegionConfiguration  serial_reader_l3.o
    0x08007278   0x00000032   Code   RO         8118    i.TMR_SR_cmdGetTagsRemaining  serial_reader_l3.o
    0x080072aa   0x00000028   Code   RO         8119    i.TMR_SR_cmdGetTemperature  serial_reader_l3.o
    0x080072d2   0x00000028   Code   RO         8121    i.TMR_SR_cmdGetUserMode  serial_reader_l3.o
    0x080072fa   0x00000030   Code   RO         8123    i.TMR_SR_cmdGetWriteTxPower  serial_reader_l3.o
    0x0800732a   0x00000002   PAD
    0x0800732c   0x00000060   Code   RO         8136    i.TMR_SR_cmdKillTag  serial_reader_l3.o
    0x0800738c   0x000000e8   Code   RO         8140    i.TMR_SR_cmdMultipleProtocolSearch  serial_reader_l3.o
    0x08007474   0x000000a0   Code   RO         7818    i.TMR_SR_cmdProbeBaudRate  serial_reader.o
    0x08007514   0x00000114   Code   RO         8148    i.TMR_SR_cmdReadAfterWriteGen2TagEpc  serial_reader_l3.o
    0x08007628   0x000000b0   Code   RO         8149    i.TMR_SR_cmdReadTagMultiple  serial_reader_l3.o
    0x080076d8   0x00000028   Code   RO         8150    i.TMR_SR_cmdResetReaderStatistics  serial_reader_l3.o
    0x08007700   0x00000050   Code   RO         8151    i.TMR_SR_cmdResetReaderStats  serial_reader_l3.o
    0x08007750   0x00000076   Code   RO         8169    i.TMR_SR_cmdSetAntennaPortPowersAndSettlingTime  serial_reader_l3.o
    0x080077c6   0x00000046   Code   RO         8170    i.TMR_SR_cmdSetAntennaSearchList  serial_reader_l3.o
    0x0800780c   0x00000030   Code   RO         8171    i.TMR_SR_cmdSetBaudRate  serial_reader_l3.o
    0x0800783c   0x00000058   Code   RO         8172    i.TMR_SR_cmdSetFrequencyHopTable  serial_reader_l3.o
    0x08007894   0x00000036   Code   RO         8173    i.TMR_SR_cmdSetFrequencyHopTime  serial_reader_l3.o
    0x080078ca   0x0000002e   Code   RO         8175    i.TMR_SR_cmdSetGPIODirection  serial_reader_l3.o
    0x080078f8   0x00000036   Code   RO         8176    i.TMR_SR_cmdSetMinimumFrequency  serial_reader_l3.o
    0x0800792e   0x0000001e   Code   RO         8177    i.TMR_SR_cmdSetPowerMode  serial_reader_l3.o
    0x0800794c   0x00000024   Code   RO         8178    i.TMR_SR_cmdSetProtocol  serial_reader_l3.o
    0x08007970   0x00000168   Code   RO         8179    i.TMR_SR_cmdSetProtocolConfiguration  serial_reader_l3.o
    0x08007ad8   0x00000074   Code   RO         8180    i.TMR_SR_cmdSetProtocolLicenseKey  serial_reader_l3.o
    0x08007b4c   0x00000036   Code   RO         8181    i.TMR_SR_cmdSetQuantizationStep  serial_reader_l3.o
    0x08007b82   0x00000002   PAD
    0x08007b84   0x00000038   Code   RO         8182    i.TMR_SR_cmdSetReadTxPower  serial_reader_l3.o
    0x08007bbc   0x000000ac   Code   RO         8183    i.TMR_SR_cmdSetReaderConfiguration  serial_reader_l3.o
    0x08007c68   0x00000036   Code   RO         8184    i.TMR_SR_cmdSetReaderWriteTimeOut  serial_reader_l3.o
    0x08007c9e   0x0000001e   Code   RO         8185    i.TMR_SR_cmdSetRegion  serial_reader_l3.o
    0x08007cbc   0x00000022   Code   RO         8186    i.TMR_SR_cmdSetRegionLbt  serial_reader_l3.o
    0x08007cde   0x00000068   Code   RO         8187    i.TMR_SR_cmdSetRegulatoryTest  serial_reader_l3.o
    0x08007d46   0x00000022   Code   RO         8188    i.TMR_SR_cmdSetTxRxPorts  serial_reader_l3.o
    0x08007d68   0x0000001e   Code   RO         8189    i.TMR_SR_cmdSetUserMode  serial_reader_l3.o
    0x08007d86   0x00000002   PAD
    0x08007d88   0x00000214   Code   RO         8190    i.TMR_SR_cmdSetUserProfile  serial_reader_l3.o
    0x08007f9c   0x00000038   Code   RO         8191    i.TMR_SR_cmdSetWriteTxPower  serial_reader_l3.o
    0x08007fd4   0x00000038   Code   RO         8192    i.TMR_SR_cmdStopReading  serial_reader_l3.o
    0x0800800c   0x000000aa   Code   RO         8196    i.TMR_SR_cmdVersion  serial_reader_l3.o
    0x080080b6   0x00000002   PAD
    0x080080b8   0x000000b4   Code   RO         8198    i.TMR_SR_cmdWriteGen2TagEpc  serial_reader_l3.o
    0x0800816c   0x0000006c   Code   RO         7819    i.TMR_SR_connect    serial_reader.o
    0x080081d8   0x00000032   Code   RO         7820    i.TMR_SR_destroy    serial_reader.o
    0x0800820a   0x00000002   PAD
    0x0800820c   0x00000108   Code   RO         8200    i.TMR_SR_executeEmbeddedRead  serial_reader_l3.o
    0x08008314   0x000002f4   Code   RO         7821    i.TMR_SR_executeTagOp  serial_reader.o
    0x08008608   0x00000164   Code   RO         7823    i.TMR_SR_getNextTag  serial_reader.o
    0x0800876c   0x00000224   Code   RO         7826    i.TMR_SR_hasMoreTags  serial_reader.o
    0x08008990   0x000000c8   Code   RO         8201    i.TMR_SR_msgAddGEN2BlockErase  serial_reader_l3.o
    0x08008a58   0x000000ea   Code   RO         8202    i.TMR_SR_msgAddGEN2BlockPermaLock  serial_reader_l3.o
    0x08008b42   0x00000108   Code   RO         8203    i.TMR_SR_msgAddGEN2BlockWrite  serial_reader_l3.o
    0x08008c4a   0x00000002   PAD
    0x08008c4c   0x000000a4   Code   RO         8204    i.TMR_SR_msgAddGEN2DataRead  serial_reader_l3.o
    0x08008cf0   0x0000008c   Code   RO         8205    i.TMR_SR_msgAddGEN2DataWrite  serial_reader_l3.o
    0x08008d7c   0x00000070   Code   RO         8206    i.TMR_SR_msgAddGEN2KillTag  serial_reader_l3.o
    0x08008dec   0x00000098   Code   RO         8207    i.TMR_SR_msgAddGEN2LockTag  serial_reader_l3.o
    0x08008e84   0x0000004c   Code   RO         8208    i.TMR_SR_msgAddGEN2WriteTagEPC  serial_reader_l3.o
    0x08008ed0   0x000002ac   Code   RO         8250    i.TMR_SR_msgSetupMultipleProtocolSearch  serial_reader_l3.o
    0x0800917c   0x00000022   Code   RO         8251    i.TMR_SR_msgSetupReadTagMultiple  serial_reader_l3.o
    0x0800919e   0x00000002   PAD
    0x080091a0   0x00000260   Code   RO         8252    i.TMR_SR_msgSetupReadTagMultipleWithMetadata  serial_reader_l3.o
    0x08009400   0x0000006e   Code   RO         8253    i.TMR_SR_msgSetupReadTagSingle  serial_reader_l3.o
    0x0800946e   0x00000002   PAD
    0x08009470   0x00000978   Code   RO         7830    i.TMR_SR_paramGet   serial_reader.o
    0x08009de8   0x0000085c   Code   RO         7831    i.TMR_SR_paramSet   serial_reader.o
    0x0800a644   0x00000132   Code   RO         8254    i.TMR_SR_parseMetadataFromMessage  serial_reader_l3.o
    0x0800a776   0x0000020a   Code   RO         8255    i.TMR_SR_parseMetadataOnly  serial_reader_l3.o
    0x0800a980   0x000000f8   Code   RO         8256    i.TMR_SR_postprocessReaderSpecificMetadata  serial_reader_l3.o
    0x0800aa78   0x000000e4   Code   RO         7832    i.TMR_SR_read       serial_reader.o
    0x0800ab5c   0x00000098   Code   RO         7833    i.TMR_SR_readAfterWriteTagMemWords  serial_reader.o
    0x0800abf4   0x00000420   Code   RO         7836    i.TMR_SR_read_internal  serial_reader.o
    0x0800b014   0x000001e4   Code   RO         8258    i.TMR_SR_receiveMessage  serial_reader_l3.o
    0x0800b1f8   0x00000008   Code   RO         8259    i.TMR_SR_send       serial_reader_l3.o
    0x0800b200   0x00000030   Code   RO         8260    i.TMR_SR_sendBytes  serial_reader_l3.o
    0x0800b230   0x000000e4   Code   RO         8261    i.TMR_SR_sendMessage  serial_reader_l3.o
    0x0800b314   0x0000005e   Code   RO         8262    i.TMR_SR_sendTimeout  serial_reader_l3.o
    0x0800b372   0x00000002   PAD
    0x0800b374   0x000000e0   Code   RO         7840    i.TMR_SR_writeTagMemBytes  serial_reader.o
    0x0800b454   0x0000003a   Code   RO         7841    i.TMR_SR_writeTagMemWords  serial_reader.o
    0x0800b48e   0x00000074   Code   RO         9337    i.TMR_TRD_init      tm_reader.o
    0x0800b502   0x00000010   Code   RO         9344    i.TMR_TagOp_init_GEN2_ReadData  tm_reader.o
    0x0800b512   0x00000016   Code   RO         9347    i.TMR_TagOp_init_GEN2_WriteData  tm_reader.o
    0x0800b528   0x0000000a   Code   RO         9348    i.TMR_TagOp_init_GEN2_WriteTag  tm_reader.o
    0x0800b532   0x0000002e   Code   RO         9352    i.TMR__notifyTransportListeners  tm_reader.o
    0x0800b560   0x00000030   Code   RO         7720    i.TMR_bytesToHex    hex_bytes.o
    0x0800b590   0x00000034   Code   RO         9723    i.TMR_bytesToWords  tmr_utils.o
    0x0800b5c4   0x00000190   Code   RO         9354    i.TMR_create        tm_reader.o
    0x0800b754   0x000001e0   Code   RO         8263    i.TMR_fillReaderStats  serial_reader_l3.o
    0x0800b934   0x00000038   Code   RO         7721    i.TMR_hexDottedQuad  hex_bytes.o
    0x0800b96c   0x00000094   Code   RO         9357    i.TMR_initSerialTransportTable  tm_reader.o
    0x0800ba00   0x00000022   Code   RO         9359    i.TMR_paramGet      tm_reader.o
    0x0800ba22   0x0000004a   Code   RO         9361    i.TMR_paramProbe    tm_reader.o
    0x0800ba6c   0x00000006   Code   RO         9362    i.TMR_paramSet      tm_reader.o
    0x0800ba72   0x00000066   Code   RO         9364    i.TMR_reader_init_internal  tm_reader.o
    0x0800bad8   0x00000024   Code   RO         9725    i.TMR_stringCopy    tmr_utils.o
    0x0800bafc   0x00000022   Code   RO         9726    i.TMR_wordsToBytes  tmr_utils.o
    0x0800bb1e   0x00000002   PAD
    0x0800bb20   0x00000054   Code   RO        10138    i.Timer4_Init       usmart.o
    0x0800bb74   0x000000a8   Code   RO         6605    i.UART2_Init        uart2.o
    0x0800bc1c   0x000000a8   Code   RO         6606    i.UART2_Init_Check  uart2.o
    0x0800bcc4   0x0000004c   Code   RO         6607    i.UART2_Receive_Data  uart2.o
    0x0800bd10   0x00000020   Code   RO         6608    i.UART2_Send_Data   uart2.o
    0x0800bd30   0x00000034   Code   RO         5469    i.UART3_Receive_Data  uart3.o
    0x0800bd64   0x00000020   Code   RO         5470    i.UART3_Send_Data   uart3.o
    0x0800bd84   0x00000044   Code   RO         6406    i.UART4_IRQHandler  uart4.o
    0x0800bdc8   0x000000a8   Code   RO         6407    i.UART4_Init        uart4.o
    0x0800be70   0x0000003c   Code   RO         6408    i.UART4_Receive_Data  uart4.o
    0x0800beac   0x00000020   Code   RO         6409    i.UART4_Send_Data   uart4.o
    0x0800becc   0x00000044   Code   RO         9942    i.UART5_IRQHandler  uart5.o
    0x0800bf10   0x000000b8   Code   RO         9943    i.UART5_Init        uart5.o
    0x0800bfc8   0x00000034   Code   RO         9944    i.UART5_Receive_Data  uart5.o
    0x0800bffc   0x00000020   Code   RO         9945    i.UART5_Send_Data   uart5.o
    0x0800c01c   0x000000a6   Code   RO         1378    i.UART_Receive_IT   stm32f1xx_hal_uart.o
    0x0800c0c2   0x00000002   PAD
    0x0800c0c4   0x00000170   Code   RO         1379    i.UART_SetConfig    stm32f1xx_hal_uart.o
    0x0800c234   0x00000066   Code   RO         1380    i.UART_Transmit_IT  stm32f1xx_hal_uart.o
    0x0800c29a   0x00000092   Code   RO         1381    i.UART_WaitOnFlagUntilTimeout  stm32f1xx_hal_uart.o
    0x0800c32c   0x0000002c   Code   RO         3884    i.USART1_IRQHandler  usart.o
    0x0800c358   0x000000e8   Code   RO         6609    i.USART2_IRQHandler  uart2.o
    0x0800c440   0x000000a8   Code   RO         5471    i.USART3_IRQHandler  uart3.o
    0x0800c4e8   0x00000012   Code   RO         9817    i.Uart2_Config_Init  uart_config.o
    0x0800c4fa   0x00000002   PAD
    0x0800c4fc   0x0000000c   Code   RO         6610    i.Uart2_Rx_Clear    uart2.o
    0x0800c508   0x0000000c   Code   RO         5472    i.Uart3_Rx_Clear    uart3.o
    0x0800c514   0x0000000c   Code   RO         6410    i.Uart4_Rx_Clear    uart4.o
    0x0800c520   0x00000012   Code   RO         9818    i.Uart_Clear_Context  uart_config.o
    0x0800c532   0x00000002   PAD
    0x0800c534   0x000000c8   Code   RO         6669    i.Uart_Select_Baby  uart_choose.o
    0x0800c5fc   0x00000040   Code   RO         6670    i.Uart_cs_init      uart_choose.o
    0x0800c63c   0x00000002   Code   RO          464    i.UsageFault_Handler  stm32f1xx_it.o
    0x0800c63e   0x00000002   PAD
    0x0800c640   0x00000054   Code   RO         6060    i.Weight_Sensor_Init  weight.o
    0x0800c694   0x00000020   Code   RO        10566    i.__0printf$8       mc_w.l(printf8.o)
    0x0800c6b4   0x00000028   Code   RO        10568    i.__0sprintf$8      mc_w.l(printf8.o)
    0x0800c6dc   0x00000016   Code   RO         6133    i.__BSP_MotorControl_HardStop__  step01.o
    0x0800c6f2   0x0000001a   Code   RO         6134    i.__BSP_MotorControl_Move__  step01.o
    0x0800c70c   0x00000016   Code   RO         6135    i.__BSP_MotorControl_WaitWhileActive__  step01.o
    0x0800c722   0x00000002   PAD
    0x0800c724   0x0000003c   Code   RO         6882    i.__InfoBoard__     slave_uart_control_interface.o
    0x0800c760   0x00000050   Code   RO        10625    i.__malloc$realloc  mc_w.l(mallocr.o)
    0x0800c7b0   0x0000000e   Code   RO        10715    i.__scatterload_copy  mc_w.l(handlers.o)
    0x0800c7be   0x00000002   Code   RO        10716    i.__scatterload_null  mc_w.l(handlers.o)
    0x0800c7c0   0x0000000e   Code   RO        10717    i.__scatterload_zeroinit  mc_w.l(handlers.o)
    0x0800c7ce   0x00000002   PAD
    0x0800c7d0   0x00000648   Code   RO         6883    i._commandTOstring_  slave_uart_control_interface.o
    0x0800ce18   0x00000384   Code   RO         6248    i._num2string_      factory_many.o
    0x0800d19c   0x00000410   Code   RO        10573    i._printf_core      mc_w.l(printf8.o)
    0x0800d5ac   0x00000024   Code   RO        10574    i._printf_post_padding  mc_w.l(printf8.o)
    0x0800d5d0   0x0000002e   Code   RO        10575    i._printf_pre_padding  mc_w.l(printf8.o)
    0x0800d5fe   0x0000000a   Code   RO        10577    i._sputc            mc_w.l(printf8.o)
    0x0800d608   0x00000098   Code   RO         7842    i.autoDetectAntennaList  serial_reader.o
    0x0800d6a0   0x0000004c   Code   RO        10113    i.caculate_tansfer_check_bit  check_rs232.o
    0x0800d6ec   0x00000042   Code   RO         9368    i.checkForAvailableFeatures  tm_reader.o
    0x0800d72e   0x00000002   PAD
    0x0800d730   0x00000198   Code   RO         5567    i.cheminert_c52_c55_transfer  cheminert_c52.o
    0x0800d8c8   0x00000078   Code   RO         7843    i.compareAntennas   serial_reader.o
    0x0800d940   0x0000003a   Code   RO         7844    i.compareVersion    serial_reader.o
    0x0800d97a   0x00000002   PAD
    0x0800d97c   0x00000014   Code   RO         3798    i.delay_init        delay.o
    0x0800d990   0x0000001a   Code   RO         3799    i.delay_ms          delay.o
    0x0800d9aa   0x00000002   PAD
    0x0800d9ac   0x00000034   Code   RO         3800    i.delay_us          delay.o
    0x0800d9e0   0x00000002   Code   RO         6717    i.electromagnetic_control  electromagnetic.o
    0x0800d9e2   0x00000002   Code   RO         6718    i.electromagnetic_control_package  electromagnetic.o
    0x0800d9e4   0x000000a4   Code   RO         8265    i.extractGen2MemoryBankValues  serial_reader_l3.o
    0x0800da88   0x000002b0   Code   RO         8266    i.filterbytes       serial_reader_l3.o
    0x0800dd38   0x00000018   Code   RO         3886    i.fputc             usart.o
    0x0800dd50   0x000000a6   Code   RO         7845    i.getPortValues     serial_reader.o
    0x0800ddf6   0x00000002   PAD
    0x0800ddf8   0x00000078   Code   RO         7846    i.getSerialNumber   serial_reader.o
    0x0800de70   0x00000028   Code   RO         6061    i.get_weight_sensor_value  weight.o
    0x0800de98   0x000001cc   Code   RO         7847    i.initTxRxMapFromPorts  serial_reader.o
    0x0800e064   0x00000064   Code   RO         6136    i.init_motor_device  step01.o
    0x0800e0c8   0x00000050   Code   RO        10626    i.internal_alloc    mc_w.l(mallocr.o)
    0x0800e118   0x000000a8   Code   RO         9370    i.isAntDetectEnabled  tm_reader.o
    0x0800e1c0   0x000000ba   Code   RO         8271    i.isContinuousReadParamSupported  serial_reader_l3.o
    0x0800e27a   0x00000074   Code   RO         9371    i.isMultiSelectSupported  tm_reader.o
    0x0800e2ee   0x00000004   Code   RO         4970    i.l647x_GetMotorHandle  x_nucleo_ihmxx.o
    0x0800e2f2   0x00000004   Code   RO         4971    i.l648x_GetMotorHandle  x_nucleo_ihmxx.o
    0x0800e2f6   0x00000002   PAD
    0x0800e2f8   0x00000068   Code   RO            6    i.main              main.o
    0x0800e360   0x00000038   Code   RO         7848    i.prepEmbReadTagMultiple  serial_reader.o
    0x0800e398   0x00000070   Code   RO         7849    i.prepForSearch     serial_reader.o
    0x0800e408   0x0000012c   Code   RO         6250    i.process_motor_command_receive  factory_many.o
    0x0800e534   0x000004b8   Code   RO         6884    i.protocol_cheminert_c52_c55  slave_uart_control_interface.o
    0x0800e9ec   0x0000002a   Code   RO         6885    i.protocol_gravity_sensor_getting  slave_uart_control_interface.o
    0x0800ea16   0x00000002   PAD
    0x0800ea18   0x000004ba   Code   RO         6886    i.protocol_handle_uart_powerstep01_plain_slave_cmd  slave_uart_control_interface.o
    0x0800eed2   0x00000002   PAD
    0x0800eed4   0x0000015c   Code   RO         6887    i.protocol_pump_s100_interface  slave_uart_control_interface.o
    0x0800f030   0x00000088   Code   RO         6888    i.protocol_real_time_polling  slave_uart_control_interface.o
    0x0800f0b8   0x00000032   Code   RO         6889    i.protocol_rfid_get_epc_string  slave_uart_control_interface.o
    0x0800f0ea   0x00000002   PAD
    0x0800f0ec   0x00000028   Code   RO         6890    i.protocol_scan_barcode  slave_uart_control_interface.o
    0x0800f114   0x000001a4   Code   RO         5595    i.pump_s100_transfer  pump_s100.o
    0x0800f2b8   0x00000004   Code   RO        10139    i.read_addr         usmart.o
    0x0800f2bc   0x00000004   Code   RO         9257    i.s_flush           serial_transport_stm32f103rb.o
    0x0800f2c0   0x00000004   Code   RO         9258    i.s_open            serial_transport_stm32f103rb.o
    0x0800f2c4   0x000000a8   Code   RO         9259    i.s_receiveBytes    serial_transport_stm32f103rb.o
    0x0800f36c   0x0000001c   Code   RO         9260    i.s_sendBytes       serial_transport_stm32f103rb.o
    0x0800f388   0x00000004   Code   RO         9261    i.s_setBaudRate     serial_transport_stm32f103rb.o
    0x0800f38c   0x00000004   Code   RO         9262    i.s_shutdown        serial_transport_stm32f103rb.o
    0x0800f390   0x00000080   Code   RO         7850    i.setAntennaList    serial_reader.o
    0x0800f410   0x000000fc   Code   RO         7851    i.setAntennaReadTimeHelper  serial_reader.o
    0x0800f50c   0x0000004c   Code   RO         7852    i.setAntennaReadTimeList  serial_reader.o
    0x0800f558   0x000000f0   Code   RO         7853    i.setPortValues     serial_reader.o
    0x0800f648   0x0000006a   Code   RO         7854    i.setProtocol       serial_reader.o
    0x0800f6b2   0x00000002   PAD
    0x0800f6b4   0x0000003c   Code   RO         8272    i.tm_crc            serial_reader_l3.o
    0x0800f6f0   0x00000026   Code   RO         9727    i.tm_gettime_consistent  tmr_utils.o
    0x0800f716   0x00000016   Code   RO         9728    i.tm_memcpy         tmr_utils.o
    0x0800f72c   0x00000010   Code   RO         9731    i.tm_strcpy         tmr_utils.o
    0x0800f73c   0x0000000e   Code   RO         9732    i.tm_time_subtract  tmr_utils.o
    0x0800f74a   0x00000010   Code   RO         9733    i.tm_u8s_per_bits   tmr_utils.o
    0x0800f75a   0x00000002   PAD
    0x0800f75c   0x00000024   Code   RO         7762    i.tmr_gettime       osdep_stm32f103rb.o
    0x0800f780   0x0000000a   Code   RO         7763    i.tmr_gettime_high  osdep_stm32f103rb.o
    0x0800f78a   0x00000008   Code   RO         7764    i.tmr_gettime_low   osdep_stm32f103rb.o
    0x0800f792   0x00000002   PAD
    0x0800f794   0x00000020   Code   RO         7766    i.tmr_sleep         osdep_stm32f103rb.o
    0x0800f7b4   0x00000024   Code   RO         3887    i.uart_init         usart.o
    0x0800f7d8   0x00000094   Code   RO        10140    i.usmart_cmd_rec    usmart.o
    0x0800f86c   0x00000260   Code   RO        10141    i.usmart_exe        usmart.o
    0x0800facc   0x000000a4   Code   RO        10252    i.usmart_get_aparm  usmart_str.o
    0x0800fb70   0x0000002e   Code   RO        10253    i.usmart_get_cmdname  usmart_str.o
    0x0800fb9e   0x00000002   PAD
    0x0800fba0   0x00000168   Code   RO        10254    i.usmart_get_fname  usmart_str.o
    0x0800fd08   0x000000d0   Code   RO        10255    i.usmart_get_fparam  usmart_str.o
    0x0800fdd8   0x00000024   Code   RO        10256    i.usmart_get_parmpos  usmart_str.o
    0x0800fdfc   0x00000030   Code   RO        10142    i.usmart_get_runtime  usmart.o
    0x0800fe2c   0x00000028   Code   RO        10143    i.usmart_init       usmart.o
    0x0800fe54   0x00000010   Code   RO        10257    i.usmart_pow        usmart_str.o
    0x0800fe64   0x00000028   Code   RO        10144    i.usmart_reset_runtime  usmart.o
    0x0800fe8c   0x000000a4   Code   RO        10145    i.usmart_scan       usmart.o
    0x0800ff30   0x00000010   Code   RO        10258    i.usmart_search_nextc  usmart_str.o
    0x0800ff40   0x000000d6   Code   RO        10259    i.usmart_str2num    usmart_str.o
    0x08010016   0x00000018   Code   RO        10260    i.usmart_strcmp     usmart_str.o
    0x0801002e   0x00000012   Code   RO        10261    i.usmart_strcopy    usmart_str.o
    0x08010040   0x00000012   Code   RO        10262    i.usmart_strlen     usmart_str.o
    0x08010052   0x00000002   PAD
    0x08010054   0x00000680   Code   RO        10146    i.usmart_sys_cmd_exe  usmart.o
    0x080106d4   0x0000006c   Code   RO         7855    i.validateParams    serial_reader.o
    0x08010740   0x000000a0   Code   RO         9375    i.validateReadPlan  tm_reader.o
    0x080107e0   0x00000088   Code   RO         7856    i.verifySearchStatus  serial_reader.o
    0x08010868   0x0000002e   Code   RO         9376    i.versionCompare    tm_reader.o
    0x08010896   0x00000004   Code   RO        10147    i.write_addr        usmart.o
    0x0801089a   0x0000002c   Data   RO            7    .constdata          main.o
    0x080108c6   0x00000010   Data   RO          561    .constdata          system_stm32f1xx.o
    0x080108d6   0x00000008   Data   RO          562    .constdata          system_stm32f1xx.o
    0x080108de   0x0000001b   Data   RO         5568    .constdata          cheminert_c52.o
    0x080108f9   0x0000003c   Data   RO         5596    .constdata          pump_s100.o
    0x08010935   0x00000015   Data   RO         6138    .constdata          step01.o
    0x0801094a   0x00000063   Data   RO         6251    .constdata          factory_many.o
    0x080109ad   0x00000003   PAD
    0x080109b0   0x000000aa   Data   RO         6895    .constdata          slave_uart_control_interface.o
    0x08010a5a   0x00000016   Data   RO         7267    .constdata          fm100.o
    0x08010a70   0x0000007a   Data   RO         7532    .constdata          bl180.o
    0x08010aea   0x0000001e   Data   RO         7644    .constdata          m6e_apply.o
    0x08010b08   0x0000002c   Data   RO         7857    .constdata          serial_reader.o
    0x08010b34   0x00000025   Data   RO        10000    .constdata          mini_board_protocol.o
    0x08010b59   0x00000068   Data   RO        10039    .constdata          rs232_change_protocol.o
    0x08010bc1   0x00000003   PAD
    0x08010bc4   0x00000028   Data   RO        10149    .conststring        usmart.o
    0x08010bec   0x0000006b   Data   RO        10226    .conststring        usmart_config.o
    0x08010c57   0x00000001   PAD
    0x08010c58   0x00000020   Data   RO        10713    Region$$Table       anon$$obj.o


    Execution Region RW_IRAM1 (Base: 0x20000000, Size: 0x000026e8, Max: 0x00010000, ABSOLUTE, COMPRESSED[0x000001b4])

    Base Addr    Size         Type   Attr      Idx    E Section Name        Object

    0x20000000   0x00000004   Data   RW          563    .data               system_stm32f1xx.o
    0x20000004   0x00000004   Data   RW          747    .data               stm32f1xx_hal.o
    0x20000008   0x00000001   Data   RW         3719    .data               stm32f1xx_hal_spi_ex.o
    0x20000009   0x00000003   PAD
    0x2000000c   0x00000004   Data   RW         3801    .data               delay.o
    0x20000010   0x00000004   Data   RW         3889    .data               usart.o
    0x20000014   0x00000004   Data   RW         3890    .data               usart.o
    0x20000018   0x00000178   Data   RW         4080    .data               powerstep01.o
    0x20000190   0x0000000c   Data   RW         4769    .data               x_nucleo_ihm03a1_stm32f1xx.o
    0x2000019c   0x00000008   Data   RW         4972    .data               x_nucleo_ihmxx.o
    0x200001a4   0x0000000c   Data   RW         5474    .data               uart3.o
    0x200001b0   0x00000001   Data   RW         5475    .data               uart3.o
    0x200001b1   0x00000001   Data   RW         5476    .data               uart3.o
    0x200001b2   0x00000003   Data   RW         5528    .data               light.o
    0x200001b5   0x00000003   PAD
    0x200001b8   0x00000010   Data   RW         6062    .data               weight.o
    0x200001c8   0x000000c8   Data   RW         6139    .data               step01.o
    0x20000290   0x00000008   Data   RW         6412    .data               uart4.o
    0x20000298   0x00000020   Data   RW         6536    .data               keep_temperature.o
    0x200002b8   0x00000008   Data   RW         6612    .data               uart2.o
    0x200002c0   0x00000001   Data   RW         6613    .data               uart2.o
    0x200002c1   0x00000003   PAD
    0x200002c4   0x0000000c   Data   RW         6672    .data               uart_choose.o
    0x200002d0   0x00000008   Data   RW         7268    .data               fm100.o
    0x200002d8   0x0000001c   Data   RW         7533    .data               bl180.o
    0x200002f4   0x0000000c   Data   RW         7645    .data               m6e_apply.o
    0x20000300   0x00000011   Data   RW         7724    .data               hex_bytes.o
    0x20000311   0x00000002   Data   RW         7858    .data               serial_reader.o
    0x20000313   0x00000001   PAD
    0x20000314   0x00000024   Data   RW         8273    .data               serial_reader_l3.o
    0x20000338   0x00000008   Data   RW         9264    .data               serial_transport_stm32f103rb.o
    0x20000340   0x0000000c   Data   RW         9378    .data               tm_reader.o
    0x2000034c   0x00000008   Data   RW         9948    .data               uart5.o
    0x20000354   0x00000004   Data   RW        10073    .data               real_time_polling.o
    0x20000358   0x0000001c   Data   RW        10150    .data               usmart.o
    0x20000374   0x00000020   Data   RW        10227    .data               usmart_config.o
    0x20000394   0x000000f4   Data   RW        10228    .data               usmart_config.o
    0x20000488   0x00000004   Data   RW        10350    .data               mc_w.l(strtok.o)
    0x2000048c   0x00000004   Data   RW        10700    .data               mc_w.l(mvars.o)
    0x20000490   0x00000004   Data   RW        10701    .data               mc_w.l(mvars.o)
    0x20000494   0x00000108   Zero   RW         3888    .bss                usart.o
    0x2000059c   0x00000018   Zero   RW         4079    .bss                powerstep01.o
    0x200005b4   0x000000a4   Zero   RW         4768    .bss                x_nucleo_ihm03a1_stm32f1xx.o
    0x20000658   0x00000144   Zero   RW         5473    .bss                uart3.o
    0x2000079c   0x00000094   Zero   RW         5911    .bss                timer.o
    0x20000830   0x000005f8   Zero   RW         6137    .bss                step01.o
    0x20000e28   0x000000c0   Zero   RW         6411    .bss                uart4.o
    0x20000ee8   0x0000003c   Zero   RW         6534    .bss                keep_temperature.o
    0x20000f24   0x00000144   Zero   RW         6611    .bss                uart2.o
    0x20001068   0x0000001e   Zero   RW         7266    .bss                fm100.o
    0x20001086   0x00000002   PAD
    0x20001088   0x00000bb2   Zero   RW         7643    .bss                m6e_apply.o
    0x20001c3a   0x00000002   PAD
    0x20001c3c   0x0000010c   Zero   RW         9263    .bss                serial_transport_stm32f103rb.o
    0x20001d48   0x00000230   Zero   RW         9377    .bss                tm_reader.o
    0x20001f78   0x00000058   Zero   RW         9906    .bss                spi3.o
    0x20001fd0   0x000000c0   Zero   RW         9947    .bss                uart5.o
    0x20002090   0x00000018   Zero   RW        10072    .bss                real_time_polling.o
    0x200020a8   0x0000003c   Zero   RW        10148    .bss                usmart.o
    0x200020e4   0x00000004   PAD
    0x200020e8   0x00000200   Zero   RW          719    HEAP                startup_stm32f103xe.o
    0x200022e8   0x00000400   Zero   RW          718    STACK               startup_stm32f103xe.o


==============================================================================

Image component sizes


      Code (inc. data)   RO Data    RW Data    ZI Data      Debug   Object Name

       558        158        122         28          0       8646   bl180.o
        76          0          0          0          0        793   check_rs232.o
       408        162         27          0          0       1865   cheminert_c52.o
        98          8          0          4          0       1879   delay.o
         4          0          0          0          0        467   ds18b20.o
         4          0          0          0          0       1088   electromagnetic.o
      2274        976         99          0          0      15745   factory_many.o
      1212        262         22          8         30      10040   fm100.o
       104         10          0         17          0      10653   hex_bytes.o
        82         26          0         32         60       3703   keep_temperature.o
       676         88          0          3          0       2825   light.o
        96         16          0          0          0       1561   liquid_sensor.o
      1516        570         30         12       2994       7407   m6e_apply.o
       372        176         44          0          0     613977   main.o
       272         46         37          0          0       3173   mini_board_protocol.o
       130         14          0          0          0      25246   osdep_stm32f103rb.o
      3984        382          0        376         24      63157   powerstep01.o
       552        114         60          0          0       3962   pump_s100.o
       148         24          0          4         24       3191   real_time_polling.o
       120         56        104          0          0       2080   rs232_change_protocol.o
     12886        612         44          2          0      47119   serial_reader.o
     14452        294          0         36          0      96254   serial_reader_l3.o
       320         54          0          8        268       6038   serial_transport_stm32f103rb.o
      4758       2074        170          0          0      23401   slave_uart_control_interface.o
       156         18          0          0         88       1800   spi3.o
        36          8        304          0       1536        800   startup_stm32f103xe.o
      1154        172         21        200       1528      11502   step01.o
       120         16          0          4          0       3642   stm32f1xx_hal.o
       218         14          0          0          0      26241   stm32f1xx_hal_cortex.o
       536         48          0          0          0       4302   stm32f1xx_hal_gpio.o
       272         24          0          0          0       2225   stm32f1xx_hal_msp.o
      2030         98          0          0          0       6040   stm32f1xx_hal_rcc.o
       848          0          0          0          0       2958   stm32f1xx_hal_spi.o
       136          4          0          1          0       1370   stm32f1xx_hal_spi_ex.o
       478         38          0          0          0       5989   stm32f1xx_hal_tim.o
      1608          4          0          0          0      10194   stm32f1xx_hal_uart.o
        82         24          0          0          0       5448   stm32f1xx_it.o
        68          0          0          0          0        639   sys.o
        72         16         24          4          0       1095   system_stm32f1xx.o
        40          6          0          0        148        802   timer.o
      1826        112          0         12        560      16555   tm_reader.o
       228          0          0          0          0       5444   tmr_utils.o
       688         86          0          9        324       4792   uart2.o
       264         30          0         14        324       3505   uart3.o
       340         50          0          8        192       3768   uart4.o
       336         48          0          8        192       3276   uart5.o
       344         42          0         12          0       3599   uart_choose.o
        68          0          0          0          0       2915   uart_config.o
       332         50          0          8        264       4825   usart.o
      2856       1354         40         28         60       7691   usmart.o
         0          0        107        276          0       1552   usmart_config.o
      1120         20          0          0          0       9231   usmart_str.o
       494         44          0         16          0       6759   weight.o
      1292        170          0         12        164      16525   x_nucleo_ihm03a1_stm32f1xx.o
       568         70          0          8          0      13525   x_nucleo_ihmxx.o

    ----------------------------------------------------------------------
     63812       8688       1294       1160       8788    1143279   Object Totals
         0          0         32          0          0          0   (incl. Generated)
       100          0          7         10          8          0   (incl. Padding)

    ----------------------------------------------------------------------

      Code (inc. data)   RO Data    RW Data    ZI Data      Debug   Library Member Name

        86          0          0          0          0          0   __dczerorl2.o
         0          0          0          0          0          0   entry.o
         0          0          0          0          0          0   entry10a.o
         0          0          0          0          0          0   entry11a.o
         8          4          0          0          0          0   entry2.o
         4          0          0          0          0          0   entry5.o
         0          0          0          0          0          0   entry7b.o
         0          0          0          0          0          0   entry8b.o
         8          4          0          0          0          0   entry9a.o
        30          0          0          0          0          0   handlers.o
        36          8          0          0          0         68   init.o
         0          0          0          0          0          0   iusefp.o
        30          0          0          0          0         68   llshl.o
        36          0          0          0          0         68   llsshr.o
        32          0          0          0          0         68   llushr.o
       160         20          0          0          0        172   mallocr.o
        64          0          0          0          0         76   memmovea.o
        36          0          0          0          0        108   memseta.o
         0          0          0          8          0          0   mvars.o
      1204         60          0          0          0        504   printf8.o
        28          0          0          0          0         76   strcmp.o
        14          0          0          0          0         68   strlen.o
        30          0          0          0          0         80   strncmp.o
        24          0          0          0          0         76   strncpy.o
        68          6          0          4          0         80   strtok.o
        98          0          0          0          0         92   uldiv.o
        20          0          0          0          0         68   cfrcmple.o
        56          0          0          0          0         88   d2f.o
       334          0          0          0          0        148   dadd.o
       222          0          0          0          0        100   ddiv.o
       186          0          0          0          0        176   depilogue.o
        62          0          0          0          0         80   dfixi.o
        34          0          0          0          0         76   dflti.o
       228          0          0          0          0         96   dmul.o
       176          0          0          0          0        140   fadd.o
       110          0          0          0          0        168   fepilogue.o
        40          0          0          0          0         68   ffixui.o
        18          0          0          0          0         68   fflti.o
        10          0          0          0          0         68   ffltui.o
       100          0          0          0          0         76   fmul.o
        24          0          0          0          0         68   fscalb.o

    ----------------------------------------------------------------------
      3622        102          0         12          0       3092   Library Totals
         6          0          0          0          0          0   (incl. Padding)

    ----------------------------------------------------------------------

      Code (inc. data)   RO Data    RW Data    ZI Data      Debug   Library Name

      1996        102          0         12          0       1604   mc_w.l
      1620          0          0          0          0       1488   mf_w.l

    ----------------------------------------------------------------------
      3622        102          0         12          0       3092   Library Totals

    ----------------------------------------------------------------------

==============================================================================


      Code (inc. data)   RO Data    RW Data    ZI Data      Debug   

     67434       8790       1294       1172       8788    1117795   Grand Totals
     67434       8790       1294        436       8788    1117795   ELF Image Totals (compressed)
     67434       8790       1294        436          0          0   ROM Totals

==============================================================================

    Total RO  Size (Code + RO Data)                68728 (  67.12kB)
    Total RW  Size (RW Data + ZI Data)              9960 (   9.73kB)
    Total ROM Size (Code + RO Data + RW Data)      69164 (  67.54kB)

==============================================================================

